[2022-08-27T18:31:36.130+0300][gc,init] CardTable entry size: 512
[2022-08-27T18:31:36.130+0300][gc     ] Using G1
[2022-08-27T18:31:36.149+0300][gc,init] Version: 18.0.2-ea+9-Ubuntu-222.04 (release)
[2022-08-27T18:31:36.149+0300][gc,init] CPUs: 2 total, 2 available
[2022-08-27T18:31:36.149+0300][gc,init] Memory: 7951M
[2022-08-27T18:31:36.149+0300][gc,init] Large Page Support: Disabled
[2022-08-27T18:31:36.149+0300][gc,init] NUMA Support: Disabled
[2022-08-27T18:31:36.149+0300][gc,init] Compressed Oops: Enabled (32-bit)
[2022-08-27T18:31:36.149+0300][gc,init] Heap Region Size: 1M
[2022-08-27T18:31:36.149+0300][gc,init] Heap Min Capacity: 1G
[2022-08-27T18:31:36.149+0300][gc,init] Heap Initial Capacity: 1G
[2022-08-27T18:31:36.149+0300][gc,init] Heap Max Capacity: 1G
[2022-08-27T18:31:36.149+0300][gc,init] Pre-touch: Disabled
[2022-08-27T18:31:36.149+0300][gc,init] Parallel Workers: 2
[2022-08-27T18:31:36.149+0300][gc,init] Concurrent Workers: 1
[2022-08-27T18:31:36.149+0300][gc,init] Concurrent Refinement Workers: 2
[2022-08-27T18:31:36.149+0300][gc,init] Periodic GC: Disabled
[2022-08-27T18:31:36.150+0300][gc,metaspace] CDS archive(s) mapped at: [0x0000000800000000-0x0000000800bb3000-0x0000000800bb3000), size 12267520, SharedBaseAddress: 0x0000000800000000, ArchiveRelocationMode: 0.
[2022-08-27T18:31:36.150+0300][gc,metaspace] Compressed class space mapped at: 0x0000000800c00000-0x0000000840c00000, reserved size: 1073741824
[2022-08-27T18:31:36.150+0300][gc,metaspace] Narrow klass base: 0x0000000800000000, Narrow klass shift: 0, Narrow klass range: 0x100000000
[2022-08-27T18:31:38.777+0300][gc,start    ] GC(0) Pause Young (Normal) (G1 Evacuation Pause)
[2022-08-27T18:31:38.778+0300][gc,task     ] GC(0) Using 2 workers of 2 for evacuation
[2022-08-27T18:31:38.789+0300][gc,phases   ] GC(0)   Pre Evacuate Collection Set: 0,2ms
[2022-08-27T18:31:38.789+0300][gc,phases   ] GC(0)   Merge Heap Roots: 0,0ms
[2022-08-27T18:31:38.789+0300][gc,phases   ] GC(0)   Evacuate Collection Set: 8,6ms
[2022-08-27T18:31:38.789+0300][gc,phases   ] GC(0)   Post Evacuate Collection Set: 2,2ms
[2022-08-27T18:31:38.789+0300][gc,phases   ] GC(0)   Other: 0,6ms
[2022-08-27T18:31:38.789+0300][gc,heap     ] GC(0) Eden regions: 51->0(44)
[2022-08-27T18:31:38.789+0300][gc,heap     ] GC(0) Survivor regions: 0->7(7)
[2022-08-27T18:31:38.789+0300][gc,heap     ] GC(0) Old regions: 0->1
[2022-08-27T18:31:38.789+0300][gc,heap     ] GC(0) Archive regions: 2->2
[2022-08-27T18:31:38.789+0300][gc,heap     ] GC(0) Humongous regions: 0->0
[2022-08-27T18:31:38.789+0300][gc,metaspace] GC(0) Metaspace: 18902K(19072K)->18902K(19072K) NonClass: 16697K(16768K)->16697K(16768K) Class: 2205K(2304K)->2205K(2304K)
[2022-08-27T18:31:38.789+0300][gc          ] GC(0) Pause Young (Normal) (G1 Evacuation Pause) 51M->8M(1024M) 12,624ms
[2022-08-27T18:31:38.789+0300][gc,cpu      ] GC(0) User=0,01s Sys=0,01s Real=0,02s
[2022-08-27T18:31:39.332+0300][gc,start    ] GC(1) Pause Young (Concurrent Start) (Metadata GC Threshold)
[2022-08-27T18:31:39.333+0300][gc,task     ] GC(1) Using 2 workers of 2 for evacuation
[2022-08-27T18:31:39.350+0300][gc,phases   ] GC(1)   Pre Evacuate Collection Set: 0,4ms
[2022-08-27T18:31:39.350+0300][gc,phases   ] GC(1)   Merge Heap Roots: 0,1ms
[2022-08-27T18:31:39.350+0300][gc,phases   ] GC(1)   Evacuate Collection Set: 15,9ms
[2022-08-27T18:31:39.350+0300][gc,phases   ] GC(1)   Post Evacuate Collection Set: 1,0ms
[2022-08-27T18:31:39.350+0300][gc,phases   ] GC(1)   Other: 0,1ms
[2022-08-27T18:31:39.350+0300][gc,heap     ] GC(1) Eden regions: 11->0(49)
[2022-08-27T18:31:39.350+0300][gc,heap     ] GC(1) Survivor regions: 7->2(7)
[2022-08-27T18:31:39.350+0300][gc,heap     ] GC(1) Old regions: 1->7
[2022-08-27T18:31:39.350+0300][gc,heap     ] GC(1) Archive regions: 2->2
[2022-08-27T18:31:39.350+0300][gc,heap     ] GC(1) Humongous regions: 129->129
[2022-08-27T18:31:39.350+0300][gc,metaspace] GC(1) Metaspace: 21251K(21504K)->21251K(21504K) NonClass: 18752K(18880K)->18752K(18880K) Class: 2498K(2624K)->2498K(2624K)
[2022-08-27T18:31:39.350+0300][gc          ] GC(1) Pause Young (Concurrent Start) (Metadata GC Threshold) 147M->138M(1024M) 18,033ms
[2022-08-27T18:31:39.350+0300][gc,cpu      ] GC(1) User=0,01s Sys=0,00s Real=0,02s
[2022-08-27T18:31:39.351+0300][gc          ] GC(2) Concurrent Mark Cycle
[2022-08-27T18:31:39.351+0300][gc,marking  ] GC(2) Concurrent Clear Claimed Marks
[2022-08-27T18:31:39.351+0300][gc,marking  ] GC(2) Concurrent Clear Claimed Marks 0,025ms
[2022-08-27T18:31:39.351+0300][gc,marking  ] GC(2) Concurrent Scan Root Regions
[2022-08-27T18:31:39.359+0300][gc,marking  ] GC(2) Concurrent Scan Root Regions 8,703ms
[2022-08-27T18:31:39.359+0300][gc,marking  ] GC(2) Concurrent Mark
[2022-08-27T18:31:39.359+0300][gc,marking  ] GC(2) Concurrent Mark From Roots
[2022-08-27T18:31:39.359+0300][gc,task     ] GC(2) Using 1 workers of 1 for marking
[2022-08-27T18:31:39.361+0300][gc,marking  ] GC(2) Concurrent Mark From Roots 1,330ms
[2022-08-27T18:31:39.361+0300][gc,marking  ] GC(2) Concurrent Preclean
[2022-08-27T18:31:39.361+0300][gc,marking  ] GC(2) Concurrent Preclean 0,008ms
[2022-08-27T18:31:39.382+0300][gc,start    ] GC(2) Pause Remark
[2022-08-27T18:31:39.385+0300][gc          ] GC(2) Pause Remark 138M->138M(1024M) 3,413ms
[2022-08-27T18:31:39.385+0300][gc,cpu      ] GC(2) User=0,01s Sys=0,00s Real=0,01s
[2022-08-27T18:31:39.386+0300][gc,marking  ] GC(2) Concurrent Mark 26,200ms
[2022-08-27T18:31:39.386+0300][gc,marking  ] GC(2) Concurrent Rebuild Remembered Sets
[2022-08-27T18:31:39.386+0300][gc,marking  ] GC(2) Concurrent Rebuild Remembered Sets 0,005ms
[2022-08-27T18:31:39.388+0300][gc,start    ] GC(2) Pause Cleanup
[2022-08-27T18:31:39.388+0300][gc          ] GC(2) Pause Cleanup 138M->138M(1024M) 0,065ms
[2022-08-27T18:31:39.388+0300][gc,cpu      ] GC(2) User=0,00s Sys=0,00s Real=0,00s
[2022-08-27T18:31:39.395+0300][gc,marking  ] GC(2) Concurrent Cleanup for Next Mark
[2022-08-27T18:31:39.403+0300][gc,marking  ] GC(2) Concurrent Cleanup for Next Mark 7,567ms
[2022-08-27T18:31:39.403+0300][gc          ] GC(2) Concurrent Mark Cycle 52,591ms
[2022-08-27T18:31:41.501+0300][gc,start    ] GC(3) Pause Young (Normal) (G1 Evacuation Pause)
[2022-08-27T18:31:41.501+0300][gc,task     ] GC(3) Using 2 workers of 2 for evacuation
[2022-08-27T18:31:41.522+0300][gc,mmu      ] GC(3) MMU target violated: 21,0ms (20,0ms/21,0ms)
[2022-08-27T18:31:41.522+0300][gc,phases   ] GC(3)   Pre Evacuate Collection Set: 0,2ms
[2022-08-27T18:31:41.523+0300][gc,phases   ] GC(3)   Merge Heap Roots: 0,1ms
[2022-08-27T18:31:41.523+0300][gc,phases   ] GC(3)   Evacuate Collection Set: 20,0ms
[2022-08-27T18:31:41.523+0300][gc,phases   ] GC(3)   Post Evacuate Collection Set: 0,9ms
[2022-08-27T18:31:41.523+0300][gc,phases   ] GC(3)   Other: 0,5ms
[2022-08-27T18:31:41.523+0300][gc,heap     ] GC(3) Eden regions: 49->0(45)
[2022-08-27T18:31:41.523+0300][gc,heap     ] GC(3) Survivor regions: 2->6(7)
[2022-08-27T18:31:41.523+0300][gc,heap     ] GC(3) Old regions: 7->7
[2022-08-27T18:31:41.523+0300][gc,heap     ] GC(3) Archive regions: 2->2
[2022-08-27T18:31:41.523+0300][gc,heap     ] GC(3) Humongous regions: 129->129
[2022-08-27T18:31:41.523+0300][gc,metaspace] GC(3) Metaspace: 32629K(32896K)->32629K(32896K) NonClass: 29067K(29184K)->29067K(29184K) Class: 3561K(3712K)->3561K(3712K)
[2022-08-27T18:31:41.523+0300][gc          ] GC(3) Pause Young (Normal) (G1 Evacuation Pause) 187M->142M(1024M) 22,257ms
[2022-08-27T18:31:41.523+0300][gc,cpu      ] GC(3) User=0,01s Sys=0,00s Real=0,03s
[2022-08-27T18:31:50.724+0300][gc,start    ] GC(4) Pause Young (Concurrent Start) (Metadata GC Threshold)
[2022-08-27T18:31:50.724+0300][gc,task     ] GC(4) Using 2 workers of 2 for evacuation
[2022-08-27T18:31:50.743+0300][gc,phases   ] GC(4)   Pre Evacuate Collection Set: 0,3ms
[2022-08-27T18:31:50.743+0300][gc,phases   ] GC(4)   Merge Heap Roots: 0,1ms
[2022-08-27T18:31:50.743+0300][gc,phases   ] GC(4)   Evacuate Collection Set: 17,4ms
[2022-08-27T18:31:50.743+0300][gc,phases   ] GC(4)   Post Evacuate Collection Set: 0,7ms
[2022-08-27T18:31:50.743+0300][gc,phases   ] GC(4)   Other: 0,1ms
[2022-08-27T18:31:50.743+0300][gc,heap     ] GC(4) Eden regions: 16->0(50)
[2022-08-27T18:31:50.743+0300][gc,heap     ] GC(4) Survivor regions: 6->1(7)
[2022-08-27T18:31:50.743+0300][gc,heap     ] GC(4) Old regions: 7->13
[2022-08-27T18:31:50.743+0300][gc,heap     ] GC(4) Archive regions: 2->2
[2022-08-27T18:31:50.743+0300][gc,heap     ] GC(4) Humongous regions: 129->129
[2022-08-27T18:31:50.743+0300][gc,metaspace] GC(4) Metaspace: 35606K(35968K)->35606K(35968K) NonClass: 31539K(31744K)->31539K(31744K) Class: 4066K(4224K)->4066K(4224K)
[2022-08-27T18:31:50.743+0300][gc          ] GC(4) Pause Young (Concurrent Start) (Metadata GC Threshold) 157M->143M(1024M) 18,794ms
[2022-08-27T18:31:50.743+0300][gc,cpu      ] GC(4) User=0,01s Sys=0,01s Real=0,00s
[2022-08-27T18:31:50.744+0300][gc          ] GC(5) Concurrent Mark Cycle
[2022-08-27T18:31:50.744+0300][gc,marking  ] GC(5) Concurrent Clear Claimed Marks
[2022-08-27T18:31:50.744+0300][gc,marking  ] GC(5) Concurrent Clear Claimed Marks 0,051ms
[2022-08-27T18:31:50.744+0300][gc,marking  ] GC(5) Concurrent Scan Root Regions
[2022-08-27T18:31:50.763+0300][gc,marking  ] GC(5) Concurrent Scan Root Regions 18,984ms
[2022-08-27T18:31:50.763+0300][gc,marking  ] GC(5) Concurrent Mark
[2022-08-27T18:31:50.763+0300][gc,marking  ] GC(5) Concurrent Mark From Roots
[2022-08-27T18:31:50.763+0300][gc,task     ] GC(5) Using 1 workers of 1 for marking
[2022-08-27T18:31:50.821+0300][gc,marking  ] GC(5) Concurrent Mark From Roots 58,010ms
[2022-08-27T18:31:50.821+0300][gc,marking  ] GC(5) Concurrent Preclean
[2022-08-27T18:31:50.821+0300][gc,marking  ] GC(5) Concurrent Preclean 0,045ms
[2022-08-27T18:31:50.821+0300][gc,start    ] GC(5) Pause Remark
[2022-08-27T18:31:50.837+0300][gc          ] GC(5) Pause Remark 145M->145M(1024M) 15,776ms
[2022-08-27T18:31:50.837+0300][gc,cpu      ] GC(5) User=0,00s Sys=0,00s Real=0,02s
[2022-08-27T18:31:50.841+0300][gc,marking  ] GC(5) Concurrent Mark 78,091ms
[2022-08-27T18:31:50.841+0300][gc,marking  ] GC(5) Concurrent Rebuild Remembered Sets
[2022-08-27T18:31:50.850+0300][gc,marking  ] GC(5) Concurrent Rebuild Remembered Sets 8,717ms
[2022-08-27T18:31:50.857+0300][gc,start    ] GC(5) Pause Cleanup
[2022-08-27T18:31:50.857+0300][gc          ] GC(5) Pause Cleanup 145M->145M(1024M) 0,150ms
[2022-08-27T18:31:50.857+0300][gc,cpu      ] GC(5) User=0,00s Sys=0,00s Real=0,00s
[2022-08-27T18:31:50.859+0300][gc,marking  ] GC(5) Concurrent Cleanup for Next Mark
[2022-08-27T18:31:50.873+0300][gc,marking  ] GC(5) Concurrent Cleanup for Next Mark 14,322ms
[2022-08-27T18:31:50.873+0300][gc          ] GC(5) Concurrent Mark Cycle 129,387ms
[2022-08-27T18:34:55.103+0300][gc,start    ] GC(6) Pause Young (Normal) (G1 Evacuation Pause)
[2022-08-27T18:34:55.103+0300][gc,task     ] GC(6) Using 2 workers of 2 for evacuation
[2022-08-27T18:34:55.121+0300][gc,phases   ] GC(6)   Pre Evacuate Collection Set: 0,2ms
[2022-08-27T18:34:55.121+0300][gc,phases   ] GC(6)   Merge Heap Roots: 0,1ms
[2022-08-27T18:34:55.122+0300][gc,phases   ] GC(6)   Evacuate Collection Set: 15,1ms
[2022-08-27T18:34:55.122+0300][gc,phases   ] GC(6)   Post Evacuate Collection Set: 3,1ms
[2022-08-27T18:34:55.122+0300][gc,phases   ] GC(6)   Other: 0,1ms
[2022-08-27T18:34:55.122+0300][gc,heap     ] GC(6) Eden regions: 50->0(46)
[2022-08-27T18:34:55.122+0300][gc,heap     ] GC(6) Survivor regions: 1->5(7)
[2022-08-27T18:34:55.122+0300][gc,heap     ] GC(6) Old regions: 13->13
[2022-08-27T18:34:55.122+0300][gc,heap     ] GC(6) Archive regions: 2->2
[2022-08-27T18:34:55.122+0300][gc,heap     ] GC(6) Humongous regions: 129->129
[2022-08-27T18:34:55.122+0300][gc,metaspace] GC(6) Metaspace: 41287K(41920K)->41287K(41920K) NonClass: 36517K(36864K)->36517K(36864K) Class: 4769K(5056K)->4769K(5056K)
[2022-08-27T18:34:55.122+0300][gc          ] GC(6) Pause Young (Normal) (G1 Evacuation Pause) 193M->147M(1024M) 18,857ms
[2022-08-27T18:34:55.122+0300][gc,cpu      ] GC(6) User=0,01s Sys=0,01s Real=0,02s
[2022-08-27T18:42:28.924+0300][gc,start    ] GC(7) Pause Young (Normal) (G1 Evacuation Pause)
[2022-08-27T18:42:28.924+0300][gc,task     ] GC(7) Using 2 workers of 2 for evacuation
[2022-08-27T18:42:28.949+0300][gc,mmu      ] GC(7) MMU target violated: 21,0ms (20,0ms/21,0ms)
[2022-08-27T18:42:28.949+0300][gc,phases   ] GC(7)   Pre Evacuate Collection Set: 0,6ms
[2022-08-27T18:42:28.949+0300][gc,phases   ] GC(7)   Merge Heap Roots: 0,5ms
[2022-08-27T18:42:28.949+0300][gc,phases   ] GC(7)   Evacuate Collection Set: 19,4ms
[2022-08-27T18:42:28.949+0300][gc,phases   ] GC(7)   Post Evacuate Collection Set: 4,2ms
[2022-08-27T18:42:28.949+0300][gc,phases   ] GC(7)   Other: 0,4ms
[2022-08-27T18:42:28.949+0300][gc,heap     ] GC(7) Eden regions: 46->0(49)
[2022-08-27T18:42:28.949+0300][gc,heap     ] GC(7) Survivor regions: 5->2(7)
[2022-08-27T18:42:28.949+0300][gc,heap     ] GC(7) Old regions: 13->16
[2022-08-27T18:42:28.949+0300][gc,heap     ] GC(7) Archive regions: 2->2
[2022-08-27T18:42:28.949+0300][gc,heap     ] GC(7) Humongous regions: 129->129
[2022-08-27T18:42:28.949+0300][gc,metaspace] GC(7) Metaspace: 41717K(42368K)->41717K(42368K) NonClass: 36906K(37248K)->36906K(37248K) Class: 4811K(5120K)->4811K(5120K)
[2022-08-27T18:42:28.949+0300][gc          ] GC(7) Pause Young (Normal) (G1 Evacuation Pause) 193M->147M(1024M) 25,430ms
[2022-08-27T18:42:28.949+0300][gc,cpu      ] GC(7) User=0,01s Sys=0,01s Real=0,03s
[2022-08-27T18:52:20.940+0300][gc,start    ] GC(8) Pause Young (Normal) (G1 Evacuation Pause)
[2022-08-27T18:52:20.940+0300][gc,task     ] GC(8) Using 2 workers of 2 for evacuation
[2022-08-27T18:52:20.957+0300][gc,phases   ] GC(8)   Pre Evacuate Collection Set: 0,1ms
[2022-08-27T18:52:20.957+0300][gc,phases   ] GC(8)   Merge Heap Roots: 0,0ms
[2022-08-27T18:52:20.957+0300][gc,phases   ] GC(8)   Evacuate Collection Set: 15,4ms
[2022-08-27T18:52:20.957+0300][gc,phases   ] GC(8)   Post Evacuate Collection Set: 0,9ms
[2022-08-27T18:52:20.957+0300][gc,phases   ] GC(8)   Other: 0,1ms
[2022-08-27T18:52:20.957+0300][gc,heap     ] GC(8) Eden regions: 49->0(45)
[2022-08-27T18:52:20.957+0300][gc,heap     ] GC(8) Survivor regions: 2->6(7)
[2022-08-27T18:52:20.957+0300][gc,heap     ] GC(8) Old regions: 16->16
[2022-08-27T18:52:20.957+0300][gc,heap     ] GC(8) Archive regions: 2->2
[2022-08-27T18:52:20.957+0300][gc,heap     ] GC(8) Humongous regions: 129->129
[2022-08-27T18:52:20.957+0300][gc,metaspace] GC(8) Metaspace: 41805K(42432K)->41805K(42432K) NonClass: 36994K(37312K)->36994K(37312K) Class: 4811K(5120K)->4811K(5120K)
[2022-08-27T18:52:20.957+0300][gc          ] GC(8) Pause Young (Normal) (G1 Evacuation Pause) 196M->151M(1024M) 16,767ms
[2022-08-27T18:52:20.957+0300][gc,cpu      ] GC(8) User=0,01s Sys=0,01s Real=0,02s
[2022-08-27T19:02:05.926+0300][gc,start    ] GC(9) Pause Young (Normal) (G1 Evacuation Pause)
[2022-08-27T19:02:05.926+0300][gc,task     ] GC(9) Using 2 workers of 2 for evacuation
[2022-08-27T19:02:05.993+0300][gc,mmu      ] GC(9) MMU target violated: 21,0ms (20,0ms/21,0ms)
[2022-08-27T19:02:05.994+0300][gc,phases   ] GC(9)   Pre Evacuate Collection Set: 0,2ms
[2022-08-27T19:02:05.994+0300][gc,phases   ] GC(9)   Merge Heap Roots: 0,1ms
[2022-08-27T19:02:05.994+0300][gc,phases   ] GC(9)   Evacuate Collection Set: 62,4ms
[2022-08-27T19:02:05.994+0300][gc,phases   ] GC(9)   Post Evacuate Collection Set: 5,2ms
[2022-08-27T19:02:05.994+0300][gc,phases   ] GC(9)   Other: 0,1ms
[2022-08-27T19:02:05.994+0300][gc,heap     ] GC(9) Eden regions: 45->0(47)
[2022-08-27T19:02:05.994+0300][gc,heap     ] GC(9) Survivor regions: 6->4(7)
[2022-08-27T19:02:05.994+0300][gc,heap     ] GC(9) Old regions: 16->21
[2022-08-27T19:02:05.994+0300][gc,heap     ] GC(9) Archive regions: 2->2
[2022-08-27T19:02:05.994+0300][gc,heap     ] GC(9) Humongous regions: 129->129
[2022-08-27T19:02:05.994+0300][gc,metaspace] GC(9) Metaspace: 41841K(42560K)->41841K(42560K) NonClass: 37030K(37440K)->37030K(37440K) Class: 4811K(5120K)->4811K(5120K)
[2022-08-27T19:02:05.994+0300][gc          ] GC(9) Pause Young (Normal) (G1 Evacuation Pause) 196M->154M(1024M) 68,136ms
[2022-08-27T19:02:05.994+0300][gc,cpu      ] GC(9) User=0,02s Sys=0,03s Real=0,07s
[2022-08-27T19:12:25.431+0300][gc,start    ] GC(10) Pause Young (Normal) (G1 Evacuation Pause)
[2022-08-27T19:12:25.431+0300][gc,task     ] GC(10) Using 2 workers of 2 for evacuation
[2022-08-27T19:12:25.468+0300][gc,mmu      ] GC(10) MMU target violated: 21,0ms (20,0ms/21,0ms)
[2022-08-27T19:12:25.468+0300][gc,phases   ] GC(10)   Pre Evacuate Collection Set: 0,1ms
[2022-08-27T19:12:25.468+0300][gc,phases   ] GC(10)   Merge Heap Roots: 0,1ms
[2022-08-27T19:12:25.469+0300][gc,phases   ] GC(10)   Evacuate Collection Set: 36,6ms
[2022-08-27T19:12:25.469+0300][gc,phases   ] GC(10)   Post Evacuate Collection Set: 0,6ms
[2022-08-27T19:12:25.469+0300][gc,phases   ] GC(10)   Other: 0,2ms
[2022-08-27T19:12:25.469+0300][gc,heap     ] GC(10) Eden regions: 47->0(46)
[2022-08-27T19:12:25.469+0300][gc,heap     ] GC(10) Survivor regions: 4->5(7)
[2022-08-27T19:12:25.469+0300][gc,heap     ] GC(10) Old regions: 21->24
[2022-08-27T19:12:25.469+0300][gc,heap     ] GC(10) Archive regions: 2->2
[2022-08-27T19:12:25.469+0300][gc,heap     ] GC(10) Humongous regions: 129->129
[2022-08-27T19:12:25.469+0300][gc,metaspace] GC(10) Metaspace: 41900K(42560K)->41900K(42560K) NonClass: 37089K(37440K)->37089K(37440K) Class: 4811K(5120K)->4811K(5120K)
[2022-08-27T19:12:25.469+0300][gc          ] GC(10) Pause Young (Normal) (G1 Evacuation Pause) 201M->158M(1024M) 37,748ms
[2022-08-27T19:12:25.469+0300][gc,cpu      ] GC(10) User=0,01s Sys=0,01s Real=0,03s
[2022-08-27T19:22:40.171+0300][gc,start    ] GC(11) Pause Young (Normal) (G1 Evacuation Pause)
[2022-08-27T19:22:40.171+0300][gc,task     ] GC(11) Using 2 workers of 2 for evacuation
[2022-08-27T19:22:40.194+0300][gc,mmu      ] GC(11) MMU target violated: 21,0ms (20,0ms/21,0ms)
[2022-08-27T19:22:40.195+0300][gc,phases   ] GC(11)   Pre Evacuate Collection Set: 0,9ms
[2022-08-27T19:22:40.195+0300][gc,phases   ] GC(11)   Merge Heap Roots: 0,4ms
[2022-08-27T19:22:40.195+0300][gc,phases   ] GC(11)   Evacuate Collection Set: 20,1ms
[2022-08-27T19:22:40.195+0300][gc,phases   ] GC(11)   Post Evacuate Collection Set: 2,3ms
[2022-08-27T19:22:40.195+0300][gc,phases   ] GC(11)   Other: 0,4ms
[2022-08-27T19:22:40.195+0300][gc,heap     ] GC(11) Eden regions: 46->0(45)
[2022-08-27T19:22:40.195+0300][gc,heap     ] GC(11) Survivor regions: 5->6(7)
[2022-08-27T19:22:40.195+0300][gc,heap     ] GC(11) Old regions: 24->28
[2022-08-27T19:22:40.195+0300][gc,heap     ] GC(11) Archive regions: 2->2
[2022-08-27T19:22:40.195+0300][gc,heap     ] GC(11) Humongous regions: 129->129
[2022-08-27T19:22:40.195+0300][gc,metaspace] GC(11) Metaspace: 41965K(42624K)->41965K(42624K) NonClass: 37154K(37504K)->37154K(37504K) Class: 4811K(5120K)->4811K(5120K)
[2022-08-27T19:22:40.195+0300][gc          ] GC(11) Pause Young (Normal) (G1 Evacuation Pause) 204M->163M(1024M) 24,304ms
[2022-08-27T19:22:40.195+0300][gc,cpu      ] GC(11) User=0,02s Sys=0,02s Real=0,02s
[2022-08-27T19:31:47.328+0300][gc,start    ] GC(12) Pause Young (Normal) (G1 Evacuation Pause)
[2022-08-27T19:31:47.328+0300][gc,task     ] GC(12) Using 2 workers of 2 for evacuation
[2022-08-27T19:31:47.388+0300][gc,mmu      ] GC(12) MMU target violated: 21,0ms (20,0ms/21,0ms)
[2022-08-27T19:31:47.388+0300][gc,phases   ] GC(12)   Pre Evacuate Collection Set: 0,1ms
[2022-08-27T19:31:47.388+0300][gc,phases   ] GC(12)   Merge Heap Roots: 0,2ms
[2022-08-27T19:31:47.388+0300][gc,phases   ] GC(12)   Evacuate Collection Set: 59,0ms
[2022-08-27T19:31:47.388+0300][gc,phases   ] GC(12)   Post Evacuate Collection Set: 0,6ms
[2022-08-27T19:31:47.388+0300][gc,phases   ] GC(12)   Other: 0,3ms
[2022-08-27T19:31:47.388+0300][gc,heap     ] GC(12) Eden regions: 45->0(45)
[2022-08-27T19:31:47.388+0300][gc,heap     ] GC(12) Survivor regions: 6->6(7)
[2022-08-27T19:31:47.388+0300][gc,heap     ] GC(12) Old regions: 28->32
[2022-08-27T19:31:47.388+0300][gc,heap     ] GC(12) Archive regions: 2->2
[2022-08-27T19:31:47.388+0300][gc,heap     ] GC(12) Humongous regions: 129->129
[2022-08-27T19:31:47.388+0300][gc,metaspace] GC(12) Metaspace: 42023K(42688K)->42023K(42688K) NonClass: 37208K(37568K)->37208K(37568K) Class: 4814K(5120K)->4814K(5120K)
[2022-08-27T19:31:47.388+0300][gc          ] GC(12) Pause Young (Normal) (G1 Evacuation Pause) 208M->167M(1024M) 60,426ms
[2022-08-27T19:31:47.388+0300][gc,cpu      ] GC(12) User=0,02s Sys=0,03s Real=0,06s
[2022-08-27T19:41:38.763+0300][gc,start    ] GC(13) Pause Young (Normal) (G1 Evacuation Pause)
[2022-08-27T19:41:38.763+0300][gc,task     ] GC(13) Using 2 workers of 2 for evacuation
[2022-08-27T19:41:38.774+0300][gc,phases   ] GC(13)   Pre Evacuate Collection Set: 0,3ms
[2022-08-27T19:41:38.774+0300][gc,phases   ] GC(13)   Merge Heap Roots: 0,1ms
[2022-08-27T19:41:38.774+0300][gc,phases   ] GC(13)   Evacuate Collection Set: 8,8ms
[2022-08-27T19:41:38.774+0300][gc,phases   ] GC(13)   Post Evacuate Collection Set: 1,1ms
[2022-08-27T19:41:38.774+0300][gc,phases   ] GC(13)   Other: 0,3ms
[2022-08-27T19:41:38.774+0300][gc,heap     ] GC(13) Eden regions: 45->0(48)
[2022-08-27T19:41:38.774+0300][gc,heap     ] GC(13) Survivor regions: 6->3(7)
[2022-08-27T19:41:38.774+0300][gc,heap     ] GC(13) Old regions: 32->36
[2022-08-27T19:41:38.774+0300][gc,heap     ] GC(13) Archive regions: 2->2
[2022-08-27T19:41:38.774+0300][gc,heap     ] GC(13) Humongous regions: 129->129
[2022-08-27T19:41:38.774+0300][gc,metaspace] GC(13) Metaspace: 42049K(42688K)->42049K(42688K) NonClass: 37234K(37568K)->37234K(37568K) Class: 4814K(5120K)->4814K(5120K)
[2022-08-27T19:41:38.774+0300][gc          ] GC(13) Pause Young (Normal) (G1 Evacuation Pause) 212M->168M(1024M) 10,766ms
[2022-08-27T19:41:38.774+0300][gc,cpu      ] GC(13) User=0,02s Sys=0,00s Real=0,01s
[2022-08-27T19:52:10.433+0300][gc,start    ] GC(14) Pause Young (Normal) (G1 Evacuation Pause)
[2022-08-27T19:52:10.433+0300][gc,task     ] GC(14) Using 2 workers of 2 for evacuation
[2022-08-27T19:52:10.443+0300][gc,phases   ] GC(14)   Pre Evacuate Collection Set: 0,2ms
[2022-08-27T19:52:10.443+0300][gc,phases   ] GC(14)   Merge Heap Roots: 0,0ms
[2022-08-27T19:52:10.443+0300][gc,phases   ] GC(14)   Evacuate Collection Set: 7,8ms
[2022-08-27T19:52:10.443+0300][gc,phases   ] GC(14)   Post Evacuate Collection Set: 1,4ms
[2022-08-27T19:52:10.443+0300][gc,phases   ] GC(14)   Other: 0,3ms
[2022-08-27T19:52:10.443+0300][gc,heap     ] GC(14) Eden regions: 48->0(46)
[2022-08-27T19:52:10.443+0300][gc,heap     ] GC(14) Survivor regions: 3->5(7)
[2022-08-27T19:52:10.443+0300][gc,heap     ] GC(14) Old regions: 36->36
[2022-08-27T19:52:10.443+0300][gc,heap     ] GC(14) Archive regions: 2->2
[2022-08-27T19:52:10.443+0300][gc,heap     ] GC(14) Humongous regions: 129->129
[2022-08-27T19:52:10.443+0300][gc,metaspace] GC(14) Metaspace: 42072K(42688K)->42072K(42688K) NonClass: 37258K(37568K)->37258K(37568K) Class: 4814K(5120K)->4814K(5120K)
[2022-08-27T19:52:10.443+0300][gc          ] GC(14) Pause Young (Normal) (G1 Evacuation Pause) 216M->170M(1024M) 10,009ms
[2022-08-27T19:52:10.443+0300][gc,cpu      ] GC(14) User=0,01s Sys=0,00s Real=0,01s
[2022-08-27T20:02:16.658+0300][gc,start    ] GC(15) Pause Young (Normal) (G1 Evacuation Pause)
[2022-08-27T20:02:16.659+0300][gc,task     ] GC(15) Using 2 workers of 2 for evacuation
[2022-08-27T20:02:16.670+0300][gc,phases   ] GC(15)   Pre Evacuate Collection Set: 0,3ms
[2022-08-27T20:02:16.670+0300][gc,phases   ] GC(15)   Merge Heap Roots: 0,0ms
[2022-08-27T20:02:16.670+0300][gc,phases   ] GC(15)   Evacuate Collection Set: 9,1ms
[2022-08-27T20:02:16.670+0300][gc,phases   ] GC(15)   Post Evacuate Collection Set: 2,1ms
[2022-08-27T20:02:16.670+0300][gc,phases   ] GC(15)   Other: 0,1ms
[2022-08-27T20:02:16.671+0300][gc,heap     ] GC(15) Eden regions: 46->0(47)
[2022-08-27T20:02:16.671+0300][gc,heap     ] GC(15) Survivor regions: 5->4(7)
[2022-08-27T20:02:16.671+0300][gc,heap     ] GC(15) Old regions: 36->39
[2022-08-27T20:02:16.671+0300][gc,heap     ] GC(15) Archive regions: 2->2
[2022-08-27T20:02:16.671+0300][gc,heap     ] GC(15) Humongous regions: 129->129
[2022-08-27T20:02:16.671+0300][gc,metaspace] GC(15) Metaspace: 42082K(42752K)->42082K(42752K) NonClass: 37267K(37632K)->37267K(37632K) Class: 4814K(5120K)->4814K(5120K)
[2022-08-27T20:02:16.671+0300][gc          ] GC(15) Pause Young (Normal) (G1 Evacuation Pause) 216M->172M(1024M) 12,087ms
[2022-08-27T20:02:16.671+0300][gc,cpu      ] GC(15) User=0,01s Sys=0,02s Real=0,02s
[2022-08-27T20:12:38.314+0300][gc,start    ] GC(16) Pause Young (Normal) (G1 Evacuation Pause)
[2022-08-27T20:12:38.314+0300][gc,task     ] GC(16) Using 2 workers of 2 for evacuation
[2022-08-27T20:12:38.328+0300][gc,phases   ] GC(16)   Pre Evacuate Collection Set: 0,2ms
[2022-08-27T20:12:38.328+0300][gc,phases   ] GC(16)   Merge Heap Roots: 0,2ms
[2022-08-27T20:12:38.329+0300][gc,phases   ] GC(16)   Evacuate Collection Set: 10,8ms
[2022-08-27T20:12:38.329+0300][gc,phases   ] GC(16)   Post Evacuate Collection Set: 2,5ms
[2022-08-27T20:12:38.329+0300][gc,phases   ] GC(16)   Other: 0,1ms
[2022-08-27T20:12:38.330+0300][gc,heap     ] GC(16) Eden regions: 47->0(44)
[2022-08-27T20:12:38.330+0300][gc,heap     ] GC(16) Survivor regions: 4->7(7)
[2022-08-27T20:12:38.330+0300][gc,heap     ] GC(16) Old regions: 39->39
[2022-08-27T20:12:38.330+0300][gc,heap     ] GC(16) Archive regions: 2->2
[2022-08-27T20:12:38.330+0300][gc,heap     ] GC(16) Humongous regions: 129->129
[2022-08-27T20:12:38.330+0300][gc,metaspace] GC(16) Metaspace: 42093K(42752K)->42093K(42752K) NonClass: 37279K(37632K)->37279K(37632K) Class: 4814K(5120K)->4814K(5120K)
[2022-08-27T20:12:38.330+0300][gc          ] GC(16) Pause Young (Normal) (G1 Evacuation Pause) 219M->175M(1024M) 15,605ms
[2022-08-27T20:12:38.330+0300][gc,cpu      ] GC(16) User=0,01s Sys=0,01s Real=0,02s
[2022-08-27T20:20:33.923+0300][gc,start    ] GC(17) Pause Young (Normal) (G1 Evacuation Pause)
[2022-08-27T20:20:33.923+0300][gc,task     ] GC(17) Using 2 workers of 2 for evacuation
[2022-08-27T20:20:33.941+0300][gc,phases   ] GC(17)   Pre Evacuate Collection Set: 0,2ms
[2022-08-27T20:20:33.941+0300][gc,phases   ] GC(17)   Merge Heap Roots: 0,1ms
[2022-08-27T20:20:33.941+0300][gc,phases   ] GC(17)   Evacuate Collection Set: 14,8ms
[2022-08-27T20:20:33.941+0300][gc,phases   ] GC(17)   Post Evacuate Collection Set: 2,0ms
[2022-08-27T20:20:33.941+0300][gc,phases   ] GC(17)   Other: 0,1ms
[2022-08-27T20:20:33.941+0300][gc,heap     ] GC(17) Eden regions: 44->0(47)
[2022-08-27T20:20:33.941+0300][gc,heap     ] GC(17) Survivor regions: 7->4(7)
[2022-08-27T20:20:33.941+0300][gc,heap     ] GC(17) Old regions: 39->44
[2022-08-27T20:20:33.941+0300][gc,heap     ] GC(17) Archive regions: 2->2
[2022-08-27T20:20:33.941+0300][gc,heap     ] GC(17) Humongous regions: 129->129
[2022-08-27T20:20:33.941+0300][gc,metaspace] GC(17) Metaspace: 42780K(43392K)->42780K(43392K) NonClass: 37811K(38144K)->37811K(38144K) Class: 4968K(5248K)->4968K(5248K)
[2022-08-27T20:20:33.941+0300][gc          ] GC(17) Pause Young (Normal) (G1 Evacuation Pause) 219M->177M(1024M) 17,599ms
[2022-08-27T20:20:33.941+0300][gc,cpu      ] GC(17) User=0,01s Sys=0,02s Real=0,01s
[2022-08-27T20:20:33.985+0300][gc,heap,exit] Heap
[2022-08-27T20:20:33.985+0300][gc,heap,exit]  garbage-first heap   total 1048576K, used 182903K [0x00000000c0000000, 0x0000000100000000)
[2022-08-27T20:20:33.985+0300][gc,heap,exit]   region size 1024K, 5 young (5120K), 4 survivors (4096K)
[2022-08-27T20:20:33.985+0300][gc,heap,exit]  Metaspace       used 42806K, committed 43392K, reserved 1114112K
[2022-08-27T20:20:33.985+0300][gc,heap,exit]   class space    used 4976K, committed 5248K, reserved 1048576K
