[2022-08-26T20:24:49.497+0300][gc,init] CardTable entry size: 512
[2022-08-26T20:24:49.498+0300][gc     ] Using G1
[2022-08-26T20:24:49.505+0300][gc,init] Version: 18-ea+36-Ubuntu-1 (release)
[2022-08-26T20:24:49.505+0300][gc,init] CPUs: 2 total, 2 available
[2022-08-26T20:24:49.505+0300][gc,init] Memory: 7951M
[2022-08-26T20:24:49.505+0300][gc,init] Large Page Support: Disabled
[2022-08-26T20:24:49.505+0300][gc,init] NUMA Support: Disabled
[2022-08-26T20:24:49.505+0300][gc,init] Compressed Oops: Enabled (32-bit)
[2022-08-26T20:24:49.505+0300][gc,init] Heap Region Size: 1M
[2022-08-26T20:24:49.505+0300][gc,init] Heap Min Capacity: 1G
[2022-08-26T20:24:49.505+0300][gc,init] Heap Initial Capacity: 1G
[2022-08-26T20:24:49.505+0300][gc,init] Heap Max Capacity: 1G
[2022-08-26T20:24:49.505+0300][gc,init] Pre-touch: Disabled
[2022-08-26T20:24:49.505+0300][gc,init] Parallel Workers: 2
[2022-08-26T20:24:49.505+0300][gc,init] Concurrent Workers: 1
[2022-08-26T20:24:49.505+0300][gc,init] Concurrent Refinement Workers: 2
[2022-08-26T20:24:49.505+0300][gc,init] Periodic GC: Disabled
[2022-08-26T20:24:49.505+0300][gc,metaspace] CDS archive(s) mapped at: [0x0000000800000000-0x0000000800bb2000-0x0000000800bb2000), size 12263424, SharedBaseAddress: 0x0000000800000000, ArchiveRelocationMode: 0.
[2022-08-26T20:24:49.505+0300][gc,metaspace] Compressed class space mapped at: 0x0000000800c00000-0x0000000840c00000, reserved size: 1073741824
[2022-08-26T20:24:49.505+0300][gc,metaspace] Narrow klass base: 0x0000000800000000, Narrow klass shift: 0, Narrow klass range: 0x100000000
[2022-08-26T20:24:51.732+0300][gc,start    ] GC(0) Pause Young (Normal) (G1 Evacuation Pause)
[2022-08-26T20:24:51.733+0300][gc,task     ] GC(0) Using 2 workers of 2 for evacuation
[2022-08-26T20:24:51.767+0300][gc,mmu      ] GC(0) MMU target violated: 21,0ms (20,0ms/21,0ms)
[2022-08-26T20:24:51.767+0300][gc,phases   ] GC(0)   Pre Evacuate Collection Set: 0,3ms
[2022-08-26T20:24:51.767+0300][gc,phases   ] GC(0)   Merge Heap Roots: 0,2ms
[2022-08-26T20:24:51.767+0300][gc,phases   ] GC(0)   Evacuate Collection Set: 30,3ms
[2022-08-26T20:24:51.767+0300][gc,phases   ] GC(0)   Post Evacuate Collection Set: 3,4ms
[2022-08-26T20:24:51.767+0300][gc,phases   ] GC(0)   Other: 0,7ms
[2022-08-26T20:24:51.767+0300][gc,heap     ] GC(0) Eden regions: 51->0(44)
[2022-08-26T20:24:51.767+0300][gc,heap     ] GC(0) Survivor regions: 0->7(7)
[2022-08-26T20:24:51.767+0300][gc,heap     ] GC(0) Old regions: 0->1
[2022-08-26T20:24:51.767+0300][gc,heap     ] GC(0) Archive regions: 2->2
[2022-08-26T20:24:51.767+0300][gc,heap     ] GC(0) Humongous regions: 0->0
[2022-08-26T20:24:51.767+0300][gc,metaspace] GC(0) Metaspace: 18883K(19072K)->18883K(19072K) NonClass: 16664K(16768K)->16664K(16768K) Class: 2219K(2304K)->2219K(2304K)
[2022-08-26T20:24:51.767+0300][gc          ] GC(0) Pause Young (Normal) (G1 Evacuation Pause) 51M->7M(1024M) 35,245ms
[2022-08-26T20:24:51.767+0300][gc,cpu      ] GC(0) User=0,01s Sys=0,01s Real=0,03s
[2022-08-26T20:24:52.133+0300][gc,start    ] GC(1) Pause Young (Concurrent Start) (Metadata GC Threshold)
[2022-08-26T20:24:52.133+0300][gc,task     ] GC(1) Using 2 workers of 2 for evacuation
[2022-08-26T20:24:52.145+0300][gc,phases   ] GC(1)   Pre Evacuate Collection Set: 0,2ms
[2022-08-26T20:24:52.146+0300][gc,phases   ] GC(1)   Merge Heap Roots: 0,2ms
[2022-08-26T20:24:52.146+0300][gc,phases   ] GC(1)   Evacuate Collection Set: 11,4ms
[2022-08-26T20:24:52.146+0300][gc,phases   ] GC(1)   Post Evacuate Collection Set: 0,7ms
[2022-08-26T20:24:52.146+0300][gc,phases   ] GC(1)   Other: 0,2ms
[2022-08-26T20:24:52.146+0300][gc,heap     ] GC(1) Eden regions: 10->0(50)
[2022-08-26T20:24:52.146+0300][gc,heap     ] GC(1) Survivor regions: 7->1(7)
[2022-08-26T20:24:52.146+0300][gc,heap     ] GC(1) Old regions: 1->7
[2022-08-26T20:24:52.146+0300][gc,heap     ] GC(1) Archive regions: 2->2
[2022-08-26T20:24:52.146+0300][gc,heap     ] GC(1) Humongous regions: 0->0
[2022-08-26T20:24:52.146+0300][gc,metaspace] GC(1) Metaspace: 21311K(21504K)->21311K(21504K) NonClass: 18793K(18880K)->18793K(18880K) Class: 2518K(2624K)->2518K(2624K)
[2022-08-26T20:24:52.146+0300][gc          ] GC(1) Pause Young (Concurrent Start) (Metadata GC Threshold) 17M->8M(1024M) 13,004ms
[2022-08-26T20:24:52.146+0300][gc,cpu      ] GC(1) User=0,01s Sys=0,01s Real=0,01s
[2022-08-26T20:24:52.146+0300][gc          ] GC(2) Concurrent Mark Cycle
[2022-08-26T20:24:52.146+0300][gc,marking  ] GC(2) Concurrent Clear Claimed Marks
[2022-08-26T20:24:52.146+0300][gc,marking  ] GC(2) Concurrent Clear Claimed Marks 0,023ms
[2022-08-26T20:24:52.146+0300][gc,marking  ] GC(2) Concurrent Scan Root Regions
[2022-08-26T20:24:52.149+0300][gc,marking  ] GC(2) Concurrent Scan Root Regions 3,682ms
[2022-08-26T20:24:52.149+0300][gc,marking  ] GC(2) Concurrent Mark
[2022-08-26T20:24:52.149+0300][gc,marking  ] GC(2) Concurrent Mark From Roots
[2022-08-26T20:24:52.149+0300][gc,task     ] GC(2) Using 1 workers of 1 for marking
[2022-08-26T20:24:52.153+0300][gc,marking  ] GC(2) Concurrent Mark From Roots 3,703ms
[2022-08-26T20:24:52.153+0300][gc,marking  ] GC(2) Concurrent Preclean
[2022-08-26T20:24:52.153+0300][gc,marking  ] GC(2) Concurrent Preclean 0,007ms
[2022-08-26T20:24:52.154+0300][gc,start    ] GC(2) Pause Remark
[2022-08-26T20:24:52.158+0300][gc          ] GC(2) Pause Remark 8M->8M(1024M) 4,700ms
[2022-08-26T20:24:52.158+0300][gc,cpu      ] GC(2) User=0,00s Sys=0,00s Real=0,00s
[2022-08-26T20:24:52.160+0300][gc,marking  ] GC(2) Concurrent Mark 10,182ms
[2022-08-26T20:24:52.160+0300][gc,marking  ] GC(2) Concurrent Rebuild Remembered Sets
[2022-08-26T20:24:52.160+0300][gc,marking  ] GC(2) Concurrent Rebuild Remembered Sets 0,005ms
[2022-08-26T20:24:52.161+0300][gc,start    ] GC(2) Pause Cleanup
[2022-08-26T20:24:52.161+0300][gc          ] GC(2) Pause Cleanup 8M->8M(1024M) 0,103ms
[2022-08-26T20:24:52.161+0300][gc,cpu      ] GC(2) User=0,00s Sys=0,00s Real=0,00s
[2022-08-26T20:24:52.161+0300][gc,marking  ] GC(2) Concurrent Cleanup for Next Mark
[2022-08-26T20:24:52.180+0300][gc,marking  ] GC(2) Concurrent Cleanup for Next Mark 18,364ms
[2022-08-26T20:24:52.180+0300][gc          ] GC(2) Concurrent Mark Cycle 33,936ms
[2022-08-26T20:24:54.490+0300][gc,start    ] GC(3) Pause Young (Normal) (G1 Evacuation Pause)
[2022-08-26T20:24:54.490+0300][gc,task     ] GC(3) Using 2 workers of 2 for evacuation
[2022-08-26T20:24:54.503+0300][gc,phases   ] GC(3)   Pre Evacuate Collection Set: 0,1ms
[2022-08-26T20:24:54.503+0300][gc,phases   ] GC(3)   Merge Heap Roots: 0,1ms
[2022-08-26T20:24:54.503+0300][gc,phases   ] GC(3)   Evacuate Collection Set: 8,2ms
[2022-08-26T20:24:54.503+0300][gc,phases   ] GC(3)   Post Evacuate Collection Set: 3,4ms
[2022-08-26T20:24:54.503+0300][gc,phases   ] GC(3)   Other: 1,1ms
[2022-08-26T20:24:54.503+0300][gc,heap     ] GC(3) Eden regions: 50->0(45)
[2022-08-26T20:24:54.503+0300][gc,heap     ] GC(3) Survivor regions: 1->6(7)
[2022-08-26T20:24:54.503+0300][gc,heap     ] GC(3) Old regions: 7->7
[2022-08-26T20:24:54.503+0300][gc,heap     ] GC(3) Archive regions: 2->2
[2022-08-26T20:24:54.503+0300][gc,heap     ] GC(3) Humongous regions: 129->129
[2022-08-26T20:24:54.503+0300][gc,metaspace] GC(3) Metaspace: 31215K(31488K)->31215K(31488K) NonClass: 27724K(27840K)->27724K(27840K) Class: 3491K(3648K)->3491K(3648K)
[2022-08-26T20:24:54.503+0300][gc          ] GC(3) Pause Young (Normal) (G1 Evacuation Pause) 187M->141M(1024M) 13,191ms
[2022-08-26T20:24:54.503+0300][gc,cpu      ] GC(3) User=0,00s Sys=0,01s Real=0,02s
[2022-08-26T20:24:55.604+0300][gc,heap,exit] Heap
[2022-08-26T20:24:55.604+0300][gc,heap,exit]  garbage-first heap   total 1048576K, used 155014K [0x00000000c0000000, 0x0000000100000000)
[2022-08-26T20:24:55.604+0300][gc,heap,exit]   region size 1024K, 16 young (16384K), 6 survivors (6144K)
[2022-08-26T20:24:55.604+0300][gc,heap,exit]  Metaspace       used 32179K, committed 32512K, reserved 1114112K
[2022-08-26T20:24:55.604+0300][gc,heap,exit]   class space    used 3662K, committed 3840K, reserved 1048576K
