[2022-08-26T20:24:19.645+0300][gc,init] CardTable entry size: 512
[2022-08-26T20:24:19.645+0300][gc     ] Using G1
[2022-08-26T20:24:19.679+0300][gc,init] Version: 18-ea+36-Ubuntu-1 (release)
[2022-08-26T20:24:19.679+0300][gc,init] CPUs: 2 total, 2 available
[2022-08-26T20:24:19.679+0300][gc,init] Memory: 7951M
[2022-08-26T20:24:19.679+0300][gc,init] Large Page Support: Disabled
[2022-08-26T20:24:19.679+0300][gc,init] NUMA Support: Disabled
[2022-08-26T20:24:19.679+0300][gc,init] Compressed Oops: Enabled (32-bit)
[2022-08-26T20:24:19.679+0300][gc,init] Heap Region Size: 1M
[2022-08-26T20:24:19.679+0300][gc,init] Heap Min Capacity: 1G
[2022-08-26T20:24:19.679+0300][gc,init] Heap Initial Capacity: 1G
[2022-08-26T20:24:19.679+0300][gc,init] Heap Max Capacity: 1G
[2022-08-26T20:24:19.679+0300][gc,init] Pre-touch: Disabled
[2022-08-26T20:24:19.679+0300][gc,init] Parallel Workers: 2
[2022-08-26T20:24:19.679+0300][gc,init] Concurrent Workers: 1
[2022-08-26T20:24:19.679+0300][gc,init] Concurrent Refinement Workers: 2
[2022-08-26T20:24:19.679+0300][gc,init] Periodic GC: Disabled
[2022-08-26T20:24:19.679+0300][gc,metaspace] CDS archive(s) mapped at: [0x0000000800000000-0x0000000800bb2000-0x0000000800bb2000), size 12263424, SharedBaseAddress: 0x0000000800000000, ArchiveRelocationMode: 0.
[2022-08-26T20:24:19.679+0300][gc,metaspace] Compressed class space mapped at: 0x0000000800c00000-0x0000000840c00000, reserved size: 1073741824
[2022-08-26T20:24:19.679+0300][gc,metaspace] Narrow klass base: 0x0000000800000000, Narrow klass shift: 0, Narrow klass range: 0x100000000
[2022-08-26T20:24:24.495+0300][gc,start    ] GC(0) Pause Young (Normal) (G1 Evacuation Pause)
[2022-08-26T20:24:24.502+0300][gc,task     ] GC(0) Using 2 workers of 2 for evacuation
[2022-08-26T20:24:24.515+0300][gc,phases   ] GC(0)   Pre Evacuate Collection Set: 0,7ms
[2022-08-26T20:24:24.515+0300][gc,phases   ] GC(0)   Merge Heap Roots: 0,1ms
[2022-08-26T20:24:24.515+0300][gc,phases   ] GC(0)   Evacuate Collection Set: 10,5ms
[2022-08-26T20:24:24.515+0300][gc,phases   ] GC(0)   Post Evacuate Collection Set: 1,3ms
[2022-08-26T20:24:24.515+0300][gc,phases   ] GC(0)   Other: 6,9ms
[2022-08-26T20:24:24.515+0300][gc,heap     ] GC(0) Eden regions: 51->0(44)
[2022-08-26T20:24:24.515+0300][gc,heap     ] GC(0) Survivor regions: 0->7(7)
[2022-08-26T20:24:24.515+0300][gc,heap     ] GC(0) Old regions: 0->0
[2022-08-26T20:24:24.515+0300][gc,heap     ] GC(0) Archive regions: 2->2
[2022-08-26T20:24:24.515+0300][gc,heap     ] GC(0) Humongous regions: 0->0
[2022-08-26T20:24:24.515+0300][gc,metaspace] GC(0) Metaspace: 19312K(19520K)->19312K(19520K) NonClass: 17051K(17152K)->17051K(17152K) Class: 2261K(2368K)->2261K(2368K)
[2022-08-26T20:24:24.515+0300][gc          ] GC(0) Pause Young (Normal) (G1 Evacuation Pause) 51M->7M(1024M) 19,831ms
[2022-08-26T20:24:24.515+0300][gc,cpu      ] GC(0) User=0,01s Sys=0,02s Real=0,02s
[2022-08-26T20:24:25.041+0300][gc,start    ] GC(1) Pause Young (Concurrent Start) (Metadata GC Threshold)
[2022-08-26T20:24:25.041+0300][gc,task     ] GC(1) Using 2 workers of 2 for evacuation
[2022-08-26T20:24:25.067+0300][gc,mmu      ] GC(1) MMU target violated: 21,0ms (20,0ms/21,0ms)
[2022-08-26T20:24:25.067+0300][gc,phases   ] GC(1)   Pre Evacuate Collection Set: 0,2ms
[2022-08-26T20:24:25.067+0300][gc,phases   ] GC(1)   Merge Heap Roots: 0,1ms
[2022-08-26T20:24:25.067+0300][gc,phases   ] GC(1)   Evacuate Collection Set: 20,0ms
[2022-08-26T20:24:25.067+0300][gc,phases   ] GC(1)   Post Evacuate Collection Set: 4,5ms
[2022-08-26T20:24:25.067+0300][gc,phases   ] GC(1)   Other: 1,0ms
[2022-08-26T20:24:25.067+0300][gc,heap     ] GC(1) Eden regions: 9->0(50)
[2022-08-26T20:24:25.067+0300][gc,heap     ] GC(1) Survivor regions: 7->1(7)
[2022-08-26T20:24:25.067+0300][gc,heap     ] GC(1) Old regions: 0->7
[2022-08-26T20:24:25.067+0300][gc,heap     ] GC(1) Archive regions: 2->2
[2022-08-26T20:24:25.067+0300][gc,heap     ] GC(1) Humongous regions: 0->0
[2022-08-26T20:24:25.067+0300][gc,metaspace] GC(1) Metaspace: 21298K(21504K)->21298K(21504K) NonClass: 18788K(18880K)->18788K(18880K) Class: 2509K(2624K)->2509K(2624K)
[2022-08-26T20:24:25.067+0300][gc          ] GC(1) Pause Young (Concurrent Start) (Metadata GC Threshold) 16M->8M(1024M) 26,036ms
[2022-08-26T20:24:25.067+0300][gc,cpu      ] GC(1) User=0,00s Sys=0,02s Real=0,02s
[2022-08-26T20:24:25.068+0300][gc          ] GC(2) Concurrent Mark Cycle
[2022-08-26T20:24:25.068+0300][gc,marking  ] GC(2) Concurrent Clear Claimed Marks
[2022-08-26T20:24:25.068+0300][gc,marking  ] GC(2) Concurrent Clear Claimed Marks 0,022ms
[2022-08-26T20:24:25.068+0300][gc,marking  ] GC(2) Concurrent Scan Root Regions
[2022-08-26T20:24:25.075+0300][gc,marking  ] GC(2) Concurrent Scan Root Regions 7,062ms
[2022-08-26T20:24:25.076+0300][gc,marking  ] GC(2) Concurrent Mark
[2022-08-26T20:24:25.076+0300][gc,marking  ] GC(2) Concurrent Mark From Roots
[2022-08-26T20:24:25.076+0300][gc,task     ] GC(2) Using 1 workers of 1 for marking
[2022-08-26T20:24:25.083+0300][gc,marking  ] GC(2) Concurrent Mark From Roots 7,148ms
[2022-08-26T20:24:25.083+0300][gc,marking  ] GC(2) Concurrent Preclean
[2022-08-26T20:24:25.083+0300][gc,marking  ] GC(2) Concurrent Preclean 0,008ms
[2022-08-26T20:24:25.088+0300][gc,start    ] GC(2) Pause Remark
[2022-08-26T20:24:25.094+0300][gc          ] GC(2) Pause Remark 9M->9M(1024M) 5,804ms
[2022-08-26T20:24:25.094+0300][gc,cpu      ] GC(2) User=0,00s Sys=0,00s Real=0,01s
[2022-08-26T20:24:25.096+0300][gc,marking  ] GC(2) Concurrent Mark 20,171ms
[2022-08-26T20:24:25.096+0300][gc,marking  ] GC(2) Concurrent Rebuild Remembered Sets
[2022-08-26T20:24:25.096+0300][gc,marking  ] GC(2) Concurrent Rebuild Remembered Sets 0,011ms
[2022-08-26T20:24:25.104+0300][gc,start    ] GC(2) Pause Cleanup
[2022-08-26T20:24:25.104+0300][gc          ] GC(2) Pause Cleanup 9M->9M(1024M) 0,076ms
[2022-08-26T20:24:25.104+0300][gc,cpu      ] GC(2) User=0,00s Sys=0,00s Real=0,00s
[2022-08-26T20:24:25.105+0300][gc,marking  ] GC(2) Concurrent Cleanup for Next Mark
[2022-08-26T20:24:25.115+0300][gc,marking  ] GC(2) Concurrent Cleanup for Next Mark 10,383ms
[2022-08-26T20:24:25.115+0300][gc          ] GC(2) Concurrent Mark Cycle 47,014ms
[2022-08-26T20:24:27.918+0300][gc,start    ] GC(3) Pause Young (Normal) (G1 Evacuation Pause)
[2022-08-26T20:24:27.918+0300][gc,task     ] GC(3) Using 2 workers of 2 for evacuation
[2022-08-26T20:24:27.929+0300][gc,phases   ] GC(3)   Pre Evacuate Collection Set: 0,3ms
[2022-08-26T20:24:27.929+0300][gc,phases   ] GC(3)   Merge Heap Roots: 0,1ms
[2022-08-26T20:24:27.929+0300][gc,phases   ] GC(3)   Evacuate Collection Set: 9,6ms
[2022-08-26T20:24:27.929+0300][gc,phases   ] GC(3)   Post Evacuate Collection Set: 1,0ms
[2022-08-26T20:24:27.929+0300][gc,phases   ] GC(3)   Other: 0,2ms
[2022-08-26T20:24:27.929+0300][gc,heap     ] GC(3) Eden regions: 50->0(46)
[2022-08-26T20:24:27.929+0300][gc,heap     ] GC(3) Survivor regions: 1->5(7)
[2022-08-26T20:24:27.929+0300][gc,heap     ] GC(3) Old regions: 7->7
[2022-08-26T20:24:27.929+0300][gc,heap     ] GC(3) Archive regions: 2->2
[2022-08-26T20:24:27.929+0300][gc,heap     ] GC(3) Humongous regions: 129->129
[2022-08-26T20:24:27.929+0300][gc,metaspace] GC(3) Metaspace: 30886K(31168K)->30886K(31168K) NonClass: 27446K(27584K)->27446K(27584K) Class: 3439K(3584K)->3439K(3584K)
[2022-08-26T20:24:27.929+0300][gc          ] GC(3) Pause Young (Normal) (G1 Evacuation Pause) 187M->141M(1024M) 11,404ms
[2022-08-26T20:24:27.929+0300][gc,cpu      ] GC(3) User=0,00s Sys=0,02s Real=0,01s
[2022-08-26T20:24:29.091+0300][gc,heap,exit] Heap
[2022-08-26T20:24:29.091+0300][gc,heap,exit]  garbage-first heap   total 1048576K, used 164205K [0x00000000c0000000, 0x0000000100000000)
[2022-08-26T20:24:29.091+0300][gc,heap,exit]   region size 1024K, 24 young (24576K), 5 survivors (5120K)
[2022-08-26T20:24:29.091+0300][gc,heap,exit]  Metaspace       used 35291K, committed 35584K, reserved 1114112K
[2022-08-26T20:24:29.091+0300][gc,heap,exit]   class space    used 3837K, committed 3968K, reserved 1048576K
