[2022-08-31T09:52:32.351+0300][gc,init] CardTable entry size: 512
[2022-08-31T09:52:32.351+0300][gc     ] Using G1
[2022-08-31T09:52:32.364+0300][gc,init] Version: 18.0.2-ea+9-Ubuntu-222.04 (release)
[2022-08-31T09:52:32.364+0300][gc,init] CPUs: 2 total, 2 available
[2022-08-31T09:52:32.364+0300][gc,init] Memory: 7950M
[2022-08-31T09:52:32.364+0300][gc,init] Large Page Support: Disabled
[2022-08-31T09:52:32.364+0300][gc,init] NUMA Support: Disabled
[2022-08-31T09:52:32.364+0300][gc,init] Compressed Oops: Enabled (32-bit)
[2022-08-31T09:52:32.364+0300][gc,init] Heap Region Size: 1M
[2022-08-31T09:52:32.364+0300][gc,init] Heap Min Capacity: 1G
[2022-08-31T09:52:32.364+0300][gc,init] Heap Initial Capacity: 1G
[2022-08-31T09:52:32.365+0300][gc,init] Heap Max Capacity: 1G
[2022-08-31T09:52:32.365+0300][gc,init] Pre-touch: Disabled
[2022-08-31T09:52:32.365+0300][gc,init] Parallel Workers: 2
[2022-08-31T09:52:32.365+0300][gc,init] Concurrent Workers: 1
[2022-08-31T09:52:32.365+0300][gc,init] Concurrent Refinement Workers: 2
[2022-08-31T09:52:32.365+0300][gc,init] Periodic GC: Disabled
[2022-08-31T09:52:32.365+0300][gc,metaspace] CDS archive(s) mapped at: [0x0000000800000000-0x0000000800bb3000-0x0000000800bb3000), size 12267520, SharedBaseAddress: 0x0000000800000000, ArchiveRelocationMode: 0.
[2022-08-31T09:52:32.365+0300][gc,metaspace] Compressed class space mapped at: 0x0000000800c00000-0x0000000840c00000, reserved size: 1073741824
[2022-08-31T09:52:32.365+0300][gc,metaspace] Narrow klass base: 0x0000000800000000, Narrow klass shift: 0, Narrow klass range: 0x100000000
[2022-08-31T09:52:36.901+0300][gc,start    ] GC(0) Pause Young (Normal) (G1 Evacuation Pause)
[2022-08-31T09:52:36.901+0300][gc,task     ] GC(0) Using 2 workers of 2 for evacuation
[2022-08-31T09:52:37.015+0300][gc,mmu      ] GC(0) MMU target violated: 21,0ms (20,0ms/21,0ms)
[2022-08-31T09:52:37.015+0300][gc,phases   ] GC(0)   Pre Evacuate Collection Set: 0,1ms
[2022-08-31T09:52:37.015+0300][gc,phases   ] GC(0)   Merge Heap Roots: 1,2ms
[2022-08-31T09:52:37.015+0300][gc,phases   ] GC(0)   Evacuate Collection Set: 112,2ms
[2022-08-31T09:52:37.015+0300][gc,phases   ] GC(0)   Post Evacuate Collection Set: 0,7ms
[2022-08-31T09:52:37.015+0300][gc,phases   ] GC(0)   Other: 0,6ms
[2022-08-31T09:52:37.015+0300][gc,heap     ] GC(0) Eden regions: 51->0(44)
[2022-08-31T09:52:37.015+0300][gc,heap     ] GC(0) Survivor regions: 0->7(7)
[2022-08-31T09:52:37.015+0300][gc,heap     ] GC(0) Old regions: 0->1
[2022-08-31T09:52:37.015+0300][gc,heap     ] GC(0) Archive regions: 2->2
[2022-08-31T09:52:37.015+0300][gc,heap     ] GC(0) Humongous regions: 0->0
[2022-08-31T09:52:37.015+0300][gc,metaspace] GC(0) Metaspace: 19025K(19200K)->19025K(19200K) NonClass: 16808K(16896K)->16808K(16896K) Class: 2216K(2304K)->2216K(2304K)
[2022-08-31T09:52:37.015+0300][gc          ] GC(0) Pause Young (Normal) (G1 Evacuation Pause) 51M->7M(1024M) 114,910ms
[2022-08-31T09:52:37.015+0300][gc,cpu      ] GC(0) User=0,02s Sys=0,04s Real=0,11s
[2022-08-31T09:52:38.604+0300][gc,start    ] GC(1) Pause Young (Concurrent Start) (Metadata GC Threshold)
[2022-08-31T09:52:38.604+0300][gc,task     ] GC(1) Using 2 workers of 2 for evacuation
[2022-08-31T09:52:38.678+0300][gc,mmu      ] GC(1) MMU target violated: 21,0ms (20,0ms/21,0ms)
[2022-08-31T09:52:38.678+0300][gc,phases   ] GC(1)   Pre Evacuate Collection Set: 0,5ms
[2022-08-31T09:52:38.678+0300][gc,phases   ] GC(1)   Merge Heap Roots: 0,0ms
[2022-08-31T09:52:38.678+0300][gc,phases   ] GC(1)   Evacuate Collection Set: 72,9ms
[2022-08-31T09:52:38.678+0300][gc,phases   ] GC(1)   Post Evacuate Collection Set: 0,9ms
[2022-08-31T09:52:38.678+0300][gc,phases   ] GC(1)   Other: 0,2ms
[2022-08-31T09:52:38.678+0300][gc,heap     ] GC(1) Eden regions: 10->0(49)
[2022-08-31T09:52:38.678+0300][gc,heap     ] GC(1) Survivor regions: 7->2(7)
[2022-08-31T09:52:38.678+0300][gc,heap     ] GC(1) Old regions: 1->7
[2022-08-31T09:52:38.678+0300][gc,heap     ] GC(1) Archive regions: 2->2
[2022-08-31T09:52:38.678+0300][gc,heap     ] GC(1) Humongous regions: 129->129
[2022-08-31T09:52:38.678+0300][gc,metaspace] GC(1) Metaspace: 21302K(21504K)->21302K(21504K) NonClass: 18804K(18880K)->18804K(18880K) Class: 2497K(2624K)->2497K(2624K)
[2022-08-31T09:52:38.678+0300][gc          ] GC(1) Pause Young (Concurrent Start) (Metadata GC Threshold) 146M->138M(1024M) 74,736ms
[2022-08-31T09:52:38.678+0300][gc,cpu      ] GC(1) User=0,00s Sys=0,08s Real=0,08s
[2022-08-31T09:52:38.679+0300][gc          ] GC(2) Concurrent Mark Cycle
[2022-08-31T09:52:38.679+0300][gc,marking  ] GC(2) Concurrent Clear Claimed Marks
[2022-08-31T09:52:38.679+0300][gc,marking  ] GC(2) Concurrent Clear Claimed Marks 0,028ms
[2022-08-31T09:52:38.679+0300][gc,marking  ] GC(2) Concurrent Scan Root Regions
[2022-08-31T09:52:38.690+0300][gc,marking  ] GC(2) Concurrent Scan Root Regions 11,465ms
[2022-08-31T09:52:38.690+0300][gc,marking  ] GC(2) Concurrent Mark
[2022-08-31T09:52:38.690+0300][gc,marking  ] GC(2) Concurrent Mark From Roots
[2022-08-31T09:52:38.690+0300][gc,task     ] GC(2) Using 1 workers of 1 for marking
[2022-08-31T09:52:38.706+0300][gc,marking  ] GC(2) Concurrent Mark From Roots 15,563ms
[2022-08-31T09:52:38.706+0300][gc,marking  ] GC(2) Concurrent Preclean
[2022-08-31T09:52:38.706+0300][gc,marking  ] GC(2) Concurrent Preclean 0,009ms
[2022-08-31T09:52:38.707+0300][gc,start    ] GC(2) Pause Remark
[2022-08-31T09:52:38.710+0300][gc          ] GC(2) Pause Remark 139M->139M(1024M) 3,671ms
[2022-08-31T09:52:38.710+0300][gc,cpu      ] GC(2) User=0,00s Sys=0,00s Real=0,00s
[2022-08-31T09:52:38.710+0300][gc,marking  ] GC(2) Concurrent Mark 19,955ms
[2022-08-31T09:52:38.710+0300][gc,marking  ] GC(2) Concurrent Rebuild Remembered Sets
[2022-08-31T09:52:38.710+0300][gc,marking  ] GC(2) Concurrent Rebuild Remembered Sets 0,004ms
[2022-08-31T09:52:38.711+0300][gc,start    ] GC(2) Pause Cleanup
[2022-08-31T09:52:38.711+0300][gc          ] GC(2) Pause Cleanup 139M->139M(1024M) 0,038ms
[2022-08-31T09:52:38.711+0300][gc,cpu      ] GC(2) User=0,00s Sys=0,00s Real=0,00s
[2022-08-31T09:52:38.711+0300][gc,marking  ] GC(2) Concurrent Cleanup for Next Mark
[2022-08-31T09:52:38.950+0300][gc,marking  ] GC(2) Concurrent Cleanup for Next Mark 238,368ms
[2022-08-31T09:52:38.950+0300][gc          ] GC(2) Concurrent Mark Cycle 270,944ms
[2022-08-31T09:52:40.838+0300][gc,start    ] GC(3) Pause Young (Normal) (G1 Evacuation Pause)
[2022-08-31T09:52:40.838+0300][gc,task     ] GC(3) Using 2 workers of 2 for evacuation
[2022-08-31T09:52:40.856+0300][gc,phases   ] GC(3)   Pre Evacuate Collection Set: 0,2ms
[2022-08-31T09:52:40.856+0300][gc,phases   ] GC(3)   Merge Heap Roots: 0,1ms
[2022-08-31T09:52:40.856+0300][gc,phases   ] GC(3)   Evacuate Collection Set: 16,8ms
[2022-08-31T09:52:40.856+0300][gc,phases   ] GC(3)   Post Evacuate Collection Set: 0,7ms
[2022-08-31T09:52:40.856+0300][gc,phases   ] GC(3)   Other: 0,1ms
[2022-08-31T09:52:40.856+0300][gc,heap     ] GC(3) Eden regions: 49->0(45)
[2022-08-31T09:52:40.856+0300][gc,heap     ] GC(3) Survivor regions: 2->6(7)
[2022-08-31T09:52:40.856+0300][gc,heap     ] GC(3) Old regions: 7->7
[2022-08-31T09:52:40.856+0300][gc,heap     ] GC(3) Archive regions: 2->2
[2022-08-31T09:52:40.856+0300][gc,heap     ] GC(3) Humongous regions: 129->129
[2022-08-31T09:52:40.856+0300][gc,metaspace] GC(3) Metaspace: 32776K(33088K)->32776K(33088K) NonClass: 29212K(29376K)->29212K(29376K) Class: 3564K(3712K)->3564K(3712K)
[2022-08-31T09:52:40.856+0300][gc          ] GC(3) Pause Young (Normal) (G1 Evacuation Pause) 187M->142M(1024M) 18,017ms
[2022-08-31T09:52:40.856+0300][gc,cpu      ] GC(3) User=0,00s Sys=0,01s Real=0,02s
[2022-08-31T09:52:52.914+0300][gc,start    ] GC(4) Pause Young (Concurrent Start) (Metadata GC Threshold)
[2022-08-31T09:52:52.915+0300][gc,task     ] GC(4) Using 2 workers of 2 for evacuation
[2022-08-31T09:52:52.978+0300][gc,mmu      ] GC(4) MMU target violated: 21,0ms (20,0ms/21,0ms)
[2022-08-31T09:52:52.978+0300][gc,phases   ] GC(4)   Pre Evacuate Collection Set: 0,2ms
[2022-08-31T09:52:52.978+0300][gc,phases   ] GC(4)   Merge Heap Roots: 0,1ms
[2022-08-31T09:52:52.978+0300][gc,phases   ] GC(4)   Evacuate Collection Set: 62,3ms
[2022-08-31T09:52:52.978+0300][gc,phases   ] GC(4)   Post Evacuate Collection Set: 0,7ms
[2022-08-31T09:52:52.978+0300][gc,phases   ] GC(4)   Other: 0,2ms
[2022-08-31T09:52:52.978+0300][gc,heap     ] GC(4) Eden regions: 16->0(50)
[2022-08-31T09:52:52.978+0300][gc,heap     ] GC(4) Survivor regions: 6->1(7)
[2022-08-31T09:52:52.978+0300][gc,heap     ] GC(4) Old regions: 7->13
[2022-08-31T09:52:52.978+0300][gc,heap     ] GC(4) Archive regions: 2->2
[2022-08-31T09:52:52.978+0300][gc,heap     ] GC(4) Humongous regions: 129->129
[2022-08-31T09:52:52.978+0300][gc,metaspace] GC(4) Metaspace: 35727K(36096K)->35727K(36096K) NonClass: 31654K(31872K)->31654K(31872K) Class: 4072K(4224K)->4072K(4224K)
[2022-08-31T09:52:52.978+0300][gc          ] GC(4) Pause Young (Concurrent Start) (Metadata GC Threshold) 157M->143M(1024M) 63,759ms
[2022-08-31T09:52:52.978+0300][gc,cpu      ] GC(4) User=0,01s Sys=0,08s Real=0,06s
[2022-08-31T09:52:52.980+0300][gc          ] GC(5) Concurrent Mark Cycle
[2022-08-31T09:52:52.980+0300][gc,marking  ] GC(5) Concurrent Clear Claimed Marks
[2022-08-31T09:52:52.980+0300][gc,marking  ] GC(5) Concurrent Clear Claimed Marks 0,045ms
[2022-08-31T09:52:52.980+0300][gc,marking  ] GC(5) Concurrent Scan Root Regions
[2022-08-31T09:52:52.993+0300][gc,marking  ] GC(5) Concurrent Scan Root Regions 12,931ms
[2022-08-31T09:52:52.993+0300][gc,marking  ] GC(5) Concurrent Mark
[2022-08-31T09:52:52.993+0300][gc,marking  ] GC(5) Concurrent Mark From Roots
[2022-08-31T09:52:52.993+0300][gc,task     ] GC(5) Using 1 workers of 1 for marking
[2022-08-31T09:52:53.034+0300][gc,marking  ] GC(5) Concurrent Mark From Roots 41,709ms
[2022-08-31T09:52:53.034+0300][gc,marking  ] GC(5) Concurrent Preclean
[2022-08-31T09:52:53.034+0300][gc,marking  ] GC(5) Concurrent Preclean 0,055ms
[2022-08-31T09:52:53.037+0300][gc,start    ] GC(5) Pause Remark
[2022-08-31T09:52:53.044+0300][gc          ] GC(5) Pause Remark 144M->144M(1024M) 7,247ms
[2022-08-31T09:52:53.044+0300][gc,cpu      ] GC(5) User=0,00s Sys=0,01s Real=0,00s
[2022-08-31T09:52:53.049+0300][gc,marking  ] GC(5) Concurrent Mark 56,128ms
[2022-08-31T09:52:53.049+0300][gc,marking  ] GC(5) Concurrent Rebuild Remembered Sets
[2022-08-31T09:52:53.058+0300][gc,marking  ] GC(5) Concurrent Rebuild Remembered Sets 9,396ms
[2022-08-31T09:52:53.059+0300][gc,start    ] GC(5) Pause Cleanup
[2022-08-31T09:52:53.060+0300][gc          ] GC(5) Pause Cleanup 144M->144M(1024M) 0,521ms
[2022-08-31T09:52:53.060+0300][gc,cpu      ] GC(5) User=0,00s Sys=0,00s Real=0,00s
[2022-08-31T09:52:53.070+0300][gc,marking  ] GC(5) Concurrent Cleanup for Next Mark
[2022-08-31T09:52:53.670+0300][gc,marking  ] GC(5) Concurrent Cleanup for Next Mark 599,769ms
[2022-08-31T09:52:53.670+0300][gc          ] GC(5) Concurrent Mark Cycle 690,631ms
[2022-08-31T09:57:41.360+0300][gc,start    ] GC(6) Pause Young (Normal) (G1 Evacuation Pause)
[2022-08-31T09:57:41.360+0300][gc,task     ] GC(6) Using 2 workers of 2 for evacuation
[2022-08-31T09:57:41.370+0300][gc,phases   ] GC(6)   Pre Evacuate Collection Set: 0,1ms
[2022-08-31T09:57:41.370+0300][gc,phases   ] GC(6)   Merge Heap Roots: 0,1ms
[2022-08-31T09:57:41.370+0300][gc,phases   ] GC(6)   Evacuate Collection Set: 9,0ms
[2022-08-31T09:57:41.370+0300][gc,phases   ] GC(6)   Post Evacuate Collection Set: 1,1ms
[2022-08-31T09:57:41.370+0300][gc,phases   ] GC(6)   Other: 0,1ms
[2022-08-31T09:57:41.370+0300][gc,heap     ] GC(6) Eden regions: 50->0(46)
[2022-08-31T09:57:41.370+0300][gc,heap     ] GC(6) Survivor regions: 1->5(7)
[2022-08-31T09:57:41.370+0300][gc,heap     ] GC(6) Old regions: 13->13
[2022-08-31T09:57:41.370+0300][gc,heap     ] GC(6) Archive regions: 2->2
[2022-08-31T09:57:41.370+0300][gc,heap     ] GC(6) Humongous regions: 129->129
[2022-08-31T09:57:41.370+0300][gc,metaspace] GC(6) Metaspace: 41033K(41664K)->41033K(41664K) NonClass: 36317K(36672K)->36317K(36672K) Class: 4715K(4992K)->4715K(4992K)
[2022-08-31T09:57:41.370+0300][gc          ] GC(6) Pause Young (Normal) (G1 Evacuation Pause) 193M->147M(1024M) 10,630ms
[2022-08-31T09:57:41.370+0300][gc,cpu      ] GC(6) User=0,01s Sys=0,01s Real=0,01s
[2022-08-31T10:05:43.713+0300][gc,start    ] GC(7) Pause Young (Normal) (G1 Evacuation Pause)
[2022-08-31T10:05:43.713+0300][gc,task     ] GC(7) Using 2 workers of 2 for evacuation
[2022-08-31T10:05:43.728+0300][gc,phases   ] GC(7)   Pre Evacuate Collection Set: 0,1ms
[2022-08-31T10:05:43.728+0300][gc,phases   ] GC(7)   Merge Heap Roots: 0,2ms
[2022-08-31T10:05:43.728+0300][gc,phases   ] GC(7)   Evacuate Collection Set: 14,0ms
[2022-08-31T10:05:43.728+0300][gc,phases   ] GC(7)   Post Evacuate Collection Set: 0,7ms
[2022-08-31T10:05:43.728+0300][gc,phases   ] GC(7)   Other: 0,1ms
[2022-08-31T10:05:43.728+0300][gc,heap     ] GC(7) Eden regions: 46->0(48)
[2022-08-31T10:05:43.728+0300][gc,heap     ] GC(7) Survivor regions: 5->3(7)
[2022-08-31T10:05:43.728+0300][gc,heap     ] GC(7) Old regions: 13->16
[2022-08-31T10:05:43.728+0300][gc,heap     ] GC(7) Archive regions: 2->2
[2022-08-31T10:05:43.728+0300][gc,heap     ] GC(7) Humongous regions: 129->129
[2022-08-31T10:05:43.728+0300][gc,metaspace] GC(7) Metaspace: 41312K(41984K)->41312K(41984K) NonClass: 36568K(36928K)->36568K(36928K) Class: 4744K(5056K)->4744K(5056K)
[2022-08-31T10:05:43.728+0300][gc          ] GC(7) Pause Young (Normal) (G1 Evacuation Pause) 193M->147M(1024M) 15,379ms
[2022-08-31T10:05:43.728+0300][gc,cpu      ] GC(7) User=0,02s Sys=0,01s Real=0,01s
[2022-08-31T10:14:24.454+0300][gc,start    ] GC(8) Pause Young (Normal) (G1 Evacuation Pause)
[2022-08-31T10:14:24.455+0300][gc,task     ] GC(8) Using 2 workers of 2 for evacuation
[2022-08-31T10:14:24.463+0300][gc,phases   ] GC(8)   Pre Evacuate Collection Set: 0,2ms
[2022-08-31T10:14:24.463+0300][gc,phases   ] GC(8)   Merge Heap Roots: 0,1ms
[2022-08-31T10:14:24.463+0300][gc,phases   ] GC(8)   Evacuate Collection Set: 7,2ms
[2022-08-31T10:14:24.463+0300][gc,phases   ] GC(8)   Post Evacuate Collection Set: 0,8ms
[2022-08-31T10:14:24.463+0300][gc,phases   ] GC(8)   Other: 0,1ms
[2022-08-31T10:14:24.463+0300][gc,heap     ] GC(8) Eden regions: 48->0(46)
[2022-08-31T10:14:24.463+0300][gc,heap     ] GC(8) Survivor regions: 3->5(7)
[2022-08-31T10:14:24.463+0300][gc,heap     ] GC(8) Old regions: 16->16
[2022-08-31T10:14:24.463+0300][gc,heap     ] GC(8) Archive regions: 2->2
[2022-08-31T10:14:24.463+0300][gc,heap     ] GC(8) Humongous regions: 129->129
[2022-08-31T10:14:24.463+0300][gc,metaspace] GC(8) Metaspace: 41872K(42496K)->41872K(42496K) NonClass: 37039K(37376K)->37039K(37376K) Class: 4833K(5120K)->4833K(5120K)
[2022-08-31T10:14:24.463+0300][gc          ] GC(8) Pause Young (Normal) (G1 Evacuation Pause) 195M->150M(1024M) 8,617ms
[2022-08-31T10:14:24.463+0300][gc,cpu      ] GC(8) User=0,01s Sys=0,01s Real=0,00s
[2022-08-31T10:16:44.073+0300][gc,heap,exit] Heap
[2022-08-31T10:16:44.073+0300][gc,heap,exit]  garbage-first heap   total 1048576K, used 176051K [0x00000000c0000000, 0x0000000100000000)
[2022-08-31T10:16:44.073+0300][gc,heap,exit]   region size 1024K, 27 young (27648K), 5 survivors (5120K)
[2022-08-31T10:16:44.073+0300][gc,heap,exit]  Metaspace       used 42589K, committed 43264K, reserved 1114112K
[2022-08-31T10:16:44.073+0300][gc,heap,exit]   class space    used 4983K, committed 5312K, reserved 1048576K
