[2022-08-29T20:20:52.159+0300][gc,init] CardTable entry size: 512
[2022-08-29T20:20:52.159+0300][gc     ] Using G1
[2022-08-29T20:20:52.176+0300][gc,init] Version: 18.0.2-ea+9-Ubuntu-222.04 (release)
[2022-08-29T20:20:52.176+0300][gc,init] CPUs: 2 total, 2 available
[2022-08-29T20:20:52.176+0300][gc,init] Memory: 7950M
[2022-08-29T20:20:52.176+0300][gc,init] Large Page Support: Disabled
[2022-08-29T20:20:52.176+0300][gc,init] NUMA Support: Disabled
[2022-08-29T20:20:52.176+0300][gc,init] Compressed Oops: Enabled (32-bit)
[2022-08-29T20:20:52.176+0300][gc,init] Heap Region Size: 1M
[2022-08-29T20:20:52.176+0300][gc,init] Heap Min Capacity: 1G
[2022-08-29T20:20:52.176+0300][gc,init] Heap Initial Capacity: 1G
[2022-08-29T20:20:52.176+0300][gc,init] Heap Max Capacity: 1G
[2022-08-29T20:20:52.176+0300][gc,init] Pre-touch: Disabled
[2022-08-29T20:20:52.176+0300][gc,init] Parallel Workers: 2
[2022-08-29T20:20:52.176+0300][gc,init] Concurrent Workers: 1
[2022-08-29T20:20:52.176+0300][gc,init] Concurrent Refinement Workers: 2
[2022-08-29T20:20:52.176+0300][gc,init] Periodic GC: Disabled
[2022-08-29T20:20:52.176+0300][gc,metaspace] CDS archive(s) mapped at: [0x0000000800000000-0x0000000800bb3000-0x0000000800bb3000), size 12267520, SharedBaseAddress: 0x0000000800000000, ArchiveRelocationMode: 0.
[2022-08-29T20:20:52.176+0300][gc,metaspace] Compressed class space mapped at: 0x0000000800c00000-0x0000000840c00000, reserved size: 1073741824
[2022-08-29T20:20:52.176+0300][gc,metaspace] Narrow klass base: 0x0000000800000000, Narrow klass shift: 0, Narrow klass range: 0x100000000
[2022-08-29T20:20:55.172+0300][gc,start    ] GC(0) Pause Young (Normal) (G1 Evacuation Pause)
[2022-08-29T20:20:55.173+0300][gc,task     ] GC(0) Using 2 workers of 2 for evacuation
[2022-08-29T20:20:55.182+0300][gc,phases   ] GC(0)   Pre Evacuate Collection Set: 0,1ms
[2022-08-29T20:20:55.182+0300][gc,phases   ] GC(0)   Merge Heap Roots: 0,2ms
[2022-08-29T20:20:55.182+0300][gc,phases   ] GC(0)   Evacuate Collection Set: 7,6ms
[2022-08-29T20:20:55.182+0300][gc,phases   ] GC(0)   Post Evacuate Collection Set: 1,1ms
[2022-08-29T20:20:55.182+0300][gc,phases   ] GC(0)   Other: 0,4ms
[2022-08-29T20:20:55.182+0300][gc,heap     ] GC(0) Eden regions: 51->0(44)
[2022-08-29T20:20:55.182+0300][gc,heap     ] GC(0) Survivor regions: 0->7(7)
[2022-08-29T20:20:55.182+0300][gc,heap     ] GC(0) Old regions: 0->0
[2022-08-29T20:20:55.182+0300][gc,heap     ] GC(0) Archive regions: 2->2
[2022-08-29T20:20:55.182+0300][gc,heap     ] GC(0) Humongous regions: 0->0
[2022-08-29T20:20:55.182+0300][gc,metaspace] GC(0) Metaspace: 18954K(19200K)->18954K(19200K) NonClass: 16741K(16896K)->16741K(16896K) Class: 2212K(2304K)->2212K(2304K)
[2022-08-29T20:20:55.182+0300][gc          ] GC(0) Pause Young (Normal) (G1 Evacuation Pause) 51M->7M(1024M) 10,334ms
[2022-08-29T20:20:55.182+0300][gc,cpu      ] GC(0) User=0,01s Sys=0,01s Real=0,01s
[2022-08-29T20:20:55.751+0300][gc,start    ] GC(1) Pause Young (Concurrent Start) (Metadata GC Threshold)
[2022-08-29T20:20:55.751+0300][gc,task     ] GC(1) Using 2 workers of 2 for evacuation
[2022-08-29T20:20:55.767+0300][gc,phases   ] GC(1)   Pre Evacuate Collection Set: 0,4ms
[2022-08-29T20:20:55.767+0300][gc,phases   ] GC(1)   Merge Heap Roots: 0,0ms
[2022-08-29T20:20:55.767+0300][gc,phases   ] GC(1)   Evacuate Collection Set: 14,4ms
[2022-08-29T20:20:55.767+0300][gc,phases   ] GC(1)   Post Evacuate Collection Set: 1,0ms
[2022-08-29T20:20:55.767+0300][gc,phases   ] GC(1)   Other: 0,1ms
[2022-08-29T20:20:55.767+0300][gc,heap     ] GC(1) Eden regions: 11->0(50)
[2022-08-29T20:20:55.767+0300][gc,heap     ] GC(1) Survivor regions: 7->1(7)
[2022-08-29T20:20:55.767+0300][gc,heap     ] GC(1) Old regions: 0->8
[2022-08-29T20:20:55.767+0300][gc,heap     ] GC(1) Archive regions: 2->2
[2022-08-29T20:20:55.767+0300][gc,heap     ] GC(1) Humongous regions: 129->129
[2022-08-29T20:20:55.767+0300][gc,metaspace] GC(1) Metaspace: 21262K(21504K)->21262K(21504K) NonClass: 18758K(18880K)->18758K(18880K) Class: 2503K(2624K)->2503K(2624K)
[2022-08-29T20:20:55.767+0300][gc          ] GC(1) Pause Young (Concurrent Start) (Metadata GC Threshold) 147M->138M(1024M) 16,175ms
[2022-08-29T20:20:55.767+0300][gc,cpu      ] GC(1) User=0,01s Sys=0,01s Real=0,02s
[2022-08-29T20:20:55.767+0300][gc          ] GC(2) Concurrent Mark Cycle
[2022-08-29T20:20:55.767+0300][gc,marking  ] GC(2) Concurrent Clear Claimed Marks
[2022-08-29T20:20:55.767+0300][gc,marking  ] GC(2) Concurrent Clear Claimed Marks 0,025ms
[2022-08-29T20:20:55.767+0300][gc,marking  ] GC(2) Concurrent Scan Root Regions
[2022-08-29T20:20:55.789+0300][gc,marking  ] GC(2) Concurrent Scan Root Regions 21,297ms
[2022-08-29T20:20:55.790+0300][gc,marking  ] GC(2) Concurrent Mark
[2022-08-29T20:20:55.790+0300][gc,marking  ] GC(2) Concurrent Mark From Roots
[2022-08-29T20:20:55.790+0300][gc,task     ] GC(2) Using 1 workers of 1 for marking
[2022-08-29T20:20:55.796+0300][gc,marking  ] GC(2) Concurrent Mark From Roots 5,926ms
[2022-08-29T20:20:55.796+0300][gc,marking  ] GC(2) Concurrent Preclean
[2022-08-29T20:20:55.796+0300][gc,marking  ] GC(2) Concurrent Preclean 0,008ms
[2022-08-29T20:20:55.796+0300][gc,start    ] GC(2) Pause Remark
[2022-08-29T20:20:55.800+0300][gc          ] GC(2) Pause Remark 138M->138M(1024M) 3,617ms
[2022-08-29T20:20:55.800+0300][gc,cpu      ] GC(2) User=0,00s Sys=0,00s Real=0,00s
[2022-08-29T20:20:55.803+0300][gc,marking  ] GC(2) Concurrent Mark 13,416ms
[2022-08-29T20:20:55.803+0300][gc,marking  ] GC(2) Concurrent Rebuild Remembered Sets
[2022-08-29T20:20:55.807+0300][gc,marking  ] GC(2) Concurrent Rebuild Remembered Sets 3,400ms
[2022-08-29T20:20:55.810+0300][gc,start    ] GC(2) Pause Cleanup
[2022-08-29T20:20:55.810+0300][gc          ] GC(2) Pause Cleanup 138M->138M(1024M) 0,380ms
[2022-08-29T20:20:55.810+0300][gc,cpu      ] GC(2) User=0,00s Sys=0,00s Real=0,00s
[2022-08-29T20:20:55.810+0300][gc,marking  ] GC(2) Concurrent Cleanup for Next Mark
[2022-08-29T20:20:55.817+0300][gc,marking  ] GC(2) Concurrent Cleanup for Next Mark 6,323ms
[2022-08-29T20:20:55.817+0300][gc          ] GC(2) Concurrent Mark Cycle 49,730ms
[2022-08-29T20:20:57.803+0300][gc,start    ] GC(3) Pause Young (Normal) (G1 Evacuation Pause)
[2022-08-29T20:20:57.803+0300][gc,task     ] GC(3) Using 2 workers of 2 for evacuation
[2022-08-29T20:20:57.829+0300][gc,mmu      ] GC(3) MMU target violated: 21,0ms (20,0ms/21,0ms)
[2022-08-29T20:20:57.830+0300][gc,phases   ] GC(3)   Pre Evacuate Collection Set: 0,7ms
[2022-08-29T20:20:57.830+0300][gc,phases   ] GC(3)   Merge Heap Roots: 0,2ms
[2022-08-29T20:20:57.830+0300][gc,phases   ] GC(3)   Evacuate Collection Set: 24,5ms
[2022-08-29T20:20:57.830+0300][gc,phases   ] GC(3)   Post Evacuate Collection Set: 0,7ms
[2022-08-29T20:20:57.830+0300][gc,phases   ] GC(3)   Other: 0,5ms
[2022-08-29T20:20:57.830+0300][gc,heap     ] GC(3) Eden regions: 50->0(45)
[2022-08-29T20:20:57.830+0300][gc,heap     ] GC(3) Survivor regions: 1->6(7)
[2022-08-29T20:20:57.830+0300][gc,heap     ] GC(3) Old regions: 8->8
[2022-08-29T20:20:57.830+0300][gc,heap     ] GC(3) Archive regions: 2->2
[2022-08-29T20:20:57.830+0300][gc,heap     ] GC(3) Humongous regions: 129->129
[2022-08-29T20:20:57.830+0300][gc,metaspace] GC(3) Metaspace: 32731K(33024K)->32731K(33024K) NonClass: 29168K(29312K)->29168K(29312K) Class: 3562K(3712K)->3562K(3712K)
[2022-08-29T20:20:57.830+0300][gc          ] GC(3) Pause Young (Normal) (G1 Evacuation Pause) 188M->142M(1024M) 26,920ms
[2022-08-29T20:20:57.830+0300][gc,cpu      ] GC(3) User=0,02s Sys=0,01s Real=0,02s
[2022-08-29T20:21:08.082+0300][gc,start    ] GC(4) Pause Young (Concurrent Start) (Metadata GC Threshold)
[2022-08-29T20:21:08.082+0300][gc,task     ] GC(4) Using 2 workers of 2 for evacuation
[2022-08-29T20:21:08.094+0300][gc,phases   ] GC(4)   Pre Evacuate Collection Set: 0,2ms
[2022-08-29T20:21:08.094+0300][gc,phases   ] GC(4)   Merge Heap Roots: 0,1ms
[2022-08-29T20:21:08.094+0300][gc,phases   ] GC(4)   Evacuate Collection Set: 9,7ms
[2022-08-29T20:21:08.094+0300][gc,phases   ] GC(4)   Post Evacuate Collection Set: 1,7ms
[2022-08-29T20:21:08.094+0300][gc,phases   ] GC(4)   Other: 0,1ms
[2022-08-29T20:21:08.094+0300][gc,heap     ] GC(4) Eden regions: 16->0(49)
[2022-08-29T20:21:08.094+0300][gc,heap     ] GC(4) Survivor regions: 6->2(7)
[2022-08-29T20:21:08.094+0300][gc,heap     ] GC(4) Old regions: 8->13
[2022-08-29T20:21:08.094+0300][gc,heap     ] GC(4) Archive regions: 2->2
[2022-08-29T20:21:08.094+0300][gc,heap     ] GC(4) Humongous regions: 129->129
[2022-08-29T20:21:08.094+0300][gc,metaspace] GC(4) Metaspace: 35611K(35968K)->35611K(35968K) NonClass: 31542K(31744K)->31542K(31744K) Class: 4068K(4224K)->4068K(4224K)
[2022-08-29T20:21:08.094+0300][gc          ] GC(4) Pause Young (Concurrent Start) (Metadata GC Threshold) 157M->143M(1024M) 12,144ms
[2022-08-29T20:21:08.094+0300][gc,cpu      ] GC(4) User=0,01s Sys=0,01s Real=0,01s
[2022-08-29T20:21:08.096+0300][gc          ] GC(5) Concurrent Mark Cycle
[2022-08-29T20:21:08.096+0300][gc,marking  ] GC(5) Concurrent Clear Claimed Marks
[2022-08-29T20:21:08.096+0300][gc,marking  ] GC(5) Concurrent Clear Claimed Marks 0,034ms
[2022-08-29T20:21:08.096+0300][gc,marking  ] GC(5) Concurrent Scan Root Regions
[2022-08-29T20:21:08.100+0300][gc,marking  ] GC(5) Concurrent Scan Root Regions 3,995ms
[2022-08-29T20:21:08.100+0300][gc,marking  ] GC(5) Concurrent Mark
[2022-08-29T20:21:08.100+0300][gc,marking  ] GC(5) Concurrent Mark From Roots
[2022-08-29T20:21:08.100+0300][gc,task     ] GC(5) Using 1 workers of 1 for marking
[2022-08-29T20:21:08.106+0300][gc,marking  ] GC(5) Concurrent Mark From Roots 6,682ms
[2022-08-29T20:21:08.106+0300][gc,marking  ] GC(5) Concurrent Preclean
[2022-08-29T20:21:08.107+0300][gc,marking  ] GC(5) Concurrent Preclean 0,063ms
[2022-08-29T20:21:08.112+0300][gc,start    ] GC(5) Pause Remark
[2022-08-29T20:21:08.118+0300][gc          ] GC(5) Pause Remark 144M->144M(1024M) 5,562ms
[2022-08-29T20:21:08.118+0300][gc,cpu      ] GC(5) User=0,00s Sys=0,00s Real=0,01s
[2022-08-29T20:21:08.118+0300][gc,marking  ] GC(5) Concurrent Mark 18,270ms
[2022-08-29T20:21:08.118+0300][gc,marking  ] GC(5) Concurrent Rebuild Remembered Sets
[2022-08-29T20:21:08.134+0300][gc,marking  ] GC(5) Concurrent Rebuild Remembered Sets 15,604ms
[2022-08-29T20:21:08.141+0300][gc,start    ] GC(5) Pause Cleanup
[2022-08-29T20:21:08.142+0300][gc          ] GC(5) Pause Cleanup 145M->145M(1024M) 1,386ms
[2022-08-29T20:21:08.143+0300][gc,cpu      ] GC(5) User=0,00s Sys=0,00s Real=0,01s
[2022-08-29T20:21:08.143+0300][gc,marking  ] GC(5) Concurrent Cleanup for Next Mark
[2022-08-29T20:21:08.162+0300][gc,marking  ] GC(5) Concurrent Cleanup for Next Mark 19,552ms
[2022-08-29T20:21:08.162+0300][gc          ] GC(5) Concurrent Mark Cycle 66,687ms
[2022-08-29T20:26:17.067+0300][gc,start    ] GC(6) Pause Young (Prepare Mixed) (G1 Evacuation Pause)
[2022-08-29T20:26:17.067+0300][gc,task     ] GC(6) Using 2 workers of 2 for evacuation
[2022-08-29T20:26:17.079+0300][gc,phases   ] GC(6)   Pre Evacuate Collection Set: 0,2ms
[2022-08-29T20:26:17.079+0300][gc,phases   ] GC(6)   Merge Heap Roots: 0,1ms
[2022-08-29T20:26:17.079+0300][gc,phases   ] GC(6)   Evacuate Collection Set: 8,6ms
[2022-08-29T20:26:17.079+0300][gc,phases   ] GC(6)   Post Evacuate Collection Set: 2,5ms
[2022-08-29T20:26:17.079+0300][gc,phases   ] GC(6)   Other: 0,1ms
[2022-08-29T20:26:17.079+0300][gc,heap     ] GC(6) Eden regions: 49->0(46)
[2022-08-29T20:26:17.079+0300][gc,heap     ] GC(6) Survivor regions: 2->5(7)
[2022-08-29T20:26:17.079+0300][gc,heap     ] GC(6) Old regions: 13->13
[2022-08-29T20:26:17.079+0300][gc,heap     ] GC(6) Archive regions: 2->2
[2022-08-29T20:26:17.079+0300][gc,heap     ] GC(6) Humongous regions: 129->129
[2022-08-29T20:26:17.079+0300][gc,metaspace] GC(6) Metaspace: 40689K(41280K)->40689K(41280K) NonClass: 36026K(36352K)->36026K(36352K) Class: 4662K(4928K)->4662K(4928K)
[2022-08-29T20:26:17.079+0300][gc          ] GC(6) Pause Young (Prepare Mixed) (G1 Evacuation Pause) 192M->147M(1024M) 11,921ms
[2022-08-29T20:26:17.079+0300][gc,cpu      ] GC(6) User=0,02s Sys=0,01s Real=0,01s
[2022-08-29T20:29:35.708+0300][gc,start    ] GC(7) Pause Young (Mixed) (G1 Evacuation Pause)
[2022-08-29T20:29:35.708+0300][gc,task     ] GC(7) Using 2 workers of 2 for evacuation
[2022-08-29T20:29:35.771+0300][gc,mmu      ] GC(7) MMU target violated: 21,0ms (20,0ms/21,0ms)
[2022-08-29T20:29:35.771+0300][gc,phases   ] GC(7)   Pre Evacuate Collection Set: 0,1ms
[2022-08-29T20:29:35.771+0300][gc,phases   ] GC(7)   Merge Heap Roots: 0,1ms
[2022-08-29T20:29:35.771+0300][gc,phases   ] GC(7)   Evacuate Collection Set: 61,9ms
[2022-08-29T20:29:35.771+0300][gc,phases   ] GC(7)   Post Evacuate Collection Set: 0,9ms
[2022-08-29T20:29:35.771+0300][gc,phases   ] GC(7)   Other: 0,3ms
[2022-08-29T20:29:35.771+0300][gc,heap     ] GC(7) Eden regions: 46->0(48)
[2022-08-29T20:29:35.771+0300][gc,heap     ] GC(7) Survivor regions: 5->3(7)
[2022-08-29T20:29:35.771+0300][gc,heap     ] GC(7) Old regions: 13->16
[2022-08-29T20:29:35.771+0300][gc,heap     ] GC(7) Archive regions: 2->2
[2022-08-29T20:29:35.771+0300][gc,heap     ] GC(7) Humongous regions: 129->129
[2022-08-29T20:29:35.771+0300][gc,metaspace] GC(7) Metaspace: 42198K(42880K)->42198K(42880K) NonClass: 37342K(37696K)->37342K(37696K) Class: 4856K(5184K)->4856K(5184K)
[2022-08-29T20:29:35.771+0300][gc          ] GC(7) Pause Young (Mixed) (G1 Evacuation Pause) 193M->147M(1024M) 63,334ms
[2022-08-29T20:29:35.771+0300][gc,cpu      ] GC(7) User=0,01s Sys=0,02s Real=0,06s
[2022-08-29T20:29:50.219+0300][gc,start    ] GC(8) Pause Young (Normal) (G1 Evacuation Pause)
[2022-08-29T20:29:50.219+0300][gc,task     ] GC(8) Using 2 workers of 2 for evacuation
[2022-08-29T20:29:50.257+0300][gc,mmu      ] GC(8) MMU target violated: 21,0ms (20,0ms/21,0ms)
[2022-08-29T20:29:50.257+0300][gc,phases   ] GC(8)   Pre Evacuate Collection Set: 0,1ms
[2022-08-29T20:29:50.257+0300][gc,phases   ] GC(8)   Merge Heap Roots: 0,1ms
[2022-08-29T20:29:50.257+0300][gc,phases   ] GC(8)   Evacuate Collection Set: 37,0ms
[2022-08-29T20:29:50.257+0300][gc,phases   ] GC(8)   Post Evacuate Collection Set: 0,6ms
[2022-08-29T20:29:50.257+0300][gc,phases   ] GC(8)   Other: 0,3ms
[2022-08-29T20:29:50.257+0300][gc,heap     ] GC(8) Eden regions: 48->0(47)
[2022-08-29T20:29:50.257+0300][gc,heap     ] GC(8) Survivor regions: 3->4(7)
[2022-08-29T20:29:50.257+0300][gc,heap     ] GC(8) Old regions: 16->16
[2022-08-29T20:29:50.257+0300][gc,heap     ] GC(8) Archive regions: 2->2
[2022-08-29T20:29:50.257+0300][gc,heap     ] GC(8) Humongous regions: 129->129
[2022-08-29T20:29:50.257+0300][gc,metaspace] GC(8) Metaspace: 42362K(43008K)->42362K(43008K) NonClass: 37506K(37824K)->37506K(37824K) Class: 4856K(5184K)->4856K(5184K)
[2022-08-29T20:29:50.257+0300][gc          ] GC(8) Pause Young (Normal) (G1 Evacuation Pause) 195M->149M(1024M) 38,209ms
[2022-08-29T20:29:50.257+0300][gc,cpu      ] GC(8) User=0,01s Sys=0,01s Real=0,01s
[2022-08-29T20:30:03.970+0300][gc,start    ] GC(9) Pause Young (Normal) (G1 Evacuation Pause)
[2022-08-29T20:30:03.970+0300][gc,task     ] GC(9) Using 2 workers of 2 for evacuation
[2022-08-29T20:30:03.998+0300][gc,mmu      ] GC(9) MMU target violated: 21,0ms (20,0ms/21,0ms)
[2022-08-29T20:30:03.999+0300][gc,phases   ] GC(9)   Pre Evacuate Collection Set: 0,1ms
[2022-08-29T20:30:03.999+0300][gc,phases   ] GC(9)   Merge Heap Roots: 0,1ms
[2022-08-29T20:30:03.999+0300][gc,phases   ] GC(9)   Evacuate Collection Set: 27,0ms
[2022-08-29T20:30:03.999+0300][gc,phases   ] GC(9)   Post Evacuate Collection Set: 0,7ms
[2022-08-29T20:30:03.999+0300][gc,phases   ] GC(9)   Other: 0,2ms
[2022-08-29T20:30:03.999+0300][gc,heap     ] GC(9) Eden regions: 47->0(47)
[2022-08-29T20:30:03.999+0300][gc,heap     ] GC(9) Survivor regions: 4->4(7)
[2022-08-29T20:30:03.999+0300][gc,heap     ] GC(9) Old regions: 16->18
[2022-08-29T20:30:03.999+0300][gc,heap     ] GC(9) Archive regions: 2->2
[2022-08-29T20:30:03.999+0300][gc,heap     ] GC(9) Humongous regions: 129->129
[2022-08-29T20:30:03.999+0300][gc,metaspace] GC(9) Metaspace: 42379K(43008K)->42379K(43008K) NonClass: 37522K(37824K)->37522K(37824K) Class: 4856K(5184K)->4856K(5184K)
[2022-08-29T20:30:03.999+0300][gc          ] GC(9) Pause Young (Normal) (G1 Evacuation Pause) 196M->150M(1024M) 28,461ms
[2022-08-29T20:30:03.999+0300][gc,cpu      ] GC(9) User=0,01s Sys=0,01s Real=0,03s
[2022-08-29T20:35:56.692+0300][gc,start    ] GC(10) Pause Young (Normal) (G1 Evacuation Pause)
[2022-08-29T20:35:56.692+0300][gc,task     ] GC(10) Using 2 workers of 2 for evacuation
[2022-08-29T20:35:56.704+0300][gc,phases   ] GC(10)   Pre Evacuate Collection Set: 0,1ms
[2022-08-29T20:35:56.704+0300][gc,phases   ] GC(10)   Merge Heap Roots: 0,1ms
[2022-08-29T20:35:56.704+0300][gc,phases   ] GC(10)   Evacuate Collection Set: 10,0ms
[2022-08-29T20:35:56.704+0300][gc,phases   ] GC(10)   Post Evacuate Collection Set: 1,4ms
[2022-08-29T20:35:56.704+0300][gc,phases   ] GC(10)   Other: 0,1ms
[2022-08-29T20:35:56.704+0300][gc,heap     ] GC(10) Eden regions: 47->0(45)
[2022-08-29T20:35:56.704+0300][gc,heap     ] GC(10) Survivor regions: 4->6(7)
[2022-08-29T20:35:56.704+0300][gc,heap     ] GC(10) Old regions: 18->18
[2022-08-29T20:35:56.704+0300][gc,heap     ] GC(10) Archive regions: 2->2
[2022-08-29T20:35:56.704+0300][gc,heap     ] GC(10) Humongous regions: 129->129
[2022-08-29T20:35:56.704+0300][gc,metaspace] GC(10) Metaspace: 42577K(43200K)->42577K(43200K) NonClass: 37684K(38016K)->37684K(38016K) Class: 4892K(5184K)->4892K(5184K)
[2022-08-29T20:35:56.704+0300][gc          ] GC(10) Pause Young (Normal) (G1 Evacuation Pause) 197M->152M(1024M) 12,252ms
[2022-08-29T20:35:56.704+0300][gc,cpu      ] GC(10) User=0,02s Sys=0,00s Real=0,02s
[2022-08-29T20:49:41.914+0300][gc,start    ] GC(11) Pause Young (Normal) (G1 Evacuation Pause)
[2022-08-29T20:49:41.914+0300][gc,task     ] GC(11) Using 2 workers of 2 for evacuation
[2022-08-29T20:49:41.928+0300][gc,phases   ] GC(11)   Pre Evacuate Collection Set: 0,2ms
[2022-08-29T20:49:41.928+0300][gc,phases   ] GC(11)   Merge Heap Roots: 0,1ms
[2022-08-29T20:49:41.928+0300][gc,phases   ] GC(11)   Evacuate Collection Set: 11,7ms
[2022-08-29T20:49:41.928+0300][gc,phases   ] GC(11)   Post Evacuate Collection Set: 1,4ms
[2022-08-29T20:49:41.928+0300][gc,phases   ] GC(11)   Other: 0,1ms
[2022-08-29T20:49:41.928+0300][gc,heap     ] GC(11) Eden regions: 45->0(46)
[2022-08-29T20:49:41.928+0300][gc,heap     ] GC(11) Survivor regions: 6->5(7)
[2022-08-29T20:49:41.928+0300][gc,heap     ] GC(11) Old regions: 18->21
[2022-08-29T20:49:41.928+0300][gc,heap     ] GC(11) Archive regions: 2->2
[2022-08-29T20:49:41.928+0300][gc,heap     ] GC(11) Humongous regions: 129->129
[2022-08-29T20:49:41.928+0300][gc,metaspace] GC(11) Metaspace: 42660K(43264K)->42660K(43264K) NonClass: 37767K(38080K)->37767K(38080K) Class: 4893K(5184K)->4893K(5184K)
[2022-08-29T20:49:41.928+0300][gc          ] GC(11) Pause Young (Normal) (G1 Evacuation Pause) 197M->155M(1024M) 14,031ms
[2022-08-29T20:49:41.928+0300][gc,cpu      ] GC(11) User=0,02s Sys=0,00s Real=0,01s
[2022-08-29T21:01:33.568+0300][gc,start    ] GC(12) Pause Young (Normal) (G1 Evacuation Pause)
[2022-08-29T21:01:33.568+0300][gc,task     ] GC(12) Using 2 workers of 2 for evacuation
[2022-08-29T21:01:33.583+0300][gc,phases   ] GC(12)   Pre Evacuate Collection Set: 0,1ms
[2022-08-29T21:01:33.583+0300][gc,phases   ] GC(12)   Merge Heap Roots: 0,1ms
[2022-08-29T21:01:33.583+0300][gc,phases   ] GC(12)   Evacuate Collection Set: 13,5ms
[2022-08-29T21:01:33.583+0300][gc,phases   ] GC(12)   Post Evacuate Collection Set: 1,2ms
[2022-08-29T21:01:33.583+0300][gc,phases   ] GC(12)   Other: 0,1ms
[2022-08-29T21:01:33.583+0300][gc,heap     ] GC(12) Eden regions: 46->0(44)
[2022-08-29T21:01:33.583+0300][gc,heap     ] GC(12) Survivor regions: 5->7(7)
[2022-08-29T21:01:33.583+0300][gc,heap     ] GC(12) Old regions: 21->22
[2022-08-29T21:01:33.583+0300][gc,heap     ] GC(12) Archive regions: 2->2
[2022-08-29T21:01:33.583+0300][gc,heap     ] GC(12) Humongous regions: 129->129
[2022-08-29T21:01:33.583+0300][gc,metaspace] GC(12) Metaspace: 42772K(43456K)->42772K(43456K) NonClass: 37879K(38272K)->37879K(38272K) Class: 4893K(5184K)->4893K(5184K)
[2022-08-29T21:01:33.583+0300][gc          ] GC(12) Pause Young (Normal) (G1 Evacuation Pause) 201M->158M(1024M) 15,420ms
[2022-08-29T21:01:33.583+0300][gc,cpu      ] GC(12) User=0,02s Sys=0,01s Real=0,02s
[2022-08-29T21:15:42.827+0300][gc,start    ] GC(13) Pause Young (Normal) (G1 Evacuation Pause)
[2022-08-29T21:15:42.828+0300][gc,task     ] GC(13) Using 2 workers of 2 for evacuation
[2022-08-29T21:15:42.843+0300][gc,phases   ] GC(13)   Pre Evacuate Collection Set: 0,5ms
[2022-08-29T21:15:42.843+0300][gc,phases   ] GC(13)   Merge Heap Roots: 0,1ms
[2022-08-29T21:15:42.843+0300][gc,phases   ] GC(13)   Evacuate Collection Set: 14,4ms
[2022-08-29T21:15:42.843+0300][gc,phases   ] GC(13)   Post Evacuate Collection Set: 0,7ms
[2022-08-29T21:15:42.843+0300][gc,phases   ] GC(13)   Other: 0,1ms
[2022-08-29T21:15:42.843+0300][gc,heap     ] GC(13) Eden regions: 44->0(47)
[2022-08-29T21:15:42.843+0300][gc,heap     ] GC(13) Survivor regions: 7->4(7)
[2022-08-29T21:15:42.843+0300][gc,heap     ] GC(13) Old regions: 22->28
[2022-08-29T21:15:42.843+0300][gc,heap     ] GC(13) Archive regions: 2->2
[2022-08-29T21:15:42.843+0300][gc,heap     ] GC(13) Humongous regions: 129->129
[2022-08-29T21:15:42.843+0300][gc,metaspace] GC(13) Metaspace: 42867K(43520K)->42867K(43520K) NonClass: 37973K(38336K)->37973K(38336K) Class: 4893K(5184K)->4893K(5184K)
[2022-08-29T21:15:42.844+0300][gc          ] GC(13) Pause Young (Normal) (G1 Evacuation Pause) 202M->161M(1024M) 16,627ms
[2022-08-29T21:15:42.844+0300][gc,cpu      ] GC(13) User=0,01s Sys=0,02s Real=0,02s
[2022-08-29T21:27:22.238+0300][gc,start    ] GC(14) Pause Young (Normal) (G1 Evacuation Pause)
[2022-08-29T21:27:22.238+0300][gc,task     ] GC(14) Using 2 workers of 2 for evacuation
[2022-08-29T21:27:22.252+0300][gc,phases   ] GC(14)   Pre Evacuate Collection Set: 0,1ms
[2022-08-29T21:27:22.252+0300][gc,phases   ] GC(14)   Merge Heap Roots: 0,1ms
[2022-08-29T21:27:22.252+0300][gc,phases   ] GC(14)   Evacuate Collection Set: 12,7ms
[2022-08-29T21:27:22.252+0300][gc,phases   ] GC(14)   Post Evacuate Collection Set: 0,5ms
[2022-08-29T21:27:22.252+0300][gc,phases   ] GC(14)   Other: 0,1ms
[2022-08-29T21:27:22.252+0300][gc,heap     ] GC(14) Eden regions: 47->0(46)
[2022-08-29T21:27:22.252+0300][gc,heap     ] GC(14) Survivor regions: 4->5(7)
[2022-08-29T21:27:22.252+0300][gc,heap     ] GC(14) Old regions: 28->31
[2022-08-29T21:27:22.252+0300][gc,heap     ] GC(14) Archive regions: 2->2
[2022-08-29T21:27:22.252+0300][gc,heap     ] GC(14) Humongous regions: 129->129
[2022-08-29T21:27:22.252+0300][gc,metaspace] GC(14) Metaspace: 43062K(43712K)->43062K(43712K) NonClass: 38135K(38464K)->38135K(38464K) Class: 4927K(5248K)->4927K(5248K)
[2022-08-29T21:27:22.252+0300][gc          ] GC(14) Pause Young (Normal) (G1 Evacuation Pause) 208M->165M(1024M) 13,661ms
[2022-08-29T21:27:22.252+0300][gc,cpu      ] GC(14) User=0,00s Sys=0,02s Real=0,01s
[2022-08-29T21:27:23.040+0300][gc,heap,exit] Heap
[2022-08-29T21:27:23.040+0300][gc,heap,exit]  garbage-first heap   total 1048576K, used 177185K [0x00000000c0000000, 0x0000000100000000)
[2022-08-29T21:27:23.040+0300][gc,heap,exit]   region size 1024K, 13 young (13312K), 5 survivors (5120K)
[2022-08-29T21:27:23.040+0300][gc,heap,exit]  Metaspace       used 43560K, committed 44160K, reserved 1114112K
[2022-08-29T21:27:23.040+0300][gc,heap,exit]   class space    used 5042K, committed 5312K, reserved 1048576K
