[2022-08-30T20:18:27.901+0300][gc,init] CardTable entry size: 512
[2022-08-30T20:18:27.901+0300][gc     ] Using G1
[2022-08-30T20:18:27.992+0300][gc,init] Version: 18.0.2-ea+9-Ubuntu-222.04 (release)
[2022-08-30T20:18:27.992+0300][gc,init] CPUs: 2 total, 2 available
[2022-08-30T20:18:27.995+0300][gc,init] Memory: 7950M
[2022-08-30T20:18:27.995+0300][gc,init] Large Page Support: Disabled
[2022-08-30T20:18:27.995+0300][gc,init] NUMA Support: Disabled
[2022-08-30T20:18:27.995+0300][gc,init] Compressed Oops: Enabled (32-bit)
[2022-08-30T20:18:27.995+0300][gc,init] Heap Region Size: 1M
[2022-08-30T20:18:27.995+0300][gc,init] Heap Min Capacity: 1G
[2022-08-30T20:18:27.995+0300][gc,init] Heap Initial Capacity: 1G
[2022-08-30T20:18:27.995+0300][gc,init] Heap Max Capacity: 1G
[2022-08-30T20:18:27.995+0300][gc,init] Pre-touch: Disabled
[2022-08-30T20:18:27.995+0300][gc,init] Parallel Workers: 2
[2022-08-30T20:18:27.995+0300][gc,init] Concurrent Workers: 1
[2022-08-30T20:18:27.995+0300][gc,init] Concurrent Refinement Workers: 2
[2022-08-30T20:18:27.995+0300][gc,init] Periodic GC: Disabled
[2022-08-30T20:18:27.995+0300][gc,metaspace] CDS archive(s) mapped at: [0x0000000800000000-0x0000000800bb3000-0x0000000800bb3000), size 12267520, SharedBaseAddress: 0x0000000800000000, ArchiveRelocationMode: 0.
[2022-08-30T20:18:27.995+0300][gc,metaspace] Compressed class space mapped at: 0x0000000800c00000-0x0000000840c00000, reserved size: 1073741824
[2022-08-30T20:18:27.995+0300][gc,metaspace] Narrow klass base: 0x0000000800000000, Narrow klass shift: 0, Narrow klass range: 0x100000000
[2022-08-30T20:18:33.446+0300][gc,start    ] GC(0) Pause Young (Normal) (G1 Evacuation Pause)
[2022-08-30T20:18:33.447+0300][gc,task     ] GC(0) Using 2 workers of 2 for evacuation
[2022-08-30T20:18:33.534+0300][gc,mmu      ] GC(0) MMU target violated: 21,0ms (20,0ms/21,0ms)
[2022-08-30T20:18:33.534+0300][gc,phases   ] GC(0)   Pre Evacuate Collection Set: 3,8ms
[2022-08-30T20:18:33.534+0300][gc,phases   ] GC(0)   Merge Heap Roots: 1,3ms
[2022-08-30T20:18:33.534+0300][gc,phases   ] GC(0)   Evacuate Collection Set: 79,4ms
[2022-08-30T20:18:33.534+0300][gc,phases   ] GC(0)   Post Evacuate Collection Set: 1,9ms
[2022-08-30T20:18:33.534+0300][gc,phases   ] GC(0)   Other: 1,7ms
[2022-08-30T20:18:33.534+0300][gc,heap     ] GC(0) Eden regions: 51->0(44)
[2022-08-30T20:18:33.534+0300][gc,heap     ] GC(0) Survivor regions: 0->7(7)
[2022-08-30T20:18:33.534+0300][gc,heap     ] GC(0) Old regions: 0->1
[2022-08-30T20:18:33.534+0300][gc,heap     ] GC(0) Archive regions: 2->2
[2022-08-30T20:18:33.534+0300][gc,heap     ] GC(0) Humongous regions: 0->0
[2022-08-30T20:18:33.534+0300][gc,metaspace] GC(0) Metaspace: 19046K(19200K)->19046K(19200K) NonClass: 16823K(16896K)->16823K(16896K) Class: 2222K(2304K)->2222K(2304K)
[2022-08-30T20:18:33.534+0300][gc          ] GC(0) Pause Young (Normal) (G1 Evacuation Pause) 51M->7M(1024M) 88,617ms
[2022-08-30T20:18:33.535+0300][gc,cpu      ] GC(0) User=0,01s Sys=0,08s Real=0,09s
[2022-08-30T20:18:35.344+0300][gc,start    ] GC(1) Pause Young (Concurrent Start) (Metadata GC Threshold)
[2022-08-30T20:18:35.344+0300][gc,task     ] GC(1) Using 2 workers of 2 for evacuation
[2022-08-30T20:18:35.409+0300][gc,mmu      ] GC(1) MMU target violated: 21,0ms (20,0ms/21,0ms)
[2022-08-30T20:18:35.409+0300][gc,phases   ] GC(1)   Pre Evacuate Collection Set: 0,4ms
[2022-08-30T20:18:35.409+0300][gc,phases   ] GC(1)   Merge Heap Roots: 0,3ms
[2022-08-30T20:18:35.409+0300][gc,phases   ] GC(1)   Evacuate Collection Set: 62,0ms
[2022-08-30T20:18:35.409+0300][gc,phases   ] GC(1)   Post Evacuate Collection Set: 1,5ms
[2022-08-30T20:18:35.409+0300][gc,phases   ] GC(1)   Other: 0,5ms
[2022-08-30T20:18:35.409+0300][gc,heap     ] GC(1) Eden regions: 10->0(49)
[2022-08-30T20:18:35.409+0300][gc,heap     ] GC(1) Survivor regions: 7->2(7)
[2022-08-30T20:18:35.409+0300][gc,heap     ] GC(1) Old regions: 1->8
[2022-08-30T20:18:35.409+0300][gc,heap     ] GC(1) Archive regions: 2->2
[2022-08-30T20:18:35.409+0300][gc,heap     ] GC(1) Humongous regions: 129->129
[2022-08-30T20:18:35.409+0300][gc,metaspace] GC(1) Metaspace: 21277K(21504K)->21277K(21504K) NonClass: 18777K(18880K)->18777K(18880K) Class: 2499K(2624K)->2499K(2624K)
[2022-08-30T20:18:35.409+0300][gc          ] GC(1) Pause Young (Concurrent Start) (Metadata GC Threshold) 146M->138M(1024M) 65,015ms
[2022-08-30T20:18:35.409+0300][gc,cpu      ] GC(1) User=0,02s Sys=0,09s Real=0,07s
[2022-08-30T20:18:35.409+0300][gc          ] GC(2) Concurrent Mark Cycle
[2022-08-30T20:18:35.409+0300][gc,marking  ] GC(2) Concurrent Clear Claimed Marks
[2022-08-30T20:18:35.409+0300][gc,marking  ] GC(2) Concurrent Clear Claimed Marks 0,029ms
[2022-08-30T20:18:35.409+0300][gc,marking  ] GC(2) Concurrent Scan Root Regions
[2022-08-30T20:18:35.422+0300][gc,marking  ] GC(2) Concurrent Scan Root Regions 12,948ms
[2022-08-30T20:18:35.422+0300][gc,marking  ] GC(2) Concurrent Mark
[2022-08-30T20:18:35.422+0300][gc,marking  ] GC(2) Concurrent Mark From Roots
[2022-08-30T20:18:35.422+0300][gc,task     ] GC(2) Using 1 workers of 1 for marking
[2022-08-30T20:18:35.424+0300][gc,marking  ] GC(2) Concurrent Mark From Roots 1,972ms
[2022-08-30T20:18:35.424+0300][gc,marking  ] GC(2) Concurrent Preclean
[2022-08-30T20:18:35.424+0300][gc,marking  ] GC(2) Concurrent Preclean 0,009ms
[2022-08-30T20:18:35.425+0300][gc,start    ] GC(2) Pause Remark
[2022-08-30T20:18:35.430+0300][gc          ] GC(2) Pause Remark 139M->139M(1024M) 5,165ms
[2022-08-30T20:18:35.430+0300][gc,cpu      ] GC(2) User=0,00s Sys=0,01s Real=0,00s
[2022-08-30T20:18:35.430+0300][gc,marking  ] GC(2) Concurrent Mark 8,106ms
[2022-08-30T20:18:35.430+0300][gc,marking  ] GC(2) Concurrent Rebuild Remembered Sets
[2022-08-30T20:18:35.455+0300][gc,marking  ] GC(2) Concurrent Rebuild Remembered Sets 24,515ms
[2022-08-30T20:18:35.459+0300][gc,start    ] GC(2) Pause Cleanup
[2022-08-30T20:18:35.465+0300][gc          ] GC(2) Pause Cleanup 139M->139M(1024M) 6,252ms
[2022-08-30T20:18:35.465+0300][gc,cpu      ] GC(2) User=0,00s Sys=0,00s Real=0,01s
[2022-08-30T20:18:35.465+0300][gc,marking  ] GC(2) Concurrent Cleanup for Next Mark
[2022-08-30T20:18:35.645+0300][gc,marking  ] GC(2) Concurrent Cleanup for Next Mark 179,703ms
[2022-08-30T20:18:35.645+0300][gc          ] GC(2) Concurrent Mark Cycle 235,786ms
[2022-08-30T20:18:38.298+0300][gc,start    ] GC(3) Pause Young (Normal) (G1 Evacuation Pause)
[2022-08-30T20:18:38.298+0300][gc,task     ] GC(3) Using 2 workers of 2 for evacuation
[2022-08-30T20:18:38.319+0300][gc,mmu      ] GC(3) MMU target violated: 20,8ms (20,0ms/21,0ms)
[2022-08-30T20:18:38.319+0300][gc,phases   ] GC(3)   Pre Evacuate Collection Set: 0,1ms
[2022-08-30T20:18:38.319+0300][gc,phases   ] GC(3)   Merge Heap Roots: 0,0ms
[2022-08-30T20:18:38.319+0300][gc,phases   ] GC(3)   Evacuate Collection Set: 19,5ms
[2022-08-30T20:18:38.319+0300][gc,phases   ] GC(3)   Post Evacuate Collection Set: 1,1ms
[2022-08-30T20:18:38.319+0300][gc,phases   ] GC(3)   Other: 0,2ms
[2022-08-30T20:18:38.319+0300][gc,heap     ] GC(3) Eden regions: 49->0(45)
[2022-08-30T20:18:38.319+0300][gc,heap     ] GC(3) Survivor regions: 2->6(7)
[2022-08-30T20:18:38.325+0300][gc,heap     ] GC(3) Old regions: 8->8
[2022-08-30T20:18:38.325+0300][gc,heap     ] GC(3) Archive regions: 2->2
[2022-08-30T20:18:38.325+0300][gc,heap     ] GC(3) Humongous regions: 129->129
[2022-08-30T20:18:38.325+0300][gc,metaspace] GC(3) Metaspace: 32881K(33152K)->32881K(33152K) NonClass: 29273K(29440K)->29273K(29440K) Class: 3608K(3712K)->3608K(3712K)
[2022-08-30T20:18:38.325+0300][gc          ] GC(3) Pause Young (Normal) (G1 Evacuation Pause) 187M->142M(1024M) 27,227ms
[2022-08-30T20:18:38.325+0300][gc,cpu      ] GC(3) User=0,00s Sys=0,02s Real=0,03s
[2022-08-30T20:18:56.519+0300][gc,start    ] GC(4) Pause Young (Concurrent Start) (Metadata GC Threshold)
[2022-08-30T20:18:56.519+0300][gc,task     ] GC(4) Using 2 workers of 2 for evacuation
[2022-08-30T20:18:56.622+0300][gc,mmu      ] GC(4) MMU target violated: 21,0ms (20,0ms/21,0ms)
[2022-08-30T20:18:56.622+0300][gc,phases   ] GC(4)   Pre Evacuate Collection Set: 0,1ms
[2022-08-30T20:18:56.622+0300][gc,phases   ] GC(4)   Merge Heap Roots: 0,0ms
[2022-08-30T20:18:56.622+0300][gc,phases   ] GC(4)   Evacuate Collection Set: 100,1ms
[2022-08-30T20:18:56.622+0300][gc,phases   ] GC(4)   Post Evacuate Collection Set: 2,1ms
[2022-08-30T20:18:56.622+0300][gc,phases   ] GC(4)   Other: 0,4ms
[2022-08-30T20:18:56.622+0300][gc,heap     ] GC(4) Eden regions: 16->0(50)
[2022-08-30T20:18:56.622+0300][gc,heap     ] GC(4) Survivor regions: 6->1(7)
[2022-08-30T20:18:56.622+0300][gc,heap     ] GC(4) Old regions: 8->13
[2022-08-30T20:18:56.622+0300][gc,heap     ] GC(4) Archive regions: 2->2
[2022-08-30T20:18:56.622+0300][gc,heap     ] GC(4) Humongous regions: 129->129
[2022-08-30T20:18:56.622+0300][gc,metaspace] GC(4) Metaspace: 35741K(36096K)->35741K(36096K) NonClass: 31665K(31872K)->31665K(31872K) Class: 4076K(4224K)->4076K(4224K)
[2022-08-30T20:18:56.622+0300][gc          ] GC(4) Pause Young (Concurrent Start) (Metadata GC Threshold) 158M->143M(1024M) 103,113ms
[2022-08-30T20:18:56.622+0300][gc,cpu      ] GC(4) User=0,03s Sys=0,07s Real=0,10s
[2022-08-30T20:18:56.625+0300][gc          ] GC(5) Concurrent Mark Cycle
[2022-08-30T20:18:56.625+0300][gc,marking  ] GC(5) Concurrent Clear Claimed Marks
[2022-08-30T20:18:56.625+0300][gc,marking  ] GC(5) Concurrent Clear Claimed Marks 0,066ms
[2022-08-30T20:18:56.625+0300][gc,marking  ] GC(5) Concurrent Scan Root Regions
[2022-08-30T20:18:56.667+0300][gc,marking  ] GC(5) Concurrent Scan Root Regions 41,789ms
[2022-08-30T20:18:56.667+0300][gc,marking  ] GC(5) Concurrent Mark
[2022-08-30T20:18:56.667+0300][gc,marking  ] GC(5) Concurrent Mark From Roots
[2022-08-30T20:18:56.667+0300][gc,task     ] GC(5) Using 1 workers of 1 for marking
[2022-08-30T20:18:56.698+0300][gc,marking  ] GC(5) Concurrent Mark From Roots 30,275ms
[2022-08-30T20:18:56.698+0300][gc,marking  ] GC(5) Concurrent Preclean
[2022-08-30T20:18:56.698+0300][gc,marking  ] GC(5) Concurrent Preclean 0,049ms
[2022-08-30T20:18:56.698+0300][gc,start    ] GC(5) Pause Remark
[2022-08-30T20:18:56.702+0300][gc          ] GC(5) Pause Remark 145M->145M(1024M) 4,194ms
[2022-08-30T20:18:56.702+0300][gc,cpu      ] GC(5) User=0,00s Sys=0,01s Real=0,00s
[2022-08-30T20:18:56.702+0300][gc,marking  ] GC(5) Concurrent Mark 34,867ms
[2022-08-30T20:18:56.702+0300][gc,marking  ] GC(5) Concurrent Rebuild Remembered Sets
[2022-08-30T20:18:56.702+0300][gc,marking  ] GC(5) Concurrent Rebuild Remembered Sets 0,006ms
[2022-08-30T20:18:56.702+0300][gc,start    ] GC(5) Pause Cleanup
[2022-08-30T20:18:56.702+0300][gc          ] GC(5) Pause Cleanup 145M->145M(1024M) 0,009ms
[2022-08-30T20:18:56.702+0300][gc,cpu      ] GC(5) User=0,00s Sys=0,00s Real=0,00s
[2022-08-30T20:18:56.702+0300][gc,marking  ] GC(5) Concurrent Cleanup for Next Mark
[2022-08-30T20:18:57.365+0300][gc,marking  ] GC(5) Concurrent Cleanup for Next Mark 662,971ms
[2022-08-30T20:18:57.365+0300][gc          ] GC(5) Concurrent Mark Cycle 740,408ms
[2022-08-30T20:21:57.337+0300][gc,start    ] GC(6) Pause Young (Normal) (G1 Evacuation Pause)
[2022-08-30T20:21:57.337+0300][gc,task     ] GC(6) Using 2 workers of 2 for evacuation
[2022-08-30T20:21:57.350+0300][gc,phases   ] GC(6)   Pre Evacuate Collection Set: 0,2ms
[2022-08-30T20:21:57.350+0300][gc,phases   ] GC(6)   Merge Heap Roots: 0,1ms
[2022-08-30T20:21:57.350+0300][gc,phases   ] GC(6)   Evacuate Collection Set: 10,7ms
[2022-08-30T20:21:57.350+0300][gc,phases   ] GC(6)   Post Evacuate Collection Set: 2,2ms
[2022-08-30T20:21:57.350+0300][gc,phases   ] GC(6)   Other: 0,1ms
[2022-08-30T20:21:57.350+0300][gc,heap     ] GC(6) Eden regions: 50->0(47)
[2022-08-30T20:21:57.350+0300][gc,heap     ] GC(6) Survivor regions: 1->4(7)
[2022-08-30T20:21:57.350+0300][gc,heap     ] GC(6) Old regions: 13->13
[2022-08-30T20:21:57.350+0300][gc,heap     ] GC(6) Archive regions: 2->2
[2022-08-30T20:21:57.350+0300][gc,heap     ] GC(6) Humongous regions: 129->129
[2022-08-30T20:21:57.350+0300][gc,metaspace] GC(6) Metaspace: 41438K(42112K)->41438K(42112K) NonClass: 36633K(36992K)->36633K(36992K) Class: 4805K(5120K)->4805K(5120K)
[2022-08-30T20:21:57.350+0300][gc          ] GC(6) Pause Young (Normal) (G1 Evacuation Pause) 193M->146M(1024M) 13,599ms
[2022-08-30T20:21:57.350+0300][gc,cpu      ] GC(6) User=0,02s Sys=0,01s Real=0,02s
[2022-08-30T20:33:30.208+0300][gc,start    ] GC(7) Pause Young (Normal) (G1 Evacuation Pause)
[2022-08-30T20:33:30.208+0300][gc,task     ] GC(7) Using 2 workers of 2 for evacuation
[2022-08-30T20:33:30.220+0300][gc,phases   ] GC(7)   Pre Evacuate Collection Set: 0,7ms
[2022-08-30T20:33:30.220+0300][gc,phases   ] GC(7)   Merge Heap Roots: 0,2ms
[2022-08-30T20:33:30.220+0300][gc,phases   ] GC(7)   Evacuate Collection Set: 8,6ms
[2022-08-30T20:33:30.220+0300][gc,phases   ] GC(7)   Post Evacuate Collection Set: 1,9ms
[2022-08-30T20:33:30.220+0300][gc,phases   ] GC(7)   Other: 0,3ms
[2022-08-30T20:33:30.220+0300][gc,heap     ] GC(7) Eden regions: 47->0(47)
[2022-08-30T20:33:30.220+0300][gc,heap     ] GC(7) Survivor regions: 4->4(7)
[2022-08-30T20:33:30.220+0300][gc,heap     ] GC(7) Old regions: 13->14
[2022-08-30T20:33:30.220+0300][gc,heap     ] GC(7) Archive regions: 2->2
[2022-08-30T20:33:30.220+0300][gc,heap     ] GC(7) Humongous regions: 129->129
[2022-08-30T20:33:30.220+0300][gc,metaspace] GC(7) Metaspace: 41834K(42432K)->41834K(42432K) NonClass: 36998K(37312K)->36998K(37312K) Class: 4836K(5120K)->4836K(5120K)
[2022-08-30T20:33:30.220+0300][gc          ] GC(7) Pause Young (Normal) (G1 Evacuation Pause) 193M->147M(1024M) 11,877ms
[2022-08-30T20:33:30.220+0300][gc,cpu      ] GC(7) User=0,00s Sys=0,02s Real=0,01s
[2022-08-30T20:45:51.215+0300][gc,start    ] GC(8) Pause Young (Normal) (G1 Evacuation Pause)
[2022-08-30T20:45:51.215+0300][gc,task     ] GC(8) Using 2 workers of 2 for evacuation
[2022-08-30T20:45:51.231+0300][gc,phases   ] GC(8)   Pre Evacuate Collection Set: 0,3ms
[2022-08-30T20:45:51.231+0300][gc,phases   ] GC(8)   Merge Heap Roots: 0,3ms
[2022-08-30T20:45:51.231+0300][gc,phases   ] GC(8)   Evacuate Collection Set: 11,4ms
[2022-08-30T20:45:51.231+0300][gc,phases   ] GC(8)   Post Evacuate Collection Set: 3,5ms
[2022-08-30T20:45:51.231+0300][gc,phases   ] GC(8)   Other: 0,1ms
[2022-08-30T20:45:51.231+0300][gc,heap     ] GC(8) Eden regions: 47->0(48)
[2022-08-30T20:45:51.231+0300][gc,heap     ] GC(8) Survivor regions: 4->3(7)
[2022-08-30T20:45:51.231+0300][gc,heap     ] GC(8) Old regions: 14->17
[2022-08-30T20:45:51.231+0300][gc,heap     ] GC(8) Archive regions: 2->2
[2022-08-30T20:45:51.231+0300][gc,heap     ] GC(8) Humongous regions: 129->129
[2022-08-30T20:45:51.231+0300][gc,metaspace] GC(8) Metaspace: 41948K(42624K)->41948K(42624K) NonClass: 37111K(37504K)->37111K(37504K) Class: 4836K(5120K)->4836K(5120K)
[2022-08-30T20:45:51.231+0300][gc          ] GC(8) Pause Young (Normal) (G1 Evacuation Pause) 194M->148M(1024M) 15,814ms
[2022-08-30T20:45:51.231+0300][gc,cpu      ] GC(8) User=0,01s Sys=0,01s Real=0,02s
[2022-08-30T20:48:48.372+0300][gc,heap,exit] Heap
[2022-08-30T20:48:48.373+0300][gc,heap,exit]  garbage-first heap   total 1048576K, used 173088K [0x00000000c0000000, 0x0000000100000000)
[2022-08-30T20:48:48.373+0300][gc,heap,exit]   region size 1024K, 24 young (24576K), 3 survivors (3072K)
[2022-08-30T20:48:48.373+0300][gc,heap,exit]  Metaspace       used 42592K, committed 43264K, reserved 1114112K
[2022-08-30T20:48:48.373+0300][gc,heap,exit]   class space    used 4982K, committed 5312K, reserved 1048576K
