[2022-08-30T20:53:08.278+0300][gc,init] CardTable entry size: 512
[2022-08-30T20:53:08.278+0300][gc     ] Using G1
[2022-08-30T20:53:08.286+0300][gc,init] Version: 18.0.2-ea+9-Ubuntu-222.04 (release)
[2022-08-30T20:53:08.286+0300][gc,init] CPUs: 2 total, 2 available
[2022-08-30T20:53:08.286+0300][gc,init] Memory: 7950M
[2022-08-30T20:53:08.286+0300][gc,init] Large Page Support: Disabled
[2022-08-30T20:53:08.286+0300][gc,init] NUMA Support: Disabled
[2022-08-30T20:53:08.286+0300][gc,init] Compressed Oops: Enabled (32-bit)
[2022-08-30T20:53:08.286+0300][gc,init] Heap Region Size: 1M
[2022-08-30T20:53:08.286+0300][gc,init] Heap Min Capacity: 1G
[2022-08-30T20:53:08.286+0300][gc,init] Heap Initial Capacity: 1G
[2022-08-30T20:53:08.286+0300][gc,init] Heap Max Capacity: 1G
[2022-08-30T20:53:08.286+0300][gc,init] Pre-touch: Disabled
[2022-08-30T20:53:08.286+0300][gc,init] Parallel Workers: 2
[2022-08-30T20:53:08.286+0300][gc,init] Concurrent Workers: 1
[2022-08-30T20:53:08.286+0300][gc,init] Concurrent Refinement Workers: 2
[2022-08-30T20:53:08.286+0300][gc,init] Periodic GC: Disabled
[2022-08-30T20:53:08.286+0300][gc,metaspace] CDS archive(s) mapped at: [0x0000000800000000-0x0000000800bb3000-0x0000000800bb3000), size 12267520, SharedBaseAddress: 0x0000000800000000, ArchiveRelocationMode: 0.
[2022-08-30T20:53:08.286+0300][gc,metaspace] Compressed class space mapped at: 0x0000000800c00000-0x0000000840c00000, reserved size: 1073741824
[2022-08-30T20:53:08.286+0300][gc,metaspace] Narrow klass base: 0x0000000800000000, Narrow klass shift: 0, Narrow klass range: 0x100000000
[2022-08-30T20:53:10.130+0300][gc,start    ] GC(0) Pause Young (Normal) (G1 Evacuation Pause)
[2022-08-30T20:53:10.130+0300][gc,task     ] GC(0) Using 2 workers of 2 for evacuation
[2022-08-30T20:53:10.142+0300][gc,phases   ] GC(0)   Pre Evacuate Collection Set: 0,1ms
[2022-08-30T20:53:10.142+0300][gc,phases   ] GC(0)   Merge Heap Roots: 0,0ms
[2022-08-30T20:53:10.142+0300][gc,phases   ] GC(0)   Evacuate Collection Set: 10,8ms
[2022-08-30T20:53:10.142+0300][gc,phases   ] GC(0)   Post Evacuate Collection Set: 0,8ms
[2022-08-30T20:53:10.142+0300][gc,phases   ] GC(0)   Other: 0,2ms
[2022-08-30T20:53:10.142+0300][gc,heap     ] GC(0) Eden regions: 51->0(44)
[2022-08-30T20:53:10.142+0300][gc,heap     ] GC(0) Survivor regions: 0->7(7)
[2022-08-30T20:53:10.142+0300][gc,heap     ] GC(0) Old regions: 0->0
[2022-08-30T20:53:10.142+0300][gc,heap     ] GC(0) Archive regions: 2->2
[2022-08-30T20:53:10.142+0300][gc,heap     ] GC(0) Humongous regions: 0->0
[2022-08-30T20:53:10.142+0300][gc,metaspace] GC(0) Metaspace: 18899K(19136K)->18899K(19136K) NonClass: 16689K(16832K)->16689K(16832K) Class: 2210K(2304K)->2210K(2304K)
[2022-08-30T20:53:10.142+0300][gc          ] GC(0) Pause Young (Normal) (G1 Evacuation Pause) 51M->7M(1024M) 12,094ms
[2022-08-30T20:53:10.142+0300][gc,cpu      ] GC(0) User=0,00s Sys=0,01s Real=0,01s
[2022-08-30T20:53:10.466+0300][gc,start    ] GC(1) Pause Young (Concurrent Start) (Metadata GC Threshold)
[2022-08-30T20:53:10.466+0300][gc,task     ] GC(1) Using 2 workers of 2 for evacuation
[2022-08-30T20:53:10.481+0300][gc,phases   ] GC(1)   Pre Evacuate Collection Set: 0,2ms
[2022-08-30T20:53:10.481+0300][gc,phases   ] GC(1)   Merge Heap Roots: 0,0ms
[2022-08-30T20:53:10.482+0300][gc,phases   ] GC(1)   Evacuate Collection Set: 14,5ms
[2022-08-30T20:53:10.482+0300][gc,phases   ] GC(1)   Post Evacuate Collection Set: 0,6ms
[2022-08-30T20:53:10.482+0300][gc,phases   ] GC(1)   Other: 0,1ms
[2022-08-30T20:53:10.482+0300][gc,heap     ] GC(1) Eden regions: 10->0(50)
[2022-08-30T20:53:10.482+0300][gc,heap     ] GC(1) Survivor regions: 7->1(7)
[2022-08-30T20:53:10.482+0300][gc,heap     ] GC(1) Old regions: 0->7
[2022-08-30T20:53:10.482+0300][gc,heap     ] GC(1) Archive regions: 2->2
[2022-08-30T20:53:10.482+0300][gc,heap     ] GC(1) Humongous regions: 0->0
[2022-08-30T20:53:10.482+0300][gc,metaspace] GC(1) Metaspace: 21277K(21504K)->21277K(21504K) NonClass: 18768K(18880K)->18768K(18880K) Class: 2508K(2624K)->2508K(2624K)
[2022-08-30T20:53:10.482+0300][gc          ] GC(1) Pause Young (Concurrent Start) (Metadata GC Threshold) 17M->8M(1024M) 15,511ms
[2022-08-30T20:53:10.482+0300][gc,cpu      ] GC(1) User=0,01s Sys=0,01s Real=0,00s
[2022-08-30T20:53:10.482+0300][gc          ] GC(2) Concurrent Mark Cycle
[2022-08-30T20:53:10.482+0300][gc,marking  ] GC(2) Concurrent Clear Claimed Marks
[2022-08-30T20:53:10.482+0300][gc,marking  ] GC(2) Concurrent Clear Claimed Marks 0,022ms
[2022-08-30T20:53:10.482+0300][gc,marking  ] GC(2) Concurrent Scan Root Regions
[2022-08-30T20:53:10.507+0300][gc,marking  ] GC(2) Concurrent Scan Root Regions 25,790ms
[2022-08-30T20:53:10.508+0300][gc,marking  ] GC(2) Concurrent Mark
[2022-08-30T20:53:10.508+0300][gc,marking  ] GC(2) Concurrent Mark From Roots
[2022-08-30T20:53:10.508+0300][gc,task     ] GC(2) Using 1 workers of 1 for marking
[2022-08-30T20:53:10.510+0300][gc,marking  ] GC(2) Concurrent Mark From Roots 2,810ms
[2022-08-30T20:53:10.510+0300][gc,marking  ] GC(2) Concurrent Preclean
[2022-08-30T20:53:10.510+0300][gc,marking  ] GC(2) Concurrent Preclean 0,008ms
[2022-08-30T20:53:10.511+0300][gc,start    ] GC(2) Pause Remark
[2022-08-30T20:53:10.514+0300][gc          ] GC(2) Pause Remark 9M->9M(1024M) 3,348ms
[2022-08-30T20:53:10.514+0300][gc,cpu      ] GC(2) User=0,00s Sys=0,00s Real=0,00s
[2022-08-30T20:53:10.514+0300][gc,marking  ] GC(2) Concurrent Mark 6,811ms
[2022-08-30T20:53:10.514+0300][gc,marking  ] GC(2) Concurrent Rebuild Remembered Sets
[2022-08-30T20:53:10.514+0300][gc,marking  ] GC(2) Concurrent Rebuild Remembered Sets 0,005ms
[2022-08-30T20:53:10.517+0300][gc,start    ] GC(2) Pause Cleanup
[2022-08-30T20:53:10.517+0300][gc          ] GC(2) Pause Cleanup 9M->9M(1024M) 0,036ms
[2022-08-30T20:53:10.517+0300][gc,cpu      ] GC(2) User=0,00s Sys=0,00s Real=0,00s
[2022-08-30T20:53:10.531+0300][gc,marking  ] GC(2) Concurrent Cleanup for Next Mark
[2022-08-30T20:53:10.547+0300][gc,marking  ] GC(2) Concurrent Cleanup for Next Mark 16,014ms
[2022-08-30T20:53:10.547+0300][gc          ] GC(2) Concurrent Mark Cycle 65,239ms
[2022-08-30T20:53:12.497+0300][gc,start    ] GC(3) Pause Young (Normal) (G1 Evacuation Pause)
[2022-08-30T20:53:12.498+0300][gc,task     ] GC(3) Using 2 workers of 2 for evacuation
[2022-08-30T20:53:12.507+0300][gc,phases   ] GC(3)   Pre Evacuate Collection Set: 0,1ms
[2022-08-30T20:53:12.507+0300][gc,phases   ] GC(3)   Merge Heap Roots: 0,1ms
[2022-08-30T20:53:12.507+0300][gc,phases   ] GC(3)   Evacuate Collection Set: 6,8ms
[2022-08-30T20:53:12.507+0300][gc,phases   ] GC(3)   Post Evacuate Collection Set: 2,1ms
[2022-08-30T20:53:12.507+0300][gc,phases   ] GC(3)   Other: 0,1ms
[2022-08-30T20:53:12.507+0300][gc,heap     ] GC(3) Eden regions: 50->0(45)
[2022-08-30T20:53:12.507+0300][gc,heap     ] GC(3) Survivor regions: 1->6(7)
[2022-08-30T20:53:12.507+0300][gc,heap     ] GC(3) Old regions: 7->7
[2022-08-30T20:53:12.507+0300][gc,heap     ] GC(3) Archive regions: 2->2
[2022-08-30T20:53:12.507+0300][gc,heap     ] GC(3) Humongous regions: 129->129
[2022-08-30T20:53:12.507+0300][gc,metaspace] GC(3) Metaspace: 31009K(31296K)->31009K(31296K) NonClass: 27583K(27712K)->27583K(27712K) Class: 3425K(3584K)->3425K(3584K)
[2022-08-30T20:53:12.507+0300][gc          ] GC(3) Pause Young (Normal) (G1 Evacuation Pause) 187M->142M(1024M) 10,123ms
[2022-08-30T20:53:12.507+0300][gc,cpu      ] GC(3) User=0,00s Sys=0,01s Real=0,01s
[2022-08-30T20:53:23.759+0300][gc,start    ] GC(4) Pause Young (Concurrent Start) (Metadata GC Threshold)
[2022-08-30T20:53:23.759+0300][gc,task     ] GC(4) Using 2 workers of 2 for evacuation
[2022-08-30T20:53:23.771+0300][gc,phases   ] GC(4)   Pre Evacuate Collection Set: 0,3ms
[2022-08-30T20:53:23.771+0300][gc,phases   ] GC(4)   Merge Heap Roots: 0,3ms
[2022-08-30T20:53:23.771+0300][gc,phases   ] GC(4)   Evacuate Collection Set: 8,1ms
[2022-08-30T20:53:23.771+0300][gc,phases   ] GC(4)   Post Evacuate Collection Set: 2,0ms
[2022-08-30T20:53:23.771+0300][gc,phases   ] GC(4)   Other: 1,0ms
[2022-08-30T20:53:23.771+0300][gc,heap     ] GC(4) Eden regions: 21->0(49)
[2022-08-30T20:53:23.771+0300][gc,heap     ] GC(4) Survivor regions: 6->2(7)
[2022-08-30T20:53:23.771+0300][gc,heap     ] GC(4) Old regions: 7->13
[2022-08-30T20:53:23.771+0300][gc,heap     ] GC(4) Archive regions: 2->2
[2022-08-30T20:53:23.771+0300][gc,heap     ] GC(4) Humongous regions: 129->129
[2022-08-30T20:53:23.771+0300][gc,metaspace] GC(4) Metaspace: 35967K(36288K)->35967K(36288K) NonClass: 31951K(32128K)->31951K(32128K) Class: 4015K(4160K)->4015K(4160K)
[2022-08-30T20:53:23.771+0300][gc          ] GC(4) Pause Young (Concurrent Start) (Metadata GC Threshold) 162M->143M(1024M) 11,848ms
[2022-08-30T20:53:23.771+0300][gc,cpu      ] GC(4) User=0,01s Sys=0,01s Real=0,01s
[2022-08-30T20:53:23.771+0300][gc          ] GC(5) Concurrent Mark Cycle
[2022-08-30T20:53:23.771+0300][gc,marking  ] GC(5) Concurrent Clear Claimed Marks
[2022-08-30T20:53:23.771+0300][gc,marking  ] GC(5) Concurrent Clear Claimed Marks 0,136ms
[2022-08-30T20:53:23.771+0300][gc,marking  ] GC(5) Concurrent Scan Root Regions
[2022-08-30T20:53:23.778+0300][gc,marking  ] GC(5) Concurrent Scan Root Regions 6,074ms
[2022-08-30T20:53:23.778+0300][gc,marking  ] GC(5) Concurrent Mark
[2022-08-30T20:53:23.778+0300][gc,marking  ] GC(5) Concurrent Mark From Roots
[2022-08-30T20:53:23.778+0300][gc,task     ] GC(5) Using 1 workers of 1 for marking
[2022-08-30T20:53:23.786+0300][gc,marking  ] GC(5) Concurrent Mark From Roots 8,535ms
[2022-08-30T20:53:23.786+0300][gc,marking  ] GC(5) Concurrent Preclean
[2022-08-30T20:53:23.786+0300][gc,marking  ] GC(5) Concurrent Preclean 0,055ms
[2022-08-30T20:53:23.788+0300][gc,start    ] GC(5) Pause Remark
[2022-08-30T20:53:23.794+0300][gc          ] GC(5) Pause Remark 145M->145M(1024M) 6,021ms
[2022-08-30T20:53:23.794+0300][gc,cpu      ] GC(5) User=0,01s Sys=0,01s Real=0,00s
[2022-08-30T20:53:23.800+0300][gc,marking  ] GC(5) Concurrent Mark 22,607ms
[2022-08-30T20:53:23.800+0300][gc,marking  ] GC(5) Concurrent Rebuild Remembered Sets
[2022-08-30T20:53:23.880+0300][gc,marking  ] GC(5) Concurrent Rebuild Remembered Sets 79,987ms
[2022-08-30T20:53:23.885+0300][gc,start    ] GC(5) Pause Cleanup
[2022-08-30T20:53:23.886+0300][gc          ] GC(5) Pause Cleanup 146M->146M(1024M) 0,985ms
[2022-08-30T20:53:23.886+0300][gc,cpu      ] GC(5) User=0,00s Sys=0,00s Real=0,00s
[2022-08-30T20:53:23.887+0300][gc,marking  ] GC(5) Concurrent Cleanup for Next Mark
[2022-08-30T20:53:23.898+0300][gc,marking  ] GC(5) Concurrent Cleanup for Next Mark 11,266ms
[2022-08-30T20:53:23.898+0300][gc          ] GC(5) Concurrent Mark Cycle 126,820ms
[2022-08-30T20:56:00.249+0300][gc,start    ] GC(6) Pause Young (Normal) (G1 Evacuation Pause)
[2022-08-30T20:56:00.249+0300][gc,task     ] GC(6) Using 2 workers of 2 for evacuation
[2022-08-30T20:56:00.260+0300][gc,phases   ] GC(6)   Pre Evacuate Collection Set: 0,2ms
[2022-08-30T20:56:00.260+0300][gc,phases   ] GC(6)   Merge Heap Roots: 0,5ms
[2022-08-30T20:56:00.260+0300][gc,phases   ] GC(6)   Evacuate Collection Set: 7,5ms
[2022-08-30T20:56:00.260+0300][gc,phases   ] GC(6)   Post Evacuate Collection Set: 2,2ms
[2022-08-30T20:56:00.260+0300][gc,phases   ] GC(6)   Other: 0,1ms
[2022-08-30T20:56:00.260+0300][gc,heap     ] GC(6) Eden regions: 49->0(46)
[2022-08-30T20:56:00.260+0300][gc,heap     ] GC(6) Survivor regions: 2->5(7)
[2022-08-30T20:56:00.260+0300][gc,heap     ] GC(6) Old regions: 13->13
[2022-08-30T20:56:00.260+0300][gc,heap     ] GC(6) Archive regions: 2->2
[2022-08-30T20:56:00.260+0300][gc,heap     ] GC(6) Humongous regions: 129->129
[2022-08-30T20:56:00.260+0300][gc,metaspace] GC(6) Metaspace: 41585K(42176K)->41585K(42176K) NonClass: 36733K(37056K)->36733K(37056K) Class: 4852K(5120K)->4852K(5120K)
[2022-08-30T20:56:00.260+0300][gc          ] GC(6) Pause Young (Normal) (G1 Evacuation Pause) 192M->146M(1024M) 10,973ms
[2022-08-30T20:56:00.260+0300][gc,cpu      ] GC(6) User=0,01s Sys=0,01s Real=0,01s
[2022-08-30T20:57:45.107+0300][gc,heap,exit] Heap
[2022-08-30T20:57:45.107+0300][gc,heap,exit]  garbage-first heap   total 1048576K, used 167597K [0x00000000c0000000, 0x0000000100000000)
[2022-08-30T20:57:45.107+0300][gc,heap,exit]   region size 1024K, 22 young (22528K), 5 survivors (5120K)
[2022-08-30T20:57:45.107+0300][gc,heap,exit]  Metaspace       used 42458K, committed 43136K, reserved 1114112K
[2022-08-30T20:57:45.107+0300][gc,heap,exit]   class space    used 5000K, committed 5312K, reserved 1048576K
