[2022-09-03T11:09:15.254+0300][gc,init] CardTable entry size: 512
[2022-09-03T11:09:15.255+0300][gc     ] Using G1
[2022-09-03T11:09:15.275+0300][gc,init] Version: 18.0.2-ea+9-Ubuntu-222.04 (release)
[2022-09-03T11:09:15.275+0300][gc,init] CPUs: 2 total, 2 available
[2022-09-03T11:09:15.275+0300][gc,init] Memory: 7950M
[2022-09-03T11:09:15.275+0300][gc,init] Large Page Support: Disabled
[2022-09-03T11:09:15.275+0300][gc,init] NUMA Support: Disabled
[2022-09-03T11:09:15.275+0300][gc,init] Compressed Oops: Enabled (32-bit)
[2022-09-03T11:09:15.275+0300][gc,init] Heap Region Size: 1M
[2022-09-03T11:09:15.275+0300][gc,init] Heap Min Capacity: 1G
[2022-09-03T11:09:15.275+0300][gc,init] Heap Initial Capacity: 1G
[2022-09-03T11:09:15.275+0300][gc,init] Heap Max Capacity: 1G
[2022-09-03T11:09:15.275+0300][gc,init] Pre-touch: Disabled
[2022-09-03T11:09:15.275+0300][gc,init] Parallel Workers: 2
[2022-09-03T11:09:15.275+0300][gc,init] Concurrent Workers: 1
[2022-09-03T11:09:15.275+0300][gc,init] Concurrent Refinement Workers: 2
[2022-09-03T11:09:15.275+0300][gc,init] Periodic GC: Disabled
[2022-09-03T11:09:15.275+0300][gc,metaspace] CDS archive(s) mapped at: [0x0000000800000000-0x0000000800bb3000-0x0000000800bb3000), size 12267520, SharedBaseAddress: 0x0000000800000000, ArchiveRelocationMode: 0.
[2022-09-03T11:09:15.275+0300][gc,metaspace] Compressed class space mapped at: 0x0000000800c00000-0x0000000840c00000, reserved size: 1073741824
[2022-09-03T11:09:15.275+0300][gc,metaspace] Narrow klass base: 0x0000000800000000, Narrow klass shift: 0, Narrow klass range: 0x100000000
[2022-09-03T11:09:18.271+0300][gc,start    ] GC(0) Pause Young (Normal) (G1 Evacuation Pause)
[2022-09-03T11:09:18.271+0300][gc,task     ] GC(0) Using 2 workers of 2 for evacuation
[2022-09-03T11:09:18.403+0300][gc,mmu      ] GC(0) MMU target violated: 21,0ms (20,0ms/21,0ms)
[2022-09-03T11:09:18.403+0300][gc,phases   ] GC(0)   Pre Evacuate Collection Set: 0,1ms
[2022-09-03T11:09:18.403+0300][gc,phases   ] GC(0)   Merge Heap Roots: 0,6ms
[2022-09-03T11:09:18.403+0300][gc,phases   ] GC(0)   Evacuate Collection Set: 129,6ms
[2022-09-03T11:09:18.403+0300][gc,phases   ] GC(0)   Post Evacuate Collection Set: 1,7ms
[2022-09-03T11:09:18.403+0300][gc,phases   ] GC(0)   Other: 0,4ms
[2022-09-03T11:09:18.403+0300][gc,heap     ] GC(0) Eden regions: 51->0(44)
[2022-09-03T11:09:18.403+0300][gc,heap     ] GC(0) Survivor regions: 0->7(7)
[2022-09-03T11:09:18.403+0300][gc,heap     ] GC(0) Old regions: 0->1
[2022-09-03T11:09:18.403+0300][gc,heap     ] GC(0) Archive regions: 2->2
[2022-09-03T11:09:18.403+0300][gc,heap     ] GC(0) Humongous regions: 0->0
[2022-09-03T11:09:18.403+0300][gc,metaspace] GC(0) Metaspace: 19226K(19456K)->19226K(19456K) NonClass: 16976K(17088K)->16976K(17088K) Class: 2250K(2368K)->2250K(2368K)
[2022-09-03T11:09:18.404+0300][gc          ] GC(0) Pause Young (Normal) (G1 Evacuation Pause) 51M->7M(1024M) 132,700ms
[2022-09-03T11:09:18.404+0300][gc,cpu      ] GC(0) User=0,01s Sys=0,10s Real=0,13s
[2022-09-03T11:09:20.000+0300][gc,start    ] GC(1) Pause Young (Concurrent Start) (Metadata GC Threshold)
[2022-09-03T11:09:20.001+0300][gc,task     ] GC(1) Using 2 workers of 2 for evacuation
[2022-09-03T11:09:20.066+0300][gc,mmu      ] GC(1) MMU target violated: 21,0ms (20,0ms/21,0ms)
[2022-09-03T11:09:20.066+0300][gc,phases   ] GC(1)   Pre Evacuate Collection Set: 0,7ms
[2022-09-03T11:09:20.066+0300][gc,phases   ] GC(1)   Merge Heap Roots: 0,1ms
[2022-09-03T11:09:20.066+0300][gc,phases   ] GC(1)   Evacuate Collection Set: 62,5ms
[2022-09-03T11:09:20.066+0300][gc,phases   ] GC(1)   Post Evacuate Collection Set: 1,7ms
[2022-09-03T11:09:20.066+0300][gc,phases   ] GC(1)   Other: 0,5ms
[2022-09-03T11:09:20.066+0300][gc,heap     ] GC(1) Eden regions: 10->0(49)
[2022-09-03T11:09:20.066+0300][gc,heap     ] GC(1) Survivor regions: 7->2(7)
[2022-09-03T11:09:20.066+0300][gc,heap     ] GC(1) Old regions: 1->8
[2022-09-03T11:09:20.066+0300][gc,heap     ] GC(1) Archive regions: 2->2
[2022-09-03T11:09:20.066+0300][gc,heap     ] GC(1) Humongous regions: 129->129
[2022-09-03T11:09:20.066+0300][gc,metaspace] GC(1) Metaspace: 21276K(21504K)->21276K(21504K) NonClass: 18773K(18880K)->18773K(18880K) Class: 2503K(2624K)->2503K(2624K)
[2022-09-03T11:09:20.066+0300][gc          ] GC(1) Pause Young (Concurrent Start) (Metadata GC Threshold) 146M->138M(1024M) 65,859ms
[2022-09-03T11:09:20.066+0300][gc,cpu      ] GC(1) User=0,00s Sys=0,09s Real=0,06s
[2022-09-03T11:09:20.067+0300][gc          ] GC(2) Concurrent Mark Cycle
[2022-09-03T11:09:20.067+0300][gc,marking  ] GC(2) Concurrent Clear Claimed Marks
[2022-09-03T11:09:20.067+0300][gc,marking  ] GC(2) Concurrent Clear Claimed Marks 0,076ms
[2022-09-03T11:09:20.067+0300][gc,marking  ] GC(2) Concurrent Scan Root Regions
[2022-09-03T11:09:20.072+0300][gc,marking  ] GC(2) Concurrent Scan Root Regions 5,271ms
[2022-09-03T11:09:20.072+0300][gc,marking  ] GC(2) Concurrent Mark
[2022-09-03T11:09:20.072+0300][gc,marking  ] GC(2) Concurrent Mark From Roots
[2022-09-03T11:09:20.072+0300][gc,task     ] GC(2) Using 1 workers of 1 for marking
[2022-09-03T11:09:20.073+0300][gc,marking  ] GC(2) Concurrent Mark From Roots 1,342ms
[2022-09-03T11:09:20.073+0300][gc,marking  ] GC(2) Concurrent Preclean
[2022-09-03T11:09:20.073+0300][gc,marking  ] GC(2) Concurrent Preclean 0,007ms
[2022-09-03T11:09:20.074+0300][gc,start    ] GC(2) Pause Remark
[2022-09-03T11:09:20.079+0300][gc          ] GC(2) Pause Remark 139M->139M(1024M) 5,027ms
[2022-09-03T11:09:20.079+0300][gc,cpu      ] GC(2) User=0,00s Sys=0,01s Real=0,01s
[2022-09-03T11:09:20.079+0300][gc,marking  ] GC(2) Concurrent Mark 7,128ms
[2022-09-03T11:09:20.079+0300][gc,marking  ] GC(2) Concurrent Rebuild Remembered Sets
[2022-09-03T11:09:20.082+0300][gc,marking  ] GC(2) Concurrent Rebuild Remembered Sets 3,365ms
[2022-09-03T11:09:20.084+0300][gc,start    ] GC(2) Pause Cleanup
[2022-09-03T11:09:20.084+0300][gc          ] GC(2) Pause Cleanup 139M->139M(1024M) 0,492ms
[2022-09-03T11:09:20.084+0300][gc,cpu      ] GC(2) User=0,00s Sys=0,00s Real=0,00s
[2022-09-03T11:09:20.084+0300][gc,marking  ] GC(2) Concurrent Cleanup for Next Mark
[2022-09-03T11:09:20.230+0300][gc,marking  ] GC(2) Concurrent Cleanup for Next Mark 145,496ms
[2022-09-03T11:09:20.230+0300][gc          ] GC(2) Concurrent Mark Cycle 163,332ms
[2022-09-03T11:09:22.387+0300][gc,start    ] GC(3) Pause Young (Normal) (G1 Evacuation Pause)
[2022-09-03T11:09:22.387+0300][gc,task     ] GC(3) Using 2 workers of 2 for evacuation
[2022-09-03T11:09:22.408+0300][gc,mmu      ] GC(3) MMU target violated: 21,0ms (20,0ms/21,0ms)
[2022-09-03T11:09:22.408+0300][gc,phases   ] GC(3)   Pre Evacuate Collection Set: 0,2ms
[2022-09-03T11:09:22.408+0300][gc,phases   ] GC(3)   Merge Heap Roots: 0,0ms
[2022-09-03T11:09:22.408+0300][gc,phases   ] GC(3)   Evacuate Collection Set: 20,2ms
[2022-09-03T11:09:22.408+0300][gc,phases   ] GC(3)   Post Evacuate Collection Set: 0,7ms
[2022-09-03T11:09:22.408+0300][gc,phases   ] GC(3)   Other: 0,2ms
[2022-09-03T11:09:22.408+0300][gc,heap     ] GC(3) Eden regions: 49->0(45)
[2022-09-03T11:09:22.408+0300][gc,heap     ] GC(3) Survivor regions: 2->6(7)
[2022-09-03T11:09:22.408+0300][gc,heap     ] GC(3) Old regions: 8->8
[2022-09-03T11:09:22.408+0300][gc,heap     ] GC(3) Archive regions: 2->2
[2022-09-03T11:09:22.408+0300][gc,heap     ] GC(3) Humongous regions: 129->129
[2022-09-03T11:09:22.408+0300][gc,metaspace] GC(3) Metaspace: 32643K(32960K)->32643K(32960K) NonClass: 29075K(29248K)->29075K(29248K) Class: 3567K(3712K)->3567K(3712K)
[2022-09-03T11:09:22.408+0300][gc          ] GC(3) Pause Young (Normal) (G1 Evacuation Pause) 187M->142M(1024M) 21,372ms
[2022-09-03T11:09:22.408+0300][gc,cpu      ] GC(3) User=0,01s Sys=0,02s Real=0,01s
[2022-09-03T11:10:42.028+0300][gc,start    ] GC(4) Pause Young (Concurrent Start) (Metadata GC Threshold)
[2022-09-03T11:10:42.028+0300][gc,task     ] GC(4) Using 2 workers of 2 for evacuation
[2022-09-03T11:10:42.055+0300][gc,mmu      ] GC(4) MMU target violated: 21,0ms (20,0ms/21,0ms)
[2022-09-03T11:10:42.056+0300][gc,phases   ] GC(4)   Pre Evacuate Collection Set: 0,2ms
[2022-09-03T11:10:42.056+0300][gc,phases   ] GC(4)   Merge Heap Roots: 0,0ms
[2022-09-03T11:10:42.056+0300][gc,phases   ] GC(4)   Evacuate Collection Set: 24,2ms
[2022-09-03T11:10:42.056+0300][gc,phases   ] GC(4)   Post Evacuate Collection Set: 3,1ms
[2022-09-03T11:10:42.056+0300][gc,phases   ] GC(4)   Other: 0,2ms
[2022-09-03T11:10:42.056+0300][gc,heap     ] GC(4) Eden regions: 16->0(50)
[2022-09-03T11:10:42.056+0300][gc,heap     ] GC(4) Survivor regions: 6->1(7)
[2022-09-03T11:10:42.056+0300][gc,heap     ] GC(4) Old regions: 8->13
[2022-09-03T11:10:42.056+0300][gc,heap     ] GC(4) Archive regions: 2->2
[2022-09-03T11:10:42.056+0300][gc,heap     ] GC(4) Humongous regions: 129->129
[2022-09-03T11:10:42.056+0300][gc,metaspace] GC(4) Metaspace: 35644K(35968K)->35644K(35968K) NonClass: 31546K(31744K)->31546K(31744K) Class: 4097K(4224K)->4097K(4224K)
[2022-09-03T11:10:42.056+0300][gc          ] GC(4) Pause Young (Concurrent Start) (Metadata GC Threshold) 157M->143M(1024M) 27,997ms
[2022-09-03T11:10:42.056+0300][gc,cpu      ] GC(4) User=0,01s Sys=0,02s Real=0,04s
[2022-09-03T11:10:42.093+0300][gc          ] GC(5) Concurrent Mark Cycle
[2022-09-03T11:10:42.093+0300][gc,marking  ] GC(5) Concurrent Clear Claimed Marks
[2022-09-03T11:10:42.093+0300][gc,marking  ] GC(5) Concurrent Clear Claimed Marks 0,051ms
[2022-09-03T11:10:42.093+0300][gc,marking  ] GC(5) Concurrent Scan Root Regions
[2022-09-03T11:10:42.108+0300][gc,marking  ] GC(5) Concurrent Scan Root Regions 14,700ms
[2022-09-03T11:10:42.108+0300][gc,marking  ] GC(5) Concurrent Mark
[2022-09-03T11:10:42.108+0300][gc,marking  ] GC(5) Concurrent Mark From Roots
[2022-09-03T11:10:42.108+0300][gc,task     ] GC(5) Using 1 workers of 1 for marking
[2022-09-03T11:10:42.175+0300][gc,marking  ] GC(5) Concurrent Mark From Roots 67,209ms
[2022-09-03T11:10:42.175+0300][gc,marking  ] GC(5) Concurrent Preclean
[2022-09-03T11:10:42.175+0300][gc,marking  ] GC(5) Concurrent Preclean 0,050ms
[2022-09-03T11:10:42.176+0300][gc,start    ] GC(5) Pause Remark
[2022-09-03T11:10:42.180+0300][gc          ] GC(5) Pause Remark 145M->145M(1024M) 4,065ms
[2022-09-03T11:10:42.180+0300][gc,cpu      ] GC(5) User=0,01s Sys=0,01s Real=0,01s
[2022-09-03T11:10:42.180+0300][gc,marking  ] GC(5) Concurrent Mark 72,196ms
[2022-09-03T11:10:42.180+0300][gc,marking  ] GC(5) Concurrent Rebuild Remembered Sets
[2022-09-03T11:10:42.194+0300][gc,marking  ] GC(5) Concurrent Rebuild Remembered Sets 13,633ms
[2022-09-03T11:10:42.197+0300][gc,start    ] GC(5) Pause Cleanup
[2022-09-03T11:10:42.197+0300][gc          ] GC(5) Pause Cleanup 145M->145M(1024M) 0,133ms
[2022-09-03T11:10:42.197+0300][gc,cpu      ] GC(5) User=0,00s Sys=0,00s Real=0,00s
[2022-09-03T11:10:42.198+0300][gc,marking  ] GC(5) Concurrent Cleanup for Next Mark
[2022-09-03T11:10:42.209+0300][gc,marking  ] GC(5) Concurrent Cleanup for Next Mark 11,042ms
[2022-09-03T11:10:42.209+0300][gc          ] GC(5) Concurrent Mark Cycle 115,807ms
[2022-09-03T11:11:26.532+0300][gc,start    ] GC(6) Pause Young (Normal) (G1 Evacuation Pause)
[2022-09-03T11:11:26.532+0300][gc,task     ] GC(6) Using 2 workers of 2 for evacuation
[2022-09-03T11:11:26.548+0300][gc,phases   ] GC(6)   Pre Evacuate Collection Set: 0,5ms
[2022-09-03T11:11:26.548+0300][gc,phases   ] GC(6)   Merge Heap Roots: 0,3ms
[2022-09-03T11:11:26.548+0300][gc,phases   ] GC(6)   Evacuate Collection Set: 13,7ms
[2022-09-03T11:11:26.548+0300][gc,phases   ] GC(6)   Post Evacuate Collection Set: 1,2ms
[2022-09-03T11:11:26.548+0300][gc,phases   ] GC(6)   Other: 0,1ms
[2022-09-03T11:11:26.548+0300][gc,heap     ] GC(6) Eden regions: 50->0(47)
[2022-09-03T11:11:26.548+0300][gc,heap     ] GC(6) Survivor regions: 1->4(7)
[2022-09-03T11:11:26.548+0300][gc,heap     ] GC(6) Old regions: 13->13
[2022-09-03T11:11:26.548+0300][gc,heap     ] GC(6) Archive regions: 2->2
[2022-09-03T11:11:26.548+0300][gc,heap     ] GC(6) Humongous regions: 129->129
[2022-09-03T11:11:26.548+0300][gc,metaspace] GC(6) Metaspace: 41470K(42112K)->41470K(42112K) NonClass: 36636K(36992K)->36636K(36992K) Class: 4834K(5120K)->4834K(5120K)
[2022-09-03T11:11:26.548+0300][gc          ] GC(6) Pause Young (Normal) (G1 Evacuation Pause) 193M->146M(1024M) 15,983ms
[2022-09-03T11:11:26.548+0300][gc,cpu      ] GC(6) User=0,02s Sys=0,00s Real=0,02s
[2022-09-03T11:11:41.830+0300][gc,start    ] GC(7) Pause Young (Normal) (G1 Evacuation Pause)
[2022-09-03T11:11:41.830+0300][gc,task     ] GC(7) Using 2 workers of 2 for evacuation
[2022-09-03T11:11:41.860+0300][gc,mmu      ] GC(7) MMU target violated: 21,0ms (20,0ms/21,0ms)
[2022-09-03T11:11:41.860+0300][gc,phases   ] GC(7)   Pre Evacuate Collection Set: 0,1ms
[2022-09-03T11:11:41.860+0300][gc,phases   ] GC(7)   Merge Heap Roots: 0,1ms
[2022-09-03T11:11:41.860+0300][gc,phases   ] GC(7)   Evacuate Collection Set: 29,6ms
[2022-09-03T11:11:41.860+0300][gc,phases   ] GC(7)   Post Evacuate Collection Set: 0,7ms
[2022-09-03T11:11:41.860+0300][gc,phases   ] GC(7)   Other: 0,1ms
[2022-09-03T11:11:41.860+0300][gc,heap     ] GC(7) Eden regions: 47->0(46)
[2022-09-03T11:11:41.860+0300][gc,heap     ] GC(7) Survivor regions: 4->5(7)
[2022-09-03T11:11:41.860+0300][gc,heap     ] GC(7) Old regions: 13->14
[2022-09-03T11:11:41.860+0300][gc,heap     ] GC(7) Archive regions: 2->2
[2022-09-03T11:11:41.860+0300][gc,heap     ] GC(7) Humongous regions: 129->129
[2022-09-03T11:11:41.860+0300][gc,metaspace] GC(7) Metaspace: 42267K(42944K)->42267K(42944K) NonClass: 37432K(37824K)->37432K(37824K) Class: 4834K(5120K)->4834K(5120K)
[2022-09-03T11:11:41.860+0300][gc          ] GC(7) Pause Young (Normal) (G1 Evacuation Pause) 193M->147M(1024M) 30,738ms
[2022-09-03T11:11:41.860+0300][gc,cpu      ] GC(7) User=0,01s Sys=0,01s Real=0,04s
[2022-09-03T11:11:54.909+0300][gc,start    ] GC(8) Pause Young (Normal) (G1 Evacuation Pause)
[2022-09-03T11:11:54.909+0300][gc,task     ] GC(8) Using 2 workers of 2 for evacuation
[2022-09-03T11:11:54.952+0300][gc,mmu      ] GC(8) MMU target violated: 21,0ms (20,0ms/21,0ms)
[2022-09-03T11:11:54.952+0300][gc,phases   ] GC(8)   Pre Evacuate Collection Set: 0,2ms
[2022-09-03T11:11:54.953+0300][gc,phases   ] GC(8)   Merge Heap Roots: 0,1ms
[2022-09-03T11:11:54.953+0300][gc,phases   ] GC(8)   Evacuate Collection Set: 42,7ms
[2022-09-03T11:11:54.953+0300][gc,phases   ] GC(8)   Post Evacuate Collection Set: 0,8ms
[2022-09-03T11:11:54.953+0300][gc,phases   ] GC(8)   Other: 0,2ms
[2022-09-03T11:11:54.953+0300][gc,heap     ] GC(8) Eden regions: 46->0(48)
[2022-09-03T11:11:54.953+0300][gc,heap     ] GC(8) Survivor regions: 5->3(7)
[2022-09-03T11:11:54.953+0300][gc,heap     ] GC(8) Old regions: 14->16
[2022-09-03T11:11:54.953+0300][gc,heap     ] GC(8) Archive regions: 2->2
[2022-09-03T11:11:54.953+0300][gc,heap     ] GC(8) Humongous regions: 129->129
[2022-09-03T11:11:54.953+0300][gc,metaspace] GC(8) Metaspace: 42371K(43008K)->42371K(43008K) NonClass: 37534K(37888K)->37534K(37888K) Class: 4836K(5120K)->4836K(5120K)
[2022-09-03T11:11:54.953+0300][gc          ] GC(8) Pause Young (Normal) (G1 Evacuation Pause) 193M->148M(1024M) 44,070ms
[2022-09-03T11:11:54.953+0300][gc,cpu      ] GC(8) User=0,01s Sys=0,03s Real=0,03s
[2022-09-03T11:12:07.549+0300][gc,start    ] GC(9) Pause Young (Normal) (G1 Evacuation Pause)
[2022-09-03T11:12:07.549+0300][gc,task     ] GC(9) Using 2 workers of 2 for evacuation
[2022-09-03T11:12:07.564+0300][gc,phases   ] GC(9)   Pre Evacuate Collection Set: 0,1ms
[2022-09-03T11:12:07.564+0300][gc,phases   ] GC(9)   Merge Heap Roots: 0,0ms
[2022-09-03T11:12:07.564+0300][gc,phases   ] GC(9)   Evacuate Collection Set: 14,5ms
[2022-09-03T11:12:07.564+0300][gc,phases   ] GC(9)   Post Evacuate Collection Set: 0,4ms
[2022-09-03T11:12:07.564+0300][gc,phases   ] GC(9)   Other: 0,1ms
[2022-09-03T11:12:07.564+0300][gc,heap     ] GC(9) Eden regions: 48->0(47)
[2022-09-03T11:12:07.564+0300][gc,heap     ] GC(9) Survivor regions: 3->4(7)
[2022-09-03T11:12:07.564+0300][gc,heap     ] GC(9) Old regions: 16->16
[2022-09-03T11:12:07.564+0300][gc,heap     ] GC(9) Archive regions: 2->2
[2022-09-03T11:12:07.564+0300][gc,heap     ] GC(9) Humongous regions: 129->129
[2022-09-03T11:12:07.564+0300][gc,metaspace] GC(9) Metaspace: 42391K(43008K)->42391K(43008K) NonClass: 37553K(37888K)->37553K(37888K) Class: 4837K(5120K)->4837K(5120K)
[2022-09-03T11:12:07.564+0300][gc          ] GC(9) Pause Young (Normal) (G1 Evacuation Pause) 196M->149M(1024M) 15,324ms
[2022-09-03T11:12:07.564+0300][gc,cpu      ] GC(9) User=0,00s Sys=0,01s Real=0,02s
[2022-09-03T11:12:20.080+0300][gc,start    ] GC(10) Pause Young (Normal) (G1 Evacuation Pause)
[2022-09-03T11:12:20.080+0300][gc,task     ] GC(10) Using 2 workers of 2 for evacuation
[2022-09-03T11:12:20.095+0300][gc,phases   ] GC(10)   Pre Evacuate Collection Set: 0,1ms
[2022-09-03T11:12:20.095+0300][gc,phases   ] GC(10)   Merge Heap Roots: 0,0ms
[2022-09-03T11:12:20.095+0300][gc,phases   ] GC(10)   Evacuate Collection Set: 14,3ms
[2022-09-03T11:12:20.095+0300][gc,phases   ] GC(10)   Post Evacuate Collection Set: 0,5ms
[2022-09-03T11:12:20.095+0300][gc,phases   ] GC(10)   Other: 0,1ms
[2022-09-03T11:12:20.095+0300][gc,heap     ] GC(10) Eden regions: 47->0(47)
[2022-09-03T11:12:20.095+0300][gc,heap     ] GC(10) Survivor regions: 4->4(7)
[2022-09-03T11:12:20.095+0300][gc,heap     ] GC(10) Old regions: 16->17
[2022-09-03T11:12:20.095+0300][gc,heap     ] GC(10) Archive regions: 2->2
[2022-09-03T11:12:20.095+0300][gc,heap     ] GC(10) Humongous regions: 129->129
[2022-09-03T11:12:20.095+0300][gc,metaspace] GC(10) Metaspace: 42392K(43008K)->42392K(43008K) NonClass: 37555K(37888K)->37555K(37888K) Class: 4837K(5120K)->4837K(5120K)
[2022-09-03T11:12:20.095+0300][gc          ] GC(10) Pause Young (Normal) (G1 Evacuation Pause) 196M->150M(1024M) 15,172ms
[2022-09-03T11:12:20.095+0300][gc,cpu      ] GC(10) User=0,00s Sys=0,01s Real=0,01s
[2022-09-03T11:12:36.892+0300][gc,start    ] GC(11) Pause Young (Normal) (G1 Evacuation Pause)
[2022-09-03T11:12:36.892+0300][gc,task     ] GC(11) Using 2 workers of 2 for evacuation
[2022-09-03T11:12:36.925+0300][gc,mmu      ] GC(11) MMU target violated: 21,0ms (20,0ms/21,0ms)
[2022-09-03T11:12:36.925+0300][gc,phases   ] GC(11)   Pre Evacuate Collection Set: 0,2ms
[2022-09-03T11:12:36.925+0300][gc,phases   ] GC(11)   Merge Heap Roots: 0,1ms
[2022-09-03T11:12:36.925+0300][gc,phases   ] GC(11)   Evacuate Collection Set: 30,2ms
[2022-09-03T11:12:36.925+0300][gc,phases   ] GC(11)   Post Evacuate Collection Set: 2,6ms
[2022-09-03T11:12:36.925+0300][gc,phases   ] GC(11)   Other: 0,3ms
[2022-09-03T11:12:36.925+0300][gc,heap     ] GC(11) Eden regions: 47->0(46)
[2022-09-03T11:12:36.925+0300][gc,heap     ] GC(11) Survivor regions: 4->5(7)
[2022-09-03T11:12:36.925+0300][gc,heap     ] GC(11) Old regions: 17->18
[2022-09-03T11:12:36.925+0300][gc,heap     ] GC(11) Archive regions: 2->2
[2022-09-03T11:12:36.925+0300][gc,heap     ] GC(11) Humongous regions: 129->129
[2022-09-03T11:12:36.925+0300][gc,metaspace] GC(11) Metaspace: 42411K(43008K)->42411K(43008K) NonClass: 37573K(37888K)->37573K(37888K) Class: 4837K(5120K)->4837K(5120K)
[2022-09-03T11:12:36.925+0300][gc          ] GC(11) Pause Young (Normal) (G1 Evacuation Pause) 197M->152M(1024M) 33,458ms
[2022-09-03T11:12:36.925+0300][gc,cpu      ] GC(11) User=0,01s Sys=0,01s Real=0,03s
[2022-09-03T11:12:47.677+0300][gc,start    ] GC(12) Pause Young (Normal) (G1 Evacuation Pause)
[2022-09-03T11:12:47.677+0300][gc,task     ] GC(12) Using 2 workers of 2 for evacuation
[2022-09-03T11:12:47.707+0300][gc,mmu      ] GC(12) MMU target violated: 21,0ms (20,0ms/21,0ms)
[2022-09-03T11:12:47.707+0300][gc,phases   ] GC(12)   Pre Evacuate Collection Set: 0,1ms
[2022-09-03T11:12:47.707+0300][gc,phases   ] GC(12)   Merge Heap Roots: 0,1ms
[2022-09-03T11:12:47.707+0300][gc,phases   ] GC(12)   Evacuate Collection Set: 26,9ms
[2022-09-03T11:12:47.707+0300][gc,phases   ] GC(12)   Post Evacuate Collection Set: 2,4ms
[2022-09-03T11:12:47.707+0300][gc,phases   ] GC(12)   Other: 0,2ms
[2022-09-03T11:12:47.707+0300][gc,heap     ] GC(12) Eden regions: 46->0(47)
[2022-09-03T11:12:47.707+0300][gc,heap     ] GC(12) Survivor regions: 5->4(7)
[2022-09-03T11:12:47.707+0300][gc,heap     ] GC(12) Old regions: 18->20
[2022-09-03T11:12:47.707+0300][gc,heap     ] GC(12) Archive regions: 2->2
[2022-09-03T11:12:47.707+0300][gc,heap     ] GC(12) Humongous regions: 129->129
[2022-09-03T11:12:47.707+0300][gc,metaspace] GC(12) Metaspace: 42412K(43008K)->42412K(43008K) NonClass: 37574K(37888K)->37574K(37888K) Class: 4837K(5120K)->4837K(5120K)
[2022-09-03T11:12:47.707+0300][gc          ] GC(12) Pause Young (Normal) (G1 Evacuation Pause) 198M->152M(1024M) 29,892ms
[2022-09-03T11:12:47.707+0300][gc,cpu      ] GC(12) User=0,02s Sys=0,00s Real=0,03s
[2022-09-03T11:13:00.114+0300][gc,start    ] GC(13) Pause Young (Normal) (G1 Evacuation Pause)
[2022-09-03T11:13:00.114+0300][gc,task     ] GC(13) Using 2 workers of 2 for evacuation
[2022-09-03T11:13:00.135+0300][gc,mmu      ] GC(13) MMU target violated: 20,8ms (20,0ms/21,0ms)
[2022-09-03T11:13:00.135+0300][gc,phases   ] GC(13)   Pre Evacuate Collection Set: 0,2ms
[2022-09-03T11:13:00.135+0300][gc,phases   ] GC(13)   Merge Heap Roots: 0,1ms
[2022-09-03T11:13:00.135+0300][gc,phases   ] GC(13)   Evacuate Collection Set: 19,6ms
[2022-09-03T11:13:00.135+0300][gc,phases   ] GC(13)   Post Evacuate Collection Set: 0,4ms
[2022-09-03T11:13:00.135+0300][gc,phases   ] GC(13)   Other: 0,5ms
[2022-09-03T11:13:00.135+0300][gc,heap     ] GC(13) Eden regions: 47->0(46)
[2022-09-03T11:13:00.135+0300][gc,heap     ] GC(13) Survivor regions: 4->5(7)
[2022-09-03T11:13:00.135+0300][gc,heap     ] GC(13) Old regions: 20->20
[2022-09-03T11:13:00.135+0300][gc,heap     ] GC(13) Archive regions: 2->2
[2022-09-03T11:13:00.135+0300][gc,heap     ] GC(13) Humongous regions: 129->129
[2022-09-03T11:13:00.135+0300][gc,metaspace] GC(13) Metaspace: 42416K(43008K)->42416K(43008K) NonClass: 37579K(37888K)->37579K(37888K) Class: 4837K(5120K)->4837K(5120K)
[2022-09-03T11:13:00.136+0300][gc          ] GC(13) Pause Young (Normal) (G1 Evacuation Pause) 199M->153M(1024M) 21,230ms
[2022-09-03T11:13:00.136+0300][gc,cpu      ] GC(13) User=0,01s Sys=0,02s Real=0,02s
