[2022-08-30T20:48:56.001+0300][gc,init] CardTable entry size: 512
[2022-08-30T20:48:56.001+0300][gc     ] Using G1
[2022-08-30T20:48:56.016+0300][gc,init] Version: 18.0.2-ea+9-Ubuntu-222.04 (release)
[2022-08-30T20:48:56.016+0300][gc,init] CPUs: 2 total, 2 available
[2022-08-30T20:48:56.016+0300][gc,init] Memory: 7950M
[2022-08-30T20:48:56.016+0300][gc,init] Large Page Support: Disabled
[2022-08-30T20:48:56.016+0300][gc,init] NUMA Support: Disabled
[2022-08-30T20:48:56.016+0300][gc,init] Compressed Oops: Enabled (32-bit)
[2022-08-30T20:48:56.016+0300][gc,init] Heap Region Size: 1M
[2022-08-30T20:48:56.016+0300][gc,init] Heap Min Capacity: 1G
[2022-08-30T20:48:56.016+0300][gc,init] Heap Initial Capacity: 1G
[2022-08-30T20:48:56.016+0300][gc,init] Heap Max Capacity: 1G
[2022-08-30T20:48:56.016+0300][gc,init] Pre-touch: Disabled
[2022-08-30T20:48:56.016+0300][gc,init] Parallel Workers: 2
[2022-08-30T20:48:56.016+0300][gc,init] Concurrent Workers: 1
[2022-08-30T20:48:56.016+0300][gc,init] Concurrent Refinement Workers: 2
[2022-08-30T20:48:56.016+0300][gc,init] Periodic GC: Disabled
[2022-08-30T20:48:56.016+0300][gc,metaspace] CDS archive(s) mapped at: [0x0000000800000000-0x0000000800bb3000-0x0000000800bb3000), size 12267520, SharedBaseAddress: 0x0000000800000000, ArchiveRelocationMode: 0.
[2022-08-30T20:48:56.016+0300][gc,metaspace] Compressed class space mapped at: 0x0000000800c00000-0x0000000840c00000, reserved size: 1073741824
[2022-08-30T20:48:56.016+0300][gc,metaspace] Narrow klass base: 0x0000000800000000, Narrow klass shift: 0, Narrow klass range: 0x100000000
[2022-08-30T20:48:58.006+0300][gc,start    ] GC(0) Pause Young (Normal) (G1 Evacuation Pause)
[2022-08-30T20:48:58.006+0300][gc,task     ] GC(0) Using 2 workers of 2 for evacuation
[2022-08-30T20:48:58.028+0300][gc,mmu      ] GC(0) MMU target violated: 21,0ms (20,0ms/21,0ms)
[2022-08-30T20:48:58.028+0300][gc,phases   ] GC(0)   Pre Evacuate Collection Set: 0,2ms
[2022-08-30T20:48:58.028+0300][gc,phases   ] GC(0)   Merge Heap Roots: 0,1ms
[2022-08-30T20:48:58.028+0300][gc,phases   ] GC(0)   Evacuate Collection Set: 19,0ms
[2022-08-30T20:48:58.028+0300][gc,phases   ] GC(0)   Post Evacuate Collection Set: 2,2ms
[2022-08-30T20:48:58.028+0300][gc,phases   ] GC(0)   Other: 0,6ms
[2022-08-30T20:48:58.028+0300][gc,heap     ] GC(0) Eden regions: 51->0(44)
[2022-08-30T20:48:58.028+0300][gc,heap     ] GC(0) Survivor regions: 0->7(7)
[2022-08-30T20:48:58.028+0300][gc,heap     ] GC(0) Old regions: 0->1
[2022-08-30T20:48:58.028+0300][gc,heap     ] GC(0) Archive regions: 2->2
[2022-08-30T20:48:58.028+0300][gc,heap     ] GC(0) Humongous regions: 0->0
[2022-08-30T20:48:58.028+0300][gc,metaspace] GC(0) Metaspace: 18967K(19200K)->18967K(19200K) NonClass: 16743K(16896K)->16743K(16896K) Class: 2224K(2304K)->2224K(2304K)
[2022-08-30T20:48:58.028+0300][gc          ] GC(0) Pause Young (Normal) (G1 Evacuation Pause) 51M->7M(1024M) 22,336ms
[2022-08-30T20:48:58.028+0300][gc,cpu      ] GC(0) User=0,01s Sys=0,01s Real=0,02s
[2022-08-30T20:48:58.356+0300][gc,start    ] GC(1) Pause Young (Concurrent Start) (Metadata GC Threshold)
[2022-08-30T20:48:58.357+0300][gc,task     ] GC(1) Using 2 workers of 2 for evacuation
[2022-08-30T20:48:58.369+0300][gc,phases   ] GC(1)   Pre Evacuate Collection Set: 0,3ms
[2022-08-30T20:48:58.369+0300][gc,phases   ] GC(1)   Merge Heap Roots: 0,1ms
[2022-08-30T20:48:58.369+0300][gc,phases   ] GC(1)   Evacuate Collection Set: 9,4ms
[2022-08-30T20:48:58.369+0300][gc,phases   ] GC(1)   Post Evacuate Collection Set: 1,2ms
[2022-08-30T20:48:58.369+0300][gc,phases   ] GC(1)   Other: 1,1ms
[2022-08-30T20:48:58.369+0300][gc,heap     ] GC(1) Eden regions: 10->0(50)
[2022-08-30T20:48:58.369+0300][gc,heap     ] GC(1) Survivor regions: 7->1(7)
[2022-08-30T20:48:58.369+0300][gc,heap     ] GC(1) Old regions: 1->7
[2022-08-30T20:48:58.369+0300][gc,heap     ] GC(1) Archive regions: 2->2
[2022-08-30T20:48:58.369+0300][gc,heap     ] GC(1) Humongous regions: 0->0
[2022-08-30T20:48:58.369+0300][gc,metaspace] GC(1) Metaspace: 21266K(21504K)->21266K(21504K) NonClass: 18753K(18880K)->18753K(18880K) Class: 2513K(2624K)->2513K(2624K)
[2022-08-30T20:48:58.369+0300][gc          ] GC(1) Pause Young (Concurrent Start) (Metadata GC Threshold) 17M->8M(1024M) 12,588ms
[2022-08-30T20:48:58.369+0300][gc,cpu      ] GC(1) User=0,01s Sys=0,01s Real=0,02s
[2022-08-30T20:48:58.369+0300][gc          ] GC(2) Concurrent Mark Cycle
[2022-08-30T20:48:58.369+0300][gc,marking  ] GC(2) Concurrent Clear Claimed Marks
[2022-08-30T20:48:58.369+0300][gc,marking  ] GC(2) Concurrent Clear Claimed Marks 0,028ms
[2022-08-30T20:48:58.369+0300][gc,marking  ] GC(2) Concurrent Scan Root Regions
[2022-08-30T20:48:58.374+0300][gc,marking  ] GC(2) Concurrent Scan Root Regions 4,430ms
[2022-08-30T20:48:58.374+0300][gc,marking  ] GC(2) Concurrent Mark
[2022-08-30T20:48:58.374+0300][gc,marking  ] GC(2) Concurrent Mark From Roots
[2022-08-30T20:48:58.374+0300][gc,task     ] GC(2) Using 1 workers of 1 for marking
[2022-08-30T20:48:58.386+0300][gc,marking  ] GC(2) Concurrent Mark From Roots 11,808ms
[2022-08-30T20:48:58.386+0300][gc,marking  ] GC(2) Concurrent Preclean
[2022-08-30T20:48:58.386+0300][gc,marking  ] GC(2) Concurrent Preclean 0,009ms
[2022-08-30T20:48:58.386+0300][gc,start    ] GC(2) Pause Remark
[2022-08-30T20:48:58.389+0300][gc          ] GC(2) Pause Remark 9M->9M(1024M) 2,475ms
[2022-08-30T20:48:58.389+0300][gc,cpu      ] GC(2) User=0,00s Sys=0,00s Real=0,00s
[2022-08-30T20:48:58.389+0300][gc,marking  ] GC(2) Concurrent Mark 15,256ms
[2022-08-30T20:48:58.389+0300][gc,marking  ] GC(2) Concurrent Rebuild Remembered Sets
[2022-08-30T20:48:58.389+0300][gc,marking  ] GC(2) Concurrent Rebuild Remembered Sets 0,006ms
[2022-08-30T20:48:58.391+0300][gc,start    ] GC(2) Pause Cleanup
[2022-08-30T20:48:58.391+0300][gc          ] GC(2) Pause Cleanup 9M->9M(1024M) 0,036ms
[2022-08-30T20:48:58.391+0300][gc,cpu      ] GC(2) User=0,00s Sys=0,00s Real=0,00s
[2022-08-30T20:48:58.391+0300][gc,marking  ] GC(2) Concurrent Cleanup for Next Mark
[2022-08-30T20:48:58.401+0300][gc,marking  ] GC(2) Concurrent Cleanup for Next Mark 9,909ms
[2022-08-30T20:48:58.401+0300][gc          ] GC(2) Concurrent Mark Cycle 32,224ms
[2022-08-30T20:49:00.867+0300][gc,start    ] GC(3) Pause Young (Normal) (G1 Evacuation Pause)
[2022-08-30T20:49:00.867+0300][gc,task     ] GC(3) Using 2 workers of 2 for evacuation
[2022-08-30T20:49:00.876+0300][gc,phases   ] GC(3)   Pre Evacuate Collection Set: 0,1ms
[2022-08-30T20:49:00.876+0300][gc,phases   ] GC(3)   Merge Heap Roots: 0,1ms
[2022-08-30T20:49:00.876+0300][gc,phases   ] GC(3)   Evacuate Collection Set: 7,1ms
[2022-08-30T20:49:00.876+0300][gc,phases   ] GC(3)   Post Evacuate Collection Set: 1,0ms
[2022-08-30T20:49:00.876+0300][gc,phases   ] GC(3)   Other: 0,3ms
[2022-08-30T20:49:00.876+0300][gc,heap     ] GC(3) Eden regions: 50->0(45)
[2022-08-30T20:49:00.876+0300][gc,heap     ] GC(3) Survivor regions: 1->6(7)
[2022-08-30T20:49:00.876+0300][gc,heap     ] GC(3) Old regions: 7->7
[2022-08-30T20:49:00.876+0300][gc,heap     ] GC(3) Archive regions: 2->2
[2022-08-30T20:49:00.876+0300][gc,heap     ] GC(3) Humongous regions: 129->129
[2022-08-30T20:49:00.876+0300][gc,metaspace] GC(3) Metaspace: 31294K(31616K)->31294K(31616K) NonClass: 27794K(27968K)->27794K(27968K) Class: 3499K(3648K)->3499K(3648K)
[2022-08-30T20:49:00.876+0300][gc          ] GC(3) Pause Young (Normal) (G1 Evacuation Pause) 187M->142M(1024M) 8,901ms
[2022-08-30T20:49:00.876+0300][gc,cpu      ] GC(3) User=0,01s Sys=0,00s Real=0,00s
[2022-08-30T20:49:01.424+0300][gc,start    ] GC(4) Pause Young (Concurrent Start) (Metadata GC Threshold)
[2022-08-30T20:49:01.424+0300][gc,task     ] GC(4) Using 2 workers of 2 for evacuation
[2022-08-30T20:49:01.455+0300][gc,mmu      ] GC(4) MMU target violated: 21,0ms (20,0ms/21,0ms)
[2022-08-30T20:49:01.455+0300][gc,phases   ] GC(4)   Pre Evacuate Collection Set: 0,2ms
[2022-08-30T20:49:01.455+0300][gc,phases   ] GC(4)   Merge Heap Roots: 0,0ms
[2022-08-30T20:49:01.455+0300][gc,phases   ] GC(4)   Evacuate Collection Set: 29,2ms
[2022-08-30T20:49:01.455+0300][gc,phases   ] GC(4)   Post Evacuate Collection Set: 1,7ms
[2022-08-30T20:49:01.455+0300][gc,phases   ] GC(4)   Other: 0,2ms
[2022-08-30T20:49:01.455+0300][gc,heap     ] GC(4) Eden regions: 20->0(49)
[2022-08-30T20:49:01.455+0300][gc,heap     ] GC(4) Survivor regions: 6->2(7)
[2022-08-30T20:49:01.455+0300][gc,heap     ] GC(4) Old regions: 7->13
[2022-08-30T20:49:01.455+0300][gc,heap     ] GC(4) Archive regions: 2->2
[2022-08-30T20:49:01.455+0300][gc,heap     ] GC(4) Humongous regions: 129->129
[2022-08-30T20:49:01.455+0300][gc,metaspace] GC(4) Metaspace: 35792K(36096K)->35792K(36096K) NonClass: 31843K(32000K)->31843K(32000K) Class: 3948K(4096K)->3948K(4096K)
[2022-08-30T20:49:01.455+0300][gc          ] GC(4) Pause Young (Concurrent Start) (Metadata GC Threshold) 161M->144M(1024M) 31,518ms
[2022-08-30T20:49:01.455+0300][gc,cpu      ] GC(4) User=0,04s Sys=0,03s Real=0,03s
[2022-08-30T20:49:01.456+0300][gc          ] GC(5) Concurrent Mark Cycle
[2022-08-30T20:49:01.456+0300][gc,marking  ] GC(5) Concurrent Clear Claimed Marks
[2022-08-30T20:49:01.456+0300][gc,marking  ] GC(5) Concurrent Clear Claimed Marks 0,043ms
[2022-08-30T20:49:01.456+0300][gc,marking  ] GC(5) Concurrent Scan Root Regions
[2022-08-30T20:49:01.463+0300][gc,marking  ] GC(5) Concurrent Scan Root Regions 6,239ms
[2022-08-30T20:49:01.463+0300][gc,marking  ] GC(5) Concurrent Mark
[2022-08-30T20:49:01.463+0300][gc,marking  ] GC(5) Concurrent Mark From Roots
[2022-08-30T20:49:01.463+0300][gc,task     ] GC(5) Using 1 workers of 1 for marking
[2022-08-30T20:49:01.486+0300][gc,marking  ] GC(5) Concurrent Mark From Roots 23,493ms
[2022-08-30T20:49:01.486+0300][gc,marking  ] GC(5) Concurrent Preclean
[2022-08-30T20:49:01.486+0300][gc,marking  ] GC(5) Concurrent Preclean 0,054ms
[2022-08-30T20:49:01.494+0300][gc,start    ] GC(5) Pause Remark
[2022-08-30T20:49:01.500+0300][gc          ] GC(5) Pause Remark 145M->145M(1024M) 5,958ms
[2022-08-30T20:49:01.500+0300][gc,cpu      ] GC(5) User=0,00s Sys=0,01s Real=0,00s
[2022-08-30T20:49:01.500+0300][gc,marking  ] GC(5) Concurrent Mark 37,238ms
[2022-08-30T20:49:01.500+0300][gc,marking  ] GC(5) Concurrent Rebuild Remembered Sets
[2022-08-30T20:49:01.508+0300][gc,marking  ] GC(5) Concurrent Rebuild Remembered Sets 8,266ms
[2022-08-30T20:49:01.531+0300][gc,start    ] GC(5) Pause Cleanup
[2022-08-30T20:49:01.532+0300][gc          ] GC(5) Pause Cleanup 146M->146M(1024M) 0,473ms
[2022-08-30T20:49:01.532+0300][gc,cpu      ] GC(5) User=0,00s Sys=0,00s Real=0,00s
[2022-08-30T20:49:01.538+0300][gc,marking  ] GC(5) Concurrent Cleanup for Next Mark
[2022-08-30T20:49:01.548+0300][gc,marking  ] GC(5) Concurrent Cleanup for Next Mark 10,057ms
[2022-08-30T20:49:01.548+0300][gc          ] GC(5) Concurrent Mark Cycle 91,582ms
[2022-08-30T20:52:48.091+0300][gc,heap,exit] Heap
[2022-08-30T20:52:48.091+0300][gc,heap,exit]  garbage-first heap   total 1048576K, used 212087K [0x00000000c0000000, 0x0000000100000000)
[2022-08-30T20:52:48.091+0300][gc,heap,exit]   region size 1024K, 48 young (49152K), 2 survivors (2048K)
[2022-08-30T20:52:48.091+0300][gc,heap,exit]  Metaspace       used 40376K, committed 40960K, reserved 1114112K
[2022-08-30T20:52:48.091+0300][gc,heap,exit]   class space    used 4752K, committed 4992K, reserved 1048576K
