[2022-09-01T16:58:47.970+0300][gc,init] CardTable entry size: 512
[2022-09-01T16:58:47.970+0300][gc     ] Using G1
[2022-09-01T16:58:47.980+0300][gc,init] Version: 18.0.2-ea+9-Ubuntu-222.04 (release)
[2022-09-01T16:58:47.980+0300][gc,init] CPUs: 2 total, 2 available
[2022-09-01T16:58:47.980+0300][gc,init] Memory: 7950M
[2022-09-01T16:58:47.980+0300][gc,init] Large Page Support: Disabled
[2022-09-01T16:58:47.980+0300][gc,init] NUMA Support: Disabled
[2022-09-01T16:58:47.980+0300][gc,init] Compressed Oops: Enabled (32-bit)
[2022-09-01T16:58:47.980+0300][gc,init] Heap Region Size: 1M
[2022-09-01T16:58:47.980+0300][gc,init] Heap Min Capacity: 1G
[2022-09-01T16:58:47.980+0300][gc,init] Heap Initial Capacity: 1G
[2022-09-01T16:58:47.980+0300][gc,init] Heap Max Capacity: 1G
[2022-09-01T16:58:47.980+0300][gc,init] Pre-touch: Disabled
[2022-09-01T16:58:47.980+0300][gc,init] Parallel Workers: 2
[2022-09-01T16:58:47.980+0300][gc,init] Concurrent Workers: 1
[2022-09-01T16:58:47.980+0300][gc,init] Concurrent Refinement Workers: 2
[2022-09-01T16:58:47.980+0300][gc,init] Periodic GC: Disabled
[2022-09-01T16:58:47.980+0300][gc,metaspace] CDS archive(s) mapped at: [0x0000000800000000-0x0000000800bb3000-0x0000000800bb3000), size 12267520, SharedBaseAddress: 0x0000000800000000, ArchiveRelocationMode: 0.
[2022-09-01T16:58:47.980+0300][gc,metaspace] Compressed class space mapped at: 0x0000000800c00000-0x0000000840c00000, reserved size: 1073741824
[2022-09-01T16:58:47.980+0300][gc,metaspace] Narrow klass base: 0x0000000800000000, Narrow klass shift: 0, Narrow klass range: 0x100000000
[2022-09-01T16:58:51.515+0300][gc,start    ] GC(0) Pause Young (Normal) (G1 Evacuation Pause)
[2022-09-01T16:58:51.516+0300][gc,task     ] GC(0) Using 2 workers of 2 for evacuation
[2022-09-01T16:58:51.547+0300][gc,mmu      ] GC(0) MMU target violated: 21,0ms (20,0ms/21,0ms)
[2022-09-01T16:58:51.548+0300][gc,phases   ] GC(0)   Pre Evacuate Collection Set: 0,1ms
[2022-09-01T16:58:51.548+0300][gc,phases   ] GC(0)   Merge Heap Roots: 0,1ms
[2022-09-01T16:58:51.548+0300][gc,phases   ] GC(0)   Evacuate Collection Set: 30,0ms
[2022-09-01T16:58:51.548+0300][gc,phases   ] GC(0)   Post Evacuate Collection Set: 1,4ms
[2022-09-01T16:58:51.548+0300][gc,phases   ] GC(0)   Other: 0,6ms
[2022-09-01T16:58:51.548+0300][gc,heap     ] GC(0) Eden regions: 51->0(44)
[2022-09-01T16:58:51.548+0300][gc,heap     ] GC(0) Survivor regions: 0->7(7)
[2022-09-01T16:58:51.548+0300][gc,heap     ] GC(0) Old regions: 0->1
[2022-09-01T16:58:51.548+0300][gc,heap     ] GC(0) Archive regions: 2->2
[2022-09-01T16:58:51.548+0300][gc,heap     ] GC(0) Humongous regions: 0->0
[2022-09-01T16:58:51.548+0300][gc,metaspace] GC(0) Metaspace: 19119K(19328K)->19119K(19328K) NonClass: 16886K(16960K)->16886K(16960K) Class: 2232K(2368K)->2232K(2368K)
[2022-09-01T16:58:51.548+0300][gc          ] GC(0) Pause Young (Normal) (G1 Evacuation Pause) 51M->8M(1024M) 33,137ms
[2022-09-01T16:58:51.548+0300][gc,cpu      ] GC(0) User=0,01s Sys=0,02s Real=0,03s
[2022-09-01T16:58:52.156+0300][gc,start    ] GC(1) Pause Young (Concurrent Start) (Metadata GC Threshold)
[2022-09-01T16:58:52.156+0300][gc,task     ] GC(1) Using 2 workers of 2 for evacuation
[2022-09-01T16:58:52.174+0300][gc,phases   ] GC(1)   Pre Evacuate Collection Set: 0,2ms
[2022-09-01T16:58:52.174+0300][gc,phases   ] GC(1)   Merge Heap Roots: 0,0ms
[2022-09-01T16:58:52.174+0300][gc,phases   ] GC(1)   Evacuate Collection Set: 16,4ms
[2022-09-01T16:58:52.174+0300][gc,phases   ] GC(1)   Post Evacuate Collection Set: 1,8ms
[2022-09-01T16:58:52.174+0300][gc,phases   ] GC(1)   Other: 0,2ms
[2022-09-01T16:58:52.175+0300][gc,heap     ] GC(1) Eden regions: 10->0(49)
[2022-09-01T16:58:52.175+0300][gc,heap     ] GC(1) Survivor regions: 7->2(7)
[2022-09-01T16:58:52.175+0300][gc,heap     ] GC(1) Old regions: 1->7
[2022-09-01T16:58:52.175+0300][gc,heap     ] GC(1) Archive regions: 2->2
[2022-09-01T16:58:52.175+0300][gc,heap     ] GC(1) Humongous regions: 129->129
[2022-09-01T16:58:52.175+0300][gc,metaspace] GC(1) Metaspace: 21291K(21504K)->21291K(21504K) NonClass: 18792K(18880K)->18792K(18880K) Class: 2498K(2624K)->2498K(2624K)
[2022-09-01T16:58:52.175+0300][gc          ] GC(1) Pause Young (Concurrent Start) (Metadata GC Threshold) 147M->138M(1024M) 19,015ms
[2022-09-01T16:58:52.175+0300][gc,cpu      ] GC(1) User=0,01s Sys=0,01s Real=0,02s
[2022-09-01T16:58:52.175+0300][gc          ] GC(2) Concurrent Mark Cycle
[2022-09-01T16:58:52.175+0300][gc,marking  ] GC(2) Concurrent Clear Claimed Marks
[2022-09-01T16:58:52.175+0300][gc,marking  ] GC(2) Concurrent Clear Claimed Marks 0,053ms
[2022-09-01T16:58:52.175+0300][gc,marking  ] GC(2) Concurrent Scan Root Regions
[2022-09-01T16:58:52.191+0300][gc,marking  ] GC(2) Concurrent Scan Root Regions 15,694ms
[2022-09-01T16:58:52.191+0300][gc,marking  ] GC(2) Concurrent Mark
[2022-09-01T16:58:52.191+0300][gc,marking  ] GC(2) Concurrent Mark From Roots
[2022-09-01T16:58:52.191+0300][gc,task     ] GC(2) Using 1 workers of 1 for marking
[2022-09-01T16:58:52.195+0300][gc,marking  ] GC(2) Concurrent Mark From Roots 4,256ms
[2022-09-01T16:58:52.196+0300][gc,marking  ] GC(2) Concurrent Preclean
[2022-09-01T16:58:52.196+0300][gc,marking  ] GC(2) Concurrent Preclean 0,034ms
[2022-09-01T16:58:52.196+0300][gc,start    ] GC(2) Pause Remark
[2022-09-01T16:58:52.203+0300][gc          ] GC(2) Pause Remark 138M->138M(1024M) 6,845ms
[2022-09-01T16:58:52.203+0300][gc,cpu      ] GC(2) User=0,00s Sys=0,01s Real=0,01s
[2022-09-01T16:58:52.203+0300][gc,marking  ] GC(2) Concurrent Mark 11,789ms
[2022-09-01T16:58:52.203+0300][gc,marking  ] GC(2) Concurrent Rebuild Remembered Sets
[2022-09-01T16:58:52.203+0300][gc,marking  ] GC(2) Concurrent Rebuild Remembered Sets 0,005ms
[2022-09-01T16:58:52.204+0300][gc,start    ] GC(2) Pause Cleanup
[2022-09-01T16:58:52.204+0300][gc          ] GC(2) Pause Cleanup 138M->138M(1024M) 0,044ms
[2022-09-01T16:58:52.204+0300][gc,cpu      ] GC(2) User=0,00s Sys=0,00s Real=0,00s
[2022-09-01T16:58:52.204+0300][gc,marking  ] GC(2) Concurrent Cleanup for Next Mark
[2022-09-01T16:58:52.211+0300][gc,marking  ] GC(2) Concurrent Cleanup for Next Mark 7,055ms
[2022-09-01T16:58:52.211+0300][gc          ] GC(2) Concurrent Mark Cycle 35,880ms
[2022-09-01T16:58:54.587+0300][gc,start    ] GC(3) Pause Young (Normal) (G1 Evacuation Pause)
[2022-09-01T16:58:54.587+0300][gc,task     ] GC(3) Using 2 workers of 2 for evacuation
[2022-09-01T16:58:54.615+0300][gc,mmu      ] GC(3) MMU target violated: 21,0ms (20,0ms/21,0ms)
[2022-09-01T16:58:54.615+0300][gc,phases   ] GC(3)   Pre Evacuate Collection Set: 0,2ms
[2022-09-01T16:58:54.615+0300][gc,phases   ] GC(3)   Merge Heap Roots: 0,1ms
[2022-09-01T16:58:54.615+0300][gc,phases   ] GC(3)   Evacuate Collection Set: 23,8ms
[2022-09-01T16:58:54.615+0300][gc,phases   ] GC(3)   Post Evacuate Collection Set: 4,2ms
[2022-09-01T16:58:54.615+0300][gc,phases   ] GC(3)   Other: 0,1ms
[2022-09-01T16:58:54.615+0300][gc,heap     ] GC(3) Eden regions: 49->0(45)
[2022-09-01T16:58:54.615+0300][gc,heap     ] GC(3) Survivor regions: 2->6(7)
[2022-09-01T16:58:54.615+0300][gc,heap     ] GC(3) Old regions: 7->7
[2022-09-01T16:58:54.615+0300][gc,heap     ] GC(3) Archive regions: 2->2
[2022-09-01T16:58:54.615+0300][gc,heap     ] GC(3) Humongous regions: 129->129
[2022-09-01T16:58:54.615+0300][gc,metaspace] GC(3) Metaspace: 32808K(33088K)->32808K(33088K) NonClass: 29242K(29376K)->29242K(29376K) Class: 3565K(3712K)->3565K(3712K)
[2022-09-01T16:58:54.615+0300][gc          ] GC(3) Pause Young (Normal) (G1 Evacuation Pause) 187M->142M(1024M) 28,645ms
[2022-09-01T16:58:54.615+0300][gc,cpu      ] GC(3) User=0,01s Sys=0,02s Real=0,03s
[2022-09-01T16:59:10.673+0300][gc,start    ] GC(4) Pause Young (Concurrent Start) (Metadata GC Threshold)
[2022-09-01T16:59:10.674+0300][gc,task     ] GC(4) Using 2 workers of 2 for evacuation
[2022-09-01T16:59:10.756+0300][gc,mmu      ] GC(4) MMU target violated: 21,0ms (20,0ms/21,0ms)
[2022-09-01T16:59:10.756+0300][gc,phases   ] GC(4)   Pre Evacuate Collection Set: 11,9ms
[2022-09-01T16:59:10.756+0300][gc,phases   ] GC(4)   Merge Heap Roots: 0,1ms
[2022-09-01T16:59:10.756+0300][gc,phases   ] GC(4)   Evacuate Collection Set: 68,2ms
[2022-09-01T16:59:10.756+0300][gc,phases   ] GC(4)   Post Evacuate Collection Set: 1,7ms
[2022-09-01T16:59:10.756+0300][gc,phases   ] GC(4)   Other: 0,3ms
[2022-09-01T16:59:10.756+0300][gc,heap     ] GC(4) Eden regions: 16->0(49)
[2022-09-01T16:59:10.756+0300][gc,heap     ] GC(4) Survivor regions: 6->2(7)
[2022-09-01T16:59:10.756+0300][gc,heap     ] GC(4) Old regions: 7->13
[2022-09-01T16:59:10.756+0300][gc,heap     ] GC(4) Archive regions: 2->2
[2022-09-01T16:59:10.756+0300][gc,heap     ] GC(4) Humongous regions: 129->129
[2022-09-01T16:59:10.756+0300][gc,metaspace] GC(4) Metaspace: 35586K(35968K)->35586K(35968K) NonClass: 31541K(31744K)->31541K(31744K) Class: 4045K(4224K)->4045K(4224K)
[2022-09-01T16:59:10.756+0300][gc          ] GC(4) Pause Young (Concurrent Start) (Metadata GC Threshold) 157M->143M(1024M) 82,327ms
[2022-09-01T16:59:10.756+0300][gc          ] GC(5) Concurrent Mark Cycle
[2022-09-01T16:59:10.756+0300][gc,marking  ] GC(5) Concurrent Clear Claimed Marks
[2022-09-01T16:59:10.756+0300][gc,marking  ] GC(5) Concurrent Clear Claimed Marks 0,046ms
[2022-09-01T16:59:10.756+0300][gc,marking  ] GC(5) Concurrent Scan Root Regions
[2022-09-01T16:59:10.756+0300][gc,cpu      ] GC(4) User=0,03s Sys=0,01s Real=0,08s
[2022-09-01T16:59:10.803+0300][gc,marking  ] GC(5) Concurrent Scan Root Regions 47,463ms
[2022-09-01T16:59:10.803+0300][gc,marking  ] GC(5) Concurrent Mark
[2022-09-01T16:59:10.803+0300][gc,marking  ] GC(5) Concurrent Mark From Roots
[2022-09-01T16:59:10.803+0300][gc,task     ] GC(5) Using 1 workers of 1 for marking
[2022-09-01T16:59:10.878+0300][gc,marking  ] GC(5) Concurrent Mark From Roots 74,318ms
[2022-09-01T16:59:10.884+0300][gc,marking  ] GC(5) Concurrent Preclean
[2022-09-01T16:59:10.884+0300][gc,marking  ] GC(5) Concurrent Preclean 0,110ms
[2022-09-01T16:59:10.907+0300][gc,start    ] GC(5) Pause Remark
[2022-09-01T16:59:10.913+0300][gc          ] GC(5) Pause Remark 146M->146M(1024M) 6,015ms
[2022-09-01T16:59:10.913+0300][gc,cpu      ] GC(5) User=0,01s Sys=0,00s Real=0,01s
[2022-09-01T16:59:10.916+0300][gc,marking  ] GC(5) Concurrent Mark 112,850ms
[2022-09-01T16:59:10.917+0300][gc,marking  ] GC(5) Concurrent Rebuild Remembered Sets
[2022-09-01T16:59:10.925+0300][gc,marking  ] GC(5) Concurrent Rebuild Remembered Sets 8,022ms
[2022-09-01T16:59:10.925+0300][gc,start    ] GC(5) Pause Cleanup
[2022-09-01T16:59:10.925+0300][gc          ] GC(5) Pause Cleanup 146M->146M(1024M) 0,139ms
[2022-09-01T16:59:10.925+0300][gc,cpu      ] GC(5) User=0,00s Sys=0,00s Real=0,00s
[2022-09-01T16:59:10.925+0300][gc,marking  ] GC(5) Concurrent Cleanup for Next Mark
[2022-09-01T16:59:10.965+0300][gc,marking  ] GC(5) Concurrent Cleanup for Next Mark 39,874ms
[2022-09-01T16:59:10.965+0300][gc          ] GC(5) Concurrent Mark Cycle 209,301ms
[2022-09-01T17:01:40.809+0300][gc,start    ] GC(6) Pause Young (Normal) (G1 Evacuation Pause)
[2022-09-01T17:01:40.809+0300][gc,task     ] GC(6) Using 2 workers of 2 for evacuation
[2022-09-01T17:01:40.818+0300][gc,phases   ] GC(6)   Pre Evacuate Collection Set: 0,3ms
[2022-09-01T17:01:40.818+0300][gc,phases   ] GC(6)   Merge Heap Roots: 0,1ms
[2022-09-01T17:01:40.818+0300][gc,phases   ] GC(6)   Evacuate Collection Set: 7,1ms
[2022-09-01T17:01:40.818+0300][gc,phases   ] GC(6)   Post Evacuate Collection Set: 1,3ms
[2022-09-01T17:01:40.818+0300][gc,phases   ] GC(6)   Other: 0,3ms
[2022-09-01T17:01:40.818+0300][gc,heap     ] GC(6) Eden regions: 49->0(46)
[2022-09-01T17:01:40.818+0300][gc,heap     ] GC(6) Survivor regions: 2->5(7)
[2022-09-01T17:01:40.818+0300][gc,heap     ] GC(6) Old regions: 13->13
[2022-09-01T17:01:40.818+0300][gc,heap     ] GC(6) Archive regions: 2->2
[2022-09-01T17:01:40.818+0300][gc,heap     ] GC(6) Humongous regions: 129->129
[2022-09-01T17:01:40.818+0300][gc,metaspace] GC(6) Metaspace: 41345K(41920K)->41345K(41920K) NonClass: 36556K(36864K)->36556K(36864K) Class: 4788K(5056K)->4788K(5056K)
[2022-09-01T17:01:40.818+0300][gc          ] GC(6) Pause Young (Normal) (G1 Evacuation Pause) 192M->146M(1024M) 9,341ms
[2022-09-01T17:01:40.818+0300][gc,cpu      ] GC(6) User=0,01s Sys=0,01s Real=0,02s
[2022-09-01T17:11:21.898+0300][gc,start    ] GC(7) Pause Young (Normal) (G1 Evacuation Pause)
[2022-09-01T17:11:21.898+0300][gc,task     ] GC(7) Using 2 workers of 2 for evacuation
[2022-09-01T17:11:21.912+0300][gc,phases   ] GC(7)   Pre Evacuate Collection Set: 0,3ms
[2022-09-01T17:11:21.912+0300][gc,phases   ] GC(7)   Merge Heap Roots: 0,2ms
[2022-09-01T17:11:21.912+0300][gc,phases   ] GC(7)   Evacuate Collection Set: 10,0ms
[2022-09-01T17:11:21.912+0300][gc,phases   ] GC(7)   Post Evacuate Collection Set: 2,9ms
[2022-09-01T17:11:21.912+0300][gc,phases   ] GC(7)   Other: 0,1ms
[2022-09-01T17:11:21.912+0300][gc,heap     ] GC(7) Eden regions: 46->0(49)
[2022-09-01T17:11:21.912+0300][gc,heap     ] GC(7) Survivor regions: 5->2(7)
[2022-09-01T17:11:21.912+0300][gc,heap     ] GC(7) Old regions: 13->16
[2022-09-01T17:11:21.912+0300][gc,heap     ] GC(7) Archive regions: 2->2
[2022-09-01T17:11:21.912+0300][gc,heap     ] GC(7) Humongous regions: 129->129
[2022-09-01T17:11:21.912+0300][gc,metaspace] GC(7) Metaspace: 41791K(42432K)->41791K(42432K) NonClass: 36962K(37312K)->36962K(37312K) Class: 4829K(5120K)->4829K(5120K)
[2022-09-01T17:11:21.912+0300][gc          ] GC(7) Pause Young (Normal) (G1 Evacuation Pause) 192M->147M(1024M) 13,652ms
[2022-09-01T17:11:21.912+0300][gc,cpu      ] GC(7) User=0,01s Sys=0,01s Real=0,01s
[2022-09-01T17:21:30.380+0300][gc,start    ] GC(8) Pause Young (Normal) (G1 Evacuation Pause)
[2022-09-01T17:21:30.380+0300][gc,task     ] GC(8) Using 2 workers of 2 for evacuation
[2022-09-01T17:21:30.397+0300][gc,phases   ] GC(8)   Pre Evacuate Collection Set: 0,2ms
[2022-09-01T17:21:30.397+0300][gc,phases   ] GC(8)   Merge Heap Roots: 0,0ms
[2022-09-01T17:21:30.397+0300][gc,phases   ] GC(8)   Evacuate Collection Set: 12,2ms
[2022-09-01T17:21:30.397+0300][gc,phases   ] GC(8)   Post Evacuate Collection Set: 4,2ms
[2022-09-01T17:21:30.397+0300][gc,phases   ] GC(8)   Other: 0,2ms
[2022-09-01T17:21:30.397+0300][gc,heap     ] GC(8) Eden regions: 49->0(46)
[2022-09-01T17:21:30.397+0300][gc,heap     ] GC(8) Survivor regions: 2->5(7)
[2022-09-01T17:21:30.397+0300][gc,heap     ] GC(8) Old regions: 16->16
[2022-09-01T17:21:30.397+0300][gc,heap     ] GC(8) Archive regions: 2->2
[2022-09-01T17:21:30.397+0300][gc,heap     ] GC(8) Humongous regions: 129->129
[2022-09-01T17:21:30.397+0300][gc,metaspace] GC(8) Metaspace: 41880K(42496K)->41880K(42496K) NonClass: 37047K(37376K)->37047K(37376K) Class: 4832K(5120K)->4832K(5120K)
[2022-09-01T17:21:30.397+0300][gc          ] GC(8) Pause Young (Normal) (G1 Evacuation Pause) 196M->150M(1024M) 17,096ms
[2022-09-01T17:21:30.397+0300][gc,cpu      ] GC(8) User=0,01s Sys=0,00s Real=0,01s
[2022-09-01T17:25:25.414+0300][gc,start    ] GC(9) Pause Young (Normal) (G1 Evacuation Pause)
[2022-09-01T17:25:25.414+0300][gc,task     ] GC(9) Using 2 workers of 2 for evacuation
[2022-09-01T17:25:25.428+0300][gc,phases   ] GC(9)   Pre Evacuate Collection Set: 0,3ms
[2022-09-01T17:25:25.428+0300][gc,phases   ] GC(9)   Merge Heap Roots: 0,1ms
[2022-09-01T17:25:25.428+0300][gc,phases   ] GC(9)   Evacuate Collection Set: 11,8ms
[2022-09-01T17:25:25.428+0300][gc,phases   ] GC(9)   Post Evacuate Collection Set: 1,4ms
[2022-09-01T17:25:25.428+0300][gc,phases   ] GC(9)   Other: 0,3ms
[2022-09-01T17:25:25.428+0300][gc,heap     ] GC(9) Eden regions: 46->0(44)
[2022-09-01T17:25:25.428+0300][gc,heap     ] GC(9) Survivor regions: 5->7(7)
[2022-09-01T17:25:25.428+0300][gc,heap     ] GC(9) Old regions: 16->17
[2022-09-01T17:25:25.428+0300][gc,heap     ] GC(9) Archive regions: 2->2
[2022-09-01T17:25:25.428+0300][gc,heap     ] GC(9) Humongous regions: 129->129
[2022-09-01T17:25:25.428+0300][gc,metaspace] GC(9) Metaspace: 43052K(43712K)->43052K(43712K) NonClass: 38024K(38400K)->38024K(38400K) Class: 5027K(5312K)->5027K(5312K)
[2022-09-01T17:25:25.428+0300][gc          ] GC(9) Pause Young (Normal) (G1 Evacuation Pause) 196M->153M(1024M) 14,337ms
[2022-09-01T17:25:25.428+0300][gc,cpu      ] GC(9) User=0,01s Sys=0,01s Real=0,01s
[2022-09-01T17:35:03.738+0300][gc,start    ] GC(10) Pause Young (Normal) (G1 Evacuation Pause)
[2022-09-01T17:35:03.738+0300][gc,task     ] GC(10) Using 2 workers of 2 for evacuation
[2022-09-01T17:35:03.758+0300][gc,phases   ] GC(10)   Pre Evacuate Collection Set: 0,3ms
[2022-09-01T17:35:03.758+0300][gc,phases   ] GC(10)   Merge Heap Roots: 0,1ms
[2022-09-01T17:35:03.758+0300][gc,phases   ] GC(10)   Evacuate Collection Set: 16,7ms
[2022-09-01T17:35:03.758+0300][gc,phases   ] GC(10)   Post Evacuate Collection Set: 2,5ms
[2022-09-01T17:35:03.758+0300][gc,phases   ] GC(10)   Other: 0,1ms
[2022-09-01T17:35:03.758+0300][gc,heap     ] GC(10) Eden regions: 44->0(46)
[2022-09-01T17:35:03.758+0300][gc,heap     ] GC(10) Survivor regions: 7->5(7)
[2022-09-01T17:35:03.758+0300][gc,heap     ] GC(10) Old regions: 17->23
[2022-09-01T17:35:03.758+0300][gc,heap     ] GC(10) Archive regions: 2->2
[2022-09-01T17:35:03.758+0300][gc,heap     ] GC(10) Humongous regions: 129->129
[2022-09-01T17:35:03.758+0300][gc,metaspace] GC(10) Metaspace: 43154K(43776K)->43154K(43776K) NonClass: 38116K(38464K)->38116K(38464K) Class: 5037K(5312K)->5037K(5312K)
[2022-09-01T17:35:03.758+0300][gc          ] GC(10) Pause Young (Normal) (G1 Evacuation Pause) 197M->156M(1024M) 20,158ms
[2022-09-01T17:35:03.758+0300][gc,cpu      ] GC(10) User=0,01s Sys=0,03s Real=0,02s
[2022-09-01T17:47:03.060+0300][gc,start    ] GC(11) Pause Young (Normal) (G1 Evacuation Pause)
[2022-09-01T17:47:03.060+0300][gc,task     ] GC(11) Using 2 workers of 2 for evacuation
[2022-09-01T17:47:03.076+0300][gc,phases   ] GC(11)   Pre Evacuate Collection Set: 0,1ms
[2022-09-01T17:47:03.076+0300][gc,phases   ] GC(11)   Merge Heap Roots: 0,7ms
[2022-09-01T17:47:03.076+0300][gc,phases   ] GC(11)   Evacuate Collection Set: 13,4ms
[2022-09-01T17:47:03.076+0300][gc,phases   ] GC(11)   Post Evacuate Collection Set: 1,2ms
[2022-09-01T17:47:03.076+0300][gc,phases   ] GC(11)   Other: 0,1ms
[2022-09-01T17:47:03.076+0300][gc,heap     ] GC(11) Eden regions: 46->0(47)
[2022-09-01T17:47:03.076+0300][gc,heap     ] GC(11) Survivor regions: 5->4(7)
[2022-09-01T17:47:03.076+0300][gc,heap     ] GC(11) Old regions: 23->26
[2022-09-01T17:47:03.076+0300][gc,heap     ] GC(11) Archive regions: 2->2
[2022-09-01T17:47:03.076+0300][gc,heap     ] GC(11) Humongous regions: 129->129
[2022-09-01T17:47:03.076+0300][gc,metaspace] GC(11) Metaspace: 43255K(43904K)->43255K(43904K) NonClass: 38217K(38592K)->38217K(38592K) Class: 5038K(5312K)->5038K(5312K)
[2022-09-01T17:47:03.076+0300][gc          ] GC(11) Pause Young (Normal) (G1 Evacuation Pause) 202M->159M(1024M) 15,705ms
[2022-09-01T17:47:03.076+0300][gc,cpu      ] GC(11) User=0,02s Sys=0,00s Real=0,01s
[2022-09-01T17:47:52.235+0300][gc,start    ] GC(12) Pause Young (Normal) (G1 Evacuation Pause)
[2022-09-01T17:47:52.235+0300][gc,task     ] GC(12) Using 2 workers of 2 for evacuation
[2022-09-01T17:47:52.271+0300][gc,mmu      ] GC(12) MMU target violated: 21,0ms (20,0ms/21,0ms)
[2022-09-01T17:47:52.271+0300][gc,phases   ] GC(12)   Pre Evacuate Collection Set: 0,4ms
[2022-09-01T17:47:52.271+0300][gc,phases   ] GC(12)   Merge Heap Roots: 0,1ms
[2022-09-01T17:47:52.271+0300][gc,phases   ] GC(12)   Evacuate Collection Set: 34,2ms
[2022-09-01T17:47:52.271+0300][gc,phases   ] GC(12)   Post Evacuate Collection Set: 1,2ms
[2022-09-01T17:47:52.271+0300][gc,phases   ] GC(12)   Other: 0,1ms
[2022-09-01T17:47:52.271+0300][gc,heap     ] GC(12) Eden regions: 47->0(45)
[2022-09-01T17:47:52.271+0300][gc,heap     ] GC(12) Survivor regions: 4->6(7)
[2022-09-01T17:47:52.271+0300][gc,heap     ] GC(12) Old regions: 26->26
[2022-09-01T17:47:52.271+0300][gc,heap     ] GC(12) Archive regions: 2->2
[2022-09-01T17:47:52.271+0300][gc,heap     ] GC(12) Humongous regions: 129->129
[2022-09-01T17:47:52.271+0300][gc,metaspace] GC(12) Metaspace: 43861K(44544K)->43861K(44544K) NonClass: 38823K(39232K)->38823K(39232K) Class: 5038K(5312K)->5038K(5312K)
[2022-09-01T17:47:52.271+0300][gc          ] GC(12) Pause Young (Normal) (G1 Evacuation Pause) 206M->161M(1024M) 36,118ms
[2022-09-01T17:47:52.271+0300][gc,cpu      ] GC(12) User=0,01s Sys=0,01s Real=0,04s
[2022-09-01T17:48:00.430+0300][gc,start    ] GC(13) Pause Young (Normal) (G1 Evacuation Pause)
[2022-09-01T17:48:00.431+0300][gc,task     ] GC(13) Using 2 workers of 2 for evacuation
[2022-09-01T17:48:00.458+0300][gc,mmu      ] GC(13) MMU target violated: 21,0ms (20,0ms/21,0ms)
[2022-09-01T17:48:00.458+0300][gc,phases   ] GC(13)   Pre Evacuate Collection Set: 3,6ms
[2022-09-01T17:48:00.458+0300][gc,phases   ] GC(13)   Merge Heap Roots: 0,1ms
[2022-09-01T17:48:00.458+0300][gc,phases   ] GC(13)   Evacuate Collection Set: 23,3ms
[2022-09-01T17:48:00.458+0300][gc,phases   ] GC(13)   Post Evacuate Collection Set: 0,5ms
[2022-09-01T17:48:00.458+0300][gc,phases   ] GC(13)   Other: 0,1ms
[2022-09-01T17:48:00.458+0300][gc,heap     ] GC(13) Eden regions: 45->0(46)
[2022-09-01T17:48:00.458+0300][gc,heap     ] GC(13) Survivor regions: 6->5(7)
[2022-09-01T17:48:00.458+0300][gc,heap     ] GC(13) Old regions: 26->29
[2022-09-01T17:48:00.458+0300][gc,heap     ] GC(13) Archive regions: 2->2
[2022-09-01T17:48:00.458+0300][gc,heap     ] GC(13) Humongous regions: 129->129
[2022-09-01T17:48:00.458+0300][gc,metaspace] GC(13) Metaspace: 43972K(44608K)->43972K(44608K) NonClass: 38934K(39296K)->38934K(39296K) Class: 5038K(5312K)->5038K(5312K)
[2022-09-01T17:48:00.458+0300][gc          ] GC(13) Pause Young (Normal) (G1 Evacuation Pause) 206M->163M(1024M) 27,798ms
[2022-09-01T17:48:00.458+0300][gc,cpu      ] GC(13) User=0,01s Sys=0,01s Real=0,01s
[2022-09-01T17:48:09.409+0300][gc,start    ] GC(14) Pause Young (Normal) (G1 Evacuation Pause)
[2022-09-01T17:48:09.409+0300][gc,task     ] GC(14) Using 2 workers of 2 for evacuation
[2022-09-01T17:48:09.480+0300][gc,mmu      ] GC(14) MMU target violated: 21,0ms (20,0ms/21,0ms)
[2022-09-01T17:48:09.481+0300][gc,phases   ] GC(14)   Pre Evacuate Collection Set: 0,3ms
[2022-09-01T17:48:09.481+0300][gc,phases   ] GC(14)   Merge Heap Roots: 0,1ms
[2022-09-01T17:48:09.481+0300][gc,phases   ] GC(14)   Evacuate Collection Set: 58,2ms
[2022-09-01T17:48:09.481+0300][gc,phases   ] GC(14)   Post Evacuate Collection Set: 12,3ms
[2022-09-01T17:48:09.481+0300][gc,phases   ] GC(14)   Other: 1,5ms
[2022-09-01T17:48:09.481+0300][gc,heap     ] GC(14) Eden regions: 46->0(47)
[2022-09-01T17:48:09.481+0300][gc,heap     ] GC(14) Survivor regions: 5->4(7)
[2022-09-01T17:48:09.481+0300][gc,heap     ] GC(14) Old regions: 29->32
[2022-09-01T17:48:09.481+0300][gc,heap     ] GC(14) Archive regions: 2->2
[2022-09-01T17:48:09.481+0300][gc,heap     ] GC(14) Humongous regions: 129->129
[2022-09-01T17:48:09.481+0300][gc,metaspace] GC(14) Metaspace: 44030K(44672K)->44030K(44672K) NonClass: 38992K(39360K)->38992K(39360K) Class: 5038K(5312K)->5038K(5312K)
[2022-09-01T17:48:09.481+0300][gc          ] GC(14) Pause Young (Normal) (G1 Evacuation Pause) 209M->164M(1024M) 72,505ms
[2022-09-01T17:48:09.481+0300][gc,cpu      ] GC(14) User=0,03s Sys=0,04s Real=0,08s
[2022-09-01T17:48:17.291+0300][gc,start    ] GC(15) Pause Young (Normal) (G1 Evacuation Pause)
[2022-09-01T17:48:17.291+0300][gc,task     ] GC(15) Using 2 workers of 2 for evacuation
[2022-09-01T17:48:17.313+0300][gc,mmu      ] GC(15) MMU target violated: 21,0ms (20,0ms/21,0ms)
[2022-09-01T17:48:17.313+0300][gc,phases   ] GC(15)   Pre Evacuate Collection Set: 0,1ms
[2022-09-01T17:48:17.313+0300][gc,phases   ] GC(15)   Merge Heap Roots: 0,1ms
[2022-09-01T17:48:17.313+0300][gc,phases   ] GC(15)   Evacuate Collection Set: 21,6ms
[2022-09-01T17:48:17.313+0300][gc,phases   ] GC(15)   Post Evacuate Collection Set: 0,4ms
[2022-09-01T17:48:17.313+0300][gc,phases   ] GC(15)   Other: 0,1ms
[2022-09-01T17:48:17.313+0300][gc,heap     ] GC(15) Eden regions: 47->0(46)
[2022-09-01T17:48:17.313+0300][gc,heap     ] GC(15) Survivor regions: 4->5(7)
[2022-09-01T17:48:17.313+0300][gc,heap     ] GC(15) Old regions: 32->32
[2022-09-01T17:48:17.315+0300][gc,heap     ] GC(15) Archive regions: 2->2
[2022-09-01T17:48:17.315+0300][gc,heap     ] GC(15) Humongous regions: 129->129
[2022-09-01T17:48:17.315+0300][gc,metaspace] GC(15) Metaspace: 44040K(44672K)->44040K(44672K) NonClass: 39002K(39360K)->39002K(39360K) Class: 5038K(5312K)->5038K(5312K)
[2022-09-01T17:48:17.315+0300][gc          ] GC(15) Pause Young (Normal) (G1 Evacuation Pause) 211M->166M(1024M) 24,039ms
[2022-09-01T17:48:17.315+0300][gc,cpu      ] GC(15) User=0,01s Sys=0,01s Real=0,03s
[2022-09-01T17:48:28.721+0300][gc,start    ] GC(16) Pause Young (Normal) (G1 Evacuation Pause)
[2022-09-01T17:48:28.721+0300][gc,task     ] GC(16) Using 2 workers of 2 for evacuation
[2022-09-01T17:48:28.738+0300][gc,phases   ] GC(16)   Pre Evacuate Collection Set: 0,1ms
[2022-09-01T17:48:28.738+0300][gc,phases   ] GC(16)   Merge Heap Roots: 0,1ms
[2022-09-01T17:48:28.738+0300][gc,phases   ] GC(16)   Evacuate Collection Set: 16,4ms
[2022-09-01T17:48:28.738+0300][gc,phases   ] GC(16)   Post Evacuate Collection Set: 0,7ms
[2022-09-01T17:48:28.738+0300][gc,phases   ] GC(16)   Other: 0,1ms
[2022-09-01T17:48:28.738+0300][gc,heap     ] GC(16) Eden regions: 46->0(47)
[2022-09-01T17:48:28.738+0300][gc,heap     ] GC(16) Survivor regions: 5->4(7)
[2022-09-01T17:48:28.738+0300][gc,heap     ] GC(16) Old regions: 32->34
[2022-09-01T17:48:28.738+0300][gc,heap     ] GC(16) Archive regions: 2->2
[2022-09-01T17:48:28.738+0300][gc,heap     ] GC(16) Humongous regions: 129->129
[2022-09-01T17:48:28.738+0300][gc,metaspace] GC(16) Metaspace: 44042K(44672K)->44042K(44672K) NonClass: 39003K(39360K)->39003K(39360K) Class: 5038K(5312K)->5038K(5312K)
[2022-09-01T17:48:28.739+0300][gc          ] GC(16) Pause Young (Normal) (G1 Evacuation Pause) 212M->167M(1024M) 17,645ms
[2022-09-01T17:48:28.739+0300][gc,cpu      ] GC(16) User=0,01s Sys=0,01s Real=0,02s
[2022-09-01T17:48:37.739+0300][gc,start    ] GC(17) Pause Young (Normal) (G1 Evacuation Pause)
[2022-09-01T17:48:37.740+0300][gc,task     ] GC(17) Using 2 workers of 2 for evacuation
[2022-09-01T17:48:37.751+0300][gc,phases   ] GC(17)   Pre Evacuate Collection Set: 0,1ms
[2022-09-01T17:48:37.752+0300][gc,phases   ] GC(17)   Merge Heap Roots: 0,1ms
[2022-09-01T17:48:37.752+0300][gc,phases   ] GC(17)   Evacuate Collection Set: 9,9ms
[2022-09-01T17:48:37.752+0300][gc,phases   ] GC(17)   Post Evacuate Collection Set: 1,7ms
[2022-09-01T17:48:37.752+0300][gc,phases   ] GC(17)   Other: 0,1ms
[2022-09-01T17:48:37.752+0300][gc,heap     ] GC(17) Eden regions: 47->0(46)
[2022-09-01T17:48:37.752+0300][gc,heap     ] GC(17) Survivor regions: 4->5(7)
[2022-09-01T17:48:37.752+0300][gc,heap     ] GC(17) Old regions: 34->34
[2022-09-01T17:48:37.752+0300][gc,heap     ] GC(17) Archive regions: 2->2
[2022-09-01T17:48:37.752+0300][gc,heap     ] GC(17) Humongous regions: 129->129
[2022-09-01T17:48:37.752+0300][gc,metaspace] GC(17) Metaspace: 44042K(44672K)->44042K(44672K) NonClass: 39003K(39360K)->39003K(39360K) Class: 5038K(5312K)->5038K(5312K)
[2022-09-01T17:48:37.752+0300][gc          ] GC(17) Pause Young (Normal) (G1 Evacuation Pause) 214M->168M(1024M) 12,125ms
[2022-09-01T17:48:37.752+0300][gc,cpu      ] GC(17) User=0,01s Sys=0,01s Real=0,01s
[2022-09-01T17:48:45.343+0300][gc,start    ] GC(18) Pause Young (Normal) (G1 Evacuation Pause)
[2022-09-01T17:48:45.344+0300][gc,task     ] GC(18) Using 2 workers of 2 for evacuation
[2022-09-01T17:48:45.381+0300][gc,mmu      ] GC(18) MMU target violated: 21,0ms (20,0ms/21,0ms)
[2022-09-01T17:48:45.381+0300][gc,phases   ] GC(18)   Pre Evacuate Collection Set: 0,1ms
[2022-09-01T17:48:45.381+0300][gc,phases   ] GC(18)   Merge Heap Roots: 0,2ms
[2022-09-01T17:48:45.381+0300][gc,phases   ] GC(18)   Evacuate Collection Set: 36,6ms
[2022-09-01T17:48:45.381+0300][gc,phases   ] GC(18)   Post Evacuate Collection Set: 0,5ms
[2022-09-01T17:48:45.381+0300][gc,phases   ] GC(18)   Other: 0,2ms
[2022-09-01T17:48:45.381+0300][gc,heap     ] GC(18) Eden regions: 46->0(47)
[2022-09-01T17:48:45.381+0300][gc,heap     ] GC(18) Survivor regions: 5->4(7)
[2022-09-01T17:48:45.381+0300][gc,heap     ] GC(18) Old regions: 34->35
[2022-09-01T17:48:45.381+0300][gc,heap     ] GC(18) Archive regions: 2->2
[2022-09-01T17:48:45.381+0300][gc,heap     ] GC(18) Humongous regions: 129->129
[2022-09-01T17:48:45.381+0300][gc,metaspace] GC(18) Metaspace: 44042K(44672K)->44042K(44672K) NonClass: 39004K(39360K)->39004K(39360K) Class: 5038K(5312K)->5038K(5312K)
[2022-09-01T17:48:45.381+0300][gc          ] GC(18) Pause Young (Normal) (G1 Evacuation Pause) 214M->168M(1024M) 37,795ms
[2022-09-01T17:48:45.381+0300][gc,cpu      ] GC(18) User=0,02s Sys=0,01s Real=0,04s
[2022-09-01T17:48:52.364+0300][gc,start    ] GC(19) Pause Young (Normal) (G1 Evacuation Pause)
[2022-09-01T17:48:52.364+0300][gc,task     ] GC(19) Using 2 workers of 2 for evacuation
[2022-09-01T17:48:52.388+0300][gc,mmu      ] GC(19) MMU target violated: 21,0ms (20,0ms/21,0ms)
[2022-09-01T17:48:52.388+0300][gc,phases   ] GC(19)   Pre Evacuate Collection Set: 1,1ms
[2022-09-01T17:48:52.388+0300][gc,phases   ] GC(19)   Merge Heap Roots: 1,1ms
[2022-09-01T17:48:52.388+0300][gc,phases   ] GC(19)   Evacuate Collection Set: 21,7ms
[2022-09-01T17:48:52.388+0300][gc,phases   ] GC(19)   Post Evacuate Collection Set: 0,5ms
[2022-09-01T17:48:52.388+0300][gc,phases   ] GC(19)   Other: 0,1ms
[2022-09-01T17:48:52.388+0300][gc,heap     ] GC(19) Eden regions: 47->0(47)
[2022-09-01T17:48:52.388+0300][gc,heap     ] GC(19) Survivor regions: 4->4(7)
[2022-09-01T17:48:52.388+0300][gc,heap     ] GC(19) Old regions: 35->36
[2022-09-01T17:48:52.388+0300][gc,heap     ] GC(19) Archive regions: 2->2
[2022-09-01T17:48:52.388+0300][gc,heap     ] GC(19) Humongous regions: 129->129
[2022-09-01T17:48:52.388+0300][gc,metaspace] GC(19) Metaspace: 44042K(44672K)->44042K(44672K) NonClass: 39004K(39360K)->39004K(39360K) Class: 5038K(5312K)->5038K(5312K)
[2022-09-01T17:48:52.389+0300][gc          ] GC(19) Pause Young (Normal) (G1 Evacuation Pause) 215M->169M(1024M) 24,708ms
[2022-09-01T17:48:52.389+0300][gc,cpu      ] GC(19) User=0,01s Sys=0,02s Real=0,02s
[2022-09-01T17:48:59.140+0300][gc,start    ] GC(20) Pause Young (Normal) (G1 Evacuation Pause)
[2022-09-01T17:48:59.140+0300][gc,task     ] GC(20) Using 2 workers of 2 for evacuation
[2022-09-01T17:48:59.161+0300][gc,mmu      ] GC(20) MMU target violated: 20,5ms (20,0ms/21,0ms)
[2022-09-01T17:48:59.161+0300][gc,phases   ] GC(20)   Pre Evacuate Collection Set: 0,2ms
[2022-09-01T17:48:59.161+0300][gc,phases   ] GC(20)   Merge Heap Roots: 0,2ms
[2022-09-01T17:48:59.161+0300][gc,phases   ] GC(20)   Evacuate Collection Set: 18,9ms
[2022-09-01T17:48:59.161+0300][gc,phases   ] GC(20)   Post Evacuate Collection Set: 1,2ms
[2022-09-01T17:48:59.161+0300][gc,phases   ] GC(20)   Other: 0,4ms
[2022-09-01T17:48:59.161+0300][gc,heap     ] GC(20) Eden regions: 47->0(47)
[2022-09-01T17:48:59.161+0300][gc,heap     ] GC(20) Survivor regions: 4->4(7)
[2022-09-01T17:48:59.161+0300][gc,heap     ] GC(20) Old regions: 36->36
[2022-09-01T17:48:59.161+0300][gc,heap     ] GC(20) Archive regions: 2->2
[2022-09-01T17:48:59.161+0300][gc,heap     ] GC(20) Humongous regions: 129->129
[2022-09-01T17:48:59.161+0300][gc,metaspace] GC(20) Metaspace: 44042K(44672K)->44042K(44672K) NonClass: 39004K(39360K)->39004K(39360K) Class: 5038K(5312K)->5038K(5312K)
[2022-09-01T17:48:59.161+0300][gc          ] GC(20) Pause Young (Normal) (G1 Evacuation Pause) 216M->169M(1024M) 21,026ms
[2022-09-01T17:48:59.161+0300][gc,cpu      ] GC(20) User=0,02s Sys=0,00s Real=0,02s
[2022-09-01T17:49:06.786+0300][gc,start    ] GC(21) Pause Young (Normal) (G1 Evacuation Pause)
[2022-09-01T17:49:06.786+0300][gc,task     ] GC(21) Using 2 workers of 2 for evacuation
[2022-09-01T17:49:06.805+0300][gc,phases   ] GC(21)   Pre Evacuate Collection Set: 0,3ms
[2022-09-01T17:49:06.805+0300][gc,phases   ] GC(21)   Merge Heap Roots: 0,1ms
[2022-09-01T17:49:06.805+0300][gc,phases   ] GC(21)   Evacuate Collection Set: 18,1ms
[2022-09-01T17:49:06.805+0300][gc,phases   ] GC(21)   Post Evacuate Collection Set: 0,5ms
[2022-09-01T17:49:06.805+0300][gc,phases   ] GC(21)   Other: 0,1ms
[2022-09-01T17:49:06.805+0300][gc,heap     ] GC(21) Eden regions: 47->0(64)
[2022-09-01T17:49:06.805+0300][gc,heap     ] GC(21) Survivor regions: 4->4(7)
[2022-09-01T17:49:06.805+0300][gc,heap     ] GC(21) Old regions: 36->37
[2022-09-01T17:49:06.805+0300][gc,heap     ] GC(21) Archive regions: 2->2
[2022-09-01T17:49:06.805+0300][gc,heap     ] GC(21) Humongous regions: 129->129
[2022-09-01T17:49:06.805+0300][gc,metaspace] GC(21) Metaspace: 44044K(44672K)->44044K(44672K) NonClass: 39005K(39360K)->39005K(39360K) Class: 5038K(5312K)->5038K(5312K)
[2022-09-01T17:49:06.805+0300][gc          ] GC(21) Pause Young (Normal) (G1 Evacuation Pause) 216M->170M(1024M) 19,329ms
[2022-09-01T17:49:06.805+0300][gc,cpu      ] GC(21) User=0,01s Sys=0,01s Real=0,02s
[2022-09-01T17:49:14.383+0300][gc,start    ] GC(22) Pause Young (Normal) (G1 Evacuation Pause)
[2022-09-01T17:49:14.384+0300][gc,task     ] GC(22) Using 2 workers of 2 for evacuation
[2022-09-01T17:49:14.408+0300][gc,mmu      ] GC(22) MMU target violated: 21,0ms (20,0ms/21,0ms)
[2022-09-01T17:49:14.408+0300][gc,phases   ] GC(22)   Pre Evacuate Collection Set: 0,1ms
[2022-09-01T17:49:14.408+0300][gc,phases   ] GC(22)   Merge Heap Roots: 0,2ms
[2022-09-01T17:49:14.408+0300][gc,phases   ] GC(22)   Evacuate Collection Set: 23,0ms
[2022-09-01T17:49:14.408+0300][gc,phases   ] GC(22)   Post Evacuate Collection Set: 0,5ms
[2022-09-01T17:49:14.408+0300][gc,phases   ] GC(22)   Other: 0,4ms
[2022-09-01T17:49:14.408+0300][gc,heap     ] GC(22) Eden regions: 47->0(46)
[2022-09-01T17:49:14.408+0300][gc,heap     ] GC(22) Survivor regions: 4->5(7)
[2022-09-01T17:49:14.408+0300][gc,heap     ] GC(22) Old regions: 37->37
[2022-09-01T17:49:14.408+0300][gc,heap     ] GC(22) Archive regions: 2->2
[2022-09-01T17:49:14.408+0300][gc,heap     ] GC(22) Humongous regions: 129->129
[2022-09-01T17:49:14.408+0300][gc,metaspace] GC(22) Metaspace: 44044K(44672K)->44044K(44672K) NonClass: 39005K(39360K)->39005K(39360K) Class: 5038K(5312K)->5038K(5312K)
[2022-09-01T17:49:14.408+0300][gc          ] GC(22) Pause Young (Normal) (G1 Evacuation Pause) 217M->171M(1024M) 24,401ms
[2022-09-01T17:49:14.408+0300][gc,cpu      ] GC(22) User=0,00s Sys=0,02s Real=0,02s
[2022-09-01T17:49:21.189+0300][gc,start    ] GC(23) Pause Young (Normal) (G1 Evacuation Pause)
[2022-09-01T17:49:21.189+0300][gc,task     ] GC(23) Using 2 workers of 2 for evacuation
[2022-09-01T17:49:21.249+0300][gc,mmu      ] GC(23) MMU target violated: 21,0ms (20,0ms/21,0ms)
[2022-09-01T17:49:21.249+0300][gc,phases   ] GC(23)   Pre Evacuate Collection Set: 0,1ms
[2022-09-01T17:49:21.249+0300][gc,phases   ] GC(23)   Merge Heap Roots: 0,1ms
[2022-09-01T17:49:21.249+0300][gc,phases   ] GC(23)   Evacuate Collection Set: 58,8ms
[2022-09-01T17:49:21.249+0300][gc,phases   ] GC(23)   Post Evacuate Collection Set: 0,8ms
[2022-09-01T17:49:21.249+0300][gc,phases   ] GC(23)   Other: 0,1ms
[2022-09-01T17:49:21.249+0300][gc,heap     ] GC(23) Eden regions: 46->0(108)
[2022-09-01T17:49:21.249+0300][gc,heap     ] GC(23) Survivor regions: 5->4(7)
[2022-09-01T17:49:21.249+0300][gc,heap     ] GC(23) Old regions: 37->38
[2022-09-01T17:49:21.249+0300][gc,heap     ] GC(23) Archive regions: 2->2
[2022-09-01T17:49:21.249+0300][gc,heap     ] GC(23) Humongous regions: 129->129
[2022-09-01T17:49:21.249+0300][gc,metaspace] GC(23) Metaspace: 44044K(44672K)->44044K(44672K) NonClass: 39005K(39360K)->39005K(39360K) Class: 5038K(5312K)->5038K(5312K)
[2022-09-01T17:49:21.249+0300][gc          ] GC(23) Pause Young (Normal) (G1 Evacuation Pause) 217M->171M(1024M) 60,054ms
[2022-09-01T17:49:21.249+0300][gc,cpu      ] GC(23) User=0,01s Sys=0,01s Real=0,06s
[2022-09-01T17:49:28.973+0300][gc,start    ] GC(24) Pause Young (Normal) (G1 Evacuation Pause)
[2022-09-01T17:49:28.973+0300][gc,task     ] GC(24) Using 2 workers of 2 for evacuation
[2022-09-01T17:49:28.997+0300][gc,mmu      ] GC(24) MMU target violated: 21,0ms (20,0ms/21,0ms)
[2022-09-01T17:49:28.997+0300][gc,phases   ] GC(24)   Pre Evacuate Collection Set: 0,2ms
[2022-09-01T17:49:28.997+0300][gc,phases   ] GC(24)   Merge Heap Roots: 0,2ms
[2022-09-01T17:49:28.997+0300][gc,phases   ] GC(24)   Evacuate Collection Set: 23,1ms
[2022-09-01T17:49:28.997+0300][gc,phases   ] GC(24)   Post Evacuate Collection Set: 0,6ms
[2022-09-01T17:49:28.997+0300][gc,phases   ] GC(24)   Other: 0,2ms
[2022-09-01T17:49:28.997+0300][gc,heap     ] GC(24) Eden regions: 51->0(58)
[2022-09-01T17:49:28.997+0300][gc,heap     ] GC(24) Survivor regions: 4->4(7)
[2022-09-01T17:49:28.997+0300][gc,heap     ] GC(24) Old regions: 38->39
[2022-09-01T17:49:28.997+0300][gc,heap     ] GC(24) Archive regions: 2->2
[2022-09-01T17:49:28.997+0300][gc,heap     ] GC(24) Humongous regions: 129->129
[2022-09-01T17:49:28.997+0300][gc,metaspace] GC(24) Metaspace: 44044K(44672K)->44044K(44672K) NonClass: 39005K(39360K)->39005K(39360K) Class: 5038K(5312K)->5038K(5312K)
[2022-09-01T17:49:28.997+0300][gc          ] GC(24) Pause Young (Normal) (G1 Evacuation Pause) 222M->171M(1024M) 24,366ms
[2022-09-01T17:49:28.997+0300][gc,cpu      ] GC(24) User=0,01s Sys=0,01s Real=0,02s
[2022-09-01T17:49:35.861+0300][gc,start    ] GC(25) Pause Young (Normal) (G1 Evacuation Pause)
[2022-09-01T17:49:35.861+0300][gc,task     ] GC(25) Using 2 workers of 2 for evacuation
[2022-09-01T17:49:35.878+0300][gc,phases   ] GC(25)   Pre Evacuate Collection Set: 0,4ms
[2022-09-01T17:49:35.878+0300][gc,phases   ] GC(25)   Merge Heap Roots: 0,5ms
[2022-09-01T17:49:35.878+0300][gc,phases   ] GC(25)   Evacuate Collection Set: 12,2ms
[2022-09-01T17:49:35.878+0300][gc,phases   ] GC(25)   Post Evacuate Collection Set: 3,1ms
[2022-09-01T17:49:35.878+0300][gc,phases   ] GC(25)   Other: 0,1ms
[2022-09-01T17:49:35.878+0300][gc,heap     ] GC(25) Eden regions: 47->0(81)
[2022-09-01T17:49:35.878+0300][gc,heap     ] GC(25) Survivor regions: 4->4(7)
[2022-09-01T17:49:35.878+0300][gc,heap     ] GC(25) Old regions: 39->39
[2022-09-01T17:49:35.878+0300][gc,heap     ] GC(25) Archive regions: 2->2
[2022-09-01T17:49:35.878+0300][gc,heap     ] GC(25) Humongous regions: 129->129
[2022-09-01T17:49:35.878+0300][gc,metaspace] GC(25) Metaspace: 44044K(44672K)->44044K(44672K) NonClass: 39005K(39360K)->39005K(39360K) Class: 5038K(5312K)->5038K(5312K)
[2022-09-01T17:49:35.878+0300][gc          ] GC(25) Pause Young (Normal) (G1 Evacuation Pause) 218M->172M(1024M) 16,517ms
[2022-09-01T17:49:35.878+0300][gc,cpu      ] GC(25) User=0,00s Sys=0,02s Real=0,02s
[2022-09-01T17:49:47.496+0300][gc,start    ] GC(26) Pause Young (Normal) (G1 Evacuation Pause)
[2022-09-01T17:49:47.496+0300][gc,task     ] GC(26) Using 2 workers of 2 for evacuation
[2022-09-01T17:49:47.524+0300][gc,mmu      ] GC(26) MMU target violated: 21,0ms (20,0ms/21,0ms)
[2022-09-01T17:49:47.524+0300][gc,phases   ] GC(26)   Pre Evacuate Collection Set: 0,2ms
[2022-09-01T17:49:47.524+0300][gc,phases   ] GC(26)   Merge Heap Roots: 0,1ms
[2022-09-01T17:49:47.525+0300][gc,phases   ] GC(26)   Evacuate Collection Set: 27,0ms
[2022-09-01T17:49:47.525+0300][gc,phases   ] GC(26)   Post Evacuate Collection Set: 1,2ms
[2022-09-01T17:49:47.525+0300][gc,phases   ] GC(26)   Other: 0,2ms
[2022-09-01T17:49:47.525+0300][gc,heap     ] GC(26) Eden regions: 81->0(46)
[2022-09-01T17:49:47.525+0300][gc,heap     ] GC(26) Survivor regions: 4->5(11)
[2022-09-01T17:49:47.525+0300][gc,heap     ] GC(26) Old regions: 39->39
[2022-09-01T17:49:47.525+0300][gc,heap     ] GC(26) Archive regions: 2->2
[2022-09-01T17:49:47.525+0300][gc,heap     ] GC(26) Humongous regions: 129->129
[2022-09-01T17:49:47.525+0300][gc,metaspace] GC(26) Metaspace: 44046K(44672K)->44046K(44672K) NonClass: 39008K(39360K)->39008K(39360K) Class: 5038K(5312K)->5038K(5312K)
[2022-09-01T17:49:47.525+0300][gc          ] GC(26) Pause Young (Normal) (G1 Evacuation Pause) 253M->173M(1024M) 28,807ms
[2022-09-01T17:49:47.525+0300][gc,cpu      ] GC(26) User=0,02s Sys=0,00s Real=0,03s
[2022-09-01T17:49:53.973+0300][gc,start    ] GC(27) Pause Young (Normal) (G1 Evacuation Pause)
[2022-09-01T17:49:53.973+0300][gc,task     ] GC(27) Using 2 workers of 2 for evacuation
[2022-09-01T17:49:54.002+0300][gc,mmu      ] GC(27) MMU target violated: 21,0ms (20,0ms/21,0ms)
[2022-09-01T17:49:54.002+0300][gc,phases   ] GC(27)   Pre Evacuate Collection Set: 0,1ms
[2022-09-01T17:49:54.003+0300][gc,phases   ] GC(27)   Merge Heap Roots: 0,2ms
[2022-09-01T17:49:54.003+0300][gc,phases   ] GC(27)   Evacuate Collection Set: 28,7ms
[2022-09-01T17:49:54.003+0300][gc,phases   ] GC(27)   Post Evacuate Collection Set: 0,6ms
[2022-09-01T17:49:54.003+0300][gc,phases   ] GC(27)   Other: 0,1ms
[2022-09-01T17:49:54.003+0300][gc,heap     ] GC(27) Eden regions: 46->0(47)
[2022-09-01T17:49:54.003+0300][gc,heap     ] GC(27) Survivor regions: 5->4(7)
[2022-09-01T17:49:54.003+0300][gc,heap     ] GC(27) Old regions: 39->40
[2022-09-01T17:49:54.003+0300][gc,heap     ] GC(27) Archive regions: 2->2
[2022-09-01T17:49:54.003+0300][gc,heap     ] GC(27) Humongous regions: 129->129
[2022-09-01T17:49:54.003+0300][gc,metaspace] GC(27) Metaspace: 44046K(44672K)->44046K(44672K) NonClass: 39008K(39360K)->39008K(39360K) Class: 5038K(5312K)->5038K(5312K)
[2022-09-01T17:49:54.003+0300][gc          ] GC(27) Pause Young (Normal) (G1 Evacuation Pause) 219M->173M(1024M) 29,780ms
[2022-09-01T17:49:54.003+0300][gc,cpu      ] GC(27) User=0,01s Sys=0,01s Real=0,03s
[2022-09-01T17:50:00.528+0300][gc,start    ] GC(28) Pause Young (Normal) (G1 Evacuation Pause)
[2022-09-01T17:50:00.528+0300][gc,task     ] GC(28) Using 2 workers of 2 for evacuation
[2022-09-01T17:50:00.566+0300][gc,mmu      ] GC(28) MMU target violated: 21,0ms (20,0ms/21,0ms)
[2022-09-01T17:50:00.566+0300][gc,phases   ] GC(28)   Pre Evacuate Collection Set: 0,1ms
[2022-09-01T17:50:00.566+0300][gc,phases   ] GC(28)   Merge Heap Roots: 0,2ms
[2022-09-01T17:50:00.566+0300][gc,phases   ] GC(28)   Evacuate Collection Set: 36,4ms
[2022-09-01T17:50:00.566+0300][gc,phases   ] GC(28)   Post Evacuate Collection Set: 0,5ms
[2022-09-01T17:50:00.566+0300][gc,phases   ] GC(28)   Other: 0,1ms
[2022-09-01T17:50:00.566+0300][gc,heap     ] GC(28) Eden regions: 47->0(47)
[2022-09-01T17:50:00.566+0300][gc,heap     ] GC(28) Survivor regions: 4->4(7)
[2022-09-01T17:50:00.566+0300][gc,heap     ] GC(28) Old regions: 40->41
[2022-09-01T17:50:00.566+0300][gc,heap     ] GC(28) Archive regions: 2->2
[2022-09-01T17:50:00.566+0300][gc,heap     ] GC(28) Humongous regions: 129->129
[2022-09-01T17:50:00.566+0300][gc,metaspace] GC(28) Metaspace: 44046K(44672K)->44046K(44672K) NonClass: 39008K(39360K)->39008K(39360K) Class: 5038K(5312K)->5038K(5312K)
[2022-09-01T17:50:00.566+0300][gc          ] GC(28) Pause Young (Normal) (G1 Evacuation Pause) 220M->174M(1024M) 37,433ms
[2022-09-01T17:50:00.566+0300][gc,cpu      ] GC(28) User=0,02s Sys=0,00s Real=0,04s
[2022-09-01T17:50:07.066+0300][gc,start    ] GC(29) Pause Young (Normal) (G1 Evacuation Pause)
[2022-09-01T17:50:07.066+0300][gc,task     ] GC(29) Using 2 workers of 2 for evacuation
[2022-09-01T17:50:07.098+0300][gc,mmu      ] GC(29) MMU target violated: 21,0ms (20,0ms/21,0ms)
[2022-09-01T17:50:07.098+0300][gc,phases   ] GC(29)   Pre Evacuate Collection Set: 0,2ms
[2022-09-01T17:50:07.098+0300][gc,phases   ] GC(29)   Merge Heap Roots: 0,2ms
[2022-09-01T17:50:07.098+0300][gc,phases   ] GC(29)   Evacuate Collection Set: 30,4ms
[2022-09-01T17:50:07.098+0300][gc,phases   ] GC(29)   Post Evacuate Collection Set: 1,2ms
[2022-09-01T17:50:07.098+0300][gc,phases   ] GC(29)   Other: 0,1ms
[2022-09-01T17:50:07.098+0300][gc,heap     ] GC(29) Eden regions: 47->0(47)
[2022-09-01T17:50:07.098+0300][gc,heap     ] GC(29) Survivor regions: 4->4(7)
[2022-09-01T17:50:07.098+0300][gc,heap     ] GC(29) Old regions: 41->41
[2022-09-01T17:50:07.098+0300][gc,heap     ] GC(29) Archive regions: 2->2
[2022-09-01T17:50:07.098+0300][gc,heap     ] GC(29) Humongous regions: 129->129
[2022-09-01T17:50:07.098+0300][gc,metaspace] GC(29) Metaspace: 44046K(44672K)->44046K(44672K) NonClass: 39008K(39360K)->39008K(39360K) Class: 5038K(5312K)->5038K(5312K)
[2022-09-01T17:50:07.098+0300][gc          ] GC(29) Pause Young (Normal) (G1 Evacuation Pause) 221M->174M(1024M) 32,206ms
[2022-09-01T17:50:07.098+0300][gc,cpu      ] GC(29) User=0,01s Sys=0,01s Real=0,04s
[2022-09-01T17:50:13.647+0300][gc,start    ] GC(30) Pause Young (Normal) (G1 Evacuation Pause)
[2022-09-01T17:50:13.647+0300][gc,task     ] GC(30) Using 2 workers of 2 for evacuation
[2022-09-01T17:50:13.661+0300][gc,phases   ] GC(30)   Pre Evacuate Collection Set: 0,1ms
[2022-09-01T17:50:13.661+0300][gc,phases   ] GC(30)   Merge Heap Roots: 0,2ms
[2022-09-01T17:50:13.661+0300][gc,phases   ] GC(30)   Evacuate Collection Set: 13,8ms
[2022-09-01T17:50:13.661+0300][gc,phases   ] GC(30)   Post Evacuate Collection Set: 0,5ms
[2022-09-01T17:50:13.662+0300][gc,phases   ] GC(30)   Other: 0,1ms
[2022-09-01T17:50:13.662+0300][gc,heap     ] GC(30) Eden regions: 47->0(47)
[2022-09-01T17:50:13.662+0300][gc,heap     ] GC(30) Survivor regions: 4->4(7)
[2022-09-01T17:50:13.662+0300][gc,heap     ] GC(30) Old regions: 41->42
[2022-09-01T17:50:13.662+0300][gc,heap     ] GC(30) Archive regions: 2->2
[2022-09-01T17:50:13.662+0300][gc,heap     ] GC(30) Humongous regions: 129->129
[2022-09-01T17:50:13.662+0300][gc,metaspace] GC(30) Metaspace: 44046K(44672K)->44046K(44672K) NonClass: 39008K(39360K)->39008K(39360K) Class: 5038K(5312K)->5038K(5312K)
[2022-09-01T17:50:13.662+0300][gc          ] GC(30) Pause Young (Normal) (G1 Evacuation Pause) 221M->174M(1024M) 14,891ms
[2022-09-01T17:50:13.662+0300][gc,cpu      ] GC(30) User=0,01s Sys=0,00s Real=0,01s
[2022-09-01T17:50:21.034+0300][gc,start    ] GC(31) Pause Young (Normal) (G1 Evacuation Pause)
[2022-09-01T17:50:21.034+0300][gc,task     ] GC(31) Using 2 workers of 2 for evacuation
[2022-09-01T17:50:21.060+0300][gc,mmu      ] GC(31) MMU target violated: 21,0ms (20,0ms/21,0ms)
[2022-09-01T17:50:21.060+0300][gc,phases   ] GC(31)   Pre Evacuate Collection Set: 0,3ms
[2022-09-01T17:50:21.060+0300][gc,phases   ] GC(31)   Merge Heap Roots: 0,3ms
[2022-09-01T17:50:21.060+0300][gc,phases   ] GC(31)   Evacuate Collection Set: 23,6ms
[2022-09-01T17:50:21.060+0300][gc,phases   ] GC(31)   Post Evacuate Collection Set: 1,0ms
[2022-09-01T17:50:21.060+0300][gc,phases   ] GC(31)   Other: 0,6ms
[2022-09-01T17:50:21.060+0300][gc,heap     ] GC(31) Eden regions: 47->0(66)
[2022-09-01T17:50:21.060+0300][gc,heap     ] GC(31) Survivor regions: 4->4(7)
[2022-09-01T17:50:21.060+0300][gc,heap     ] GC(31) Old regions: 42->42
[2022-09-01T17:50:21.060+0300][gc,heap     ] GC(31) Archive regions: 2->2
[2022-09-01T17:50:21.060+0300][gc,heap     ] GC(31) Humongous regions: 129->129
[2022-09-01T17:50:21.060+0300][gc,metaspace] GC(31) Metaspace: 44046K(44672K)->44046K(44672K) NonClass: 39008K(39360K)->39008K(39360K) Class: 5038K(5312K)->5038K(5312K)
[2022-09-01T17:50:21.060+0300][gc          ] GC(31) Pause Young (Normal) (G1 Evacuation Pause) 221M->175M(1024M) 25,934ms
[2022-09-01T17:50:21.060+0300][gc,cpu      ] GC(31) User=0,01s Sys=0,00s Real=0,03s
[2022-09-01T17:50:27.597+0300][gc,start    ] GC(32) Pause Young (Normal) (G1 Evacuation Pause)
[2022-09-01T17:50:27.597+0300][gc,task     ] GC(32) Using 2 workers of 2 for evacuation
[2022-09-01T17:50:27.615+0300][gc,phases   ] GC(32)   Pre Evacuate Collection Set: 0,5ms
[2022-09-01T17:50:27.615+0300][gc,phases   ] GC(32)   Merge Heap Roots: 0,3ms
[2022-09-01T17:50:27.615+0300][gc,phases   ] GC(32)   Evacuate Collection Set: 15,8ms
[2022-09-01T17:50:27.615+0300][gc,phases   ] GC(32)   Post Evacuate Collection Set: 0,6ms
[2022-09-01T17:50:27.615+0300][gc,phases   ] GC(32)   Other: 0,1ms
[2022-09-01T17:50:27.615+0300][gc,heap     ] GC(32) Eden regions: 47->0(147)
[2022-09-01T17:50:27.615+0300][gc,heap     ] GC(32) Survivor regions: 4->4(7)
[2022-09-01T17:50:27.615+0300][gc,heap     ] GC(32) Old regions: 42->43
[2022-09-01T17:50:27.615+0300][gc,heap     ] GC(32) Archive regions: 2->2
[2022-09-01T17:50:27.615+0300][gc,heap     ] GC(32) Humongous regions: 129->129
[2022-09-01T17:50:27.615+0300][gc,metaspace] GC(32) Metaspace: 44046K(44672K)->44046K(44672K) NonClass: 39008K(39360K)->39008K(39360K) Class: 5038K(5312K)->5038K(5312K)
[2022-09-01T17:50:27.615+0300][gc          ] GC(32) Pause Young (Normal) (G1 Evacuation Pause) 222M->175M(1024M) 17,423ms
[2022-09-01T17:50:27.615+0300][gc,cpu      ] GC(32) User=0,00s Sys=0,01s Real=0,02s
[2022-09-01T17:50:39.001+0300][gc,start    ] GC(33) Pause Young (Normal) (G1 Evacuation Pause)
[2022-09-01T17:50:39.001+0300][gc,task     ] GC(33) Using 2 workers of 2 for evacuation
[2022-09-01T17:50:39.025+0300][gc,mmu      ] GC(33) MMU target violated: 21,0ms (20,0ms/21,0ms)
[2022-09-01T17:50:39.025+0300][gc,phases   ] GC(33)   Pre Evacuate Collection Set: 0,3ms
[2022-09-01T17:50:39.025+0300][gc,phases   ] GC(33)   Merge Heap Roots: 0,2ms
[2022-09-01T17:50:39.025+0300][gc,phases   ] GC(33)   Evacuate Collection Set: 10,0ms
[2022-09-01T17:50:39.025+0300][gc,phases   ] GC(33)   Post Evacuate Collection Set: 12,5ms
[2022-09-01T17:50:39.025+0300][gc,phases   ] GC(33)   Other: 0,2ms
[2022-09-01T17:50:39.025+0300][gc,heap     ] GC(33) Eden regions: 80->0(46)
[2022-09-01T17:50:39.025+0300][gc,heap     ] GC(33) Survivor regions: 4->5(11)
[2022-09-01T17:50:39.025+0300][gc,heap     ] GC(33) Old regions: 43->43
[2022-09-01T17:50:39.025+0300][gc,heap     ] GC(33) Archive regions: 2->2
[2022-09-01T17:50:39.025+0300][gc,heap     ] GC(33) Humongous regions: 129->129
[2022-09-01T17:50:39.025+0300][gc,metaspace] GC(33) Metaspace: 44046K(44672K)->44046K(44672K) NonClass: 39008K(39360K)->39008K(39360K) Class: 5038K(5312K)->5038K(5312K)
[2022-09-01T17:50:39.025+0300][gc          ] GC(33) Pause Young (Normal) (G1 Evacuation Pause) 255M->176M(1024M) 24,274ms
[2022-09-01T17:50:39.025+0300][gc,cpu      ] GC(33) User=0,01s Sys=0,02s Real=0,03s
[2022-09-01T17:50:45.528+0300][gc,start    ] GC(34) Pause Young (Normal) (G1 Evacuation Pause)
[2022-09-01T17:50:45.528+0300][gc,task     ] GC(34) Using 2 workers of 2 for evacuation
[2022-09-01T17:50:45.546+0300][gc,phases   ] GC(34)   Pre Evacuate Collection Set: 0,2ms
[2022-09-01T17:50:45.546+0300][gc,phases   ] GC(34)   Merge Heap Roots: 0,2ms
[2022-09-01T17:50:45.546+0300][gc,phases   ] GC(34)   Evacuate Collection Set: 16,8ms
[2022-09-01T17:50:45.546+0300][gc,phases   ] GC(34)   Post Evacuate Collection Set: 0,9ms
[2022-09-01T17:50:45.546+0300][gc,phases   ] GC(34)   Other: 0,1ms
[2022-09-01T17:50:45.546+0300][gc,heap     ] GC(34) Eden regions: 46->0(91)
[2022-09-01T17:50:45.546+0300][gc,heap     ] GC(34) Survivor regions: 5->4(7)
[2022-09-01T17:50:45.546+0300][gc,heap     ] GC(34) Old regions: 43->44
[2022-09-01T17:50:45.546+0300][gc,heap     ] GC(34) Archive regions: 2->2
[2022-09-01T17:50:45.546+0300][gc,heap     ] GC(34) Humongous regions: 129->129
[2022-09-01T17:50:45.547+0300][gc,metaspace] GC(34) Metaspace: 44046K(44672K)->44046K(44672K) NonClass: 39008K(39360K)->39008K(39360K) Class: 5038K(5312K)->5038K(5312K)
[2022-09-01T17:50:45.547+0300][gc          ] GC(34) Pause Young (Normal) (G1 Evacuation Pause) 222M->176M(1024M) 18,628ms
[2022-09-01T17:50:45.547+0300][gc,cpu      ] GC(34) User=0,02s Sys=0,00s Real=0,02s
[2022-09-01T17:50:52.287+0300][gc,start    ] GC(35) Pause Young (Normal) (G1 Evacuation Pause)
[2022-09-01T17:50:52.287+0300][gc,task     ] GC(35) Using 2 workers of 2 for evacuation
[2022-09-01T17:50:52.298+0300][gc,phases   ] GC(35)   Pre Evacuate Collection Set: 0,2ms
[2022-09-01T17:50:52.298+0300][gc,phases   ] GC(35)   Merge Heap Roots: 0,2ms
[2022-09-01T17:50:52.298+0300][gc,phases   ] GC(35)   Evacuate Collection Set: 9,3ms
[2022-09-01T17:50:52.298+0300][gc,phases   ] GC(35)   Post Evacuate Collection Set: 0,5ms
[2022-09-01T17:50:52.298+0300][gc,phases   ] GC(35)   Other: 0,1ms
[2022-09-01T17:50:52.298+0300][gc,heap     ] GC(35) Eden regions: 47->0(175)
[2022-09-01T17:50:52.298+0300][gc,heap     ] GC(35) Survivor regions: 4->4(7)
[2022-09-01T17:50:52.298+0300][gc,heap     ] GC(35) Old regions: 44->44
[2022-09-01T17:50:52.298+0300][gc,heap     ] GC(35) Archive regions: 2->2
[2022-09-01T17:50:52.298+0300][gc,heap     ] GC(35) Humongous regions: 129->129
[2022-09-01T17:50:52.298+0300][gc,metaspace] GC(35) Metaspace: 44046K(44672K)->44046K(44672K) NonClass: 39008K(39360K)->39008K(39360K) Class: 5038K(5312K)->5038K(5312K)
[2022-09-01T17:50:52.298+0300][gc          ] GC(35) Pause Young (Normal) (G1 Evacuation Pause) 223M->177M(1024M) 10,484ms
[2022-09-01T17:50:52.298+0300][gc,cpu      ] GC(35) User=0,00s Sys=0,01s Real=0,01s
[2022-09-01T17:51:16.032+0300][gc,start    ] GC(36) Pause Young (Normal) (G1 Evacuation Pause)
[2022-09-01T17:51:16.032+0300][gc,task     ] GC(36) Using 2 workers of 2 for evacuation
[2022-09-01T17:51:16.059+0300][gc,mmu      ] GC(36) MMU target violated: 21,0ms (20,0ms/21,0ms)
[2022-09-01T17:51:16.059+0300][gc,phases   ] GC(36)   Pre Evacuate Collection Set: 0,2ms
[2022-09-01T17:51:16.059+0300][gc,phases   ] GC(36)   Merge Heap Roots: 0,3ms
[2022-09-01T17:51:16.059+0300][gc,phases   ] GC(36)   Evacuate Collection Set: 25,0ms
[2022-09-01T17:51:16.059+0300][gc,phases   ] GC(36)   Post Evacuate Collection Set: 1,4ms
[2022-09-01T17:51:16.059+0300][gc,phases   ] GC(36)   Other: 0,1ms
[2022-09-01T17:51:16.059+0300][gc,heap     ] GC(36) Eden regions: 149->0(105)
[2022-09-01T17:51:16.059+0300][gc,heap     ] GC(36) Survivor regions: 4->5(20)
[2022-09-01T17:51:16.059+0300][gc,heap     ] GC(36) Old regions: 44->44
[2022-09-01T17:51:16.059+0300][gc,heap     ] GC(36) Archive regions: 2->2
[2022-09-01T17:51:16.059+0300][gc,heap     ] GC(36) Humongous regions: 129->129
[2022-09-01T17:51:16.059+0300][gc,metaspace] GC(36) Metaspace: 44046K(44672K)->44046K(44672K) NonClass: 39008K(39360K)->39008K(39360K) Class: 5038K(5312K)->5038K(5312K)
[2022-09-01T17:51:16.059+0300][gc          ] GC(36) Pause Young (Normal) (G1 Evacuation Pause) 326M->178M(1024M) 27,182ms
[2022-09-01T17:51:16.059+0300][gc,cpu      ] GC(36) User=0,01s Sys=0,02s Real=0,03s
[2022-09-01T17:51:31.931+0300][gc,start    ] GC(37) Pause Young (Normal) (G1 Evacuation Pause)
[2022-09-01T17:51:31.931+0300][gc,task     ] GC(37) Using 2 workers of 2 for evacuation
[2022-09-01T17:51:31.965+0300][gc,mmu      ] GC(37) MMU target violated: 21,0ms (20,0ms/21,0ms)
[2022-09-01T17:51:31.965+0300][gc,phases   ] GC(37)   Pre Evacuate Collection Set: 0,3ms
[2022-09-01T17:51:31.965+0300][gc,phases   ] GC(37)   Merge Heap Roots: 0,9ms
[2022-09-01T17:51:31.965+0300][gc,phases   ] GC(37)   Evacuate Collection Set: 28,7ms
[2022-09-01T17:51:31.965+0300][gc,phases   ] GC(37)   Post Evacuate Collection Set: 3,5ms
[2022-09-01T17:51:31.965+0300][gc,phases   ] GC(37)   Other: 0,3ms
[2022-09-01T17:51:31.965+0300][gc,heap     ] GC(37) Eden regions: 105->0(45)
[2022-09-01T17:51:31.965+0300][gc,heap     ] GC(37) Survivor regions: 5->6(14)
[2022-09-01T17:51:31.965+0300][gc,heap     ] GC(37) Old regions: 44->44
[2022-09-01T17:51:31.965+0300][gc,heap     ] GC(37) Archive regions: 2->2
[2022-09-01T17:51:31.965+0300][gc,heap     ] GC(37) Humongous regions: 129->129
[2022-09-01T17:51:31.965+0300][gc,metaspace] GC(37) Metaspace: 44050K(44672K)->44050K(44672K) NonClass: 39012K(39360K)->39012K(39360K) Class: 5038K(5312K)->5038K(5312K)
[2022-09-01T17:51:31.965+0300][gc          ] GC(37) Pause Young (Normal) (G1 Evacuation Pause) 283M->179M(1024M) 33,935ms
[2022-09-01T17:51:31.965+0300][gc,cpu      ] GC(37) User=0,02s Sys=0,00s Real=0,03s
[2022-09-01T17:51:38.431+0300][gc,start    ] GC(38) Pause Young (Normal) (G1 Evacuation Pause)
[2022-09-01T17:51:38.431+0300][gc,task     ] GC(38) Using 2 workers of 2 for evacuation
[2022-09-01T17:51:38.463+0300][gc,mmu      ] GC(38) MMU target violated: 21,0ms (20,0ms/21,0ms)
[2022-09-01T17:51:38.463+0300][gc,phases   ] GC(38)   Pre Evacuate Collection Set: 0,1ms
[2022-09-01T17:51:38.463+0300][gc,phases   ] GC(38)   Merge Heap Roots: 0,1ms
[2022-09-01T17:51:38.463+0300][gc,phases   ] GC(38)   Evacuate Collection Set: 30,8ms
[2022-09-01T17:51:38.463+0300][gc,phases   ] GC(38)   Post Evacuate Collection Set: 0,7ms
[2022-09-01T17:51:38.463+0300][gc,phases   ] GC(38)   Other: 0,1ms
[2022-09-01T17:51:38.463+0300][gc,heap     ] GC(38) Eden regions: 45->0(46)
[2022-09-01T17:51:38.463+0300][gc,heap     ] GC(38) Survivor regions: 6->5(7)
[2022-09-01T17:51:38.463+0300][gc,heap     ] GC(38) Old regions: 44->46
[2022-09-01T17:51:38.463+0300][gc,heap     ] GC(38) Archive regions: 2->2
[2022-09-01T17:51:38.463+0300][gc,heap     ] GC(38) Humongous regions: 129->129
[2022-09-01T17:51:38.463+0300][gc,metaspace] GC(38) Metaspace: 44050K(44672K)->44050K(44672K) NonClass: 39012K(39360K)->39012K(39360K) Class: 5038K(5312K)->5038K(5312K)
[2022-09-01T17:51:38.463+0300][gc          ] GC(38) Pause Young (Normal) (G1 Evacuation Pause) 224M->179M(1024M) 32,082ms
[2022-09-01T17:51:38.463+0300][gc,cpu      ] GC(38) User=0,02s Sys=0,01s Real=0,03s
[2022-09-01T17:51:44.812+0300][gc,start    ] GC(39) Pause Young (Normal) (G1 Evacuation Pause)
[2022-09-01T17:51:44.812+0300][gc,task     ] GC(39) Using 2 workers of 2 for evacuation
[2022-09-01T17:51:44.831+0300][gc,phases   ] GC(39)   Pre Evacuate Collection Set: 0,2ms
[2022-09-01T17:51:44.831+0300][gc,phases   ] GC(39)   Merge Heap Roots: 0,2ms
[2022-09-01T17:51:44.831+0300][gc,phases   ] GC(39)   Evacuate Collection Set: 18,2ms
[2022-09-01T17:51:44.831+0300][gc,phases   ] GC(39)   Post Evacuate Collection Set: 0,5ms
[2022-09-01T17:51:44.831+0300][gc,phases   ] GC(39)   Other: 0,1ms
[2022-09-01T17:51:44.831+0300][gc,heap     ] GC(39) Eden regions: 46->0(204)
[2022-09-01T17:51:44.831+0300][gc,heap     ] GC(39) Survivor regions: 5->4(7)
[2022-09-01T17:51:44.831+0300][gc,heap     ] GC(39) Old regions: 46->46
[2022-09-01T17:51:44.831+0300][gc,heap     ] GC(39) Archive regions: 2->2
[2022-09-01T17:51:44.831+0300][gc,heap     ] GC(39) Humongous regions: 129->129
[2022-09-01T17:51:44.831+0300][gc,metaspace] GC(39) Metaspace: 44050K(44672K)->44050K(44672K) NonClass: 39012K(39360K)->39012K(39360K) Class: 5038K(5312K)->5038K(5312K)
[2022-09-01T17:51:44.831+0300][gc          ] GC(39) Pause Young (Normal) (G1 Evacuation Pause) 225M->179M(1024M) 19,410ms
[2022-09-01T17:51:44.831+0300][gc,cpu      ] GC(39) User=0,01s Sys=0,01s Real=0,02s
[2022-09-01T17:52:05.923+0300][gc,start    ] GC(40) Pause Young (Normal) (G1 Evacuation Pause)
[2022-09-01T17:52:05.923+0300][gc,task     ] GC(40) Using 2 workers of 2 for evacuation
[2022-09-01T17:52:05.951+0300][gc,mmu      ] GC(40) MMU target violated: 21,0ms (20,0ms/21,0ms)
[2022-09-01T17:52:05.951+0300][gc,phases   ] GC(40)   Pre Evacuate Collection Set: 1,9ms
[2022-09-01T17:52:05.951+0300][gc,phases   ] GC(40)   Merge Heap Roots: 0,9ms
[2022-09-01T17:52:05.951+0300][gc,phases   ] GC(40)   Evacuate Collection Set: 24,8ms
[2022-09-01T17:52:05.951+0300][gc,phases   ] GC(40)   Post Evacuate Collection Set: 0,5ms
[2022-09-01T17:52:05.951+0300][gc,phases   ] GC(40)   Other: 0,1ms
[2022-09-01T17:52:05.951+0300][gc,heap     ] GC(40) Eden regions: 145->0(46)
[2022-09-01T17:52:05.951+0300][gc,heap     ] GC(40) Survivor regions: 4->5(19)
[2022-09-01T17:52:05.951+0300][gc,heap     ] GC(40) Old regions: 46->46
[2022-09-01T17:52:05.951+0300][gc,heap     ] GC(40) Archive regions: 2->2
[2022-09-01T17:52:05.951+0300][gc,heap     ] GC(40) Humongous regions: 129->129
[2022-09-01T17:52:05.951+0300][gc,metaspace] GC(40) Metaspace: 44055K(44672K)->44055K(44672K) NonClass: 39016K(39360K)->39016K(39360K) Class: 5038K(5312K)->5038K(5312K)
[2022-09-01T17:52:05.951+0300][gc          ] GC(40) Pause Young (Normal) (G1 Evacuation Pause) 324M->180M(1024M) 28,508ms
[2022-09-01T17:52:05.951+0300][gc,cpu      ] GC(40) User=0,00s Sys=0,02s Real=0,01s
[2022-09-01T17:52:12.279+0300][gc,start    ] GC(41) Pause Young (Normal) (G1 Evacuation Pause)
[2022-09-01T17:52:12.280+0300][gc,task     ] GC(41) Using 2 workers of 2 for evacuation
[2022-09-01T17:52:12.300+0300][gc,mmu      ] GC(41) MMU target violated: 20,9ms (20,0ms/21,0ms)
[2022-09-01T17:52:12.301+0300][gc,phases   ] GC(41)   Pre Evacuate Collection Set: 0,2ms
[2022-09-01T17:52:12.301+0300][gc,phases   ] GC(41)   Merge Heap Roots: 0,2ms
[2022-09-01T17:52:12.301+0300][gc,phases   ] GC(41)   Evacuate Collection Set: 19,9ms
[2022-09-01T17:52:12.301+0300][gc,phases   ] GC(41)   Post Evacuate Collection Set: 0,6ms
[2022-09-01T17:52:12.301+0300][gc,phases   ] GC(41)   Other: 0,1ms
[2022-09-01T17:52:12.301+0300][gc,heap     ] GC(41) Eden regions: 46->0(172)
[2022-09-01T17:52:12.301+0300][gc,heap     ] GC(41) Survivor regions: 5->4(7)
[2022-09-01T17:52:12.301+0300][gc,heap     ] GC(41) Old regions: 46->47
[2022-09-01T17:52:12.301+0300][gc,heap     ] GC(41) Archive regions: 2->2
[2022-09-01T17:52:12.301+0300][gc,heap     ] GC(41) Humongous regions: 129->129
[2022-09-01T17:52:12.301+0300][gc,metaspace] GC(41) Metaspace: 44055K(44672K)->44055K(44672K) NonClass: 39016K(39360K)->39016K(39360K) Class: 5038K(5312K)->5038K(5312K)
[2022-09-01T17:52:12.301+0300][gc          ] GC(41) Pause Young (Normal) (G1 Evacuation Pause) 226M->180M(1024M) 21,145ms
[2022-09-01T17:52:12.301+0300][gc,cpu      ] GC(41) User=0,00s Sys=0,02s Real=0,01s
[2022-09-01T17:52:31.440+0300][gc,start    ] GC(42) Pause Young (Normal) (G1 Evacuation Pause)
[2022-09-01T17:52:31.441+0300][gc,task     ] GC(42) Using 2 workers of 2 for evacuation
[2022-09-01T17:52:31.462+0300][gc,mmu      ] GC(42) MMU target violated: 21,0ms (20,0ms/21,0ms)
[2022-09-01T17:52:31.462+0300][gc,phases   ] GC(42)   Pre Evacuate Collection Set: 0,2ms
[2022-09-01T17:52:31.462+0300][gc,phases   ] GC(42)   Merge Heap Roots: 0,3ms
[2022-09-01T17:52:31.462+0300][gc,phases   ] GC(42)   Evacuate Collection Set: 18,7ms
[2022-09-01T17:52:31.462+0300][gc,phases   ] GC(42)   Post Evacuate Collection Set: 1,7ms
[2022-09-01T17:52:31.462+0300][gc,phases   ] GC(42)   Other: 0,3ms
[2022-09-01T17:52:31.462+0300][gc,heap     ] GC(42) Eden regions: 130->0(108)
[2022-09-01T17:52:31.462+0300][gc,heap     ] GC(42) Survivor regions: 4->5(17)
[2022-09-01T17:52:31.462+0300][gc,heap     ] GC(42) Old regions: 47->47
[2022-09-01T17:52:31.466+0300][gc,heap     ] GC(42) Archive regions: 2->2
[2022-09-01T17:52:31.466+0300][gc,heap     ] GC(42) Humongous regions: 129->129
[2022-09-01T17:52:31.466+0300][gc,metaspace] GC(42) Metaspace: 44055K(44672K)->44055K(44672K) NonClass: 39016K(39360K)->39016K(39360K) Class: 5038K(5312K)->5038K(5312K)
[2022-09-01T17:52:31.466+0300][gc          ] GC(42) Pause Young (Normal) (G1 Evacuation Pause) 310M->181M(1024M) 25,672ms
[2022-09-01T17:52:31.466+0300][gc,cpu      ] GC(42) User=0,02s Sys=0,01s Real=0,02s
[2022-09-01T17:52:46.474+0300][gc,start    ] GC(43) Pause Young (Normal) (G1 Evacuation Pause)
[2022-09-01T17:52:46.474+0300][gc,task     ] GC(43) Using 2 workers of 2 for evacuation
[2022-09-01T17:52:46.516+0300][gc,mmu      ] GC(43) MMU target violated: 21,0ms (20,0ms/21,0ms)
[2022-09-01T17:52:46.516+0300][gc,phases   ] GC(43)   Pre Evacuate Collection Set: 0,1ms
[2022-09-01T17:52:46.516+0300][gc,phases   ] GC(43)   Merge Heap Roots: 0,1ms
[2022-09-01T17:52:46.516+0300][gc,phases   ] GC(43)   Evacuate Collection Set: 38,2ms
[2022-09-01T17:52:46.516+0300][gc,phases   ] GC(43)   Post Evacuate Collection Set: 3,6ms
[2022-09-01T17:52:46.516+0300][gc,phases   ] GC(43)   Other: 0,1ms
[2022-09-01T17:52:46.516+0300][gc,heap     ] GC(43) Eden regions: 108->0(45)
[2022-09-01T17:52:46.516+0300][gc,heap     ] GC(43) Survivor regions: 5->6(15)
[2022-09-01T17:52:46.516+0300][gc,heap     ] GC(43) Old regions: 47->47
[2022-09-01T17:52:46.516+0300][gc,heap     ] GC(43) Archive regions: 2->2
[2022-09-01T17:52:46.516+0300][gc,heap     ] GC(43) Humongous regions: 129->129
[2022-09-01T17:52:46.516+0300][gc,metaspace] GC(43) Metaspace: 44055K(44672K)->44055K(44672K) NonClass: 39016K(39360K)->39016K(39360K) Class: 5038K(5312K)->5038K(5312K)
[2022-09-01T17:52:46.516+0300][gc          ] GC(43) Pause Young (Normal) (G1 Evacuation Pause) 289M->182M(1024M) 42,388ms
[2022-09-01T17:52:46.516+0300][gc,cpu      ] GC(43) User=0,01s Sys=0,02s Real=0,04s
[2022-09-01T17:52:52.488+0300][gc,start    ] GC(44) Pause Young (Normal) (G1 Evacuation Pause)
[2022-09-01T17:52:52.488+0300][gc,task     ] GC(44) Using 2 workers of 2 for evacuation
[2022-09-01T17:52:52.515+0300][gc,mmu      ] GC(44) MMU target violated: 21,0ms (20,0ms/21,0ms)
[2022-09-01T17:52:52.515+0300][gc,phases   ] GC(44)   Pre Evacuate Collection Set: 0,3ms
[2022-09-01T17:52:52.515+0300][gc,phases   ] GC(44)   Merge Heap Roots: 0,2ms
[2022-09-01T17:52:52.515+0300][gc,phases   ] GC(44)   Evacuate Collection Set: 26,0ms
[2022-09-01T17:52:52.515+0300][gc,phases   ] GC(44)   Post Evacuate Collection Set: 0,8ms
[2022-09-01T17:52:52.515+0300][gc,phases   ] GC(44)   Other: 0,2ms
[2022-09-01T17:52:52.515+0300][gc,heap     ] GC(44) Eden regions: 45->0(138)
[2022-09-01T17:52:52.515+0300][gc,heap     ] GC(44) Survivor regions: 6->4(7)
[2022-09-01T17:52:52.515+0300][gc,heap     ] GC(44) Old regions: 47->50
[2022-09-01T17:52:52.515+0300][gc,heap     ] GC(44) Archive regions: 2->2
[2022-09-01T17:52:52.515+0300][gc,heap     ] GC(44) Humongous regions: 129->129
[2022-09-01T17:52:52.515+0300][gc,metaspace] GC(44) Metaspace: 44059K(44672K)->44059K(44672K) NonClass: 39020K(39360K)->39020K(39360K) Class: 5038K(5312K)->5038K(5312K)
[2022-09-01T17:52:52.516+0300][gc          ] GC(44) Pause Young (Normal) (G1 Evacuation Pause) 227M->182M(1024M) 27,624ms
[2022-09-01T17:52:52.516+0300][gc,cpu      ] GC(44) User=0,01s Sys=0,01s Real=0,03s
[2022-09-01T17:53:03.677+0300][gc,start    ] GC(45) Pause Young (Normal) (G1 Evacuation Pause)
[2022-09-01T17:53:03.677+0300][gc,task     ] GC(45) Using 2 workers of 2 for evacuation
[2022-09-01T17:53:03.710+0300][gc,mmu      ] GC(45) MMU target violated: 21,0ms (20,0ms/21,0ms)
[2022-09-01T17:53:03.711+0300][gc,phases   ] GC(45)   Pre Evacuate Collection Set: 0,9ms
[2022-09-01T17:53:03.711+0300][gc,phases   ] GC(45)   Merge Heap Roots: 0,6ms
[2022-09-01T17:53:03.711+0300][gc,phases   ] GC(45)   Evacuate Collection Set: 29,3ms
[2022-09-01T17:53:03.711+0300][gc,phases   ] GC(45)   Post Evacuate Collection Set: 2,4ms
[2022-09-01T17:53:03.711+0300][gc,phases   ] GC(45)   Other: 0,7ms
[2022-09-01T17:53:03.711+0300][gc,heap     ] GC(45) Eden regions: 77->0(114)
[2022-09-01T17:53:03.711+0300][gc,heap     ] GC(45) Survivor regions: 4->5(11)
[2022-09-01T17:53:03.711+0300][gc,heap     ] GC(45) Old regions: 50->50
[2022-09-01T17:53:03.711+0300][gc,heap     ] GC(45) Archive regions: 2->2
[2022-09-01T17:53:03.711+0300][gc,heap     ] GC(45) Humongous regions: 129->129
[2022-09-01T17:53:03.711+0300][gc,metaspace] GC(45) Metaspace: 44059K(44672K)->44059K(44672K) NonClass: 39020K(39360K)->39020K(39360K) Class: 5038K(5312K)->5038K(5312K)
[2022-09-01T17:53:03.711+0300][gc          ] GC(45) Pause Young (Normal) (G1 Evacuation Pause) 259M->183M(1024M) 34,147ms
[2022-09-01T17:53:03.711+0300][gc,cpu      ] GC(45) User=0,00s Sys=0,02s Real=0,04s
[2022-09-01T17:53:19.713+0300][gc,start    ] GC(46) Pause Young (Normal) (G1 Evacuation Pause)
[2022-09-01T17:53:19.713+0300][gc,task     ] GC(46) Using 2 workers of 2 for evacuation
[2022-09-01T17:53:19.736+0300][gc,mmu      ] GC(46) MMU target violated: 21,0ms (20,0ms/21,0ms)
[2022-09-01T17:53:19.736+0300][gc,phases   ] GC(46)   Pre Evacuate Collection Set: 2,3ms
[2022-09-01T17:53:19.736+0300][gc,phases   ] GC(46)   Merge Heap Roots: 0,2ms
[2022-09-01T17:53:19.736+0300][gc,phases   ] GC(46)   Evacuate Collection Set: 19,9ms
[2022-09-01T17:53:19.736+0300][gc,phases   ] GC(46)   Post Evacuate Collection Set: 0,9ms
[2022-09-01T17:53:19.736+0300][gc,phases   ] GC(46)   Other: 0,2ms
[2022-09-01T17:53:19.736+0300][gc,heap     ] GC(46) Eden regions: 114->0(78)
[2022-09-01T17:53:19.736+0300][gc,heap     ] GC(46) Survivor regions: 5->5(15)
[2022-09-01T17:53:19.736+0300][gc,heap     ] GC(46) Old regions: 50->50
[2022-09-01T17:53:19.736+0300][gc,heap     ] GC(46) Archive regions: 2->2
[2022-09-01T17:53:19.736+0300][gc,heap     ] GC(46) Humongous regions: 129->129
[2022-09-01T17:53:19.736+0300][gc,metaspace] GC(46) Metaspace: 44059K(44672K)->44059K(44672K) NonClass: 39020K(39360K)->39020K(39360K) Class: 5038K(5312K)->5038K(5312K)
[2022-09-01T17:53:19.737+0300][gc          ] GC(46) Pause Young (Normal) (G1 Evacuation Pause) 297M->183M(1024M) 23,822ms
[2022-09-01T17:53:19.737+0300][gc,cpu      ] GC(46) User=0,01s Sys=0,01s Real=0,01s
[2022-09-01T17:53:30.440+0300][gc,start    ] GC(47) Pause Young (Normal) (G1 Evacuation Pause)
[2022-09-01T17:53:30.440+0300][gc,task     ] GC(47) Using 2 workers of 2 for evacuation
[2022-09-01T17:53:30.473+0300][gc,mmu      ] GC(47) MMU target violated: 21,0ms (20,0ms/21,0ms)
[2022-09-01T17:53:30.473+0300][gc,phases   ] GC(47)   Pre Evacuate Collection Set: 0,1ms
[2022-09-01T17:53:30.473+0300][gc,phases   ] GC(47)   Merge Heap Roots: 0,3ms
[2022-09-01T17:53:30.473+0300][gc,phases   ] GC(47)   Evacuate Collection Set: 25,7ms
[2022-09-01T17:53:30.473+0300][gc,phases   ] GC(47)   Post Evacuate Collection Set: 6,4ms
[2022-09-01T17:53:30.473+0300][gc,phases   ] GC(47)   Other: 0,2ms
[2022-09-01T17:53:30.473+0300][gc,heap     ] GC(47) Eden regions: 78->0(45)
[2022-09-01T17:53:30.473+0300][gc,heap     ] GC(47) Survivor regions: 5->6(11)
[2022-09-01T17:53:30.473+0300][gc,heap     ] GC(47) Old regions: 50->50
[2022-09-01T17:53:30.473+0300][gc,heap     ] GC(47) Archive regions: 2->2
[2022-09-01T17:53:30.473+0300][gc,heap     ] GC(47) Humongous regions: 129->129
[2022-09-01T17:53:30.473+0300][gc,metaspace] GC(47) Metaspace: 44061K(44672K)->44061K(44672K) NonClass: 39022K(39360K)->39022K(39360K) Class: 5038K(5312K)->5038K(5312K)
[2022-09-01T17:53:30.473+0300][gc          ] GC(47) Pause Young (Normal) (G1 Evacuation Pause) 261M->184M(1024M) 32,774ms
[2022-09-01T17:53:30.473+0300][gc,cpu      ] GC(47) User=0,02s Sys=0,02s Real=0,03s
[2022-09-01T17:53:36.510+0300][gc,start    ] GC(48) Pause Young (Normal) (G1 Evacuation Pause)
[2022-09-01T17:53:36.511+0300][gc,task     ] GC(48) Using 2 workers of 2 for evacuation
[2022-09-01T17:53:36.547+0300][gc,mmu      ] GC(48) MMU target violated: 21,0ms (20,0ms/21,0ms)
[2022-09-01T17:53:36.547+0300][gc,phases   ] GC(48)   Pre Evacuate Collection Set: 0,1ms
[2022-09-01T17:53:36.547+0300][gc,phases   ] GC(48)   Merge Heap Roots: 0,1ms
[2022-09-01T17:53:36.547+0300][gc,phases   ] GC(48)   Evacuate Collection Set: 33,1ms
[2022-09-01T17:53:36.547+0300][gc,phases   ] GC(48)   Post Evacuate Collection Set: 2,6ms
[2022-09-01T17:53:36.547+0300][gc,phases   ] GC(48)   Other: 0,2ms
[2022-09-01T17:53:36.547+0300][gc,heap     ] GC(48) Eden regions: 45->0(199)
[2022-09-01T17:53:36.547+0300][gc,heap     ] GC(48) Survivor regions: 6->4(7)
[2022-09-01T17:53:36.547+0300][gc,heap     ] GC(48) Old regions: 50->52
[2022-09-01T17:53:36.547+0300][gc,heap     ] GC(48) Archive regions: 2->2
[2022-09-01T17:53:36.547+0300][gc,heap     ] GC(48) Humongous regions: 129->129
[2022-09-01T17:53:36.547+0300][gc,metaspace] GC(48) Metaspace: 44061K(44672K)->44061K(44672K) NonClass: 39022K(39360K)->39022K(39360K) Class: 5038K(5312K)->5038K(5312K)
[2022-09-01T17:53:36.547+0300][gc          ] GC(48) Pause Young (Normal) (G1 Evacuation Pause) 229M->184M(1024M) 36,288ms
[2022-09-01T17:53:36.547+0300][gc,cpu      ] GC(48) User=0,01s Sys=0,02s Real=0,03s
[2022-09-01T17:53:56.505+0300][gc,start    ] GC(49) Pause Young (Normal) (G1 Evacuation Pause)
[2022-09-01T17:53:56.505+0300][gc,task     ] GC(49) Using 2 workers of 2 for evacuation
[2022-09-01T17:53:56.519+0300][gc,phases   ] GC(49)   Pre Evacuate Collection Set: 0,5ms
[2022-09-01T17:53:56.519+0300][gc,phases   ] GC(49)   Merge Heap Roots: 0,4ms
[2022-09-01T17:53:56.519+0300][gc,phases   ] GC(49)   Evacuate Collection Set: 12,1ms
[2022-09-01T17:53:56.519+0300][gc,phases   ] GC(49)   Post Evacuate Collection Set: 1,0ms
[2022-09-01T17:53:56.519+0300][gc,phases   ] GC(49)   Other: 0,1ms
[2022-09-01T17:53:56.519+0300][gc,heap     ] GC(49) Eden regions: 142->0(213)
[2022-09-01T17:53:56.519+0300][gc,heap     ] GC(49) Survivor regions: 4->5(19)
[2022-09-01T17:53:56.519+0300][gc,heap     ] GC(49) Old regions: 52->52
[2022-09-01T17:53:56.519+0300][gc,heap     ] GC(49) Archive regions: 2->2
[2022-09-01T17:53:56.519+0300][gc,heap     ] GC(49) Humongous regions: 129->129
[2022-09-01T17:53:56.519+0300][gc,metaspace] GC(49) Metaspace: 44061K(44672K)->44061K(44672K) NonClass: 39022K(39360K)->39022K(39360K) Class: 5038K(5312K)->5038K(5312K)
[2022-09-01T17:53:56.519+0300][gc          ] GC(49) Pause Young (Normal) (G1 Evacuation Pause) 326M->185M(1024M) 14,324ms
[2022-09-01T17:53:56.519+0300][gc,cpu      ] GC(49) User=0,01s Sys=0,01s Real=0,02s
[2022-09-01T17:54:52.855+0300][gc,start    ] GC(50) Pause Young (Normal) (G1 Evacuation Pause)
[2022-09-01T17:54:52.855+0300][gc,task     ] GC(50) Using 2 workers of 2 for evacuation
[2022-09-01T17:54:52.877+0300][gc,mmu      ] GC(50) MMU target violated: 21,0ms (20,0ms/21,0ms)
[2022-09-01T17:54:52.877+0300][gc,phases   ] GC(50)   Pre Evacuate Collection Set: 0,3ms
[2022-09-01T17:54:52.877+0300][gc,phases   ] GC(50)   Merge Heap Roots: 0,2ms
[2022-09-01T17:54:52.877+0300][gc,phases   ] GC(50)   Evacuate Collection Set: 20,7ms
[2022-09-01T17:54:52.877+0300][gc,phases   ] GC(50)   Post Evacuate Collection Set: 0,8ms
[2022-09-01T17:54:52.877+0300][gc,phases   ] GC(50)   Other: 0,5ms
[2022-09-01T17:54:52.877+0300][gc,heap     ] GC(50) Eden regions: 213->0(106)
[2022-09-01T17:54:52.877+0300][gc,heap     ] GC(50) Survivor regions: 5->6(28)
[2022-09-01T17:54:52.877+0300][gc,heap     ] GC(50) Old regions: 52->52
[2022-09-01T17:54:52.877+0300][gc,heap     ] GC(50) Archive regions: 2->2
[2022-09-01T17:54:52.877+0300][gc,heap     ] GC(50) Humongous regions: 129->129
[2022-09-01T17:54:52.877+0300][gc,metaspace] GC(50) Metaspace: 44068K(44672K)->44068K(44672K) NonClass: 39030K(39360K)->39030K(39360K) Class: 5038K(5312K)->5038K(5312K)
[2022-09-01T17:54:52.877+0300][gc          ] GC(50) Pause Young (Normal) (G1 Evacuation Pause) 398M->187M(1024M) 22,695ms
[2022-09-01T17:54:52.877+0300][gc,cpu      ] GC(50) User=0,02s Sys=0,02s Real=0,02s
[2022-09-01T18:07:59.596+0300][gc,start    ] GC(51) Pause Young (Normal) (G1 Evacuation Pause)
[2022-09-01T18:07:59.596+0300][gc,task     ] GC(51) Using 2 workers of 2 for evacuation
[2022-09-01T18:07:59.644+0300][gc,mmu      ] GC(51) MMU target violated: 21,0ms (20,0ms/21,0ms)
[2022-09-01T18:07:59.644+0300][gc,phases   ] GC(51)   Pre Evacuate Collection Set: 0,1ms
[2022-09-01T18:07:59.644+0300][gc,phases   ] GC(51)   Merge Heap Roots: 0,2ms
[2022-09-01T18:07:59.644+0300][gc,phases   ] GC(51)   Evacuate Collection Set: 46,6ms
[2022-09-01T18:07:59.644+0300][gc,phases   ] GC(51)   Post Evacuate Collection Set: 0,6ms
[2022-09-01T18:07:59.644+0300][gc,phases   ] GC(51)   Other: 0,1ms
[2022-09-01T18:07:59.644+0300][gc,heap     ] GC(51) Eden regions: 68->0(41)
[2022-09-01T18:07:59.644+0300][gc,heap     ] GC(51) Survivor regions: 6->10(10)
[2022-09-01T18:07:59.644+0300][gc,heap     ] GC(51) Old regions: 52->53
[2022-09-01T18:07:59.644+0300][gc,heap     ] GC(51) Archive regions: 2->2
[2022-09-01T18:07:59.644+0300][gc,heap     ] GC(51) Humongous regions: 129->129
[2022-09-01T18:07:59.644+0300][gc,metaspace] GC(51) Metaspace: 44570K(45184K)->44570K(45184K) NonClass: 39467K(39808K)->39467K(39808K) Class: 5102K(5376K)->5102K(5376K)
[2022-09-01T18:07:59.644+0300][gc          ] GC(51) Pause Young (Normal) (G1 Evacuation Pause) 255M->192M(1024M) 48,135ms
[2022-09-01T18:07:59.644+0300][gc,cpu      ] GC(51) User=0,03s Sys=0,01s Real=0,05s
[2022-09-01T18:08:07.652+0300][gc,start    ] GC(52) Pause Young (Normal) (G1 Evacuation Pause)
[2022-09-01T18:08:07.652+0300][gc,task     ] GC(52) Using 2 workers of 2 for evacuation
[2022-09-01T18:08:07.702+0300][gc,mmu      ] GC(52) MMU target violated: 21,0ms (20,0ms/21,0ms)
[2022-09-01T18:08:07.703+0300][gc,phases   ] GC(52)   Pre Evacuate Collection Set: 0,2ms
[2022-09-01T18:08:07.703+0300][gc,phases   ] GC(52)   Merge Heap Roots: 0,2ms
[2022-09-01T18:08:07.703+0300][gc,phases   ] GC(52)   Evacuate Collection Set: 42,6ms
[2022-09-01T18:08:07.703+0300][gc,phases   ] GC(52)   Post Evacuate Collection Set: 7,3ms
[2022-09-01T18:08:07.703+0300][gc,phases   ] GC(52)   Other: 0,3ms
[2022-09-01T18:08:07.703+0300][gc,heap     ] GC(52) Eden regions: 41->0(49)
[2022-09-01T18:08:07.703+0300][gc,heap     ] GC(52) Survivor regions: 10->2(7)
[2022-09-01T18:08:07.703+0300][gc,heap     ] GC(52) Old regions: 53->62
[2022-09-01T18:08:07.703+0300][gc,heap     ] GC(52) Archive regions: 2->2
[2022-09-01T18:08:07.703+0300][gc,heap     ] GC(52) Humongous regions: 129->129
[2022-09-01T18:08:07.703+0300][gc,metaspace] GC(52) Metaspace: 44570K(45184K)->44570K(45184K) NonClass: 39468K(39808K)->39468K(39808K) Class: 5102K(5376K)->5102K(5376K)
[2022-09-01T18:08:07.703+0300][gc          ] GC(52) Pause Young (Normal) (G1 Evacuation Pause) 233M->193M(1024M) 50,699ms
[2022-09-01T18:08:07.703+0300][gc,cpu      ] GC(52) User=0,02s Sys=0,02s Real=0,05s
[2022-09-01T18:08:15.780+0300][gc,start    ] GC(53) Pause Young (Normal) (G1 Evacuation Pause)
[2022-09-01T18:08:15.780+0300][gc,task     ] GC(53) Using 2 workers of 2 for evacuation
[2022-09-01T18:08:15.804+0300][gc,mmu      ] GC(53) MMU target violated: 21,0ms (20,0ms/21,0ms)
[2022-09-01T18:08:15.804+0300][gc,phases   ] GC(53)   Pre Evacuate Collection Set: 0,1ms
[2022-09-01T18:08:15.804+0300][gc,phases   ] GC(53)   Merge Heap Roots: 0,0ms
[2022-09-01T18:08:15.804+0300][gc,phases   ] GC(53)   Evacuate Collection Set: 23,2ms
[2022-09-01T18:08:15.804+0300][gc,phases   ] GC(53)   Post Evacuate Collection Set: 0,5ms
[2022-09-01T18:08:15.804+0300][gc,phases   ] GC(53)   Other: 0,3ms
[2022-09-01T18:08:15.804+0300][gc,heap     ] GC(53) Eden regions: 49->0(47)
[2022-09-01T18:08:15.804+0300][gc,heap     ] GC(53) Survivor regions: 2->4(7)
[2022-09-01T18:08:15.804+0300][gc,heap     ] GC(53) Old regions: 62->62
[2022-09-01T18:08:15.804+0300][gc,heap     ] GC(53) Archive regions: 2->2
[2022-09-01T18:08:15.804+0300][gc,heap     ] GC(53) Humongous regions: 129->129
[2022-09-01T18:08:15.804+0300][gc,metaspace] GC(53) Metaspace: 44570K(45184K)->44570K(45184K) NonClass: 39468K(39808K)->39468K(39808K) Class: 5102K(5376K)->5102K(5376K)
[2022-09-01T18:08:15.806+0300][gc          ] GC(53) Pause Young (Normal) (G1 Evacuation Pause) 242M->195M(1024M) 26,732ms
[2022-09-01T18:08:15.806+0300][gc,cpu      ] GC(53) User=0,01s Sys=0,01s Real=0,02s
[2022-09-01T18:08:24.421+0300][gc,start    ] GC(54) Pause Young (Normal) (G1 Evacuation Pause)
[2022-09-01T18:08:24.421+0300][gc,task     ] GC(54) Using 2 workers of 2 for evacuation
[2022-09-01T18:08:24.457+0300][gc,mmu      ] GC(54) MMU target violated: 21,0ms (20,0ms/21,0ms)
[2022-09-01T18:08:24.457+0300][gc,phases   ] GC(54)   Pre Evacuate Collection Set: 0,1ms
[2022-09-01T18:08:24.457+0300][gc,phases   ] GC(54)   Merge Heap Roots: 0,0ms
[2022-09-01T18:08:24.457+0300][gc,phases   ] GC(54)   Evacuate Collection Set: 31,6ms
[2022-09-01T18:08:24.457+0300][gc,phases   ] GC(54)   Post Evacuate Collection Set: 0,5ms
[2022-09-01T18:08:24.457+0300][gc,phases   ] GC(54)   Other: 4,4ms
[2022-09-01T18:08:24.457+0300][gc,heap     ] GC(54) Eden regions: 47->0(47)
[2022-09-01T18:08:24.457+0300][gc,heap     ] GC(54) Survivor regions: 4->4(7)
[2022-09-01T18:08:24.457+0300][gc,heap     ] GC(54) Old regions: 62->63
[2022-09-01T18:08:24.457+0300][gc,heap     ] GC(54) Archive regions: 2->2
[2022-09-01T18:08:24.457+0300][gc,heap     ] GC(54) Humongous regions: 129->129
[2022-09-01T18:08:24.457+0300][gc,metaspace] GC(54) Metaspace: 44573K(45184K)->44573K(45184K) NonClass: 39471K(39808K)->39471K(39808K) Class: 5102K(5376K)->5102K(5376K)
[2022-09-01T18:08:24.457+0300][gc          ] GC(54) Pause Young (Normal) (G1 Evacuation Pause) 242M->196M(1024M) 36,782ms
[2022-09-01T18:08:24.457+0300][gc,cpu      ] GC(54) User=0,00s Sys=0,01s Real=0,03s
[2022-09-01T18:08:32.196+0300][gc,start    ] GC(55) Pause Young (Normal) (G1 Evacuation Pause)
[2022-09-01T18:08:32.196+0300][gc,task     ] GC(55) Using 2 workers of 2 for evacuation
[2022-09-01T18:08:32.221+0300][gc,mmu      ] GC(55) MMU target violated: 21,0ms (20,0ms/21,0ms)
[2022-09-01T18:08:32.222+0300][gc,phases   ] GC(55)   Pre Evacuate Collection Set: 0,1ms
[2022-09-01T18:08:32.222+0300][gc,phases   ] GC(55)   Merge Heap Roots: 0,1ms
[2022-09-01T18:08:32.222+0300][gc,phases   ] GC(55)   Evacuate Collection Set: 24,4ms
[2022-09-01T18:08:32.222+0300][gc,phases   ] GC(55)   Post Evacuate Collection Set: 0,4ms
[2022-09-01T18:08:32.222+0300][gc,phases   ] GC(55)   Other: 0,1ms
[2022-09-01T18:08:32.222+0300][gc,heap     ] GC(55) Eden regions: 47->0(47)
[2022-09-01T18:08:32.222+0300][gc,heap     ] GC(55) Survivor regions: 4->5(7)
[2022-09-01T18:08:32.222+0300][gc,heap     ] GC(55) Old regions: 63->63
[2022-09-01T18:08:32.222+0300][gc,heap     ] GC(55) Archive regions: 2->2
[2022-09-01T18:08:32.222+0300][gc,heap     ] GC(55) Humongous regions: 129->129
[2022-09-01T18:08:32.222+0300][gc,metaspace] GC(55) Metaspace: 44573K(45184K)->44573K(45184K) NonClass: 39471K(39808K)->39471K(39808K) Class: 5102K(5376K)->5102K(5376K)
[2022-09-01T18:08:32.222+0300][gc          ] GC(55) Pause Young (Normal) (G1 Evacuation Pause) 243M->197M(1024M) 25,329ms
[2022-09-01T18:08:32.222+0300][gc,cpu      ] GC(55) User=0,01s Sys=0,01s Real=0,03s
[2022-09-01T18:08:40.111+0300][gc,start    ] GC(56) Pause Young (Normal) (G1 Evacuation Pause)
[2022-09-01T18:08:40.111+0300][gc,task     ] GC(56) Using 2 workers of 2 for evacuation
[2022-09-01T18:08:40.137+0300][gc,mmu      ] GC(56) MMU target violated: 21,0ms (20,0ms/21,0ms)
[2022-09-01T18:08:40.137+0300][gc,phases   ] GC(56)   Pre Evacuate Collection Set: 0,1ms
[2022-09-01T18:08:40.137+0300][gc,phases   ] GC(56)   Merge Heap Roots: 0,1ms
[2022-09-01T18:08:40.137+0300][gc,phases   ] GC(56)   Evacuate Collection Set: 24,8ms
[2022-09-01T18:08:40.137+0300][gc,phases   ] GC(56)   Post Evacuate Collection Set: 0,9ms
[2022-09-01T18:08:40.137+0300][gc,phases   ] GC(56)   Other: 0,2ms
[2022-09-01T18:08:40.137+0300][gc,heap     ] GC(56) Eden regions: 47->0(136)
[2022-09-01T18:08:40.137+0300][gc,heap     ] GC(56) Survivor regions: 5->4(7)
[2022-09-01T18:08:40.137+0300][gc,heap     ] GC(56) Old regions: 63->65
[2022-09-01T18:08:40.137+0300][gc,heap     ] GC(56) Archive regions: 2->2
[2022-09-01T18:08:40.137+0300][gc,heap     ] GC(56) Humongous regions: 129->129
[2022-09-01T18:08:40.137+0300][gc,metaspace] GC(56) Metaspace: 44573K(45184K)->44573K(45184K) NonClass: 39471K(39808K)->39471K(39808K) Class: 5102K(5376K)->5102K(5376K)
[2022-09-01T18:08:40.137+0300][gc          ] GC(56) Pause Young (Normal) (G1 Evacuation Pause) 244M->198M(1024M) 26,205ms
[2022-09-01T18:08:40.137+0300][gc,cpu      ] GC(56) User=0,00s Sys=0,01s Real=0,02s
[2022-09-01T18:09:00.688+0300][gc,start    ] GC(57) Pause Young (Normal) (G1 Evacuation Pause)
[2022-09-01T18:09:00.688+0300][gc,task     ] GC(57) Using 2 workers of 2 for evacuation
[2022-09-01T18:09:00.701+0300][gc,phases   ] GC(57)   Pre Evacuate Collection Set: 0,2ms
[2022-09-01T18:09:00.702+0300][gc,phases   ] GC(57)   Merge Heap Roots: 0,1ms
[2022-09-01T18:09:00.702+0300][gc,phases   ] GC(57)   Evacuate Collection Set: 12,1ms
[2022-09-01T18:09:00.702+0300][gc,phases   ] GC(57)   Post Evacuate Collection Set: 0,6ms
[2022-09-01T18:09:00.702+0300][gc,phases   ] GC(57)   Other: 0,1ms
[2022-09-01T18:09:00.702+0300][gc,heap     ] GC(57) Eden regions: 136->0(117)
[2022-09-01T18:09:00.702+0300][gc,heap     ] GC(57) Survivor regions: 4->6(18)
[2022-09-01T18:09:00.702+0300][gc,heap     ] GC(57) Old regions: 65->65
[2022-09-01T18:09:00.702+0300][gc,heap     ] GC(57) Archive regions: 2->2
[2022-09-01T18:09:00.702+0300][gc,heap     ] GC(57) Humongous regions: 129->129
[2022-09-01T18:09:00.702+0300][gc,metaspace] GC(57) Metaspace: 44573K(45184K)->44573K(45184K) NonClass: 39471K(39808K)->39471K(39808K) Class: 5102K(5376K)->5102K(5376K)
[2022-09-01T18:09:00.702+0300][gc          ] GC(57) Pause Young (Normal) (G1 Evacuation Pause) 334M->200M(1024M) 13,255ms
[2022-09-01T18:09:00.702+0300][gc,cpu      ] GC(57) User=0,01s Sys=0,01s Real=0,01s
[2022-09-01T18:09:20.052+0300][gc,start    ] GC(58) Pause Young (Normal) (G1 Evacuation Pause)
[2022-09-01T18:09:20.052+0300][gc,task     ] GC(58) Using 2 workers of 2 for evacuation
[2022-09-01T18:09:20.068+0300][gc,phases   ] GC(58)   Pre Evacuate Collection Set: 0,1ms
[2022-09-01T18:09:20.069+0300][gc,phases   ] GC(58)   Merge Heap Roots: 0,1ms
[2022-09-01T18:09:20.069+0300][gc,phases   ] GC(58)   Evacuate Collection Set: 11,3ms
[2022-09-01T18:09:20.069+0300][gc,phases   ] GC(58)   Post Evacuate Collection Set: 4,5ms
[2022-09-01T18:09:20.069+0300][gc,phases   ] GC(58)   Other: 0,1ms
[2022-09-01T18:09:20.069+0300][gc,heap     ] GC(58) Eden regions: 117->0(96)
[2022-09-01T18:09:20.069+0300][gc,heap     ] GC(58) Survivor regions: 6->7(16)
[2022-09-01T18:09:20.069+0300][gc,heap     ] GC(58) Old regions: 65->65
[2022-09-01T18:09:20.069+0300][gc,heap     ] GC(58) Archive regions: 2->2
[2022-09-01T18:09:20.069+0300][gc,heap     ] GC(58) Humongous regions: 129->129
[2022-09-01T18:09:20.069+0300][gc,metaspace] GC(58) Metaspace: 44573K(45184K)->44573K(45184K) NonClass: 39471K(39808K)->39471K(39808K) Class: 5102K(5376K)->5102K(5376K)
[2022-09-01T18:09:20.069+0300][gc          ] GC(58) Pause Young (Normal) (G1 Evacuation Pause) 317M->201M(1024M) 16,305ms
[2022-09-01T18:09:20.069+0300][gc,cpu      ] GC(58) User=0,00s Sys=0,02s Real=0,01s
[2022-09-01T18:10:08.485+0300][gc,start    ] GC(59) Pause Young (Normal) (G1 Evacuation Pause)
[2022-09-01T18:10:08.485+0300][gc,task     ] GC(59) Using 2 workers of 2 for evacuation
[2022-09-01T18:10:08.522+0300][gc,mmu      ] GC(59) MMU target violated: 21,0ms (20,0ms/21,0ms)
[2022-09-01T18:10:08.523+0300][gc,phases   ] GC(59)   Pre Evacuate Collection Set: 0,1ms
[2022-09-01T18:10:08.523+0300][gc,phases   ] GC(59)   Merge Heap Roots: 0,1ms
[2022-09-01T18:10:08.523+0300][gc,phases   ] GC(59)   Evacuate Collection Set: 29,0ms
[2022-09-01T18:10:08.523+0300][gc,phases   ] GC(59)   Post Evacuate Collection Set: 7,8ms
[2022-09-01T18:10:08.523+0300][gc,phases   ] GC(59)   Other: 0,3ms
[2022-09-01T18:10:08.523+0300][gc,heap     ] GC(59) Eden regions: 96->0(42)
[2022-09-01T18:10:08.523+0300][gc,heap     ] GC(59) Survivor regions: 7->9(13)
[2022-09-01T18:10:08.523+0300][gc,heap     ] GC(59) Old regions: 65->65
[2022-09-01T18:10:08.523+0300][gc,heap     ] GC(59) Archive regions: 2->2
[2022-09-01T18:10:08.523+0300][gc,heap     ] GC(59) Humongous regions: 129->129
[2022-09-01T18:10:08.523+0300][gc,metaspace] GC(59) Metaspace: 44737K(45376K)->44737K(45376K) NonClass: 39635K(40000K)->39635K(40000K) Class: 5102K(5376K)->5102K(5376K)
[2022-09-01T18:10:08.523+0300][gc          ] GC(59) Pause Young (Normal) (G1 Evacuation Pause) 297M->203M(1024M) 37,524ms
[2022-09-01T18:10:08.523+0300][gc,cpu      ] GC(59) User=0,01s Sys=0,02s Real=0,04s
[2022-09-01T18:10:17.901+0300][gc,start    ] GC(60) Pause Young (Normal) (G1 Evacuation Pause)
[2022-09-01T18:10:17.901+0300][gc,task     ] GC(60) Using 2 workers of 2 for evacuation
[2022-09-01T18:10:17.937+0300][gc,mmu      ] GC(60) MMU target violated: 21,0ms (20,0ms/21,0ms)
[2022-09-01T18:10:17.937+0300][gc,phases   ] GC(60)   Pre Evacuate Collection Set: 0,1ms
[2022-09-01T18:10:17.937+0300][gc,phases   ] GC(60)   Merge Heap Roots: 0,2ms
[2022-09-01T18:10:17.937+0300][gc,phases   ] GC(60)   Evacuate Collection Set: 29,0ms
[2022-09-01T18:10:17.937+0300][gc,phases   ] GC(60)   Post Evacuate Collection Set: 0,6ms
[2022-09-01T18:10:17.937+0300][gc,phases   ] GC(60)   Other: 6,5ms
[2022-09-01T18:10:17.937+0300][gc,heap     ] GC(60) Eden regions: 42->0(56)
[2022-09-01T18:10:17.937+0300][gc,heap     ] GC(60) Survivor regions: 9->5(7)
[2022-09-01T18:10:17.937+0300][gc,heap     ] GC(60) Old regions: 65->70
[2022-09-01T18:10:17.937+0300][gc,heap     ] GC(60) Archive regions: 2->2
[2022-09-01T18:10:17.937+0300][gc,heap     ] GC(60) Humongous regions: 129->129
[2022-09-01T18:10:17.937+0300][gc,metaspace] GC(60) Metaspace: 44737K(45376K)->44737K(45376K) NonClass: 39635K(40000K)->39635K(40000K) Class: 5102K(5376K)->5102K(5376K)
[2022-09-01T18:10:17.937+0300][gc          ] GC(60) Pause Young (Normal) (G1 Evacuation Pause) 245M->204M(1024M) 36,707ms
[2022-09-01T18:10:17.937+0300][gc,cpu      ] GC(60) User=0,01s Sys=0,02s Real=0,03s
[2022-09-01T18:10:26.490+0300][gc,start    ] GC(61) Pause Young (Normal) (G1 Evacuation Pause)
[2022-09-01T18:10:26.490+0300][gc,task     ] GC(61) Using 2 workers of 2 for evacuation
[2022-09-01T18:10:26.514+0300][gc,mmu      ] GC(61) MMU target violated: 21,0ms (20,0ms/21,0ms)
[2022-09-01T18:10:26.514+0300][gc,phases   ] GC(61)   Pre Evacuate Collection Set: 0,1ms
[2022-09-01T18:10:26.514+0300][gc,phases   ] GC(61)   Merge Heap Roots: 0,1ms
[2022-09-01T18:10:26.514+0300][gc,phases   ] GC(61)   Evacuate Collection Set: 23,7ms
[2022-09-01T18:10:26.514+0300][gc,phases   ] GC(61)   Post Evacuate Collection Set: 0,6ms
[2022-09-01T18:10:26.514+0300][gc,phases   ] GC(61)   Other: 0,2ms
[2022-09-01T18:10:26.514+0300][gc,heap     ] GC(61) Eden regions: 51->0(96)
[2022-09-01T18:10:26.514+0300][gc,heap     ] GC(61) Survivor regions: 5->4(7)
[2022-09-01T18:10:26.515+0300][gc,heap     ] GC(61) Old regions: 70->72
[2022-09-01T18:10:26.515+0300][gc,heap     ] GC(61) Archive regions: 2->2
[2022-09-01T18:10:26.515+0300][gc,heap     ] GC(61) Humongous regions: 129->129
[2022-09-01T18:10:26.515+0300][gc,metaspace] GC(61) Metaspace: 44737K(45376K)->44737K(45376K) NonClass: 39635K(40000K)->39635K(40000K) Class: 5102K(5376K)->5102K(5376K)
[2022-09-01T18:10:26.515+0300][gc          ] GC(61) Pause Young (Normal) (G1 Evacuation Pause) 255M->205M(1024M) 24,931ms
[2022-09-01T18:10:26.515+0300][gc,cpu      ] GC(61) User=0,01s Sys=0,00s Real=0,02s
[2022-09-01T18:10:42.399+0300][gc,start    ] GC(62) Pause Young (Normal) (G1 Evacuation Pause)
[2022-09-01T18:10:42.399+0300][gc,task     ] GC(62) Using 2 workers of 2 for evacuation
[2022-09-01T18:10:42.433+0300][gc,mmu      ] GC(62) MMU target violated: 21,0ms (20,0ms/21,0ms)
[2022-09-01T18:10:42.434+0300][gc,phases   ] GC(62)   Pre Evacuate Collection Set: 0,1ms
[2022-09-01T18:10:42.434+0300][gc,phases   ] GC(62)   Merge Heap Roots: 0,2ms
[2022-09-01T18:10:42.434+0300][gc,phases   ] GC(62)   Evacuate Collection Set: 32,9ms
[2022-09-01T18:10:42.434+0300][gc,phases   ] GC(62)   Post Evacuate Collection Set: 0,8ms
[2022-09-01T18:10:42.434+0300][gc,phases   ] GC(62)   Other: 0,2ms
[2022-09-01T18:10:42.434+0300][gc,heap     ] GC(62) Eden regions: 89->0(46)
[2022-09-01T18:10:42.434+0300][gc,heap     ] GC(62) Survivor regions: 4->5(12)
[2022-09-01T18:10:42.434+0300][gc,heap     ] GC(62) Old regions: 72->72
[2022-09-01T18:10:42.434+0300][gc,heap     ] GC(62) Archive regions: 2->2
[2022-09-01T18:10:42.434+0300][gc,heap     ] GC(62) Humongous regions: 129->129
[2022-09-01T18:10:42.434+0300][gc,metaspace] GC(62) Metaspace: 44737K(45376K)->44737K(45376K) NonClass: 39635K(40000K)->39635K(40000K) Class: 5102K(5376K)->5102K(5376K)
[2022-09-01T18:10:42.434+0300][gc          ] GC(62) Pause Young (Normal) (G1 Evacuation Pause) 294M->206M(1024M) 34,410ms
[2022-09-01T18:10:42.434+0300][gc,cpu      ] GC(62) User=0,01s Sys=0,01s Real=0,03s
[2022-09-01T18:10:49.399+0300][gc,start    ] GC(63) Pause Young (Normal) (G1 Evacuation Pause)
[2022-09-01T18:10:49.399+0300][gc,task     ] GC(63) Using 2 workers of 2 for evacuation
[2022-09-01T18:10:49.427+0300][gc,mmu      ] GC(63) MMU target violated: 21,0ms (20,0ms/21,0ms)
[2022-09-01T18:10:49.428+0300][gc,phases   ] GC(63)   Pre Evacuate Collection Set: 0,1ms
[2022-09-01T18:10:49.428+0300][gc,phases   ] GC(63)   Merge Heap Roots: 0,1ms
[2022-09-01T18:10:49.428+0300][gc,phases   ] GC(63)   Evacuate Collection Set: 28,1ms
[2022-09-01T18:10:49.428+0300][gc,phases   ] GC(63)   Post Evacuate Collection Set: 0,5ms
[2022-09-01T18:10:49.428+0300][gc,phases   ] GC(63)   Other: 0,1ms
[2022-09-01T18:10:49.428+0300][gc,heap     ] GC(63) Eden regions: 46->0(47)
[2022-09-01T18:10:49.428+0300][gc,heap     ] GC(63) Survivor regions: 5->4(7)
[2022-09-01T18:10:49.428+0300][gc,heap     ] GC(63) Old regions: 72->74
[2022-09-01T18:10:49.428+0300][gc,heap     ] GC(63) Archive regions: 2->2
[2022-09-01T18:10:49.428+0300][gc,heap     ] GC(63) Humongous regions: 129->129
[2022-09-01T18:10:49.428+0300][gc,metaspace] GC(63) Metaspace: 44743K(45376K)->44743K(45376K) NonClass: 39641K(40000K)->39641K(40000K) Class: 5102K(5376K)->5102K(5376K)
[2022-09-01T18:10:49.428+0300][gc          ] GC(63) Pause Young (Normal) (G1 Evacuation Pause) 252M->207M(1024M) 29,064ms
[2022-09-01T18:10:49.428+0300][gc,cpu      ] GC(63) User=0,01s Sys=0,01s Real=0,02s
[2022-09-01T18:10:56.574+0300][gc,start    ] GC(64) Pause Young (Normal) (G1 Evacuation Pause)
[2022-09-01T18:10:56.574+0300][gc,task     ] GC(64) Using 2 workers of 2 for evacuation
[2022-09-01T18:10:56.586+0300][gc,phases   ] GC(64)   Pre Evacuate Collection Set: 0,1ms
[2022-09-01T18:10:56.586+0300][gc,phases   ] GC(64)   Merge Heap Roots: 0,1ms
[2022-09-01T18:10:56.586+0300][gc,phases   ] GC(64)   Evacuate Collection Set: 6,4ms
[2022-09-01T18:10:56.586+0300][gc,phases   ] GC(64)   Post Evacuate Collection Set: 5,0ms
[2022-09-01T18:10:56.586+0300][gc,phases   ] GC(64)   Other: 0,1ms
[2022-09-01T18:10:56.586+0300][gc,heap     ] GC(64) Eden regions: 47->0(47)
[2022-09-01T18:10:56.586+0300][gc,heap     ] GC(64) Survivor regions: 4->4(7)
[2022-09-01T18:10:56.586+0300][gc,heap     ] GC(64) Old regions: 74->74
[2022-09-01T18:10:56.586+0300][gc,heap     ] GC(64) Archive regions: 2->2
[2022-09-01T18:10:56.586+0300][gc,heap     ] GC(64) Humongous regions: 129->129
[2022-09-01T18:10:56.586+0300][gc,metaspace] GC(64) Metaspace: 44743K(45376K)->44743K(45376K) NonClass: 39641K(40000K)->39641K(40000K) Class: 5102K(5376K)->5102K(5376K)
[2022-09-01T18:10:56.586+0300][gc          ] GC(64) Pause Young (Normal) (G1 Evacuation Pause) 254M->207M(1024M) 11,900ms
[2022-09-01T18:10:56.586+0300][gc,cpu      ] GC(64) User=0,00s Sys=0,01s Real=0,01s
[2022-09-01T18:11:04.483+0300][gc,start    ] GC(65) Pause Young (Normal) (G1 Evacuation Pause)
[2022-09-01T18:11:04.483+0300][gc,task     ] GC(65) Using 2 workers of 2 for evacuation
[2022-09-01T18:11:04.495+0300][gc,phases   ] GC(65)   Pre Evacuate Collection Set: 0,1ms
[2022-09-01T18:11:04.496+0300][gc,phases   ] GC(65)   Merge Heap Roots: 0,6ms
[2022-09-01T18:11:04.496+0300][gc,phases   ] GC(65)   Evacuate Collection Set: 7,1ms
[2022-09-01T18:11:04.496+0300][gc,phases   ] GC(65)   Post Evacuate Collection Set: 4,6ms
[2022-09-01T18:11:04.496+0300][gc,phases   ] GC(65)   Other: 0,1ms
[2022-09-01T18:11:04.496+0300][gc,heap     ] GC(65) Eden regions: 47->0(78)
[2022-09-01T18:11:04.496+0300][gc,heap     ] GC(65) Survivor regions: 4->4(7)
[2022-09-01T18:11:04.496+0300][gc,heap     ] GC(65) Old regions: 74->75
[2022-09-01T18:11:04.496+0300][gc,heap     ] GC(65) Archive regions: 2->2
[2022-09-01T18:11:04.496+0300][gc,heap     ] GC(65) Humongous regions: 129->129
[2022-09-01T18:11:04.496+0300][gc,metaspace] GC(65) Metaspace: 44743K(45376K)->44743K(45376K) NonClass: 39641K(40000K)->39641K(40000K) Class: 5102K(5376K)->5102K(5376K)
[2022-09-01T18:11:04.496+0300][gc          ] GC(65) Pause Young (Normal) (G1 Evacuation Pause) 254M->208M(1024M) 12,798ms
[2022-09-01T18:11:04.496+0300][gc,cpu      ] GC(65) User=0,00s Sys=0,01s Real=0,01s
[2022-09-01T18:11:16.633+0300][gc,start    ] GC(66) Pause Young (Normal) (G1 Evacuation Pause)
[2022-09-01T18:11:16.633+0300][gc,task     ] GC(66) Using 2 workers of 2 for evacuation
[2022-09-01T18:11:16.654+0300][gc,mmu      ] GC(66) MMU target violated: 21,0ms (20,0ms/21,0ms)
[2022-09-01T18:11:16.654+0300][gc,phases   ] GC(66)   Pre Evacuate Collection Set: 0,1ms
[2022-09-01T18:11:16.654+0300][gc,phases   ] GC(66)   Merge Heap Roots: 0,3ms
[2022-09-01T18:11:16.654+0300][gc,phases   ] GC(66)   Evacuate Collection Set: 20,5ms
[2022-09-01T18:11:16.654+0300][gc,phases   ] GC(66)   Post Evacuate Collection Set: 0,5ms
[2022-09-01T18:11:16.654+0300][gc,phases   ] GC(66)   Other: 0,1ms
[2022-09-01T18:11:16.654+0300][gc,heap     ] GC(66) Eden regions: 76->0(95)
[2022-09-01T18:11:16.654+0300][gc,heap     ] GC(66) Survivor regions: 4->5(10)
[2022-09-01T18:11:16.654+0300][gc,heap     ] GC(66) Old regions: 75->75
[2022-09-01T18:11:16.654+0300][gc,heap     ] GC(66) Archive regions: 2->2
[2022-09-01T18:11:16.654+0300][gc,heap     ] GC(66) Humongous regions: 129->129
[2022-09-01T18:11:16.654+0300][gc,metaspace] GC(66) Metaspace: 44743K(45376K)->44743K(45376K) NonClass: 39641K(40000K)->39641K(40000K) Class: 5102K(5376K)->5102K(5376K)
[2022-09-01T18:11:16.654+0300][gc          ] GC(66) Pause Young (Normal) (G1 Evacuation Pause) 284M->208M(1024M) 21,672ms
[2022-09-01T18:11:16.655+0300][gc,cpu      ] GC(66) User=0,01s Sys=0,00s Real=0,02s
[2022-09-01T18:11:32.146+0300][gc,start    ] GC(67) Pause Young (Normal) (G1 Evacuation Pause)
[2022-09-01T18:11:32.146+0300][gc,task     ] GC(67) Using 2 workers of 2 for evacuation
[2022-09-01T18:11:32.174+0300][gc,mmu      ] GC(67) MMU target violated: 21,0ms (20,0ms/21,0ms)
[2022-09-01T18:11:32.174+0300][gc,phases   ] GC(67)   Pre Evacuate Collection Set: 0,2ms
[2022-09-01T18:11:32.174+0300][gc,phases   ] GC(67)   Merge Heap Roots: 0,1ms
[2022-09-01T18:11:32.174+0300][gc,phases   ] GC(67)   Evacuate Collection Set: 26,7ms
[2022-09-01T18:11:32.174+0300][gc,phases   ] GC(67)   Post Evacuate Collection Set: 1,2ms
[2022-09-01T18:11:32.174+0300][gc,phases   ] GC(67)   Other: 0,1ms
[2022-09-01T18:11:32.174+0300][gc,heap     ] GC(67) Eden regions: 95->0(107)
[2022-09-01T18:11:32.174+0300][gc,heap     ] GC(67) Survivor regions: 5->6(13)
[2022-09-01T18:11:32.174+0300][gc,heap     ] GC(67) Old regions: 75->75
[2022-09-01T18:11:32.174+0300][gc,heap     ] GC(67) Archive regions: 2->2
[2022-09-01T18:11:32.174+0300][gc,heap     ] GC(67) Humongous regions: 129->129
[2022-09-01T18:11:32.174+0300][gc,metaspace] GC(67) Metaspace: 44743K(45376K)->44743K(45376K) NonClass: 39641K(40000K)->39641K(40000K) Class: 5102K(5376K)->5102K(5376K)
[2022-09-01T18:11:32.174+0300][gc          ] GC(67) Pause Young (Normal) (G1 Evacuation Pause) 303M->209M(1024M) 28,405ms
[2022-09-01T18:11:32.174+0300][gc,cpu      ] GC(67) User=0,01s Sys=0,01s Real=0,03s
[2022-09-01T18:11:49.137+0300][gc,start    ] GC(68) Pause Young (Normal) (G1 Evacuation Pause)
[2022-09-01T18:11:49.137+0300][gc,task     ] GC(68) Using 2 workers of 2 for evacuation
[2022-09-01T18:11:49.149+0300][gc,phases   ] GC(68)   Pre Evacuate Collection Set: 0,1ms
[2022-09-01T18:11:49.149+0300][gc,phases   ] GC(68)   Merge Heap Roots: 0,1ms
[2022-09-01T18:11:49.149+0300][gc,phases   ] GC(68)   Evacuate Collection Set: 10,2ms
[2022-09-01T18:11:49.149+0300][gc,phases   ] GC(68)   Post Evacuate Collection Set: 1,6ms
[2022-09-01T18:11:49.149+0300][gc,phases   ] GC(68)   Other: 0,1ms
[2022-09-01T18:11:49.149+0300][gc,heap     ] GC(68) Eden regions: 107->0(113)
[2022-09-01T18:11:49.149+0300][gc,heap     ] GC(68) Survivor regions: 6->7(15)
[2022-09-01T18:11:49.149+0300][gc,heap     ] GC(68) Old regions: 75->75
[2022-09-01T18:11:49.149+0300][gc,heap     ] GC(68) Archive regions: 2->2
[2022-09-01T18:11:49.149+0300][gc,heap     ] GC(68) Humongous regions: 129->129
[2022-09-01T18:11:49.149+0300][gc,metaspace] GC(68) Metaspace: 44743K(45376K)->44743K(45376K) NonClass: 39641K(40000K)->39641K(40000K) Class: 5102K(5376K)->5102K(5376K)
[2022-09-01T18:11:49.149+0300][gc          ] GC(68) Pause Young (Normal) (G1 Evacuation Pause) 316M->210M(1024M) 12,292ms
[2022-09-01T18:11:49.150+0300][gc,cpu      ] GC(68) User=0,01s Sys=0,02s Real=0,01s
[2022-09-01T18:12:07.328+0300][gc,start    ] GC(69) Pause Young (Normal) (G1 Evacuation Pause)
[2022-09-01T18:12:07.328+0300][gc,task     ] GC(69) Using 2 workers of 2 for evacuation
[2022-09-01T18:12:07.358+0300][gc,mmu      ] GC(69) MMU target violated: 21,0ms (20,0ms/21,0ms)
[2022-09-01T18:12:07.358+0300][gc,phases   ] GC(69)   Pre Evacuate Collection Set: 0,2ms
[2022-09-01T18:12:07.358+0300][gc,phases   ] GC(69)   Merge Heap Roots: 0,1ms
[2022-09-01T18:12:07.358+0300][gc,phases   ] GC(69)   Evacuate Collection Set: 28,3ms
[2022-09-01T18:12:07.358+0300][gc,phases   ] GC(69)   Post Evacuate Collection Set: 1,5ms
[2022-09-01T18:12:07.358+0300][gc,phases   ] GC(69)   Other: 0,1ms
[2022-09-01T18:12:07.358+0300][gc,heap     ] GC(69) Eden regions: 113->0(44)
[2022-09-01T18:12:07.358+0300][gc,heap     ] GC(69) Survivor regions: 7->7(15)
[2022-09-01T18:12:07.358+0300][gc,heap     ] GC(69) Old regions: 75->75
[2022-09-01T18:12:07.358+0300][gc,heap     ] GC(69) Archive regions: 2->2
[2022-09-01T18:12:07.358+0300][gc,heap     ] GC(69) Humongous regions: 129->129
[2022-09-01T18:12:07.358+0300][gc,metaspace] GC(69) Metaspace: 44743K(45376K)->44743K(45376K) NonClass: 39641K(40000K)->39641K(40000K) Class: 5102K(5376K)->5102K(5376K)
[2022-09-01T18:12:07.358+0300][gc          ] GC(69) Pause Young (Normal) (G1 Evacuation Pause) 323M->211M(1024M) 30,376ms
[2022-09-01T18:12:07.358+0300][gc,cpu      ] GC(69) User=0,02s Sys=0,00s Real=0,04s
[2022-09-01T18:12:14.589+0300][gc,start    ] GC(70) Pause Young (Normal) (G1 Evacuation Pause)
[2022-09-01T18:12:14.589+0300][gc,task     ] GC(70) Using 2 workers of 2 for evacuation
[2022-09-01T18:12:14.625+0300][gc,mmu      ] GC(70) MMU target violated: 21,0ms (20,0ms/21,0ms)
[2022-09-01T18:12:14.625+0300][gc,phases   ] GC(70)   Pre Evacuate Collection Set: 0,2ms
[2022-09-01T18:12:14.625+0300][gc,phases   ] GC(70)   Merge Heap Roots: 0,1ms
[2022-09-01T18:12:14.625+0300][gc,phases   ] GC(70)   Evacuate Collection Set: 34,7ms
[2022-09-01T18:12:14.625+0300][gc,phases   ] GC(70)   Post Evacuate Collection Set: 0,9ms
[2022-09-01T18:12:14.625+0300][gc,phases   ] GC(70)   Other: 0,1ms
[2022-09-01T18:12:14.625+0300][gc,heap     ] GC(70) Eden regions: 44->0(113)
[2022-09-01T18:12:14.625+0300][gc,heap     ] GC(70) Survivor regions: 7->5(7)
[2022-09-01T18:12:14.625+0300][gc,heap     ] GC(70) Old regions: 75->78
[2022-09-01T18:12:14.625+0300][gc,heap     ] GC(70) Archive regions: 2->2
[2022-09-01T18:12:14.625+0300][gc,heap     ] GC(70) Humongous regions: 129->129
[2022-09-01T18:12:14.625+0300][gc,metaspace] GC(70) Metaspace: 44743K(45376K)->44743K(45376K) NonClass: 39641K(40000K)->39641K(40000K) Class: 5102K(5376K)->5102K(5376K)
[2022-09-01T18:12:14.625+0300][gc          ] GC(70) Pause Young (Normal) (G1 Evacuation Pause) 255M->212M(1024M) 36,193ms
[2022-09-01T18:12:14.625+0300][gc,cpu      ] GC(70) User=0,02s Sys=0,01s Real=0,04s
[2022-09-01T18:12:32.108+0300][gc,start    ] GC(71) Pause Young (Normal) (G1 Evacuation Pause)
[2022-09-01T18:12:32.108+0300][gc,task     ] GC(71) Using 2 workers of 2 for evacuation
[2022-09-01T18:12:32.119+0300][gc,phases   ] GC(71)   Pre Evacuate Collection Set: 0,2ms
[2022-09-01T18:12:32.119+0300][gc,phases   ] GC(71)   Merge Heap Roots: 0,2ms
[2022-09-01T18:12:32.119+0300][gc,phases   ] GC(71)   Evacuate Collection Set: 8,1ms
[2022-09-01T18:12:32.119+0300][gc,phases   ] GC(71)   Post Evacuate Collection Set: 1,7ms
[2022-09-01T18:12:32.119+0300][gc,phases   ] GC(71)   Other: 0,1ms
[2022-09-01T18:12:32.119+0300][gc,heap     ] GC(71) Eden regions: 111->0(165)
[2022-09-01T18:12:32.119+0300][gc,heap     ] GC(71) Survivor regions: 5->5(15)
[2022-09-01T18:12:32.119+0300][gc,heap     ] GC(71) Old regions: 78->78
[2022-09-01T18:12:32.119+0300][gc,heap     ] GC(71) Archive regions: 2->2
[2022-09-01T18:12:32.119+0300][gc,heap     ] GC(71) Humongous regions: 129->129
[2022-09-01T18:12:32.119+0300][gc,metaspace] GC(71) Metaspace: 44743K(45376K)->44743K(45376K) NonClass: 39641K(40000K)->39641K(40000K) Class: 5102K(5376K)->5102K(5376K)
[2022-09-01T18:12:32.119+0300][gc          ] GC(71) Pause Young (Normal) (G1 Evacuation Pause) 323M->212M(1024M) 10,447ms
[2022-09-01T18:12:32.119+0300][gc,cpu      ] GC(71) User=0,00s Sys=0,01s Real=0,02s
[2022-09-01T18:12:58.226+0300][gc,start    ] GC(72) Pause Young (Normal) (G1 Evacuation Pause)
[2022-09-01T18:12:58.226+0300][gc,task     ] GC(72) Using 2 workers of 2 for evacuation
[2022-09-01T18:12:58.257+0300][gc,mmu      ] GC(72) MMU target violated: 21,0ms (20,0ms/21,0ms)
[2022-09-01T18:12:58.258+0300][gc,phases   ] GC(72)   Pre Evacuate Collection Set: 0,2ms
[2022-09-01T18:12:58.258+0300][gc,phases   ] GC(72)   Merge Heap Roots: 0,1ms
[2022-09-01T18:12:58.258+0300][gc,phases   ] GC(72)   Evacuate Collection Set: 18,1ms
[2022-09-01T18:12:58.258+0300][gc,phases   ] GC(72)   Post Evacuate Collection Set: 13,1ms
[2022-09-01T18:12:58.258+0300][gc,phases   ] GC(72)   Other: 0,1ms
[2022-09-01T18:12:58.258+0300][gc,heap     ] GC(72) Eden regions: 165->0(44)
[2022-09-01T18:12:58.258+0300][gc,heap     ] GC(72) Survivor regions: 5->7(22)
[2022-09-01T18:12:58.258+0300][gc,heap     ] GC(72) Old regions: 78->78
[2022-09-01T18:12:58.258+0300][gc,heap     ] GC(72) Archive regions: 2->2
[2022-09-01T18:12:58.258+0300][gc,heap     ] GC(72) Humongous regions: 129->129
[2022-09-01T18:12:58.258+0300][gc,metaspace] GC(72) Metaspace: 44743K(45376K)->44743K(45376K) NonClass: 39641K(40000K)->39641K(40000K) Class: 5102K(5376K)->5102K(5376K)
[2022-09-01T18:12:58.258+0300][gc          ] GC(72) Pause Young (Normal) (G1 Evacuation Pause) 377M->214M(1024M) 31,758ms
[2022-09-01T18:12:58.258+0300][gc,cpu      ] GC(72) User=0,02s Sys=0,01s Real=0,03s
[2022-09-01T18:13:04.793+0300][gc,start    ] GC(73) Pause Young (Normal) (G1 Evacuation Pause)
[2022-09-01T18:13:04.794+0300][gc,task     ] GC(73) Using 2 workers of 2 for evacuation
[2022-09-01T18:13:04.834+0300][gc,mmu      ] GC(73) MMU target violated: 21,0ms (20,0ms/21,0ms)
[2022-09-01T18:13:04.834+0300][gc,phases   ] GC(73)   Pre Evacuate Collection Set: 0,1ms
[2022-09-01T18:13:04.834+0300][gc,phases   ] GC(73)   Merge Heap Roots: 0,1ms
[2022-09-01T18:13:04.834+0300][gc,phases   ] GC(73)   Evacuate Collection Set: 31,0ms
[2022-09-01T18:13:04.834+0300][gc,phases   ] GC(73)   Post Evacuate Collection Set: 9,0ms
[2022-09-01T18:13:04.834+0300][gc,phases   ] GC(73)   Other: 0,5ms
[2022-09-01T18:13:04.834+0300][gc,heap     ] GC(73) Eden regions: 44->0(47)
[2022-09-01T18:13:04.834+0300][gc,heap     ] GC(73) Survivor regions: 7->4(7)
[2022-09-01T18:13:04.834+0300][gc,heap     ] GC(73) Old regions: 78->81
[2022-09-01T18:13:04.834+0300][gc,heap     ] GC(73) Archive regions: 2->2
[2022-09-01T18:13:04.834+0300][gc,heap     ] GC(73) Humongous regions: 129->129
[2022-09-01T18:13:04.834+0300][gc,metaspace] GC(73) Metaspace: 44743K(45376K)->44743K(45376K) NonClass: 39641K(40000K)->39641K(40000K) Class: 5102K(5376K)->5102K(5376K)
[2022-09-01T18:13:04.834+0300][gc          ] GC(73) Pause Young (Normal) (G1 Evacuation Pause) 258M->214M(1024M) 41,204ms
[2022-09-01T18:13:04.835+0300][gc,cpu      ] GC(73) User=0,02s Sys=0,02s Real=0,04s
[2022-09-01T18:13:12.075+0300][gc,start    ] GC(74) Pause Young (Normal) (G1 Evacuation Pause)
[2022-09-01T18:13:12.075+0300][gc,task     ] GC(74) Using 2 workers of 2 for evacuation
[2022-09-01T18:13:12.110+0300][gc,mmu      ] GC(74) MMU target violated: 21,0ms (20,0ms/21,0ms)
[2022-09-01T18:13:12.110+0300][gc,phases   ] GC(74)   Pre Evacuate Collection Set: 0,1ms
[2022-09-01T18:13:12.110+0300][gc,phases   ] GC(74)   Merge Heap Roots: 0,2ms
[2022-09-01T18:13:12.110+0300][gc,phases   ] GC(74)   Evacuate Collection Set: 26,4ms
[2022-09-01T18:13:12.110+0300][gc,phases   ] GC(74)   Post Evacuate Collection Set: 7,6ms
[2022-09-01T18:13:12.110+0300][gc,phases   ] GC(74)   Other: 0,1ms
[2022-09-01T18:13:12.110+0300][gc,heap     ] GC(74) Eden regions: 47->0(47)
[2022-09-01T18:13:12.110+0300][gc,heap     ] GC(74) Survivor regions: 4->4(7)
[2022-09-01T18:13:12.110+0300][gc,heap     ] GC(74) Old regions: 81->82
[2022-09-01T18:13:12.110+0300][gc,heap     ] GC(74) Archive regions: 2->2
[2022-09-01T18:13:12.110+0300][gc,heap     ] GC(74) Humongous regions: 129->129
[2022-09-01T18:13:12.110+0300][gc,metaspace] GC(74) Metaspace: 44743K(45376K)->44743K(45376K) NonClass: 39641K(40000K)->39641K(40000K) Class: 5102K(5376K)->5102K(5376K)
[2022-09-01T18:13:12.110+0300][gc          ] GC(74) Pause Young (Normal) (G1 Evacuation Pause) 261M->215M(1024M) 34,618ms
[2022-09-01T18:13:12.110+0300][gc,cpu      ] GC(74) User=0,01s Sys=0,02s Real=0,03s
[2022-09-01T18:13:19.281+0300][gc,start    ] GC(75) Pause Young (Normal) (G1 Evacuation Pause)
[2022-09-01T18:13:19.281+0300][gc,task     ] GC(75) Using 2 workers of 2 for evacuation
[2022-09-01T18:13:19.294+0300][gc,phases   ] GC(75)   Pre Evacuate Collection Set: 0,1ms
[2022-09-01T18:13:19.294+0300][gc,phases   ] GC(75)   Merge Heap Roots: 0,2ms
[2022-09-01T18:13:19.294+0300][gc,phases   ] GC(75)   Evacuate Collection Set: 6,2ms
[2022-09-01T18:13:19.294+0300][gc,phases   ] GC(75)   Post Evacuate Collection Set: 6,7ms
[2022-09-01T18:13:19.294+0300][gc,phases   ] GC(75)   Other: 0,1ms
[2022-09-01T18:13:19.294+0300][gc,heap     ] GC(75) Eden regions: 47->0(47)
[2022-09-01T18:13:19.294+0300][gc,heap     ] GC(75) Survivor regions: 4->4(7)
[2022-09-01T18:13:19.294+0300][gc,heap     ] GC(75) Old regions: 82->82
[2022-09-01T18:13:19.294+0300][gc,heap     ] GC(75) Archive regions: 2->2
[2022-09-01T18:13:19.294+0300][gc,heap     ] GC(75) Humongous regions: 129->129
[2022-09-01T18:13:19.294+0300][gc,metaspace] GC(75) Metaspace: 44743K(45376K)->44743K(45376K) NonClass: 39641K(40000K)->39641K(40000K) Class: 5102K(5376K)->5102K(5376K)
[2022-09-01T18:13:19.294+0300][gc          ] GC(75) Pause Young (Normal) (G1 Evacuation Pause) 262M->215M(1024M) 13,518ms
[2022-09-01T18:13:19.294+0300][gc,cpu      ] GC(75) User=0,00s Sys=0,01s Real=0,01s
[2022-09-01T18:13:26.456+0300][gc,start    ] GC(76) Pause Young (Normal) (G1 Evacuation Pause)
[2022-09-01T18:13:26.457+0300][gc,task     ] GC(76) Using 2 workers of 2 for evacuation
[2022-09-01T18:13:26.470+0300][gc,phases   ] GC(76)   Pre Evacuate Collection Set: 0,3ms
[2022-09-01T18:13:26.470+0300][gc,phases   ] GC(76)   Merge Heap Roots: 0,6ms
[2022-09-01T18:13:26.470+0300][gc,phases   ] GC(76)   Evacuate Collection Set: 12,3ms
[2022-09-01T18:13:26.470+0300][gc,phases   ] GC(76)   Post Evacuate Collection Set: 0,6ms
[2022-09-01T18:13:26.470+0300][gc,phases   ] GC(76)   Other: 0,1ms
[2022-09-01T18:13:26.470+0300][gc,heap     ] GC(76) Eden regions: 47->0(83)
[2022-09-01T18:13:26.470+0300][gc,heap     ] GC(76) Survivor regions: 4->4(7)
[2022-09-01T18:13:26.470+0300][gc,heap     ] GC(76) Old regions: 82->82
[2022-09-01T18:13:26.470+0300][gc,heap     ] GC(76) Archive regions: 2->2
[2022-09-01T18:13:26.470+0300][gc,heap     ] GC(76) Humongous regions: 129->129
[2022-09-01T18:13:26.470+0300][gc,metaspace] GC(76) Metaspace: 44743K(45376K)->44743K(45376K) NonClass: 39641K(40000K)->39641K(40000K) Class: 5102K(5376K)->5102K(5376K)
[2022-09-01T18:13:26.471+0300][gc          ] GC(76) Pause Young (Normal) (G1 Evacuation Pause) 262M->215M(1024M) 14,007ms
[2022-09-01T18:13:26.471+0300][gc,cpu      ] GC(76) User=0,00s Sys=0,02s Real=0,02s
[2022-09-01T18:13:39.172+0300][gc,start    ] GC(77) Pause Young (Normal) (G1 Evacuation Pause)
[2022-09-01T18:13:39.172+0300][gc,task     ] GC(77) Using 2 workers of 2 for evacuation
[2022-09-01T18:13:39.190+0300][gc,phases   ] GC(77)   Pre Evacuate Collection Set: 0,3ms
[2022-09-01T18:13:39.190+0300][gc,phases   ] GC(77)   Merge Heap Roots: 0,1ms
[2022-09-01T18:13:39.190+0300][gc,phases   ] GC(77)   Evacuate Collection Set: 15,6ms
[2022-09-01T18:13:39.190+0300][gc,phases   ] GC(77)   Post Evacuate Collection Set: 1,7ms
[2022-09-01T18:13:39.190+0300][gc,phases   ] GC(77)   Other: 0,1ms
[2022-09-01T18:13:39.190+0300][gc,heap     ] GC(77) Eden regions: 83->0(79)
[2022-09-01T18:13:39.190+0300][gc,heap     ] GC(77) Survivor regions: 4->5(11)
[2022-09-01T18:13:39.190+0300][gc,heap     ] GC(77) Old regions: 82->82
[2022-09-01T18:13:39.190+0300][gc,heap     ] GC(77) Archive regions: 2->2
[2022-09-01T18:13:39.190+0300][gc,heap     ] GC(77) Humongous regions: 129->129
[2022-09-01T18:13:39.190+0300][gc,metaspace] GC(77) Metaspace: 44743K(45376K)->44743K(45376K) NonClass: 39641K(40000K)->39641K(40000K) Class: 5102K(5376K)->5102K(5376K)
[2022-09-01T18:13:39.190+0300][gc          ] GC(77) Pause Young (Normal) (G1 Evacuation Pause) 298M->216M(1024M) 17,952ms
[2022-09-01T18:13:39.190+0300][gc,cpu      ] GC(77) User=0,01s Sys=0,01s Real=0,02s
[2022-09-01T18:13:53.701+0300][gc,start    ] GC(78) Pause Young (Normal) (G1 Evacuation Pause)
[2022-09-01T18:13:53.701+0300][gc,task     ] GC(78) Using 2 workers of 2 for evacuation
[2022-09-01T18:13:53.715+0300][gc,phases   ] GC(78)   Pre Evacuate Collection Set: 0,6ms
[2022-09-01T18:13:53.715+0300][gc,phases   ] GC(78)   Merge Heap Roots: 0,1ms
[2022-09-01T18:13:53.715+0300][gc,phases   ] GC(78)   Evacuate Collection Set: 12,6ms
[2022-09-01T18:13:53.715+0300][gc,phases   ] GC(78)   Post Evacuate Collection Set: 0,5ms
[2022-09-01T18:13:53.715+0300][gc,phases   ] GC(78)   Other: 0,1ms
[2022-09-01T18:13:53.715+0300][gc,heap     ] GC(78) Eden regions: 79->0(118)
[2022-09-01T18:13:53.715+0300][gc,heap     ] GC(78) Survivor regions: 5->6(11)
[2022-09-01T18:13:53.715+0300][gc,heap     ] GC(78) Old regions: 82->82
[2022-09-01T18:13:53.715+0300][gc,heap     ] GC(78) Archive regions: 2->2
[2022-09-01T18:13:53.715+0300][gc,heap     ] GC(78) Humongous regions: 129->129
[2022-09-01T18:13:53.715+0300][gc,metaspace] GC(78) Metaspace: 44743K(45376K)->44743K(45376K) NonClass: 39641K(40000K)->39641K(40000K) Class: 5102K(5376K)->5102K(5376K)
[2022-09-01T18:13:53.715+0300][gc          ] GC(78) Pause Young (Normal) (G1 Evacuation Pause) 295M->217M(1024M) 14,027ms
[2022-09-01T18:13:53.715+0300][gc,cpu      ] GC(78) User=0,00s Sys=0,01s Real=0,01s
[2022-09-01T18:14:16.884+0300][gc,start    ] GC(79) Pause Young (Normal) (G1 Evacuation Pause)
[2022-09-01T18:14:16.884+0300][gc,task     ] GC(79) Using 2 workers of 2 for evacuation
[2022-09-01T18:14:16.919+0300][gc,mmu      ] GC(79) MMU target violated: 21,0ms (20,0ms/21,0ms)
[2022-09-01T18:14:16.919+0300][gc,phases   ] GC(79)   Pre Evacuate Collection Set: 0,2ms
[2022-09-01T18:14:16.919+0300][gc,phases   ] GC(79)   Merge Heap Roots: 0,1ms
[2022-09-01T18:14:16.919+0300][gc,phases   ] GC(79)   Evacuate Collection Set: 31,0ms
[2022-09-01T18:14:16.919+0300][gc,phases   ] GC(79)   Post Evacuate Collection Set: 3,3ms
[2022-09-01T18:14:16.919+0300][gc,phases   ] GC(79)   Other: 0,2ms
[2022-09-01T18:14:16.919+0300][gc,heap     ] GC(79) Eden regions: 118->0(44)
[2022-09-01T18:14:16.919+0300][gc,heap     ] GC(79) Survivor regions: 6->7(16)
[2022-09-01T18:14:16.919+0300][gc,heap     ] GC(79) Old regions: 82->82
[2022-09-01T18:14:16.919+0300][gc,heap     ] GC(79) Archive regions: 2->2
[2022-09-01T18:14:16.919+0300][gc,heap     ] GC(79) Humongous regions: 129->129
[2022-09-01T18:14:16.919+0300][gc,metaspace] GC(79) Metaspace: 44753K(45376K)->44753K(45376K) NonClass: 39651K(40000K)->39651K(40000K) Class: 5102K(5376K)->5102K(5376K)
[2022-09-01T18:14:16.919+0300][gc          ] GC(79) Pause Young (Normal) (G1 Evacuation Pause) 335M->218M(1024M) 34,985ms
[2022-09-01T18:14:16.919+0300][gc,cpu      ] GC(79) User=0,01s Sys=0,01s Real=0,04s
[2022-09-01T18:14:24.055+0300][gc,start    ] GC(80) Pause Young (Normal) (G1 Evacuation Pause)
[2022-09-01T18:14:24.055+0300][gc,task     ] GC(80) Using 2 workers of 2 for evacuation
[2022-09-01T18:14:24.082+0300][gc,mmu      ] GC(80) MMU target violated: 21,0ms (20,0ms/21,0ms)
[2022-09-01T18:14:24.082+0300][gc,phases   ] GC(80)   Pre Evacuate Collection Set: 0,4ms
[2022-09-01T18:14:24.083+0300][gc,phases   ] GC(80)   Merge Heap Roots: 0,5ms
[2022-09-01T18:14:24.083+0300][gc,phases   ] GC(80)   Evacuate Collection Set: 22,3ms
[2022-09-01T18:14:24.083+0300][gc,phases   ] GC(80)   Post Evacuate Collection Set: 4,3ms
[2022-09-01T18:14:24.083+0300][gc,phases   ] GC(80)   Other: 0,1ms
[2022-09-01T18:14:24.083+0300][gc,heap     ] GC(80) Eden regions: 44->0(145)
[2022-09-01T18:14:24.083+0300][gc,heap     ] GC(80) Survivor regions: 7->4(7)
[2022-09-01T18:14:24.083+0300][gc,heap     ] GC(80) Old regions: 82->85
[2022-09-01T18:14:24.083+0300][gc,heap     ] GC(80) Archive regions: 2->2
[2022-09-01T18:14:24.083+0300][gc,heap     ] GC(80) Humongous regions: 129->129
[2022-09-01T18:14:24.083+0300][gc,metaspace] GC(80) Metaspace: 44753K(45376K)->44753K(45376K) NonClass: 39651K(40000K)->39651K(40000K) Class: 5102K(5376K)->5102K(5376K)
[2022-09-01T18:14:24.083+0300][gc          ] GC(80) Pause Young (Normal) (G1 Evacuation Pause) 262M->218M(1024M) 28,047ms
[2022-09-01T18:14:24.083+0300][gc,cpu      ] GC(80) User=0,02s Sys=0,01s Real=0,03s
[2022-09-01T18:14:45.476+0300][gc,start    ] GC(81) Pause Young (Normal) (G1 Evacuation Pause)
[2022-09-01T18:14:45.476+0300][gc,task     ] GC(81) Using 2 workers of 2 for evacuation
[2022-09-01T18:14:45.521+0300][gc,mmu      ] GC(81) MMU target violated: 21,0ms (20,0ms/21,0ms)
[2022-09-01T18:14:45.521+0300][gc,phases   ] GC(81)   Pre Evacuate Collection Set: 0,2ms
[2022-09-01T18:14:45.521+0300][gc,phases   ] GC(81)   Merge Heap Roots: 0,2ms
[2022-09-01T18:14:45.521+0300][gc,phases   ] GC(81)   Evacuate Collection Set: 43,5ms
[2022-09-01T18:14:45.521+0300][gc,phases   ] GC(81)   Post Evacuate Collection Set: 0,5ms
[2022-09-01T18:14:45.521+0300][gc,phases   ] GC(81)   Other: 0,1ms
[2022-09-01T18:14:45.521+0300][gc,heap     ] GC(81) Eden regions: 138->0(46)
[2022-09-01T18:14:45.521+0300][gc,heap     ] GC(81) Survivor regions: 4->5(18)
[2022-09-01T18:14:45.522+0300][gc,heap     ] GC(81) Old regions: 85->85
[2022-09-01T18:14:45.522+0300][gc,heap     ] GC(81) Archive regions: 2->2
[2022-09-01T18:14:45.522+0300][gc,heap     ] GC(81) Humongous regions: 129->129
[2022-09-01T18:14:45.522+0300][gc,metaspace] GC(81) Metaspace: 44753K(45376K)->44753K(45376K) NonClass: 39651K(40000K)->39651K(40000K) Class: 5102K(5376K)->5102K(5376K)
[2022-09-01T18:14:45.522+0300][gc          ] GC(81) Pause Young (Normal) (G1 Evacuation Pause) 356M->219M(1024M) 45,585ms
[2022-09-01T18:14:45.522+0300][gc,cpu      ] GC(81) User=0,02s Sys=0,02s Real=0,05s
[2022-09-01T18:14:52.430+0300][gc,start    ] GC(82) Pause Young (Normal) (G1 Evacuation Pause)
[2022-09-01T18:14:52.430+0300][gc,task     ] GC(82) Using 2 workers of 2 for evacuation
[2022-09-01T18:14:52.489+0300][gc,mmu      ] GC(82) MMU target violated: 21,0ms (20,0ms/21,0ms)
[2022-09-01T18:14:52.489+0300][gc,phases   ] GC(82)   Pre Evacuate Collection Set: 0,1ms
[2022-09-01T18:14:52.489+0300][gc,phases   ] GC(82)   Merge Heap Roots: 0,1ms
[2022-09-01T18:14:52.489+0300][gc,phases   ] GC(82)   Evacuate Collection Set: 47,0ms
[2022-09-01T18:14:52.489+0300][gc,phases   ] GC(82)   Post Evacuate Collection Set: 11,7ms
[2022-09-01T18:14:52.489+0300][gc,phases   ] GC(82)   Other: 0,1ms
[2022-09-01T18:14:52.489+0300][gc,heap     ] GC(82) Eden regions: 46->0(47)
[2022-09-01T18:14:52.489+0300][gc,heap     ] GC(82) Survivor regions: 5->4(7)
[2022-09-01T18:14:52.489+0300][gc,heap     ] GC(82) Old regions: 85->86
[2022-09-01T18:14:52.489+0300][gc,heap     ] GC(82) Archive regions: 2->2
[2022-09-01T18:14:52.489+0300][gc,heap     ] GC(82) Humongous regions: 129->129
[2022-09-01T18:14:52.489+0300][gc,metaspace] GC(82) Metaspace: 44753K(45376K)->44753K(45376K) NonClass: 39651K(40000K)->39651K(40000K) Class: 5102K(5376K)->5102K(5376K)
[2022-09-01T18:14:52.489+0300][gc          ] GC(82) Pause Young (Normal) (G1 Evacuation Pause) 265M->219M(1024M) 59,230ms
[2022-09-01T18:14:52.489+0300][gc,cpu      ] GC(82) User=0,02s Sys=0,03s Real=0,06s
[2022-09-01T18:14:59.664+0300][gc,start    ] GC(83) Pause Young (Normal) (G1 Evacuation Pause)
[2022-09-01T18:14:59.664+0300][gc,task     ] GC(83) Using 2 workers of 2 for evacuation
[2022-09-01T18:14:59.687+0300][gc,mmu      ] GC(83) MMU target violated: 21,0ms (20,0ms/21,0ms)
[2022-09-01T18:14:59.687+0300][gc,phases   ] GC(83)   Pre Evacuate Collection Set: 0,5ms
[2022-09-01T18:14:59.687+0300][gc,phases   ] GC(83)   Merge Heap Roots: 0,5ms
[2022-09-01T18:14:59.687+0300][gc,phases   ] GC(83)   Evacuate Collection Set: 15,2ms
[2022-09-01T18:14:59.687+0300][gc,phases   ] GC(83)   Post Evacuate Collection Set: 6,6ms
[2022-09-01T18:14:59.687+0300][gc,phases   ] GC(83)   Other: 0,2ms
[2022-09-01T18:14:59.687+0300][gc,heap     ] GC(83) Eden regions: 47->0(47)
[2022-09-01T18:14:59.687+0300][gc,heap     ] GC(83) Survivor regions: 4->4(7)
[2022-09-01T18:14:59.687+0300][gc,heap     ] GC(83) Old regions: 86->87
[2022-09-01T18:14:59.687+0300][gc,heap     ] GC(83) Archive regions: 2->2
[2022-09-01T18:14:59.687+0300][gc,heap     ] GC(83) Humongous regions: 129->129
[2022-09-01T18:14:59.687+0300][gc,metaspace] GC(83) Metaspace: 44754K(45376K)->44754K(45376K) NonClass: 39652K(40000K)->39652K(40000K) Class: 5102K(5376K)->5102K(5376K)
[2022-09-01T18:14:59.687+0300][gc          ] GC(83) Pause Young (Normal) (G1 Evacuation Pause) 266M->220M(1024M) 23,161ms
[2022-09-01T18:14:59.687+0300][gc,cpu      ] GC(83) User=0,01s Sys=0,01s Real=0,02s
[2022-09-01T18:15:08.084+0300][gc,start    ] GC(84) Pause Young (Normal) (G1 Evacuation Pause)
[2022-09-01T18:15:08.084+0300][gc,task     ] GC(84) Using 2 workers of 2 for evacuation
[2022-09-01T18:15:08.095+0300][gc,phases   ] GC(84)   Pre Evacuate Collection Set: 0,1ms
[2022-09-01T18:15:08.095+0300][gc,phases   ] GC(84)   Merge Heap Roots: 0,1ms
[2022-09-01T18:15:08.095+0300][gc,phases   ] GC(84)   Evacuate Collection Set: 9,8ms
[2022-09-01T18:15:08.098+0300][gc,phases   ] GC(84)   Post Evacuate Collection Set: 0,9ms
[2022-09-01T18:15:08.098+0300][gc,phases   ] GC(84)   Other: 0,1ms
[2022-09-01T18:15:08.098+0300][gc,heap     ] GC(84) Eden regions: 47->0(47)
[2022-09-01T18:15:08.098+0300][gc,heap     ] GC(84) Survivor regions: 4->4(7)
[2022-09-01T18:15:08.098+0300][gc,heap     ] GC(84) Old regions: 87->88
[2022-09-01T18:15:08.098+0300][gc,heap     ] GC(84) Archive regions: 2->2
[2022-09-01T18:15:08.098+0300][gc,heap     ] GC(84) Humongous regions: 129->129
[2022-09-01T18:15:08.098+0300][gc,metaspace] GC(84) Metaspace: 44754K(45376K)->44754K(45376K) NonClass: 39652K(40000K)->39652K(40000K) Class: 5102K(5376K)->5102K(5376K)
[2022-09-01T18:15:08.098+0300][gc          ] GC(84) Pause Young (Normal) (G1 Evacuation Pause) 267M->220M(1024M) 14,263ms
[2022-09-01T18:15:08.098+0300][gc,cpu      ] GC(84) User=0,01s Sys=0,00s Real=0,01s
[2022-09-01T18:15:16.079+0300][gc,start    ] GC(85) Pause Young (Normal) (G1 Evacuation Pause)
[2022-09-01T18:15:16.079+0300][gc,task     ] GC(85) Using 2 workers of 2 for evacuation
[2022-09-01T18:15:16.094+0300][gc,phases   ] GC(85)   Pre Evacuate Collection Set: 0,4ms
[2022-09-01T18:15:16.094+0300][gc,phases   ] GC(85)   Merge Heap Roots: 0,3ms
[2022-09-01T18:15:16.094+0300][gc,phases   ] GC(85)   Evacuate Collection Set: 6,5ms
[2022-09-01T18:15:16.094+0300][gc,phases   ] GC(85)   Post Evacuate Collection Set: 7,8ms
[2022-09-01T18:15:16.094+0300][gc,phases   ] GC(85)   Other: 0,1ms
[2022-09-01T18:15:16.094+0300][gc,heap     ] GC(85) Eden regions: 47->0(47)
[2022-09-01T18:15:16.094+0300][gc,heap     ] GC(85) Survivor regions: 4->4(7)
[2022-09-01T18:15:16.094+0300][gc,heap     ] GC(85) Old regions: 88->88
[2022-09-01T18:15:16.094+0300][gc,heap     ] GC(85) Archive regions: 2->2
[2022-09-01T18:15:16.094+0300][gc,heap     ] GC(85) Humongous regions: 129->129
[2022-09-01T18:15:16.094+0300][gc,metaspace] GC(85) Metaspace: 44754K(45376K)->44754K(45376K) NonClass: 39652K(40000K)->39652K(40000K) Class: 5102K(5376K)->5102K(5376K)
[2022-09-01T18:15:16.094+0300][gc          ] GC(85) Pause Young (Normal) (G1 Evacuation Pause) 267M->220M(1024M) 15,401ms
[2022-09-01T18:15:16.094+0300][gc,cpu      ] GC(85) User=0,01s Sys=0,02s Real=0,01s
[2022-09-01T18:15:25.425+0300][gc,start    ] GC(86) Pause Young (Normal) (G1 Evacuation Pause)
[2022-09-01T18:15:25.425+0300][gc,task     ] GC(86) Using 2 workers of 2 for evacuation
[2022-09-01T18:15:25.438+0300][gc,phases   ] GC(86)   Pre Evacuate Collection Set: 0,1ms
[2022-09-01T18:15:25.438+0300][gc,phases   ] GC(86)   Merge Heap Roots: 0,1ms
[2022-09-01T18:15:25.438+0300][gc,phases   ] GC(86)   Evacuate Collection Set: 11,7ms
[2022-09-01T18:15:25.438+0300][gc,phases   ] GC(86)   Post Evacuate Collection Set: 0,5ms
[2022-09-01T18:15:25.438+0300][gc,phases   ] GC(86)   Other: 0,1ms
[2022-09-01T18:15:25.438+0300][gc,heap     ] GC(86) Eden regions: 47->0(95)
[2022-09-01T18:15:25.438+0300][gc,heap     ] GC(86) Survivor regions: 4->4(7)
[2022-09-01T18:15:25.438+0300][gc,heap     ] GC(86) Old regions: 88->88
[2022-09-01T18:15:25.438+0300][gc,heap     ] GC(86) Archive regions: 2->2
[2022-09-01T18:15:25.438+0300][gc,heap     ] GC(86) Humongous regions: 129->129
[2022-09-01T18:15:25.438+0300][gc,metaspace] GC(86) Metaspace: 44754K(45376K)->44754K(45376K) NonClass: 39652K(40000K)->39652K(40000K) Class: 5102K(5376K)->5102K(5376K)
[2022-09-01T18:15:25.438+0300][gc          ] GC(86) Pause Young (Normal) (G1 Evacuation Pause) 267M->221M(1024M) 12,653ms
[2022-09-01T18:15:25.438+0300][gc,cpu      ] GC(86) User=0,00s Sys=0,01s Real=0,01s
[2022-09-01T18:15:41.356+0300][gc,start    ] GC(87) Pause Young (Normal) (G1 Evacuation Pause)
[2022-09-01T18:15:41.356+0300][gc,task     ] GC(87) Using 2 workers of 2 for evacuation
[2022-09-01T18:15:41.386+0300][gc,mmu      ] GC(87) MMU target violated: 21,0ms (20,0ms/21,0ms)
[2022-09-01T18:15:41.386+0300][gc,phases   ] GC(87)   Pre Evacuate Collection Set: 0,1ms
[2022-09-01T18:15:41.386+0300][gc,phases   ] GC(87)   Merge Heap Roots: 0,2ms
[2022-09-01T18:15:41.386+0300][gc,phases   ] GC(87)   Evacuate Collection Set: 29,5ms
[2022-09-01T18:15:41.386+0300][gc,phases   ] GC(87)   Post Evacuate Collection Set: 0,5ms
[2022-09-01T18:15:41.386+0300][gc,phases   ] GC(87)   Other: 0,1ms
[2022-09-01T18:15:41.386+0300][gc,heap     ] GC(87) Eden regions: 91->0(47)
[2022-09-01T18:15:41.386+0300][gc,heap     ] GC(87) Survivor regions: 4->4(12)
[2022-09-01T18:15:41.386+0300][gc,heap     ] GC(87) Old regions: 88->88
[2022-09-01T18:15:41.386+0300][gc,heap     ] GC(87) Archive regions: 2->2
[2022-09-01T18:15:41.386+0300][gc,heap     ] GC(87) Humongous regions: 129->129
[2022-09-01T18:15:41.386+0300][gc,metaspace] GC(87) Metaspace: 44754K(45376K)->44754K(45376K) NonClass: 39652K(40000K)->39652K(40000K) Class: 5102K(5376K)->5102K(5376K)
[2022-09-01T18:15:41.386+0300][gc          ] GC(87) Pause Young (Normal) (G1 Evacuation Pause) 312M->221M(1024M) 30,612ms
[2022-09-01T18:15:41.386+0300][gc,cpu      ] GC(87) User=0,01s Sys=0,01s Real=0,03s
[2022-09-01T18:15:49.385+0300][gc,start    ] GC(88) Pause Young (Normal) (G1 Evacuation Pause)
[2022-09-01T18:15:49.385+0300][gc,task     ] GC(88) Using 2 workers of 2 for evacuation
[2022-09-01T18:15:49.399+0300][gc,phases   ] GC(88)   Pre Evacuate Collection Set: 0,3ms
[2022-09-01T18:15:49.399+0300][gc,phases   ] GC(88)   Merge Heap Roots: 0,1ms
[2022-09-01T18:15:49.399+0300][gc,phases   ] GC(88)   Evacuate Collection Set: 9,7ms
[2022-09-01T18:15:49.399+0300][gc,phases   ] GC(88)   Post Evacuate Collection Set: 3,5ms
[2022-09-01T18:15:49.399+0300][gc,phases   ] GC(88)   Other: 0,1ms
[2022-09-01T18:15:49.399+0300][gc,heap     ] GC(88) Eden regions: 47->0(47)
[2022-09-01T18:15:49.399+0300][gc,heap     ] GC(88) Survivor regions: 4->4(7)
[2022-09-01T18:15:49.399+0300][gc,heap     ] GC(88) Old regions: 88->89
[2022-09-01T18:15:49.399+0300][gc,heap     ] GC(88) Archive regions: 2->2
[2022-09-01T18:15:49.399+0300][gc,heap     ] GC(88) Humongous regions: 129->129
[2022-09-01T18:15:49.399+0300][gc,metaspace] GC(88) Metaspace: 44754K(45376K)->44754K(45376K) NonClass: 39652K(40000K)->39652K(40000K) Class: 5102K(5376K)->5102K(5376K)
[2022-09-01T18:15:49.399+0300][gc          ] GC(88) Pause Young (Normal) (G1 Evacuation Pause) 268M->222M(1024M) 13,964ms
[2022-09-01T18:15:49.399+0300][gc,cpu      ] GC(88) User=0,01s Sys=0,01s Real=0,02s
[2022-09-01T18:15:57.970+0300][gc,start    ] GC(89) Pause Young (Normal) (G1 Evacuation Pause)
[2022-09-01T18:15:57.970+0300][gc,task     ] GC(89) Using 2 workers of 2 for evacuation
[2022-09-01T18:15:57.983+0300][gc,phases   ] GC(89)   Pre Evacuate Collection Set: 0,3ms
[2022-09-01T18:15:57.983+0300][gc,phases   ] GC(89)   Merge Heap Roots: 0,4ms
[2022-09-01T18:15:57.983+0300][gc,phases   ] GC(89)   Evacuate Collection Set: 12,0ms
[2022-09-01T18:15:57.983+0300][gc,phases   ] GC(89)   Post Evacuate Collection Set: 0,6ms
[2022-09-01T18:15:57.983+0300][gc,phases   ] GC(89)   Other: 0,1ms
[2022-09-01T18:15:57.983+0300][gc,heap     ] GC(89) Eden regions: 47->0(84)
[2022-09-01T18:15:57.983+0300][gc,heap     ] GC(89) Survivor regions: 4->4(7)
[2022-09-01T18:15:57.983+0300][gc,heap     ] GC(89) Old regions: 89->90
[2022-09-01T18:15:57.983+0300][gc,heap     ] GC(89) Archive regions: 2->2
[2022-09-01T18:15:57.983+0300][gc,heap     ] GC(89) Humongous regions: 129->129
[2022-09-01T18:15:57.983+0300][gc,metaspace] GC(89) Metaspace: 44754K(45376K)->44754K(45376K) NonClass: 39652K(40000K)->39652K(40000K) Class: 5102K(5376K)->5102K(5376K)
[2022-09-01T18:15:57.983+0300][gc          ] GC(89) Pause Young (Normal) (G1 Evacuation Pause) 269M->223M(1024M) 13,744ms
[2022-09-01T18:15:57.983+0300][gc,cpu      ] GC(89) User=0,01s Sys=0,01s Real=0,01s
[2022-09-01T18:16:11.279+0300][gc,start    ] GC(90) Pause Young (Normal) (G1 Evacuation Pause)
[2022-09-01T18:16:11.279+0300][gc,task     ] GC(90) Using 2 workers of 2 for evacuation
[2022-09-01T18:16:11.316+0300][gc,mmu      ] GC(90) MMU target violated: 21,0ms (20,0ms/21,0ms)
[2022-09-01T18:16:11.316+0300][gc,phases   ] GC(90)   Pre Evacuate Collection Set: 0,1ms
[2022-09-01T18:16:11.316+0300][gc,phases   ] GC(90)   Merge Heap Roots: 0,2ms
[2022-09-01T18:16:11.316+0300][gc,phases   ] GC(90)   Evacuate Collection Set: 36,3ms
[2022-09-01T18:16:11.316+0300][gc,phases   ] GC(90)   Post Evacuate Collection Set: 0,6ms
[2022-09-01T18:16:11.316+0300][gc,phases   ] GC(90)   Other: 0,1ms
[2022-09-01T18:16:11.316+0300][gc,heap     ] GC(90) Eden regions: 77->0(47)
[2022-09-01T18:16:11.316+0300][gc,heap     ] GC(90) Survivor regions: 4->4(11)
[2022-09-01T18:16:11.316+0300][gc,heap     ] GC(90) Old regions: 90->90
[2022-09-01T18:16:11.316+0300][gc,heap     ] GC(90) Archive regions: 2->2
[2022-09-01T18:16:11.316+0300][gc,heap     ] GC(90) Humongous regions: 129->129
[2022-09-01T18:16:11.316+0300][gc,metaspace] GC(90) Metaspace: 44754K(45376K)->44754K(45376K) NonClass: 39652K(40000K)->39652K(40000K) Class: 5102K(5376K)->5102K(5376K)
[2022-09-01T18:16:11.316+0300][gc          ] GC(90) Pause Young (Normal) (G1 Evacuation Pause) 300M->223M(1024M) 37,499ms
[2022-09-01T18:16:11.316+0300][gc,cpu      ] GC(90) User=0,02s Sys=0,00s Real=0,03s
[2022-09-01T18:16:19.618+0300][gc,start    ] GC(91) Pause Young (Normal) (G1 Evacuation Pause)
[2022-09-01T18:16:19.618+0300][gc,task     ] GC(91) Using 2 workers of 2 for evacuation
[2022-09-01T18:16:19.635+0300][gc,phases   ] GC(91)   Pre Evacuate Collection Set: 0,2ms
[2022-09-01T18:16:19.636+0300][gc,phases   ] GC(91)   Merge Heap Roots: 0,5ms
[2022-09-01T18:16:19.636+0300][gc,phases   ] GC(91)   Evacuate Collection Set: 16,4ms
[2022-09-01T18:16:19.636+0300][gc,phases   ] GC(91)   Post Evacuate Collection Set: 0,6ms
[2022-09-01T18:16:19.636+0300][gc,phases   ] GC(91)   Other: 0,1ms
[2022-09-01T18:16:19.636+0300][gc,heap     ] GC(91) Eden regions: 47->0(47)
[2022-09-01T18:16:19.636+0300][gc,heap     ] GC(91) Survivor regions: 4->4(7)
[2022-09-01T18:16:19.636+0300][gc,heap     ] GC(91) Old regions: 90->90
[2022-09-01T18:16:19.636+0300][gc,heap     ] GC(91) Archive regions: 2->2
[2022-09-01T18:16:19.636+0300][gc,heap     ] GC(91) Humongous regions: 129->129
[2022-09-01T18:16:19.636+0300][gc,metaspace] GC(91) Metaspace: 44754K(45376K)->44754K(45376K) NonClass: 39652K(40000K)->39652K(40000K) Class: 5102K(5376K)->5102K(5376K)
[2022-09-01T18:16:19.636+0300][gc          ] GC(91) Pause Young (Normal) (G1 Evacuation Pause) 270M->223M(1024M) 18,108ms
[2022-09-01T18:16:19.636+0300][gc,cpu      ] GC(91) User=0,00s Sys=0,01s Real=0,02s
[2022-09-01T18:16:28.030+0300][gc,start    ] GC(92) Pause Young (Normal) (G1 Evacuation Pause)
[2022-09-01T18:16:28.030+0300][gc,task     ] GC(92) Using 2 workers of 2 for evacuation
[2022-09-01T18:16:28.039+0300][gc,phases   ] GC(92)   Pre Evacuate Collection Set: 0,1ms
[2022-09-01T18:16:28.039+0300][gc,phases   ] GC(92)   Merge Heap Roots: 0,3ms
[2022-09-01T18:16:28.039+0300][gc,phases   ] GC(92)   Evacuate Collection Set: 8,2ms
[2022-09-01T18:16:28.039+0300][gc,phases   ] GC(92)   Post Evacuate Collection Set: 0,5ms
[2022-09-01T18:16:28.039+0300][gc,phases   ] GC(92)   Other: 0,1ms
[2022-09-01T18:16:28.039+0300][gc,heap     ] GC(92) Eden regions: 47->0(47)
[2022-09-01T18:16:28.039+0300][gc,heap     ] GC(92) Survivor regions: 4->4(7)
[2022-09-01T18:16:28.039+0300][gc,heap     ] GC(92) Old regions: 90->91
[2022-09-01T18:16:28.039+0300][gc,heap     ] GC(92) Archive regions: 2->2
[2022-09-01T18:16:28.039+0300][gc,heap     ] GC(92) Humongous regions: 129->129
[2022-09-01T18:16:28.039+0300][gc,metaspace] GC(92) Metaspace: 44754K(45376K)->44754K(45376K) NonClass: 39652K(40000K)->39652K(40000K) Class: 5102K(5376K)->5102K(5376K)
[2022-09-01T18:16:28.039+0300][gc          ] GC(92) Pause Young (Normal) (G1 Evacuation Pause) 270M->224M(1024M) 9,425ms
[2022-09-01T18:16:28.039+0300][gc,cpu      ] GC(92) User=0,00s Sys=0,01s Real=0,00s
[2022-09-01T18:16:36.766+0300][gc,start    ] GC(93) Pause Young (Normal) (G1 Evacuation Pause)
[2022-09-01T18:16:36.766+0300][gc,task     ] GC(93) Using 2 workers of 2 for evacuation
[2022-09-01T18:16:36.789+0300][gc,mmu      ] GC(93) MMU target violated: 21,0ms (20,0ms/21,0ms)
[2022-09-01T18:16:36.789+0300][gc,phases   ] GC(93)   Pre Evacuate Collection Set: 1,8ms
[2022-09-01T18:16:36.789+0300][gc,phases   ] GC(93)   Merge Heap Roots: 3,3ms
[2022-09-01T18:16:36.789+0300][gc,phases   ] GC(93)   Evacuate Collection Set: 17,5ms
[2022-09-01T18:16:36.789+0300][gc,phases   ] GC(93)   Post Evacuate Collection Set: 0,7ms
[2022-09-01T18:16:36.789+0300][gc,phases   ] GC(93)   Other: 0,1ms
[2022-09-01T18:16:36.789+0300][gc,heap     ] GC(93) Eden regions: 47->0(63)
[2022-09-01T18:16:36.789+0300][gc,heap     ] GC(93) Survivor regions: 4->4(7)
[2022-09-01T18:16:36.789+0300][gc,heap     ] GC(93) Old regions: 91->91
[2022-09-01T18:16:36.789+0300][gc,heap     ] GC(93) Archive regions: 2->2
[2022-09-01T18:16:36.789+0300][gc,heap     ] GC(93) Humongous regions: 129->129
[2022-09-01T18:16:36.789+0300][gc,metaspace] GC(93) Metaspace: 44754K(45376K)->44754K(45376K) NonClass: 39652K(40000K)->39652K(40000K) Class: 5102K(5376K)->5102K(5376K)
[2022-09-01T18:16:36.789+0300][gc          ] GC(93) Pause Young (Normal) (G1 Evacuation Pause) 271M->224M(1024M) 23,564ms
[2022-09-01T18:16:36.789+0300][gc,cpu      ] GC(93) User=0,01s Sys=0,01s Real=0,02s
[2022-09-01T18:23:30.412+0300][gc,start    ] GC(94) Pause Young (Normal) (G1 Evacuation Pause)
[2022-09-01T18:23:30.412+0300][gc,task     ] GC(94) Using 2 workers of 2 for evacuation
[2022-09-01T18:23:30.427+0300][gc,phases   ] GC(94)   Pre Evacuate Collection Set: 0,3ms
[2022-09-01T18:23:30.427+0300][gc,phases   ] GC(94)   Merge Heap Roots: 0,5ms
[2022-09-01T18:23:30.427+0300][gc,phases   ] GC(94)   Evacuate Collection Set: 11,9ms
[2022-09-01T18:23:30.427+0300][gc,phases   ] GC(94)   Post Evacuate Collection Set: 2,1ms
[2022-09-01T18:23:30.427+0300][gc,phases   ] GC(94)   Other: 0,1ms
[2022-09-01T18:23:30.427+0300][gc,heap     ] GC(94) Eden regions: 59->0(45)
[2022-09-01T18:23:30.427+0300][gc,heap     ] GC(94) Survivor regions: 4->6(8)
[2022-09-01T18:23:30.427+0300][gc,heap     ] GC(94) Old regions: 91->91
[2022-09-01T18:23:30.427+0300][gc,heap     ] GC(94) Archive regions: 2->2
[2022-09-01T18:23:30.428+0300][gc,heap     ] GC(94) Humongous regions: 129->129
[2022-09-01T18:23:30.428+0300][gc,metaspace] GC(94) Metaspace: 44804K(45440K)->44804K(45440K) NonClass: 39702K(40064K)->39702K(40064K) Class: 5102K(5376K)->5102K(5376K)
[2022-09-01T18:23:30.428+0300][gc          ] GC(94) Pause Young (Normal) (G1 Evacuation Pause) 283M->226M(1024M) 15,616ms
[2022-09-01T18:23:30.428+0300][gc,cpu      ] GC(94) User=0,01s Sys=0,01s Real=0,01s
[2022-09-01T18:24:07.460+0300][gc,start    ] GC(95) Pause Young (Normal) (G1 Evacuation Pause)
[2022-09-01T18:24:07.460+0300][gc,task     ] GC(95) Using 2 workers of 2 for evacuation
[2022-09-01T18:24:07.495+0300][gc,mmu      ] GC(95) MMU target violated: 21,0ms (20,0ms/21,0ms)
[2022-09-01T18:24:07.495+0300][gc,phases   ] GC(95)   Pre Evacuate Collection Set: 0,5ms
[2022-09-01T18:24:07.495+0300][gc,phases   ] GC(95)   Merge Heap Roots: 0,1ms
[2022-09-01T18:24:07.495+0300][gc,phases   ] GC(95)   Evacuate Collection Set: 33,6ms
[2022-09-01T18:24:07.495+0300][gc,phases   ] GC(95)   Post Evacuate Collection Set: 0,5ms
[2022-09-01T18:24:07.495+0300][gc,phases   ] GC(95)   Other: 0,1ms
[2022-09-01T18:24:07.495+0300][gc,heap     ] GC(95) Eden regions: 45->0(44)
[2022-09-01T18:24:07.495+0300][gc,heap     ] GC(95) Survivor regions: 6->7(7)
[2022-09-01T18:24:07.495+0300][gc,heap     ] GC(95) Old regions: 91->93
[2022-09-01T18:24:07.495+0300][gc,heap     ] GC(95) Archive regions: 2->2
[2022-09-01T18:24:07.495+0300][gc,heap     ] GC(95) Humongous regions: 129->129
[2022-09-01T18:24:07.495+0300][gc,metaspace] GC(95) Metaspace: 44856K(45504K)->44856K(45504K) NonClass: 39754K(40128K)->39754K(40128K) Class: 5102K(5376K)->5102K(5376K)
[2022-09-01T18:24:07.495+0300][gc          ] GC(95) Pause Young (Normal) (G1 Evacuation Pause) 271M->229M(1024M) 35,140ms
[2022-09-01T18:24:07.495+0300][gc,cpu      ] GC(95) User=0,01s Sys=0,03s Real=0,03s
[2022-09-01T18:24:15.143+0300][gc,start    ] GC(96) Pause Young (Normal) (G1 Evacuation Pause)
[2022-09-01T18:24:15.143+0300][gc,task     ] GC(96) Using 2 workers of 2 for evacuation
[2022-09-01T18:24:15.170+0300][gc,mmu      ] GC(96) MMU target violated: 21,0ms (20,0ms/21,0ms)
[2022-09-01T18:24:15.170+0300][gc,phases   ] GC(96)   Pre Evacuate Collection Set: 0,1ms
[2022-09-01T18:24:15.170+0300][gc,phases   ] GC(96)   Merge Heap Roots: 0,2ms
[2022-09-01T18:24:15.170+0300][gc,phases   ] GC(96)   Evacuate Collection Set: 25,4ms
[2022-09-01T18:24:15.170+0300][gc,phases   ] GC(96)   Post Evacuate Collection Set: 1,0ms
[2022-09-01T18:24:15.170+0300][gc,phases   ] GC(96)   Other: 0,2ms
[2022-09-01T18:24:15.170+0300][gc,heap     ] GC(96) Eden regions: 44->0(45)
[2022-09-01T18:24:15.170+0300][gc,heap     ] GC(96) Survivor regions: 7->6(7)
[2022-09-01T18:24:15.170+0300][gc,heap     ] GC(96) Old regions: 93->96
[2022-09-01T18:24:15.170+0300][gc,heap     ] GC(96) Archive regions: 2->2
[2022-09-01T18:24:15.170+0300][gc,heap     ] GC(96) Humongous regions: 129->129
[2022-09-01T18:24:15.170+0300][gc,metaspace] GC(96) Metaspace: 44856K(45504K)->44856K(45504K) NonClass: 39754K(40128K)->39754K(40128K) Class: 5102K(5376K)->5102K(5376K)
[2022-09-01T18:24:15.170+0300][gc          ] GC(96) Pause Young (Normal) (G1 Evacuation Pause) 273M->231M(1024M) 27,082ms
[2022-09-01T18:24:15.170+0300][gc,cpu      ] GC(96) User=0,01s Sys=0,02s Real=0,00s
[2022-09-01T18:24:23.120+0300][gc,start    ] GC(97) Pause Young (Normal) (G1 Evacuation Pause)
[2022-09-01T18:24:23.120+0300][gc,task     ] GC(97) Using 2 workers of 2 for evacuation
[2022-09-01T18:24:23.177+0300][gc,mmu      ] GC(97) MMU target violated: 21,0ms (20,0ms/21,0ms)
[2022-09-01T18:24:23.178+0300][gc,phases   ] GC(97)   Pre Evacuate Collection Set: 0,1ms
[2022-09-01T18:24:23.178+0300][gc,phases   ] GC(97)   Merge Heap Roots: 0,2ms
[2022-09-01T18:24:23.178+0300][gc,phases   ] GC(97)   Evacuate Collection Set: 56,9ms
[2022-09-01T18:24:23.178+0300][gc,phases   ] GC(97)   Post Evacuate Collection Set: 0,5ms
[2022-09-01T18:24:23.178+0300][gc,phases   ] GC(97)   Other: 0,1ms
[2022-09-01T18:24:23.178+0300][gc,heap     ] GC(97) Eden regions: 45->0(46)
[2022-09-01T18:24:23.178+0300][gc,heap     ] GC(97) Survivor regions: 6->5(7)
[2022-09-01T18:24:23.178+0300][gc,heap     ] GC(97) Old regions: 96->99
[2022-09-01T18:24:23.178+0300][gc,heap     ] GC(97) Archive regions: 2->2
[2022-09-01T18:24:23.178+0300][gc,heap     ] GC(97) Humongous regions: 129->129
[2022-09-01T18:24:23.178+0300][gc,metaspace] GC(97) Metaspace: 44856K(45504K)->44856K(45504K) NonClass: 39754K(40128K)->39754K(40128K) Class: 5102K(5376K)->5102K(5376K)
[2022-09-01T18:24:23.178+0300][gc          ] GC(97) Pause Young (Normal) (G1 Evacuation Pause) 276M->233M(1024M) 57,963ms
[2022-09-01T18:24:23.178+0300][gc,cpu      ] GC(97) User=0,02s Sys=0,02s Real=0,05s
[2022-09-01T18:24:30.777+0300][gc,start    ] GC(98) Pause Young (Normal) (G1 Evacuation Pause)
[2022-09-01T18:24:30.777+0300][gc,task     ] GC(98) Using 2 workers of 2 for evacuation
[2022-09-01T18:24:30.832+0300][gc,mmu      ] GC(98) MMU target violated: 21,0ms (20,0ms/21,0ms)
[2022-09-01T18:24:30.832+0300][gc,phases   ] GC(98)   Pre Evacuate Collection Set: 0,1ms
[2022-09-01T18:24:30.832+0300][gc,phases   ] GC(98)   Merge Heap Roots: 0,1ms
[2022-09-01T18:24:30.832+0300][gc,phases   ] GC(98)   Evacuate Collection Set: 54,2ms
[2022-09-01T18:24:30.832+0300][gc,phases   ] GC(98)   Post Evacuate Collection Set: 0,5ms
[2022-09-01T18:24:30.832+0300][gc,phases   ] GC(98)   Other: 0,1ms
[2022-09-01T18:24:30.832+0300][gc,heap     ] GC(98) Eden regions: 46->0(48)
[2022-09-01T18:24:30.832+0300][gc,heap     ] GC(98) Survivor regions: 5->3(7)
[2022-09-01T18:24:30.832+0300][gc,heap     ] GC(98) Old regions: 99->102
[2022-09-01T18:24:30.832+0300][gc,heap     ] GC(98) Archive regions: 2->2
[2022-09-01T18:24:30.832+0300][gc,heap     ] GC(98) Humongous regions: 129->129
[2022-09-01T18:24:30.832+0300][gc,metaspace] GC(98) Metaspace: 44914K(45568K)->44914K(45568K) NonClass: 39812K(40192K)->39812K(40192K) Class: 5102K(5376K)->5102K(5376K)
[2022-09-01T18:24:30.832+0300][gc          ] GC(98) Pause Young (Normal) (G1 Evacuation Pause) 279M->234M(1024M) 55,138ms
[2022-09-01T18:24:30.832+0300][gc,cpu      ] GC(98) User=0,02s Sys=0,02s Real=0,06s
[2022-09-01T18:24:43.378+0300][gc,start    ] GC(99) Pause Young (Normal) (G1 Evacuation Pause)
[2022-09-01T18:24:43.378+0300][gc,task     ] GC(99) Using 2 workers of 2 for evacuation
[2022-09-01T18:24:43.398+0300][gc,mmu      ] GC(99) MMU target violated: 20,7ms (20,0ms/21,0ms)
[2022-09-01T18:24:43.399+0300][gc,phases   ] GC(99)   Pre Evacuate Collection Set: 0,1ms
[2022-09-01T18:24:43.399+0300][gc,phases   ] GC(99)   Merge Heap Roots: 0,1ms
[2022-09-01T18:24:43.399+0300][gc,phases   ] GC(99)   Evacuate Collection Set: 18,1ms
[2022-09-01T18:24:43.399+0300][gc,phases   ] GC(99)   Post Evacuate Collection Set: 2,4ms
[2022-09-01T18:24:43.399+0300][gc,phases   ] GC(99)   Other: 0,1ms
[2022-09-01T18:24:43.399+0300][gc,heap     ] GC(99) Eden regions: 48->0(46)
[2022-09-01T18:24:43.399+0300][gc,heap     ] GC(99) Survivor regions: 3->5(7)
[2022-09-01T18:24:43.399+0300][gc,heap     ] GC(99) Old regions: 102->102
[2022-09-01T18:24:43.399+0300][gc,heap     ] GC(99) Archive regions: 2->2
[2022-09-01T18:24:43.399+0300][gc,heap     ] GC(99) Humongous regions: 129->129
[2022-09-01T18:24:43.399+0300][gc,metaspace] GC(99) Metaspace: 44914K(45568K)->44914K(45568K) NonClass: 39812K(40192K)->39812K(40192K) Class: 5102K(5376K)->5102K(5376K)
[2022-09-01T18:24:43.399+0300][gc          ] GC(99) Pause Young (Normal) (G1 Evacuation Pause) 282M->236M(1024M) 20,977ms
[2022-09-01T18:24:43.399+0300][gc,cpu      ] GC(99) User=0,02s Sys=0,01s Real=0,03s
[2022-09-01T18:24:50.985+0300][gc,start    ] GC(100) Pause Young (Normal) (G1 Evacuation Pause)
[2022-09-01T18:24:50.985+0300][gc,task     ] GC(100) Using 2 workers of 2 for evacuation
[2022-09-01T18:24:51.015+0300][gc,mmu      ] GC(100) MMU target violated: 21,0ms (20,0ms/21,0ms)
[2022-09-01T18:24:51.015+0300][gc,phases   ] GC(100)   Pre Evacuate Collection Set: 0,1ms
[2022-09-01T18:24:51.015+0300][gc,phases   ] GC(100)   Merge Heap Roots: 0,1ms
[2022-09-01T18:24:51.015+0300][gc,phases   ] GC(100)   Evacuate Collection Set: 28,8ms
[2022-09-01T18:24:51.015+0300][gc,phases   ] GC(100)   Post Evacuate Collection Set: 0,5ms
[2022-09-01T18:24:51.019+0300][gc,phases   ] GC(100)   Other: 0,8ms
[2022-09-01T18:24:51.019+0300][gc,heap     ] GC(100) Eden regions: 46->0(47)
[2022-09-01T18:24:51.019+0300][gc,heap     ] GC(100) Survivor regions: 5->4(7)
[2022-09-01T18:24:51.019+0300][gc,heap     ] GC(100) Old regions: 102->104
[2022-09-01T18:24:51.019+0300][gc,heap     ] GC(100) Archive regions: 2->2
[2022-09-01T18:24:51.019+0300][gc,heap     ] GC(100) Humongous regions: 129->129
[2022-09-01T18:24:51.019+0300][gc,metaspace] GC(100) Metaspace: 44914K(45568K)->44914K(45568K) NonClass: 39812K(40192K)->39812K(40192K) Class: 5102K(5376K)->5102K(5376K)
[2022-09-01T18:24:51.019+0300][gc          ] GC(100) Pause Young (Normal) (G1 Evacuation Pause) 282M->236M(1024M) 33,869ms
[2022-09-01T18:24:51.019+0300][gc,cpu      ] GC(100) User=0,02s Sys=0,01s Real=0,03s
[2022-09-01T18:25:00.094+0300][gc,start    ] GC(101) Pause Young (Normal) (G1 Evacuation Pause)
[2022-09-01T18:25:00.094+0300][gc,task     ] GC(101) Using 2 workers of 2 for evacuation
[2022-09-01T18:25:00.119+0300][gc,mmu      ] GC(101) MMU target violated: 21,0ms (20,0ms/21,0ms)
[2022-09-01T18:25:00.119+0300][gc,phases   ] GC(101)   Pre Evacuate Collection Set: 0,1ms
[2022-09-01T18:25:00.119+0300][gc,phases   ] GC(101)   Merge Heap Roots: 0,1ms
[2022-09-01T18:25:00.119+0300][gc,phases   ] GC(101)   Evacuate Collection Set: 24,3ms
[2022-09-01T18:25:00.119+0300][gc,phases   ] GC(101)   Post Evacuate Collection Set: 0,5ms
[2022-09-01T18:25:00.119+0300][gc,phases   ] GC(101)   Other: 0,2ms
[2022-09-01T18:25:00.119+0300][gc,heap     ] GC(101) Eden regions: 47->0(47)
[2022-09-01T18:25:00.119+0300][gc,heap     ] GC(101) Survivor regions: 4->4(7)
[2022-09-01T18:25:00.119+0300][gc,heap     ] GC(101) Old regions: 104->104
[2022-09-01T18:25:00.120+0300][gc,heap     ] GC(101) Archive regions: 2->2
[2022-09-01T18:25:00.120+0300][gc,heap     ] GC(101) Humongous regions: 129->129
[2022-09-01T18:25:00.120+0300][gc,metaspace] GC(101) Metaspace: 44914K(45568K)->44914K(45568K) NonClass: 39812K(40192K)->39812K(40192K) Class: 5102K(5376K)->5102K(5376K)
[2022-09-01T18:25:00.120+0300][gc          ] GC(101) Pause Young (Normal) (G1 Evacuation Pause) 283M->237M(1024M) 25,407ms
[2022-09-01T18:25:00.120+0300][gc,cpu      ] GC(101) User=0,01s Sys=0,01s Real=0,02s
[2022-09-01T18:25:08.176+0300][gc,start    ] GC(102) Pause Young (Normal) (G1 Evacuation Pause)
[2022-09-01T18:25:08.177+0300][gc,task     ] GC(102) Using 2 workers of 2 for evacuation
[2022-09-01T18:25:08.194+0300][gc,phases   ] GC(102)   Pre Evacuate Collection Set: 0,2ms
[2022-09-01T18:25:08.194+0300][gc,phases   ] GC(102)   Merge Heap Roots: 0,1ms
[2022-09-01T18:25:08.194+0300][gc,phases   ] GC(102)   Evacuate Collection Set: 14,0ms
[2022-09-01T18:25:08.194+0300][gc,phases   ] GC(102)   Post Evacuate Collection Set: 3,2ms
[2022-09-01T18:25:08.194+0300][gc,phases   ] GC(102)   Other: 0,2ms
[2022-09-01T18:25:08.194+0300][gc,heap     ] GC(102) Eden regions: 47->0(51)
[2022-09-01T18:25:08.194+0300][gc,heap     ] GC(102) Survivor regions: 4->4(7)
[2022-09-01T18:25:08.194+0300][gc,heap     ] GC(102) Old regions: 104->105
[2022-09-01T18:25:08.194+0300][gc,heap     ] GC(102) Archive regions: 2->2
[2022-09-01T18:25:08.194+0300][gc,heap     ] GC(102) Humongous regions: 129->129
[2022-09-01T18:25:08.194+0300][gc,metaspace] GC(102) Metaspace: 44914K(45568K)->44914K(45568K) NonClass: 39812K(40192K)->39812K(40192K) Class: 5102K(5376K)->5102K(5376K)
[2022-09-01T18:25:08.194+0300][gc          ] GC(102) Pause Young (Normal) (G1 Evacuation Pause) 284M->238M(1024M) 17,817ms
[2022-09-01T18:25:08.194+0300][gc,cpu      ] GC(102) User=0,00s Sys=0,01s Real=0,02s
[2022-09-01T18:25:16.125+0300][gc,start    ] GC(103) Pause Young (Normal) (G1 Evacuation Pause)
[2022-09-01T18:25:16.125+0300][gc,task     ] GC(103) Using 2 workers of 2 for evacuation
[2022-09-01T18:25:16.133+0300][gc,phases   ] GC(103)   Pre Evacuate Collection Set: 0,1ms
[2022-09-01T18:25:16.133+0300][gc,phases   ] GC(103)   Merge Heap Roots: 0,1ms
[2022-09-01T18:25:16.133+0300][gc,phases   ] GC(103)   Evacuate Collection Set: 6,5ms
[2022-09-01T18:25:16.133+0300][gc,phases   ] GC(103)   Post Evacuate Collection Set: 0,9ms
[2022-09-01T18:25:16.133+0300][gc,phases   ] GC(103)   Other: 0,1ms
[2022-09-01T18:25:16.133+0300][gc,heap     ] GC(103) Eden regions: 49->0(66)
[2022-09-01T18:25:16.133+0300][gc,heap     ] GC(103) Survivor regions: 4->5(7)
[2022-09-01T18:25:16.133+0300][gc,heap     ] GC(103) Old regions: 105->105
[2022-09-01T18:25:16.133+0300][gc,heap     ] GC(103) Archive regions: 2->2
[2022-09-01T18:25:16.133+0300][gc,heap     ] GC(103) Humongous regions: 129->129
[2022-09-01T18:25:16.133+0300][gc,metaspace] GC(103) Metaspace: 44914K(45568K)->44914K(45568K) NonClass: 39812K(40192K)->39812K(40192K) Class: 5102K(5376K)->5102K(5376K)
[2022-09-01T18:25:16.133+0300][gc          ] GC(103) Pause Young (Normal) (G1 Evacuation Pause) 287M->238M(1024M) 7,874ms
[2022-09-01T18:25:16.133+0300][gc,cpu      ] GC(103) User=0,01s Sys=0,01s Real=0,01s
[2022-09-01T18:25:26.478+0300][gc,start    ] GC(104) Pause Young (Normal) (G1 Evacuation Pause)
[2022-09-01T18:25:26.478+0300][gc,task     ] GC(104) Using 2 workers of 2 for evacuation
[2022-09-01T18:25:26.537+0300][gc,mmu      ] GC(104) MMU target violated: 21,0ms (20,0ms/21,0ms)
[2022-09-01T18:25:26.537+0300][gc,phases   ] GC(104)   Pre Evacuate Collection Set: 0,1ms
[2022-09-01T18:25:26.537+0300][gc,phases   ] GC(104)   Merge Heap Roots: 0,1ms
[2022-09-01T18:25:26.537+0300][gc,phases   ] GC(104)   Evacuate Collection Set: 58,8ms
[2022-09-01T18:25:26.538+0300][gc,phases   ] GC(104)   Post Evacuate Collection Set: 0,6ms
[2022-09-01T18:25:26.538+0300][gc,phases   ] GC(104)   Other: 0,2ms
[2022-09-01T18:25:26.538+0300][gc,heap     ] GC(104) Eden regions: 66->0(46)
[2022-09-01T18:25:26.538+0300][gc,heap     ] GC(104) Survivor regions: 5->5(9)
[2022-09-01T18:25:26.538+0300][gc,heap     ] GC(104) Old regions: 105->105
[2022-09-01T18:25:26.538+0300][gc,heap     ] GC(104) Archive regions: 2->2
[2022-09-01T18:25:26.538+0300][gc,heap     ] GC(104) Humongous regions: 129->129
[2022-09-01T18:25:26.538+0300][gc,metaspace] GC(104) Metaspace: 44914K(45568K)->44914K(45568K) NonClass: 39812K(40192K)->39812K(40192K) Class: 5102K(5376K)->5102K(5376K)
[2022-09-01T18:25:26.538+0300][gc          ] GC(104) Pause Young (Normal) (G1 Evacuation Pause) 304M->239M(1024M) 59,881ms
[2022-09-01T18:25:26.538+0300][gc,cpu      ] GC(104) User=0,01s Sys=0,01s Real=0,05s
[2022-09-01T18:25:33.819+0300][gc,start    ] GC(105) Pause Young (Normal) (G1 Evacuation Pause)
[2022-09-01T18:25:33.819+0300][gc,task     ] GC(105) Using 2 workers of 2 for evacuation
[2022-09-01T18:25:33.831+0300][gc,phases   ] GC(105)   Pre Evacuate Collection Set: 0,1ms
[2022-09-01T18:25:33.831+0300][gc,phases   ] GC(105)   Merge Heap Roots: 0,1ms
[2022-09-01T18:25:33.831+0300][gc,phases   ] GC(105)   Evacuate Collection Set: 11,5ms
[2022-09-01T18:25:33.831+0300][gc,phases   ] GC(105)   Post Evacuate Collection Set: 1,0ms
[2022-09-01T18:25:33.831+0300][gc,phases   ] GC(105)   Other: 0,1ms
[2022-09-01T18:25:33.831+0300][gc,heap     ] GC(105) Eden regions: 46->0(47)
[2022-09-01T18:25:33.831+0300][gc,heap     ] GC(105) Survivor regions: 5->4(7)
[2022-09-01T18:25:33.832+0300][gc,heap     ] GC(105) Old regions: 105->107
[2022-09-01T18:25:33.832+0300][gc,heap     ] GC(105) Archive regions: 2->2
[2022-09-01T18:25:33.832+0300][gc,heap     ] GC(105) Humongous regions: 129->129
[2022-09-01T18:25:33.832+0300][gc,metaspace] GC(105) Metaspace: 44914K(45568K)->44914K(45568K) NonClass: 39812K(40192K)->39812K(40192K) Class: 5102K(5376K)->5102K(5376K)
[2022-09-01T18:25:33.832+0300][gc          ] GC(105) Pause Young (Normal) (G1 Evacuation Pause) 285M->240M(1024M) 13,017ms
[2022-09-01T18:25:33.832+0300][gc,cpu      ] GC(105) User=0,00s Sys=0,01s Real=0,01s
[2022-09-01T18:25:41.448+0300][gc,start    ] GC(106) Pause Young (Normal) (G1 Evacuation Pause)
[2022-09-01T18:25:41.448+0300][gc,task     ] GC(106) Using 2 workers of 2 for evacuation
[2022-09-01T18:25:41.478+0300][gc,mmu      ] GC(106) MMU target violated: 21,0ms (20,0ms/21,0ms)
[2022-09-01T18:25:41.478+0300][gc,phases   ] GC(106)   Pre Evacuate Collection Set: 0,1ms
[2022-09-01T18:25:41.478+0300][gc,phases   ] GC(106)   Merge Heap Roots: 0,2ms
[2022-09-01T18:25:41.478+0300][gc,phases   ] GC(106)   Evacuate Collection Set: 29,0ms
[2022-09-01T18:25:41.478+0300][gc,phases   ] GC(106)   Post Evacuate Collection Set: 0,7ms
[2022-09-01T18:25:41.478+0300][gc,phases   ] GC(106)   Other: 0,3ms
[2022-09-01T18:25:41.478+0300][gc,heap     ] GC(106) Eden regions: 47->0(46)
[2022-09-01T18:25:41.478+0300][gc,heap     ] GC(106) Survivor regions: 4->5(7)
[2022-09-01T18:25:41.478+0300][gc,heap     ] GC(106) Old regions: 107->107
[2022-09-01T18:25:41.478+0300][gc,heap     ] GC(106) Archive regions: 2->2
[2022-09-01T18:25:41.478+0300][gc,heap     ] GC(106) Humongous regions: 129->129
[2022-09-01T18:25:41.478+0300][gc,metaspace] GC(106) Metaspace: 44914K(45568K)->44914K(45568K) NonClass: 39812K(40192K)->39812K(40192K) Class: 5102K(5376K)->5102K(5376K)
[2022-09-01T18:25:41.478+0300][gc          ] GC(106) Pause Young (Normal) (G1 Evacuation Pause) 287M->240M(1024M) 30,302ms
[2022-09-01T18:25:41.478+0300][gc,cpu      ] GC(106) User=0,01s Sys=0,01s Real=0,03s
[2022-09-01T18:25:48.596+0300][gc,start    ] GC(107) Pause Young (Normal) (G1 Evacuation Pause)
[2022-09-01T18:25:48.596+0300][gc,task     ] GC(107) Using 2 workers of 2 for evacuation
[2022-09-01T18:25:48.624+0300][gc,mmu      ] GC(107) MMU target violated: 21,0ms (20,0ms/21,0ms)
[2022-09-01T18:25:48.624+0300][gc,phases   ] GC(107)   Pre Evacuate Collection Set: 0,1ms
[2022-09-01T18:25:48.624+0300][gc,phases   ] GC(107)   Merge Heap Roots: 0,1ms
[2022-09-01T18:25:48.624+0300][gc,phases   ] GC(107)   Evacuate Collection Set: 27,0ms
[2022-09-01T18:25:48.624+0300][gc,phases   ] GC(107)   Post Evacuate Collection Set: 0,8ms
[2022-09-01T18:25:48.624+0300][gc,phases   ] GC(107)   Other: 0,3ms
[2022-09-01T18:25:48.624+0300][gc,heap     ] GC(107) Eden regions: 46->0(47)
[2022-09-01T18:25:48.624+0300][gc,heap     ] GC(107) Survivor regions: 5->4(7)
[2022-09-01T18:25:48.624+0300][gc,heap     ] GC(107) Old regions: 107->108
[2022-09-01T18:25:48.624+0300][gc,heap     ] GC(107) Archive regions: 2->2
[2022-09-01T18:25:48.624+0300][gc,heap     ] GC(107) Humongous regions: 129->129
[2022-09-01T18:25:48.624+0300][gc,metaspace] GC(107) Metaspace: 44914K(45568K)->44914K(45568K) NonClass: 39812K(40192K)->39812K(40192K) Class: 5102K(5376K)->5102K(5376K)
[2022-09-01T18:25:48.624+0300][gc          ] GC(107) Pause Young (Normal) (G1 Evacuation Pause) 286M->241M(1024M) 28,360ms
[2022-09-01T18:25:48.624+0300][gc,cpu      ] GC(107) User=0,02s Sys=0,01s Real=0,03s
[2022-09-01T18:25:55.859+0300][gc,start    ] GC(108) Pause Young (Normal) (G1 Evacuation Pause)
[2022-09-01T18:25:55.859+0300][gc,task     ] GC(108) Using 2 workers of 2 for evacuation
[2022-09-01T18:25:55.890+0300][gc,mmu      ] GC(108) MMU target violated: 21,0ms (20,0ms/21,0ms)
[2022-09-01T18:25:55.890+0300][gc,phases   ] GC(108)   Pre Evacuate Collection Set: 0,1ms
[2022-09-01T18:25:55.890+0300][gc,phases   ] GC(108)   Merge Heap Roots: 0,2ms
[2022-09-01T18:25:55.890+0300][gc,phases   ] GC(108)   Evacuate Collection Set: 30,8ms
[2022-09-01T18:25:55.890+0300][gc,phases   ] GC(108)   Post Evacuate Collection Set: 0,5ms
[2022-09-01T18:25:55.891+0300][gc,phases   ] GC(108)   Other: 0,1ms
[2022-09-01T18:25:55.891+0300][gc,heap     ] GC(108) Eden regions: 47->0(69)
[2022-09-01T18:25:55.891+0300][gc,heap     ] GC(108) Survivor regions: 4->4(7)
[2022-09-01T18:25:55.891+0300][gc,heap     ] GC(108) Old regions: 108->109
[2022-09-01T18:25:55.891+0300][gc,heap     ] GC(108) Archive regions: 2->2
[2022-09-01T18:25:55.891+0300][gc,heap     ] GC(108) Humongous regions: 129->129
[2022-09-01T18:25:55.891+0300][gc,metaspace] GC(108) Metaspace: 44914K(45568K)->44914K(45568K) NonClass: 39812K(40192K)->39812K(40192K) Class: 5102K(5376K)->5102K(5376K)
[2022-09-01T18:25:55.891+0300][gc          ] GC(108) Pause Young (Normal) (G1 Evacuation Pause) 288M->241M(1024M) 31,953ms
[2022-09-01T18:25:55.891+0300][gc,cpu      ] GC(108) User=0,01s Sys=0,01s Real=0,02s
[2022-09-01T18:26:06.257+0300][gc,start    ] GC(109) Pause Young (Normal) (G1 Evacuation Pause)
[2022-09-01T18:26:06.257+0300][gc,task     ] GC(109) Using 2 workers of 2 for evacuation
[2022-09-01T18:26:06.276+0300][gc,phases   ] GC(109)   Pre Evacuate Collection Set: 0,1ms
[2022-09-01T18:26:06.276+0300][gc,phases   ] GC(109)   Merge Heap Roots: 0,3ms
[2022-09-01T18:26:06.276+0300][gc,phases   ] GC(109)   Evacuate Collection Set: 15,6ms
[2022-09-01T18:26:06.276+0300][gc,phases   ] GC(109)   Post Evacuate Collection Set: 2,9ms
[2022-09-01T18:26:06.276+0300][gc,phases   ] GC(109)   Other: 0,1ms
[2022-09-01T18:26:06.276+0300][gc,heap     ] GC(109) Eden regions: 66->0(98)
[2022-09-01T18:26:06.276+0300][gc,heap     ] GC(109) Survivor regions: 4->4(9)
[2022-09-01T18:26:06.276+0300][gc,heap     ] GC(109) Old regions: 109->109
[2022-09-01T18:26:06.276+0300][gc,heap     ] GC(109) Archive regions: 2->2
[2022-09-01T18:26:06.276+0300][gc,heap     ] GC(109) Humongous regions: 129->129
[2022-09-01T18:26:06.276+0300][gc,metaspace] GC(109) Metaspace: 44914K(45568K)->44914K(45568K) NonClass: 39812K(40192K)->39812K(40192K) Class: 5102K(5376K)->5102K(5376K)
[2022-09-01T18:26:06.276+0300][gc          ] GC(109) Pause Young (Normal) (G1 Evacuation Pause) 307M->241M(1024M) 19,181ms
[2022-09-01T18:26:06.276+0300][gc,cpu      ] GC(109) User=0,02s Sys=0,00s Real=0,02s
[2022-09-01T18:26:22.051+0300][gc,start    ] GC(110) Pause Young (Normal) (G1 Evacuation Pause)
[2022-09-01T18:26:22.052+0300][gc,task     ] GC(110) Using 2 workers of 2 for evacuation
[2022-09-01T18:26:22.070+0300][gc,phases   ] GC(110)   Pre Evacuate Collection Set: 0,2ms
[2022-09-01T18:26:22.070+0300][gc,phases   ] GC(110)   Merge Heap Roots: 0,1ms
[2022-09-01T18:26:22.070+0300][gc,phases   ] GC(110)   Evacuate Collection Set: 16,1ms
[2022-09-01T18:26:22.070+0300][gc,phases   ] GC(110)   Post Evacuate Collection Set: 1,3ms
[2022-09-01T18:26:22.070+0300][gc,phases   ] GC(110)   Other: 0,2ms
[2022-09-01T18:26:22.070+0300][gc,heap     ] GC(110) Eden regions: 98->0(78)
[2022-09-01T18:26:22.070+0300][gc,heap     ] GC(110) Survivor regions: 4->5(13)
[2022-09-01T18:26:22.070+0300][gc,heap     ] GC(110) Old regions: 109->109
[2022-09-01T18:26:22.070+0300][gc,heap     ] GC(110) Archive regions: 2->2
[2022-09-01T18:26:22.070+0300][gc,heap     ] GC(110) Humongous regions: 129->129
[2022-09-01T18:26:22.070+0300][gc,metaspace] GC(110) Metaspace: 44914K(45568K)->44914K(45568K) NonClass: 39812K(40192K)->39812K(40192K) Class: 5102K(5376K)->5102K(5376K)
[2022-09-01T18:26:22.070+0300][gc          ] GC(110) Pause Young (Normal) (G1 Evacuation Pause) 339M->242M(1024M) 18,355ms
[2022-09-01T18:26:22.070+0300][gc,cpu      ] GC(110) User=0,01s Sys=0,01s Real=0,01s
[2022-09-01T18:26:34.681+0300][gc,start    ] GC(111) Pause Young (Normal) (G1 Evacuation Pause)
[2022-09-01T18:26:34.682+0300][gc,task     ] GC(111) Using 2 workers of 2 for evacuation
[2022-09-01T18:26:34.726+0300][gc,mmu      ] GC(111) MMU target violated: 21,0ms (20,0ms/21,0ms)
[2022-09-01T18:26:34.726+0300][gc,phases   ] GC(111)   Pre Evacuate Collection Set: 0,2ms
[2022-09-01T18:26:34.726+0300][gc,phases   ] GC(111)   Merge Heap Roots: 0,1ms
[2022-09-01T18:26:34.726+0300][gc,phases   ] GC(111)   Evacuate Collection Set: 43,1ms
[2022-09-01T18:26:34.726+0300][gc,phases   ] GC(111)   Post Evacuate Collection Set: 0,7ms
[2022-09-01T18:26:34.726+0300][gc,phases   ] GC(111)   Other: 0,1ms
[2022-09-01T18:26:34.726+0300][gc,heap     ] GC(111) Eden regions: 78->0(45)
[2022-09-01T18:26:34.726+0300][gc,heap     ] GC(111) Survivor regions: 5->6(11)
[2022-09-01T18:26:34.726+0300][gc,heap     ] GC(111) Old regions: 109->109
[2022-09-01T18:26:34.726+0300][gc,heap     ] GC(111) Archive regions: 2->2
[2022-09-01T18:26:34.726+0300][gc,heap     ] GC(111) Humongous regions: 129->129
[2022-09-01T18:26:34.726+0300][gc,metaspace] GC(111) Metaspace: 44914K(45568K)->44914K(45568K) NonClass: 39812K(40192K)->39812K(40192K) Class: 5102K(5376K)->5102K(5376K)
[2022-09-01T18:26:34.726+0300][gc          ] GC(111) Pause Young (Normal) (G1 Evacuation Pause) 320M->243M(1024M) 44,614ms
[2022-09-01T18:26:34.726+0300][gc,cpu      ] GC(111) User=0,03s Sys=0,00s Real=0,04s
[2022-09-01T18:26:41.841+0300][gc,start    ] GC(112) Pause Young (Normal) (G1 Evacuation Pause)
[2022-09-01T18:26:41.841+0300][gc,task     ] GC(112) Using 2 workers of 2 for evacuation
[2022-09-01T18:26:41.893+0300][gc,mmu      ] GC(112) MMU target violated: 21,0ms (20,0ms/21,0ms)
[2022-09-01T18:26:41.893+0300][gc,phases   ] GC(112)   Pre Evacuate Collection Set: 0,6ms
[2022-09-01T18:26:41.893+0300][gc,phases   ] GC(112)   Merge Heap Roots: 0,5ms
[2022-09-01T18:26:41.893+0300][gc,phases   ] GC(112)   Evacuate Collection Set: 43,4ms
[2022-09-01T18:26:41.893+0300][gc,phases   ] GC(112)   Post Evacuate Collection Set: 7,6ms
[2022-09-01T18:26:41.893+0300][gc,phases   ] GC(112)   Other: 0,2ms
[2022-09-01T18:26:41.893+0300][gc,heap     ] GC(112) Eden regions: 45->0(46)
[2022-09-01T18:26:41.893+0300][gc,heap     ] GC(112) Survivor regions: 6->5(7)
[2022-09-01T18:26:41.893+0300][gc,heap     ] GC(112) Old regions: 109->110
[2022-09-01T18:26:41.893+0300][gc,heap     ] GC(112) Archive regions: 2->2
[2022-09-01T18:26:41.893+0300][gc,heap     ] GC(112) Humongous regions: 129->129
[2022-09-01T18:26:41.893+0300][gc,metaspace] GC(112) Metaspace: 44914K(45568K)->44914K(45568K) NonClass: 39812K(40192K)->39812K(40192K) Class: 5102K(5376K)->5102K(5376K)
[2022-09-01T18:26:41.893+0300][gc          ] GC(112) Pause Young (Normal) (G1 Evacuation Pause) 288M->244M(1024M) 52,499ms
[2022-09-01T18:26:41.893+0300][gc,cpu      ] GC(112) User=0,01s Sys=0,02s Real=0,05s
[2022-09-01T18:26:48.924+0300][gc,start    ] GC(113) Pause Young (Normal) (G1 Evacuation Pause)
[2022-09-01T18:26:48.924+0300][gc,task     ] GC(113) Using 2 workers of 2 for evacuation
[2022-09-01T18:26:48.947+0300][gc,mmu      ] GC(113) MMU target violated: 21,0ms (20,0ms/21,0ms)
[2022-09-01T18:26:48.947+0300][gc,phases   ] GC(113)   Pre Evacuate Collection Set: 0,7ms
[2022-09-01T18:26:48.947+0300][gc,phases   ] GC(113)   Merge Heap Roots: 0,5ms
[2022-09-01T18:26:48.947+0300][gc,phases   ] GC(113)   Evacuate Collection Set: 21,5ms
[2022-09-01T18:26:48.947+0300][gc,phases   ] GC(113)   Post Evacuate Collection Set: 0,7ms
[2022-09-01T18:26:48.947+0300][gc,phases   ] GC(113)   Other: 0,1ms
[2022-09-01T18:26:48.947+0300][gc,heap     ] GC(113) Eden regions: 46->0(67)
[2022-09-01T18:26:48.947+0300][gc,heap     ] GC(113) Survivor regions: 5->4(7)
[2022-09-01T18:26:48.947+0300][gc,heap     ] GC(113) Old regions: 110->111
[2022-09-01T18:26:48.947+0300][gc,heap     ] GC(113) Archive regions: 2->2
[2022-09-01T18:26:48.947+0300][gc,heap     ] GC(113) Humongous regions: 129->129
[2022-09-01T18:26:48.947+0300][gc,metaspace] GC(113) Metaspace: 44914K(45568K)->44914K(45568K) NonClass: 39812K(40192K)->39812K(40192K) Class: 5102K(5376K)->5102K(5376K)
[2022-09-01T18:26:48.947+0300][gc          ] GC(113) Pause Young (Normal) (G1 Evacuation Pause) 290M->244M(1024M) 23,666ms
[2022-09-01T18:26:48.947+0300][gc,cpu      ] GC(113) User=0,01s Sys=0,01s Real=0,02s
[2022-09-01T18:26:56.427+0300][gc,start    ] GC(114) Pause Young (Normal) (G1 Evacuation Pause)
[2022-09-01T18:26:56.427+0300][gc,task     ] GC(114) Using 2 workers of 2 for evacuation
[2022-09-01T18:26:56.442+0300][gc,phases   ] GC(114)   Pre Evacuate Collection Set: 2,0ms
[2022-09-01T18:26:56.442+0300][gc,phases   ] GC(114)   Merge Heap Roots: 0,2ms
[2022-09-01T18:26:56.442+0300][gc,phases   ] GC(114)   Evacuate Collection Set: 7,5ms
[2022-09-01T18:26:56.442+0300][gc,phases   ] GC(114)   Post Evacuate Collection Set: 5,9ms
[2022-09-01T18:26:56.442+0300][gc,phases   ] GC(114)   Other: 0,1ms
[2022-09-01T18:26:56.442+0300][gc,heap     ] GC(114) Eden regions: 50->0(124)
[2022-09-01T18:26:56.442+0300][gc,heap     ] GC(114) Survivor regions: 4->4(7)
[2022-09-01T18:26:56.442+0300][gc,heap     ] GC(114) Old regions: 111->112
[2022-09-01T18:26:56.442+0300][gc,heap     ] GC(114) Archive regions: 2->2
[2022-09-01T18:26:56.442+0300][gc,heap     ] GC(114) Humongous regions: 129->129
[2022-09-01T18:26:56.442+0300][gc,metaspace] GC(114) Metaspace: 44914K(45568K)->44914K(45568K) NonClass: 39812K(40192K)->39812K(40192K) Class: 5102K(5376K)->5102K(5376K)
[2022-09-01T18:26:56.442+0300][gc          ] GC(114) Pause Young (Normal) (G1 Evacuation Pause) 294M->245M(1024M) 15,806ms
[2022-09-01T18:26:56.442+0300][gc,cpu      ] GC(114) User=0,01s Sys=0,01s Real=0,02s
[2022-09-01T18:27:15.546+0300][gc,start    ] GC(115) Pause Young (Normal) (G1 Evacuation Pause)
[2022-09-01T18:27:15.546+0300][gc,task     ] GC(115) Using 2 workers of 2 for evacuation
[2022-09-01T18:27:15.569+0300][gc,mmu      ] GC(115) MMU target violated: 21,0ms (20,0ms/21,0ms)
[2022-09-01T18:27:15.569+0300][gc,phases   ] GC(115)   Pre Evacuate Collection Set: 0,3ms
[2022-09-01T18:27:15.569+0300][gc,phases   ] GC(115)   Merge Heap Roots: 0,2ms
[2022-09-01T18:27:15.569+0300][gc,phases   ] GC(115)   Evacuate Collection Set: 17,3ms
[2022-09-01T18:27:15.569+0300][gc,phases   ] GC(115)   Post Evacuate Collection Set: 4,5ms
[2022-09-01T18:27:15.569+0300][gc,phases   ] GC(115)   Other: 0,1ms
[2022-09-01T18:27:15.569+0300][gc,heap     ] GC(115) Eden regions: 124->0(61)
[2022-09-01T18:27:15.569+0300][gc,heap     ] GC(115) Survivor regions: 4->5(16)
[2022-09-01T18:27:15.569+0300][gc,heap     ] GC(115) Old regions: 112->112
[2022-09-01T18:27:15.569+0300][gc,heap     ] GC(115) Archive regions: 2->2
[2022-09-01T18:27:15.569+0300][gc,heap     ] GC(115) Humongous regions: 129->129
[2022-09-01T18:27:15.569+0300][gc,metaspace] GC(115) Metaspace: 44914K(45568K)->44914K(45568K) NonClass: 39812K(40192K)->39812K(40192K) Class: 5102K(5376K)->5102K(5376K)
[2022-09-01T18:27:15.569+0300][gc          ] GC(115) Pause Young (Normal) (G1 Evacuation Pause) 369M->246M(1024M) 22,688ms
[2022-09-01T18:27:15.569+0300][gc,cpu      ] GC(115) User=0,01s Sys=0,01s Real=0,02s
[2022-09-01T18:27:24.990+0300][gc,start    ] GC(116) Pause Young (Normal) (G1 Evacuation Pause)
[2022-09-01T18:27:24.990+0300][gc,task     ] GC(116) Using 2 workers of 2 for evacuation
[2022-09-01T18:27:25.035+0300][gc,mmu      ] GC(116) MMU target violated: 21,0ms (20,0ms/21,0ms)
[2022-09-01T18:27:25.036+0300][gc,phases   ] GC(116)   Pre Evacuate Collection Set: 0,1ms
[2022-09-01T18:27:25.036+0300][gc,phases   ] GC(116)   Merge Heap Roots: 0,1ms
[2022-09-01T18:27:25.036+0300][gc,phases   ] GC(116)   Evacuate Collection Set: 40,6ms
[2022-09-01T18:27:25.036+0300][gc,phases   ] GC(116)   Post Evacuate Collection Set: 4,9ms
[2022-09-01T18:27:25.036+0300][gc,phases   ] GC(116)   Other: 0,2ms
[2022-09-01T18:27:25.036+0300][gc,heap     ] GC(116) Eden regions: 61->0(46)
[2022-09-01T18:27:25.036+0300][gc,heap     ] GC(116) Survivor regions: 5->5(9)
[2022-09-01T18:27:25.036+0300][gc,heap     ] GC(116) Old regions: 112->112
[2022-09-01T18:27:25.036+0300][gc,heap     ] GC(116) Archive regions: 2->2
[2022-09-01T18:27:25.036+0300][gc,heap     ] GC(116) Humongous regions: 129->129
[2022-09-01T18:27:25.036+0300][gc,metaspace] GC(116) Metaspace: 44914K(45568K)->44914K(45568K) NonClass: 39812K(40192K)->39812K(40192K) Class: 5102K(5376K)->5102K(5376K)
[2022-09-01T18:27:25.036+0300][gc          ] GC(116) Pause Young (Normal) (G1 Evacuation Pause) 307M->246M(1024M) 46,038ms
[2022-09-01T18:27:25.036+0300][gc,cpu      ] GC(116) User=0,02s Sys=0,01s Real=0,05s
[2022-09-01T18:27:32.333+0300][gc,start    ] GC(117) Pause Young (Normal) (G1 Evacuation Pause)
[2022-09-01T18:27:32.334+0300][gc,task     ] GC(117) Using 2 workers of 2 for evacuation
[2022-09-01T18:27:32.362+0300][gc,mmu      ] GC(117) MMU target violated: 21,0ms (20,0ms/21,0ms)
[2022-09-01T18:27:32.362+0300][gc,phases   ] GC(117)   Pre Evacuate Collection Set: 0,7ms
[2022-09-01T18:27:32.362+0300][gc,phases   ] GC(117)   Merge Heap Roots: 0,4ms
[2022-09-01T18:27:32.362+0300][gc,phases   ] GC(117)   Evacuate Collection Set: 26,7ms
[2022-09-01T18:27:32.362+0300][gc,phases   ] GC(117)   Post Evacuate Collection Set: 0,8ms
[2022-09-01T18:27:32.362+0300][gc,phases   ] GC(117)   Other: 0,1ms
[2022-09-01T18:27:32.362+0300][gc,heap     ] GC(117) Eden regions: 46->0(47)
[2022-09-01T18:27:32.362+0300][gc,heap     ] GC(117) Survivor regions: 5->4(7)
[2022-09-01T18:27:32.362+0300][gc,heap     ] GC(117) Old regions: 112->114
[2022-09-01T18:27:32.362+0300][gc,heap     ] GC(117) Archive regions: 2->2
[2022-09-01T18:27:32.362+0300][gc,heap     ] GC(117) Humongous regions: 129->129
[2022-09-01T18:27:32.362+0300][gc,metaspace] GC(117) Metaspace: 44914K(45568K)->44914K(45568K) NonClass: 39812K(40192K)->39812K(40192K) Class: 5102K(5376K)->5102K(5376K)
[2022-09-01T18:27:32.362+0300][gc          ] GC(117) Pause Young (Normal) (G1 Evacuation Pause) 292M->246M(1024M) 28,841ms
[2022-09-01T18:27:32.362+0300][gc,cpu      ] GC(117) User=0,01s Sys=0,01s Real=0,03s
[2022-09-01T18:27:39.553+0300][gc,start    ] GC(118) Pause Young (Normal) (G1 Evacuation Pause)
[2022-09-01T18:27:39.553+0300][gc,task     ] GC(118) Using 2 workers of 2 for evacuation
[2022-09-01T18:27:39.569+0300][gc,phases   ] GC(118)   Pre Evacuate Collection Set: 0,5ms
[2022-09-01T18:27:39.569+0300][gc,phases   ] GC(118)   Merge Heap Roots: 0,2ms
[2022-09-01T18:27:39.569+0300][gc,phases   ] GC(118)   Evacuate Collection Set: 14,5ms
[2022-09-01T18:27:39.569+0300][gc,phases   ] GC(118)   Post Evacuate Collection Set: 0,5ms
[2022-09-01T18:27:39.569+0300][gc,phases   ] GC(118)   Other: 0,1ms
[2022-09-01T18:27:39.569+0300][gc,heap     ] GC(118) Eden regions: 47->0(63)
[2022-09-01T18:27:39.569+0300][gc,heap     ] GC(118) Survivor regions: 4->4(7)
[2022-09-01T18:27:39.569+0300][gc,heap     ] GC(118) Old regions: 114->114
[2022-09-01T18:27:39.569+0300][gc,heap     ] GC(118) Archive regions: 2->2
[2022-09-01T18:27:39.569+0300][gc,heap     ] GC(118) Humongous regions: 129->129
[2022-09-01T18:27:39.569+0300][gc,metaspace] GC(118) Metaspace: 44914K(45568K)->44914K(45568K) NonClass: 39812K(40192K)->39812K(40192K) Class: 5102K(5376K)->5102K(5376K)
[2022-09-01T18:27:39.569+0300][gc          ] GC(118) Pause Young (Normal) (G1 Evacuation Pause) 293M->247M(1024M) 15,990ms
[2022-09-01T18:27:39.569+0300][gc,cpu      ] GC(118) User=0,01s Sys=0,01s Real=0,01s
[2022-09-01T18:27:46.981+0300][gc,start    ] GC(119) Pause Young (Normal) (G1 Evacuation Pause)
[2022-09-01T18:27:46.981+0300][gc,task     ] GC(119) Using 2 workers of 2 for evacuation
[2022-09-01T18:27:47.002+0300][gc,mmu      ] GC(119) MMU target violated: 20,8ms (20,0ms/21,0ms)
[2022-09-01T18:27:47.002+0300][gc,phases   ] GC(119)   Pre Evacuate Collection Set: 0,2ms
[2022-09-01T18:27:47.002+0300][gc,phases   ] GC(119)   Merge Heap Roots: 0,6ms
[2022-09-01T18:27:47.002+0300][gc,phases   ] GC(119)   Evacuate Collection Set: 19,2ms
[2022-09-01T18:27:47.002+0300][gc,phases   ] GC(119)   Post Evacuate Collection Set: 0,6ms
[2022-09-01T18:27:47.002+0300][gc,phases   ] GC(119)   Other: 0,2ms
[2022-09-01T18:27:47.002+0300][gc,heap     ] GC(119) Eden regions: 47->0(108)
[2022-09-01T18:27:47.002+0300][gc,heap     ] GC(119) Survivor regions: 4->4(7)
[2022-09-01T18:27:47.002+0300][gc,heap     ] GC(119) Old regions: 114->114
[2022-09-01T18:27:47.002+0300][gc,heap     ] GC(119) Archive regions: 2->2
[2022-09-01T18:27:47.002+0300][gc,heap     ] GC(119) Humongous regions: 129->129
[2022-09-01T18:27:47.002+0300][gc,metaspace] GC(119) Metaspace: 44914K(45568K)->44914K(45568K) NonClass: 39812K(40192K)->39812K(40192K) Class: 5102K(5376K)->5102K(5376K)
[2022-09-01T18:27:47.002+0300][gc          ] GC(119) Pause Young (Normal) (G1 Evacuation Pause) 294M->247M(1024M) 21,026ms
[2022-09-01T18:27:47.002+0300][gc,cpu      ] GC(119) User=0,01s Sys=0,01s Real=0,02s
[2022-09-01T18:28:03.610+0300][gc,start    ] GC(120) Pause Young (Normal) (G1 Evacuation Pause)
[2022-09-01T18:28:03.610+0300][gc,task     ] GC(120) Using 2 workers of 2 for evacuation
[2022-09-01T18:28:03.627+0300][gc,phases   ] GC(120)   Pre Evacuate Collection Set: 0,1ms
[2022-09-01T18:28:03.627+0300][gc,phases   ] GC(120)   Merge Heap Roots: 0,2ms
[2022-09-01T18:28:03.627+0300][gc,phases   ] GC(120)   Evacuate Collection Set: 15,4ms
[2022-09-01T18:28:03.627+0300][gc,phases   ] GC(120)   Post Evacuate Collection Set: 0,5ms
[2022-09-01T18:28:03.627+0300][gc,phases   ] GC(120)   Other: 0,1ms
[2022-09-01T18:28:03.627+0300][gc,heap     ] GC(120) Eden regions: 108->0(89)
[2022-09-01T18:28:03.627+0300][gc,heap     ] GC(120) Survivor regions: 4->5(14)
[2022-09-01T18:28:03.627+0300][gc,heap     ] GC(120) Old regions: 114->114
[2022-09-01T18:28:03.627+0300][gc,heap     ] GC(120) Archive regions: 2->2
[2022-09-01T18:28:03.627+0300][gc,heap     ] GC(120) Humongous regions: 129->129
[2022-09-01T18:28:03.627+0300][gc,metaspace] GC(120) Metaspace: 44914K(45568K)->44914K(45568K) NonClass: 39812K(40192K)->39812K(40192K) Class: 5102K(5376K)->5102K(5376K)
[2022-09-01T18:28:03.627+0300][gc          ] GC(120) Pause Young (Normal) (G1 Evacuation Pause) 355M->248M(1024M) 16,494ms
[2022-09-01T18:28:03.627+0300][gc,cpu      ] GC(120) User=0,01s Sys=0,01s Real=0,01s
[2022-09-01T18:28:17.413+0300][gc,start    ] GC(121) Pause Young (Normal) (G1 Evacuation Pause)
[2022-09-01T18:28:17.413+0300][gc,task     ] GC(121) Using 2 workers of 2 for evacuation
[2022-09-01T18:28:17.431+0300][gc,phases   ] GC(121)   Pre Evacuate Collection Set: 0,1ms
[2022-09-01T18:28:17.431+0300][gc,phases   ] GC(121)   Merge Heap Roots: 0,1ms
[2022-09-01T18:28:17.431+0300][gc,phases   ] GC(121)   Evacuate Collection Set: 17,2ms
[2022-09-01T18:28:17.431+0300][gc,phases   ] GC(121)   Post Evacuate Collection Set: 0,7ms
[2022-09-01T18:28:17.431+0300][gc,phases   ] GC(121)   Other: 0,2ms
[2022-09-01T18:28:17.431+0300][gc,heap     ] GC(121) Eden regions: 89->0(100)
[2022-09-01T18:28:17.431+0300][gc,heap     ] GC(121) Survivor regions: 5->6(12)
[2022-09-01T18:28:17.431+0300][gc,heap     ] GC(121) Old regions: 114->114
[2022-09-01T18:28:17.431+0300][gc,heap     ] GC(121) Archive regions: 2->2
[2022-09-01T18:28:17.431+0300][gc,heap     ] GC(121) Humongous regions: 129->129
[2022-09-01T18:28:17.431+0300][gc,metaspace] GC(121) Metaspace: 44914K(45568K)->44914K(45568K) NonClass: 39812K(40192K)->39812K(40192K) Class: 5102K(5376K)->5102K(5376K)
[2022-09-01T18:28:17.431+0300][gc          ] GC(121) Pause Young (Normal) (G1 Evacuation Pause) 337M->249M(1024M) 18,726ms
[2022-09-01T18:28:17.432+0300][gc,cpu      ] GC(121) User=0,01s Sys=0,02s Real=0,02s
[2022-09-01T18:28:32.860+0300][gc,start    ] GC(122) Pause Young (Normal) (G1 Evacuation Pause)
[2022-09-01T18:28:32.861+0300][gc,task     ] GC(122) Using 2 workers of 2 for evacuation
[2022-09-01T18:28:32.904+0300][gc,mmu      ] GC(122) MMU target violated: 21,0ms (20,0ms/21,0ms)
[2022-09-01T18:28:32.904+0300][gc,phases   ] GC(122)   Pre Evacuate Collection Set: 0,2ms
[2022-09-01T18:28:32.904+0300][gc,phases   ] GC(122)   Merge Heap Roots: 0,1ms
[2022-09-01T18:28:32.904+0300][gc,phases   ] GC(122)   Evacuate Collection Set: 42,4ms
[2022-09-01T18:28:32.904+0300][gc,phases   ] GC(122)   Post Evacuate Collection Set: 0,6ms
[2022-09-01T18:28:32.904+0300][gc,phases   ] GC(122)   Other: 0,1ms
[2022-09-01T18:28:32.904+0300][gc,heap     ] GC(122) Eden regions: 100->0(85)
[2022-09-01T18:28:32.904+0300][gc,heap     ] GC(122) Survivor regions: 6->6(14)
[2022-09-01T18:28:32.904+0300][gc,heap     ] GC(122) Old regions: 114->114
[2022-09-01T18:28:32.904+0300][gc,heap     ] GC(122) Archive regions: 2->2
[2022-09-01T18:28:32.904+0300][gc,heap     ] GC(122) Humongous regions: 129->129
[2022-09-01T18:28:32.904+0300][gc,metaspace] GC(122) Metaspace: 44914K(45568K)->44914K(45568K) NonClass: 39812K(40192K)->39812K(40192K) Class: 5102K(5376K)->5102K(5376K)
[2022-09-01T18:28:32.904+0300][gc          ] GC(122) Pause Young (Normal) (G1 Evacuation Pause) 349M->249M(1024M) 43,570ms
[2022-09-01T18:28:32.904+0300][gc,cpu      ] GC(122) User=0,03s Sys=0,00s Real=0,04s
[2022-09-01T18:28:46.193+0300][gc,start    ] GC(123) Pause Young (Normal) (G1 Evacuation Pause)
[2022-09-01T18:28:46.193+0300][gc,task     ] GC(123) Using 2 workers of 2 for evacuation
[2022-09-01T18:28:46.220+0300][gc,mmu      ] GC(123) MMU target violated: 21,0ms (20,0ms/21,0ms)
[2022-09-01T18:28:46.220+0300][gc,phases   ] GC(123)   Pre Evacuate Collection Set: 0,1ms
[2022-09-01T18:28:46.220+0300][gc,phases   ] GC(123)   Merge Heap Roots: 0,1ms
[2022-09-01T18:28:46.220+0300][gc,phases   ] GC(123)   Evacuate Collection Set: 19,8ms
[2022-09-01T18:28:46.220+0300][gc,phases   ] GC(123)   Post Evacuate Collection Set: 6,0ms
[2022-09-01T18:28:46.220+0300][gc,phases   ] GC(123)   Other: 1,2ms
[2022-09-01T18:28:46.220+0300][gc,heap     ] GC(123) Eden regions: 85->0(44)
[2022-09-01T18:28:46.220+0300][gc,heap     ] GC(123) Survivor regions: 6->7(12)
[2022-09-01T18:28:46.220+0300][gc,heap     ] GC(123) Old regions: 114->114
[2022-09-01T18:28:46.220+0300][gc,heap     ] GC(123) Archive regions: 2->2
[2022-09-01T18:28:46.220+0300][gc,heap     ] GC(123) Humongous regions: 129->129
[2022-09-01T18:28:46.220+0300][gc,metaspace] GC(123) Metaspace: 44915K(45568K)->44915K(45568K) NonClass: 39813K(40192K)->39813K(40192K) Class: 5102K(5376K)->5102K(5376K)
[2022-09-01T18:28:46.220+0300][gc          ] GC(123) Pause Young (Normal) (G1 Evacuation Pause) 334M->250M(1024M) 27,406ms
[2022-09-01T18:28:46.220+0300][gc,cpu      ] GC(123) User=0,01s Sys=0,02s Real=0,03s
[2022-09-01T18:28:53.000+0300][gc,start    ] GC(124) Pause Young (Normal) (G1 Evacuation Pause)
[2022-09-01T18:28:53.000+0300][gc,task     ] GC(124) Using 2 workers of 2 for evacuation
[2022-09-01T18:28:53.038+0300][gc,mmu      ] GC(124) MMU target violated: 21,0ms (20,0ms/21,0ms)
[2022-09-01T18:28:53.039+0300][gc,phases   ] GC(124)   Pre Evacuate Collection Set: 0,1ms
[2022-09-01T18:28:53.039+0300][gc,phases   ] GC(124)   Merge Heap Roots: 0,1ms
[2022-09-01T18:28:53.039+0300][gc,phases   ] GC(124)   Evacuate Collection Set: 38,1ms
[2022-09-01T18:28:53.039+0300][gc,phases   ] GC(124)   Post Evacuate Collection Set: 0,5ms
[2022-09-01T18:28:53.039+0300][gc,phases   ] GC(124)   Other: 0,1ms
[2022-09-01T18:28:53.039+0300][gc,heap     ] GC(124) Eden regions: 44->0(46)
[2022-09-01T18:28:53.039+0300][gc,heap     ] GC(124) Survivor regions: 7->5(7)
[2022-09-01T18:28:53.039+0300][gc,heap     ] GC(124) Old regions: 114->117
[2022-09-01T18:28:53.039+0300][gc,heap     ] GC(124) Archive regions: 2->2
[2022-09-01T18:28:53.039+0300][gc,heap     ] GC(124) Humongous regions: 129->129
[2022-09-01T18:28:53.039+0300][gc,metaspace] GC(124) Metaspace: 44915K(45568K)->44915K(45568K) NonClass: 39813K(40192K)->39813K(40192K) Class: 5102K(5376K)->5102K(5376K)
[2022-09-01T18:28:53.039+0300][gc          ] GC(124) Pause Young (Normal) (G1 Evacuation Pause) 294M->251M(1024M) 39,116ms
[2022-09-01T18:28:53.039+0300][gc,cpu      ] GC(124) User=0,02s Sys=0,00s Real=0,03s
[2022-09-01T18:29:00.039+0300][gc,start    ] GC(125) Pause Young (Normal) (G1 Evacuation Pause)
[2022-09-01T18:29:00.039+0300][gc,task     ] GC(125) Using 2 workers of 2 for evacuation
[2022-09-01T18:29:00.049+0300][gc,phases   ] GC(125)   Pre Evacuate Collection Set: 0,1ms
[2022-09-01T18:29:00.049+0300][gc,phases   ] GC(125)   Merge Heap Roots: 0,2ms
[2022-09-01T18:29:00.049+0300][gc,phases   ] GC(125)   Evacuate Collection Set: 9,4ms
[2022-09-01T18:29:00.049+0300][gc,phases   ] GC(125)   Post Evacuate Collection Set: 0,6ms
[2022-09-01T18:29:00.049+0300][gc,phases   ] GC(125)   Other: 0,1ms
[2022-09-01T18:29:00.049+0300][gc,heap     ] GC(125) Eden regions: 46->0(159)
[2022-09-01T18:29:00.049+0300][gc,heap     ] GC(125) Survivor regions: 5->4(7)
[2022-09-01T18:29:00.049+0300][gc,heap     ] GC(125) Old regions: 117->118
[2022-09-01T18:29:00.049+0300][gc,heap     ] GC(125) Archive regions: 2->2
[2022-09-01T18:29:00.049+0300][gc,heap     ] GC(125) Humongous regions: 129->129
[2022-09-01T18:29:00.049+0300][gc,metaspace] GC(125) Metaspace: 44915K(45568K)->44915K(45568K) NonClass: 39813K(40192K)->39813K(40192K) Class: 5102K(5376K)->5102K(5376K)
[2022-09-01T18:29:00.049+0300][gc          ] GC(125) Pause Young (Normal) (G1 Evacuation Pause) 297M->250M(1024M) 10,556ms
[2022-09-01T18:29:00.049+0300][gc,cpu      ] GC(125) User=0,01s Sys=0,01s Real=0,00s
[2022-09-01T18:29:24.310+0300][gc,start    ] GC(126) Pause Young (Normal) (G1 Evacuation Pause)
[2022-09-01T18:29:24.310+0300][gc,task     ] GC(126) Using 2 workers of 2 for evacuation
[2022-09-01T18:29:24.350+0300][gc,mmu      ] GC(126) MMU target violated: 21,0ms (20,0ms/21,0ms)
[2022-09-01T18:29:24.350+0300][gc,phases   ] GC(126)   Pre Evacuate Collection Set: 1,1ms
[2022-09-01T18:29:24.350+0300][gc,phases   ] GC(126)   Merge Heap Roots: 2,7ms
[2022-09-01T18:29:24.350+0300][gc,phases   ] GC(126)   Evacuate Collection Set: 35,6ms
[2022-09-01T18:29:24.350+0300][gc,phases   ] GC(126)   Post Evacuate Collection Set: 0,8ms
[2022-09-01T18:29:24.350+0300][gc,phases   ] GC(126)   Other: 0,2ms
[2022-09-01T18:29:24.350+0300][gc,heap     ] GC(126) Eden regions: 159->0(46)
[2022-09-01T18:29:24.350+0300][gc,heap     ] GC(126) Survivor regions: 4->5(21)
[2022-09-01T18:29:24.350+0300][gc,heap     ] GC(126) Old regions: 118->118
[2022-09-01T18:29:24.350+0300][gc,heap     ] GC(126) Archive regions: 2->2
[2022-09-01T18:29:24.350+0300][gc,heap     ] GC(126) Humongous regions: 129->129
[2022-09-01T18:29:24.350+0300][gc,metaspace] GC(126) Metaspace: 44915K(45568K)->44915K(45568K) NonClass: 39813K(40192K)->39813K(40192K) Class: 5102K(5376K)->5102K(5376K)
[2022-09-01T18:29:24.350+0300][gc          ] GC(126) Pause Young (Normal) (G1 Evacuation Pause) 409M->252M(1024M) 40,578ms
[2022-09-01T18:29:24.350+0300][gc,cpu      ] GC(126) User=0,02s Sys=0,01s Real=0,04s
[2022-09-01T18:29:31.124+0300][gc,start    ] GC(127) Pause Young (Normal) (G1 Evacuation Pause)
[2022-09-01T18:29:31.124+0300][gc,task     ] GC(127) Using 2 workers of 2 for evacuation
[2022-09-01T18:29:31.143+0300][gc,phases   ] GC(127)   Pre Evacuate Collection Set: 1,0ms
[2022-09-01T18:29:31.143+0300][gc,phases   ] GC(127)   Merge Heap Roots: 0,1ms
[2022-09-01T18:29:31.143+0300][gc,phases   ] GC(127)   Evacuate Collection Set: 16,7ms
[2022-09-01T18:29:31.143+0300][gc,phases   ] GC(127)   Post Evacuate Collection Set: 0,5ms
[2022-09-01T18:29:31.143+0300][gc,phases   ] GC(127)   Other: 0,1ms
[2022-09-01T18:29:31.143+0300][gc,heap     ] GC(127) Eden regions: 46->0(137)
[2022-09-01T18:29:31.143+0300][gc,heap     ] GC(127) Survivor regions: 5->4(7)
[2022-09-01T18:29:31.143+0300][gc,heap     ] GC(127) Old regions: 118->119
[2022-09-01T18:29:31.143+0300][gc,heap     ] GC(127) Archive regions: 2->2
[2022-09-01T18:29:31.143+0300][gc,heap     ] GC(127) Humongous regions: 129->129
[2022-09-01T18:29:31.143+0300][gc,metaspace] GC(127) Metaspace: 44915K(45568K)->44915K(45568K) NonClass: 39813K(40192K)->39813K(40192K) Class: 5102K(5376K)->5102K(5376K)
[2022-09-01T18:29:31.143+0300][gc          ] GC(127) Pause Young (Normal) (G1 Evacuation Pause) 298M->252M(1024M) 18,579ms
[2022-09-01T18:29:31.143+0300][gc,cpu      ] GC(127) User=0,01s Sys=0,02s Real=0,02s
[2022-09-01T18:29:49.226+0300][gc,start    ] GC(128) Pause Young (Normal) (G1 Evacuation Pause)
[2022-09-01T18:29:49.226+0300][gc,task     ] GC(128) Using 2 workers of 2 for evacuation
[2022-09-01T18:29:49.248+0300][gc,mmu      ] GC(128) MMU target violated: 21,0ms (20,0ms/21,0ms)
[2022-09-01T18:29:49.248+0300][gc,phases   ] GC(128)   Pre Evacuate Collection Set: 0,2ms
[2022-09-01T18:29:49.248+0300][gc,phases   ] GC(128)   Merge Heap Roots: 3,8ms
[2022-09-01T18:29:49.248+0300][gc,phases   ] GC(128)   Evacuate Collection Set: 17,4ms
[2022-09-01T18:29:49.248+0300][gc,phases   ] GC(128)   Post Evacuate Collection Set: 1,1ms
[2022-09-01T18:29:49.248+0300][gc,phases   ] GC(128)   Other: 0,1ms
[2022-09-01T18:29:49.248+0300][gc,heap     ] GC(128) Eden regions: 117->0(125)
[2022-09-01T18:29:49.248+0300][gc,heap     ] GC(128) Survivor regions: 4->5(16)
[2022-09-01T18:29:49.248+0300][gc,heap     ] GC(128) Old regions: 119->119
[2022-09-01T18:29:49.248+0300][gc,heap     ] GC(128) Archive regions: 2->2
[2022-09-01T18:29:49.248+0300][gc,heap     ] GC(128) Humongous regions: 129->129
[2022-09-01T18:29:49.248+0300][gc,metaspace] GC(128) Metaspace: 44916K(45568K)->44916K(45568K) NonClass: 39814K(40192K)->39814K(40192K) Class: 5102K(5376K)->5102K(5376K)
[2022-09-01T18:29:49.248+0300][gc          ] GC(128) Pause Young (Normal) (G1 Evacuation Pause) 369M->253M(1024M) 22,834ms
[2022-09-01T18:29:49.248+0300][gc,cpu      ] GC(128) User=0,01s Sys=0,01s Real=0,02s
[2022-09-01T18:30:07.903+0300][gc,start    ] GC(129) Pause Young (Normal) (G1 Evacuation Pause)
[2022-09-01T18:30:07.903+0300][gc,task     ] GC(129) Using 2 workers of 2 for evacuation
[2022-09-01T18:30:07.919+0300][gc,phases   ] GC(129)   Pre Evacuate Collection Set: 0,1ms
[2022-09-01T18:30:07.919+0300][gc,phases   ] GC(129)   Merge Heap Roots: 0,2ms
[2022-09-01T18:30:07.919+0300][gc,phases   ] GC(129)   Evacuate Collection Set: 14,2ms
[2022-09-01T18:30:07.919+0300][gc,phases   ] GC(129)   Post Evacuate Collection Set: 0,9ms
[2022-09-01T18:30:07.919+0300][gc,phases   ] GC(129)   Other: 0,1ms
[2022-09-01T18:30:07.919+0300][gc,heap     ] GC(129) Eden regions: 125->0(120)
[2022-09-01T18:30:07.919+0300][gc,heap     ] GC(129) Survivor regions: 5->6(17)
[2022-09-01T18:30:07.919+0300][gc,heap     ] GC(129) Old regions: 119->119
[2022-09-01T18:30:07.919+0300][gc,heap     ] GC(129) Archive regions: 2->2
[2022-09-01T18:30:07.919+0300][gc,heap     ] GC(129) Humongous regions: 129->129
[2022-09-01T18:30:07.919+0300][gc,metaspace] GC(129) Metaspace: 44916K(45568K)->44916K(45568K) NonClass: 39814K(40192K)->39814K(40192K) Class: 5102K(5376K)->5102K(5376K)
[2022-09-01T18:30:07.919+0300][gc          ] GC(129) Pause Young (Normal) (G1 Evacuation Pause) 378M->254M(1024M) 15,679ms
[2022-09-01T18:30:07.919+0300][gc,cpu      ] GC(129) User=0,00s Sys=0,01s Real=0,02s
[2022-09-01T18:30:26.890+0300][gc,start    ] GC(130) Pause Young (Normal) (G1 Evacuation Pause)
[2022-09-01T18:30:26.890+0300][gc,task     ] GC(130) Using 2 workers of 2 for evacuation
[2022-09-01T18:30:26.922+0300][gc,mmu      ] GC(130) MMU target violated: 21,0ms (20,0ms/21,0ms)
[2022-09-01T18:30:26.922+0300][gc,phases   ] GC(130)   Pre Evacuate Collection Set: 0,1ms
[2022-09-01T18:30:26.922+0300][gc,phases   ] GC(130)   Merge Heap Roots: 0,1ms
[2022-09-01T18:30:26.922+0300][gc,phases   ] GC(130)   Evacuate Collection Set: 27,8ms
[2022-09-01T18:30:26.922+0300][gc,phases   ] GC(130)   Post Evacuate Collection Set: 0,5ms
[2022-09-01T18:30:26.922+0300][gc,phases   ] GC(130)   Other: 3,4ms
[2022-09-01T18:30:26.922+0300][gc,heap     ] GC(130) Eden regions: 120->0(50)
[2022-09-01T18:30:26.922+0300][gc,heap     ] GC(130) Survivor regions: 6->6(16)
[2022-09-01T18:30:26.922+0300][gc,heap     ] GC(130) Old regions: 119->119
[2022-09-01T18:30:26.922+0300][gc,heap     ] GC(130) Archive regions: 2->2
[2022-09-01T18:30:26.922+0300][gc,heap     ] GC(130) Humongous regions: 129->129
[2022-09-01T18:30:26.922+0300][gc,metaspace] GC(130) Metaspace: 44916K(45568K)->44916K(45568K) NonClass: 39814K(40192K)->39814K(40192K) Class: 5102K(5376K)->5102K(5376K)
[2022-09-01T18:30:26.922+0300][gc          ] GC(130) Pause Young (Normal) (G1 Evacuation Pause) 374M->254M(1024M) 32,164ms
[2022-09-01T18:30:26.922+0300][gc,cpu      ] GC(130) User=0,01s Sys=0,01s Real=0,04s
[2022-09-01T18:30:34.169+0300][gc,start    ] GC(131) Pause Young (Normal) (G1 Evacuation Pause)
[2022-09-01T18:30:34.169+0300][gc,task     ] GC(131) Using 2 workers of 2 for evacuation
[2022-09-01T18:30:34.191+0300][gc,mmu      ] GC(131) MMU target violated: 21,0ms (20,0ms/21,0ms)
[2022-09-01T18:30:34.195+0300][gc,phases   ] GC(131)   Pre Evacuate Collection Set: 0,3ms
[2022-09-01T18:30:34.195+0300][gc,phases   ] GC(131)   Merge Heap Roots: 0,1ms
[2022-09-01T18:30:34.195+0300][gc,phases   ] GC(131)   Evacuate Collection Set: 20,6ms
[2022-09-01T18:30:34.195+0300][gc,phases   ] GC(131)   Post Evacuate Collection Set: 0,5ms
[2022-09-01T18:30:34.195+0300][gc,phases   ] GC(131)   Other: 3,9ms
[2022-09-01T18:30:34.195+0300][gc,heap     ] GC(131) Eden regions: 50->0(169)
[2022-09-01T18:30:34.195+0300][gc,heap     ] GC(131) Survivor regions: 6->4(7)
[2022-09-01T18:30:34.195+0300][gc,heap     ] GC(131) Old regions: 119->123
[2022-09-01T18:30:34.195+0300][gc,heap     ] GC(131) Archive regions: 2->2
[2022-09-01T18:30:34.195+0300][gc,heap     ] GC(131) Humongous regions: 129->129
[2022-09-01T18:30:34.195+0300][gc,metaspace] GC(131) Metaspace: 44916K(45568K)->44916K(45568K) NonClass: 39814K(40192K)->39814K(40192K) Class: 5102K(5376K)->5102K(5376K)
[2022-09-01T18:30:34.195+0300][gc          ] GC(131) Pause Young (Normal) (G1 Evacuation Pause) 304M->256M(1024M) 25,578ms
[2022-09-01T18:30:34.195+0300][gc,cpu      ] GC(131) User=0,01s Sys=0,02s Real=0,03s
[2022-09-01T18:30:57.858+0300][gc,start    ] GC(132) Pause Young (Normal) (G1 Evacuation Pause)
[2022-09-01T18:30:57.860+0300][gc,task     ] GC(132) Using 2 workers of 2 for evacuation
[2022-09-01T18:30:57.878+0300][gc,phases   ] GC(132)   Pre Evacuate Collection Set: 2,9ms
[2022-09-01T18:30:57.878+0300][gc,phases   ] GC(132)   Merge Heap Roots: 0,5ms
[2022-09-01T18:30:57.878+0300][gc,phases   ] GC(132)   Evacuate Collection Set: 14,0ms
[2022-09-01T18:30:57.878+0300][gc,phases   ] GC(132)   Post Evacuate Collection Set: 0,6ms
[2022-09-01T18:30:57.878+0300][gc,phases   ] GC(132)   Other: 0,2ms
[2022-09-01T18:30:57.878+0300][gc,heap     ] GC(132) Eden regions: 158->0(163)
[2022-09-01T18:30:57.878+0300][gc,heap     ] GC(132) Survivor regions: 4->5(21)
[2022-09-01T18:30:57.878+0300][gc,heap     ] GC(132) Old regions: 123->123
[2022-09-01T18:30:57.878+0300][gc,heap     ] GC(132) Archive regions: 2->2
[2022-09-01T18:30:57.878+0300][gc,heap     ] GC(132) Humongous regions: 129->129
[2022-09-01T18:30:57.878+0300][gc,metaspace] GC(132) Metaspace: 44916K(45568K)->44916K(45568K) NonClass: 39814K(40192K)->39814K(40192K) Class: 5102K(5376K)->5102K(5376K)
[2022-09-01T18:30:57.878+0300][gc          ] GC(132) Pause Young (Normal) (G1 Evacuation Pause) 414M->256M(1024M) 19,922ms
[2022-09-01T18:30:57.878+0300][gc,cpu      ] GC(132) User=0,01s Sys=0,02s Real=0,01s
[2022-09-01T18:37:16.060+0300][gc,start    ] GC(133) Pause Young (Normal) (G1 Evacuation Pause)
[2022-09-01T18:37:16.060+0300][gc,task     ] GC(133) Using 2 workers of 2 for evacuation
[2022-09-01T18:37:16.107+0300][gc,mmu      ] GC(133) MMU target violated: 21,0ms (20,0ms/21,0ms)
[2022-09-01T18:37:16.107+0300][gc,phases   ] GC(133)   Pre Evacuate Collection Set: 0,2ms
[2022-09-01T18:37:16.107+0300][gc,phases   ] GC(133)   Merge Heap Roots: 0,2ms
[2022-09-01T18:37:16.107+0300][gc,phases   ] GC(133)   Evacuate Collection Set: 45,5ms
[2022-09-01T18:37:16.107+0300][gc,phases   ] GC(133)   Post Evacuate Collection Set: 0,7ms
[2022-09-01T18:37:16.107+0300][gc,phases   ] GC(133)   Other: 0,1ms
[2022-09-01T18:37:16.107+0300][gc,heap     ] GC(133) Eden regions: 163->0(40)
[2022-09-01T18:37:16.107+0300][gc,heap     ] GC(133) Survivor regions: 5->11(21)
[2022-09-01T18:37:16.107+0300][gc,heap     ] GC(133) Old regions: 123->123
[2022-09-01T18:37:16.107+0300][gc,heap     ] GC(133) Archive regions: 2->2
[2022-09-01T18:37:16.107+0300][gc,heap     ] GC(133) Humongous regions: 129->129
[2022-09-01T18:37:16.107+0300][gc,metaspace] GC(133) Metaspace: 44933K(45568K)->44933K(45568K) NonClass: 39831K(40192K)->39831K(40192K) Class: 5102K(5376K)->5102K(5376K)
[2022-09-01T18:37:16.107+0300][gc          ] GC(133) Pause Young (Normal) (G1 Evacuation Pause) 419M->262M(1024M) 46,801ms
[2022-09-01T18:37:16.107+0300][gc,cpu      ] GC(133) User=0,03s Sys=0,01s Real=0,04s
[2022-09-01T18:37:23.109+0300][gc,start    ] GC(134) Pause Young (Normal) (G1 Evacuation Pause)
[2022-09-01T18:37:23.109+0300][gc,task     ] GC(134) Using 2 workers of 2 for evacuation
[2022-09-01T18:37:23.173+0300][gc,mmu      ] GC(134) MMU target violated: 21,0ms (20,0ms/21,0ms)
[2022-09-01T18:37:23.173+0300][gc,phases   ] GC(134)   Pre Evacuate Collection Set: 0,4ms
[2022-09-01T18:37:23.173+0300][gc,phases   ] GC(134)   Merge Heap Roots: 0,1ms
[2022-09-01T18:37:23.173+0300][gc,phases   ] GC(134)   Evacuate Collection Set: 63,0ms
[2022-09-01T18:37:23.173+0300][gc,phases   ] GC(134)   Post Evacuate Collection Set: 0,5ms
[2022-09-01T18:37:23.173+0300][gc,phases   ] GC(134)   Other: 0,1ms
[2022-09-01T18:37:23.173+0300][gc,heap     ] GC(134) Eden regions: 40->0(111)
[2022-09-01T18:37:23.173+0300][gc,heap     ] GC(134) Survivor regions: 11->2(7)
[2022-09-01T18:37:23.173+0300][gc,heap     ] GC(134) Old regions: 123->133
[2022-09-01T18:37:23.173+0300][gc,heap     ] GC(134) Archive regions: 2->2
[2022-09-01T18:37:23.173+0300][gc,heap     ] GC(134) Humongous regions: 129->129
[2022-09-01T18:37:23.173+0300][gc,metaspace] GC(134) Metaspace: 44933K(45568K)->44933K(45568K) NonClass: 39831K(40192K)->39831K(40192K) Class: 5102K(5376K)->5102K(5376K)
[2022-09-01T18:37:23.173+0300][gc          ] GC(134) Pause Young (Normal) (G1 Evacuation Pause) 302M->263M(1024M) 64,261ms
[2022-09-01T18:37:23.173+0300][gc,cpu      ] GC(134) User=0,03s Sys=0,01s Real=0,07s
[2022-09-01T18:37:40.626+0300][gc,start    ] GC(135) Pause Young (Normal) (G1 Evacuation Pause)
[2022-09-01T18:37:40.626+0300][gc,task     ] GC(135) Using 2 workers of 2 for evacuation
[2022-09-01T18:37:40.647+0300][gc,mmu      ] GC(135) MMU target violated: 20,4ms (20,0ms/21,0ms)
[2022-09-01T18:37:40.647+0300][gc,phases   ] GC(135)   Pre Evacuate Collection Set: 0,1ms
[2022-09-01T18:37:40.647+0300][gc,phases   ] GC(135)   Merge Heap Roots: 0,1ms
[2022-09-01T18:37:40.647+0300][gc,phases   ] GC(135)   Evacuate Collection Set: 19,2ms
[2022-09-01T18:37:40.647+0300][gc,phases   ] GC(135)   Post Evacuate Collection Set: 1,0ms
[2022-09-01T18:37:40.647+0300][gc,phases   ] GC(135)   Other: 0,2ms
[2022-09-01T18:37:40.647+0300][gc,heap     ] GC(135) Eden regions: 111->0(50)
[2022-09-01T18:37:40.647+0300][gc,heap     ] GC(135) Survivor regions: 2->4(15)
[2022-09-01T18:37:40.647+0300][gc,heap     ] GC(135) Old regions: 133->133
[2022-09-01T18:37:40.647+0300][gc,heap     ] GC(135) Archive regions: 2->2
[2022-09-01T18:37:40.647+0300][gc,heap     ] GC(135) Humongous regions: 129->129
[2022-09-01T18:37:40.647+0300][gc,metaspace] GC(135) Metaspace: 44933K(45568K)->44933K(45568K) NonClass: 39831K(40192K)->39831K(40192K) Class: 5102K(5376K)->5102K(5376K)
[2022-09-01T18:37:40.647+0300][gc          ] GC(135) Pause Young (Normal) (G1 Evacuation Pause) 374M->265M(1024M) 20,700ms
[2022-09-01T18:37:40.647+0300][gc,cpu      ] GC(135) User=0,01s Sys=0,01s Real=0,02s
[2022-09-01T18:37:48.466+0300][gc,start    ] GC(136) Pause Young (Normal) (G1 Evacuation Pause)
[2022-09-01T18:37:48.466+0300][gc,task     ] GC(136) Using 2 workers of 2 for evacuation
[2022-09-01T18:37:48.481+0300][gc,phases   ] GC(136)   Pre Evacuate Collection Set: 0,4ms
[2022-09-01T18:37:48.481+0300][gc,phases   ] GC(136)   Merge Heap Roots: 0,1ms
[2022-09-01T18:37:48.481+0300][gc,phases   ] GC(136)   Evacuate Collection Set: 14,0ms
[2022-09-01T18:37:48.481+0300][gc,phases   ] GC(136)   Post Evacuate Collection Set: 0,6ms
[2022-09-01T18:37:48.481+0300][gc,phases   ] GC(136)   Other: 0,1ms
[2022-09-01T18:37:48.481+0300][gc,heap     ] GC(136) Eden regions: 50->0(72)
[2022-09-01T18:37:48.481+0300][gc,heap     ] GC(136) Survivor regions: 4->4(7)
[2022-09-01T18:37:48.481+0300][gc,heap     ] GC(136) Old regions: 133->133
[2022-09-01T18:37:48.481+0300][gc,heap     ] GC(136) Archive regions: 2->2
[2022-09-01T18:37:48.481+0300][gc,heap     ] GC(136) Humongous regions: 129->129
[2022-09-01T18:37:48.481+0300][gc,metaspace] GC(136) Metaspace: 44933K(45568K)->44933K(45568K) NonClass: 39831K(40192K)->39831K(40192K) Class: 5102K(5376K)->5102K(5376K)
[2022-09-01T18:37:48.481+0300][gc          ] GC(136) Pause Young (Normal) (G1 Evacuation Pause) 315M->266M(1024M) 15,561ms
[2022-09-01T18:37:48.481+0300][gc,cpu      ] GC(136) User=0,00s Sys=0,00s Real=0,02s
[2022-09-01T18:37:59.685+0300][gc,start    ] GC(137) Pause Young (Normal) (G1 Evacuation Pause)
[2022-09-01T18:37:59.685+0300][gc,task     ] GC(137) Using 2 workers of 2 for evacuation
[2022-09-01T18:37:59.701+0300][gc,phases   ] GC(137)   Pre Evacuate Collection Set: 0,1ms
[2022-09-01T18:37:59.701+0300][gc,phases   ] GC(137)   Merge Heap Roots: 0,1ms
[2022-09-01T18:37:59.701+0300][gc,phases   ] GC(137)   Evacuate Collection Set: 15,0ms
[2022-09-01T18:37:59.701+0300][gc,phases   ] GC(137)   Post Evacuate Collection Set: 0,9ms
[2022-09-01T18:37:59.701+0300][gc,phases   ] GC(137)   Other: 0,1ms
[2022-09-01T18:37:59.701+0300][gc,heap     ] GC(137) Eden regions: 72->0(69)
[2022-09-01T18:37:59.702+0300][gc,heap     ] GC(137) Survivor regions: 4->5(10)
[2022-09-01T18:37:59.702+0300][gc,heap     ] GC(137) Old regions: 133->133
[2022-09-01T18:37:59.702+0300][gc,heap     ] GC(137) Archive regions: 2->2
[2022-09-01T18:37:59.702+0300][gc,heap     ] GC(137) Humongous regions: 129->129
[2022-09-01T18:37:59.702+0300][gc,metaspace] GC(137) Metaspace: 44933K(45568K)->44933K(45568K) NonClass: 39831K(40192K)->39831K(40192K) Class: 5102K(5376K)->5102K(5376K)
[2022-09-01T18:37:59.702+0300][gc          ] GC(137) Pause Young (Normal) (G1 Evacuation Pause) 338M->267M(1024M) 16,338ms
[2022-09-01T18:37:59.702+0300][gc,cpu      ] GC(137) User=0,00s Sys=0,01s Real=0,02s
[2022-09-01T18:38:10.028+0300][gc,start    ] GC(138) Pause Young (Normal) (G1 Evacuation Pause)
[2022-09-01T18:38:10.028+0300][gc,task     ] GC(138) Using 2 workers of 2 for evacuation
[2022-09-01T18:38:10.050+0300][gc,mmu      ] GC(138) MMU target violated: 21,0ms (20,0ms/21,0ms)
[2022-09-01T18:38:10.050+0300][gc,phases   ] GC(138)   Pre Evacuate Collection Set: 0,1ms
[2022-09-01T18:38:10.050+0300][gc,phases   ] GC(138)   Merge Heap Roots: 0,1ms
[2022-09-01T18:38:10.050+0300][gc,phases   ] GC(138)   Evacuate Collection Set: 20,2ms
[2022-09-01T18:38:10.050+0300][gc,phases   ] GC(138)   Post Evacuate Collection Set: 0,6ms
[2022-09-01T18:38:10.050+0300][gc,phases   ] GC(138)   Other: 0,1ms
[2022-09-01T18:38:10.050+0300][gc,heap     ] GC(138) Eden regions: 69->0(45)
[2022-09-01T18:38:10.050+0300][gc,heap     ] GC(138) Survivor regions: 5->6(10)
[2022-09-01T18:38:10.050+0300][gc,heap     ] GC(138) Old regions: 133->133
[2022-09-01T18:38:10.050+0300][gc,heap     ] GC(138) Archive regions: 2->2
[2022-09-01T18:38:10.050+0300][gc,heap     ] GC(138) Humongous regions: 129->129
[2022-09-01T18:38:10.050+0300][gc,metaspace] GC(138) Metaspace: 44933K(45568K)->44933K(45568K) NonClass: 39831K(40192K)->39831K(40192K) Class: 5102K(5376K)->5102K(5376K)
[2022-09-01T18:38:10.050+0300][gc          ] GC(138) Pause Young (Normal) (G1 Evacuation Pause) 336M->268M(1024M) 21,346ms
[2022-09-01T18:38:10.050+0300][gc,cpu      ] GC(138) User=0,01s Sys=0,02s Real=0,02s
[2022-09-01T18:38:16.899+0300][gc,start    ] GC(139) Pause Young (Normal) (G1 Evacuation Pause)
[2022-09-01T18:38:16.899+0300][gc,task     ] GC(139) Using 2 workers of 2 for evacuation
[2022-09-01T18:38:16.951+0300][gc,mmu      ] GC(139) MMU target violated: 21,0ms (20,0ms/21,0ms)
[2022-09-01T18:38:16.951+0300][gc,phases   ] GC(139)   Pre Evacuate Collection Set: 0,1ms
[2022-09-01T18:38:16.951+0300][gc,phases   ] GC(139)   Merge Heap Roots: 0,1ms
[2022-09-01T18:38:16.951+0300][gc,phases   ] GC(139)   Evacuate Collection Set: 50,8ms
[2022-09-01T18:38:16.951+0300][gc,phases   ] GC(139)   Post Evacuate Collection Set: 0,6ms
[2022-09-01T18:38:16.951+0300][gc,phases   ] GC(139)   Other: 0,2ms
[2022-09-01T18:38:16.951+0300][gc,heap     ] GC(139) Eden regions: 45->0(114)
[2022-09-01T18:38:16.951+0300][gc,heap     ] GC(139) Survivor regions: 6->3(7)
[2022-09-01T18:38:16.951+0300][gc,heap     ] GC(139) Old regions: 133->136
[2022-09-01T18:38:16.951+0300][gc,heap     ] GC(139) Archive regions: 2->2
[2022-09-01T18:38:16.951+0300][gc,heap     ] GC(139) Humongous regions: 129->129
[2022-09-01T18:38:16.951+0300][gc,metaspace] GC(139) Metaspace: 44933K(45568K)->44933K(45568K) NonClass: 39831K(40192K)->39831K(40192K) Class: 5102K(5376K)->5102K(5376K)
[2022-09-01T18:38:16.951+0300][gc          ] GC(139) Pause Young (Normal) (G1 Evacuation Pause) 313M->268M(1024M) 51,906ms
[2022-09-01T18:38:16.951+0300][gc,cpu      ] GC(139) User=0,02s Sys=0,02s Real=0,05s
[2022-09-01T18:38:34.013+0300][gc,start    ] GC(140) Pause Young (Normal) (G1 Evacuation Pause)
[2022-09-01T18:38:34.014+0300][gc,task     ] GC(140) Using 2 workers of 2 for evacuation
[2022-09-01T18:38:34.042+0300][gc,mmu      ] GC(140) MMU target violated: 21,0ms (20,0ms/21,0ms)
[2022-09-01T18:38:34.042+0300][gc,phases   ] GC(140)   Pre Evacuate Collection Set: 0,1ms
[2022-09-01T18:38:34.042+0300][gc,phases   ] GC(140)   Merge Heap Roots: 0,1ms
[2022-09-01T18:38:34.042+0300][gc,phases   ] GC(140)   Evacuate Collection Set: 27,8ms
[2022-09-01T18:38:34.042+0300][gc,phases   ] GC(140)   Post Evacuate Collection Set: 0,5ms
[2022-09-01T18:38:34.042+0300][gc,phases   ] GC(140)   Other: 0,2ms
[2022-09-01T18:38:34.042+0300][gc,heap     ] GC(140) Eden regions: 111->0(46)
[2022-09-01T18:38:34.042+0300][gc,heap     ] GC(140) Survivor regions: 3->5(15)
[2022-09-01T18:38:34.042+0300][gc,heap     ] GC(140) Old regions: 136->136
[2022-09-01T18:38:34.042+0300][gc,heap     ] GC(140) Archive regions: 2->2
[2022-09-01T18:38:34.042+0300][gc,heap     ] GC(140) Humongous regions: 129->129
[2022-09-01T18:38:34.042+0300][gc,metaspace] GC(140) Metaspace: 44933K(45568K)->44933K(45568K) NonClass: 39831K(40192K)->39831K(40192K) Class: 5102K(5376K)->5102K(5376K)
[2022-09-01T18:38:34.042+0300][gc          ] GC(140) Pause Young (Normal) (G1 Evacuation Pause) 379M->269M(1024M) 29,108ms
[2022-09-01T18:38:34.042+0300][gc,cpu      ] GC(140) User=0,00s Sys=0,02s Real=0,02s
[2022-09-01T18:38:41.325+0300][gc,start    ] GC(141) Pause Young (Normal) (G1 Evacuation Pause)
[2022-09-01T18:38:41.325+0300][gc,task     ] GC(141) Using 2 workers of 2 for evacuation
[2022-09-01T18:38:41.347+0300][gc,mmu      ] GC(141) MMU target violated: 21,0ms (20,0ms/21,0ms)
[2022-09-01T18:38:41.347+0300][gc,phases   ] GC(141)   Pre Evacuate Collection Set: 0,1ms
[2022-09-01T18:38:41.347+0300][gc,phases   ] GC(141)   Merge Heap Roots: 0,1ms
[2022-09-01T18:38:41.347+0300][gc,phases   ] GC(141)   Evacuate Collection Set: 7,2ms
[2022-09-01T18:38:41.347+0300][gc,phases   ] GC(141)   Post Evacuate Collection Set: 13,6ms
[2022-09-01T18:38:41.347+0300][gc,phases   ] GC(141)   Other: 0,1ms
[2022-09-01T18:38:41.347+0300][gc,heap     ] GC(141) Eden regions: 46->0(47)
[2022-09-01T18:38:41.347+0300][gc,heap     ] GC(141) Survivor regions: 5->4(7)
[2022-09-01T18:38:41.347+0300][gc,heap     ] GC(141) Old regions: 136->137
[2022-09-01T18:38:41.347+0300][gc,heap     ] GC(141) Archive regions: 2->2
[2022-09-01T18:38:41.347+0300][gc,heap     ] GC(141) Humongous regions: 129->129
[2022-09-01T18:38:41.347+0300][gc,metaspace] GC(141) Metaspace: 44933K(45568K)->44933K(45568K) NonClass: 39831K(40192K)->39831K(40192K) Class: 5102K(5376K)->5102K(5376K)
[2022-09-01T18:38:41.347+0300][gc          ] GC(141) Pause Young (Normal) (G1 Evacuation Pause) 315M->269M(1024M) 21,284ms
[2022-09-01T18:38:41.347+0300][gc,cpu      ] GC(141) User=0,01s Sys=0,01s Real=0,02s
[2022-09-01T18:38:48.147+0300][gc,start    ] GC(142) Pause Young (Normal) (G1 Evacuation Pause)
[2022-09-01T18:38:48.148+0300][gc,task     ] GC(142) Using 2 workers of 2 for evacuation
[2022-09-01T18:38:48.159+0300][gc,phases   ] GC(142)   Pre Evacuate Collection Set: 0,2ms
[2022-09-01T18:38:48.159+0300][gc,phases   ] GC(142)   Merge Heap Roots: 0,2ms
[2022-09-01T18:38:48.159+0300][gc,phases   ] GC(142)   Evacuate Collection Set: 10,1ms
[2022-09-01T18:38:48.159+0300][gc,phases   ] GC(142)   Post Evacuate Collection Set: 0,7ms
[2022-09-01T18:38:48.159+0300][gc,phases   ] GC(142)   Other: 0,1ms
[2022-09-01T18:38:48.159+0300][gc,heap     ] GC(142) Eden regions: 47->0(106)
[2022-09-01T18:38:48.159+0300][gc,heap     ] GC(142) Survivor regions: 4->4(7)
[2022-09-01T18:38:48.159+0300][gc,heap     ] GC(142) Old regions: 137->138
[2022-09-01T18:38:48.159+0300][gc,heap     ] GC(142) Archive regions: 2->2
[2022-09-01T18:38:48.159+0300][gc,heap     ] GC(142) Humongous regions: 129->129
[2022-09-01T18:38:48.159+0300][gc,metaspace] GC(142) Metaspace: 44933K(45568K)->44933K(45568K) NonClass: 39831K(40192K)->39831K(40192K) Class: 5102K(5376K)->5102K(5376K)
[2022-09-01T18:38:48.159+0300][gc          ] GC(142) Pause Young (Normal) (G1 Evacuation Pause) 316M->270M(1024M) 11,523ms
[2022-09-01T18:38:48.159+0300][gc,cpu      ] GC(142) User=0,00s Sys=0,01s Real=0,01s
[2022-09-01T18:39:04.117+0300][gc,start    ] GC(143) Pause Young (Normal) (G1 Evacuation Pause)
[2022-09-01T18:39:04.117+0300][gc,task     ] GC(143) Using 2 workers of 2 for evacuation
[2022-09-01T18:39:04.130+0300][gc,phases   ] GC(143)   Pre Evacuate Collection Set: 0,4ms
[2022-09-01T18:39:04.130+0300][gc,phases   ] GC(143)   Merge Heap Roots: 0,2ms
[2022-09-01T18:39:04.130+0300][gc,phases   ] GC(143)   Evacuate Collection Set: 11,8ms
[2022-09-01T18:39:04.130+0300][gc,phases   ] GC(143)   Post Evacuate Collection Set: 0,5ms
[2022-09-01T18:39:04.130+0300][gc,phases   ] GC(143)   Other: 0,1ms
[2022-09-01T18:39:04.130+0300][gc,heap     ] GC(143) Eden regions: 105->0(110)
[2022-09-01T18:39:04.130+0300][gc,heap     ] GC(143) Survivor regions: 4->5(14)
[2022-09-01T18:39:04.130+0300][gc,heap     ] GC(143) Old regions: 138->138
[2022-09-01T18:39:04.130+0300][gc,heap     ] GC(143) Archive regions: 2->2
[2022-09-01T18:39:04.130+0300][gc,heap     ] GC(143) Humongous regions: 129->129
[2022-09-01T18:39:04.130+0300][gc,metaspace] GC(143) Metaspace: 44933K(45568K)->44933K(45568K) NonClass: 39831K(40192K)->39831K(40192K) Class: 5102K(5376K)->5102K(5376K)
[2022-09-01T18:39:04.130+0300][gc          ] GC(143) Pause Young (Normal) (G1 Evacuation Pause) 375M->271M(1024M) 13,088ms
[2022-09-01T18:39:04.130+0300][gc,cpu      ] GC(143) User=0,00s Sys=0,02s Real=0,01s
[2022-09-01T18:39:21.012+0300][gc,start    ] GC(144) Pause Young (Normal) (G1 Evacuation Pause)
[2022-09-01T18:39:21.012+0300][gc,task     ] GC(144) Using 2 workers of 2 for evacuation
[2022-09-01T18:39:21.034+0300][gc,mmu      ] GC(144) MMU target violated: 21,0ms (20,0ms/21,0ms)
[2022-09-01T18:39:21.034+0300][gc,phases   ] GC(144)   Pre Evacuate Collection Set: 0,1ms
[2022-09-01T18:39:21.034+0300][gc,phases   ] GC(144)   Merge Heap Roots: 0,1ms
[2022-09-01T18:39:21.034+0300][gc,phases   ] GC(144)   Evacuate Collection Set: 20,3ms
[2022-09-01T18:39:21.034+0300][gc,phases   ] GC(144)   Post Evacuate Collection Set: 1,4ms
[2022-09-01T18:39:21.034+0300][gc,phases   ] GC(144)   Other: 0,1ms
[2022-09-01T18:39:21.034+0300][gc,heap     ] GC(144) Eden regions: 110->0(167)
[2022-09-01T18:39:21.034+0300][gc,heap     ] GC(144) Survivor regions: 5->5(15)
[2022-09-01T18:39:21.034+0300][gc,heap     ] GC(144) Old regions: 138->138
[2022-09-01T18:39:21.034+0300][gc,heap     ] GC(144) Archive regions: 2->2
[2022-09-01T18:39:21.034+0300][gc,heap     ] GC(144) Humongous regions: 129->129
[2022-09-01T18:39:21.034+0300][gc,metaspace] GC(144) Metaspace: 44933K(45568K)->44933K(45568K) NonClass: 39831K(40192K)->39831K(40192K) Class: 5102K(5376K)->5102K(5376K)
[2022-09-01T18:39:21.034+0300][gc          ] GC(144) Pause Young (Normal) (G1 Evacuation Pause) 381M->272M(1024M) 22,206ms
[2022-09-01T18:39:21.035+0300][gc,cpu      ] GC(144) User=0,00s Sys=0,02s Real=0,02s
[2022-09-01T18:39:46.332+0300][gc,start    ] GC(145) Pause Young (Normal) (G1 Evacuation Pause)
[2022-09-01T18:39:46.332+0300][gc,task     ] GC(145) Using 2 workers of 2 for evacuation
[2022-09-01T18:39:46.362+0300][gc,mmu      ] GC(145) MMU target violated: 21,0ms (20,0ms/21,0ms)
[2022-09-01T18:39:46.362+0300][gc,phases   ] GC(145)   Pre Evacuate Collection Set: 0,2ms
[2022-09-01T18:39:46.362+0300][gc,phases   ] GC(145)   Merge Heap Roots: 0,1ms
[2022-09-01T18:39:46.362+0300][gc,phases   ] GC(145)   Evacuate Collection Set: 28,9ms
[2022-09-01T18:39:46.362+0300][gc,phases   ] GC(145)   Post Evacuate Collection Set: 0,5ms
[2022-09-01T18:39:46.362+0300][gc,phases   ] GC(145)   Other: 0,1ms
[2022-09-01T18:39:46.362+0300][gc,heap     ] GC(145) Eden regions: 167->0(111)
[2022-09-01T18:39:46.362+0300][gc,heap     ] GC(145) Survivor regions: 5->7(22)
[2022-09-01T18:39:46.362+0300][gc,heap     ] GC(145) Old regions: 138->138
[2022-09-01T18:39:46.362+0300][gc,heap     ] GC(145) Archive regions: 2->2
[2022-09-01T18:39:46.362+0300][gc,heap     ] GC(145) Humongous regions: 129->129
[2022-09-01T18:39:46.362+0300][gc,metaspace] GC(145) Metaspace: 44933K(45568K)->44933K(45568K) NonClass: 39831K(40192K)->39831K(40192K) Class: 5102K(5376K)->5102K(5376K)
[2022-09-01T18:39:46.362+0300][gc          ] GC(145) Pause Young (Normal) (G1 Evacuation Pause) 439M->274M(1024M) 29,990ms
[2022-09-01T18:39:46.362+0300][gc,cpu      ] GC(145) User=0,01s Sys=0,01s Real=0,03s
[2022-09-01T18:40:03.684+0300][gc,start    ] GC(146) Pause Young (Normal) (G1 Evacuation Pause)
[2022-09-01T18:40:03.685+0300][gc,task     ] GC(146) Using 2 workers of 2 for evacuation
[2022-09-01T18:40:03.714+0300][gc,mmu      ] GC(146) MMU target violated: 21,0ms (20,0ms/21,0ms)
[2022-09-01T18:40:03.714+0300][gc,phases   ] GC(146)   Pre Evacuate Collection Set: 0,3ms
[2022-09-01T18:40:03.715+0300][gc,phases   ] GC(146)   Merge Heap Roots: 0,1ms
[2022-09-01T18:40:03.715+0300][gc,phases   ] GC(146)   Evacuate Collection Set: 26,8ms
[2022-09-01T18:40:03.715+0300][gc,phases   ] GC(146)   Post Evacuate Collection Set: 2,6ms
[2022-09-01T18:40:03.715+0300][gc,phases   ] GC(146)   Other: 0,1ms
[2022-09-01T18:40:03.715+0300][gc,heap     ] GC(146) Eden regions: 111->0(43)
[2022-09-01T18:40:03.715+0300][gc,heap     ] GC(146) Survivor regions: 7->8(15)
[2022-09-01T18:40:03.715+0300][gc,heap     ] GC(146) Old regions: 138->138
[2022-09-01T18:40:03.715+0300][gc,heap     ] GC(146) Archive regions: 2->2
[2022-09-01T18:40:03.715+0300][gc,heap     ] GC(146) Humongous regions: 129->129
[2022-09-01T18:40:03.715+0300][gc,metaspace] GC(146) Metaspace: 44933K(45568K)->44933K(45568K) NonClass: 39831K(40192K)->39831K(40192K) Class: 5102K(5376K)->5102K(5376K)
[2022-09-01T18:40:03.715+0300][gc          ] GC(146) Pause Young (Normal) (G1 Evacuation Pause) 385M->274M(1024M) 30,093ms
[2022-09-01T18:40:03.715+0300][gc,cpu      ] GC(146) User=0,00s Sys=0,02s Real=0,03s
[2022-09-01T18:40:10.295+0300][gc,start    ] GC(147) Pause Young (Normal) (G1 Evacuation Pause)
[2022-09-01T18:40:10.295+0300][gc,task     ] GC(147) Using 2 workers of 2 for evacuation
[2022-09-01T18:40:10.322+0300][gc,mmu      ] GC(147) MMU target violated: 21,0ms (20,0ms/21,0ms)
[2022-09-01T18:40:10.322+0300][gc,phases   ] GC(147)   Pre Evacuate Collection Set: 0,1ms
[2022-09-01T18:40:10.322+0300][gc,phases   ] GC(147)   Merge Heap Roots: 0,1ms
[2022-09-01T18:40:10.322+0300][gc,phases   ] GC(147)   Evacuate Collection Set: 26,6ms
[2022-09-01T18:40:10.322+0300][gc,phases   ] GC(147)   Post Evacuate Collection Set: 0,5ms
[2022-09-01T18:40:10.322+0300][gc,phases   ] GC(147)   Other: 0,2ms
[2022-09-01T18:40:10.322+0300][gc,heap     ] GC(147) Eden regions: 43->0(227)
[2022-09-01T18:40:10.322+0300][gc,heap     ] GC(147) Survivor regions: 8->4(7)
[2022-09-01T18:40:10.322+0300][gc,heap     ] GC(147) Old regions: 138->142
[2022-09-01T18:40:10.322+0300][gc,heap     ] GC(147) Archive regions: 2->2
[2022-09-01T18:40:10.322+0300][gc,heap     ] GC(147) Humongous regions: 129->129
[2022-09-01T18:40:10.322+0300][gc,metaspace] GC(147) Metaspace: 44933K(45568K)->44933K(45568K) NonClass: 39831K(40192K)->39831K(40192K) Class: 5102K(5376K)->5102K(5376K)
[2022-09-01T18:40:10.322+0300][gc          ] GC(147) Pause Young (Normal) (G1 Evacuation Pause) 317M->275M(1024M) 27,568ms
[2022-09-01T18:40:10.322+0300][gc,cpu      ] GC(147) User=0,01s Sys=0,02s Real=0,01s
[2022-09-01T18:40:45.041+0300][gc,start    ] GC(148) Pause Young (Normal) (G1 Evacuation Pause)
[2022-09-01T18:40:45.041+0300][gc,task     ] GC(148) Using 2 workers of 2 for evacuation
[2022-09-01T18:40:45.081+0300][gc,mmu      ] GC(148) MMU target violated: 21,0ms (20,0ms/21,0ms)
[2022-09-01T18:40:45.081+0300][gc,phases   ] GC(148)   Pre Evacuate Collection Set: 0,2ms
[2022-09-01T18:40:45.081+0300][gc,phases   ] GC(148)   Merge Heap Roots: 0,2ms
[2022-09-01T18:40:45.081+0300][gc,phases   ] GC(148)   Evacuate Collection Set: 39,0ms
[2022-09-01T18:40:45.081+0300][gc,phases   ] GC(148)   Post Evacuate Collection Set: 0,8ms
[2022-09-01T18:40:45.081+0300][gc,phases   ] GC(148)   Other: 0,2ms
[2022-09-01T18:40:45.081+0300][gc,heap     ] GC(148) Eden regions: 226->0(95)
[2022-09-01T18:40:45.081+0300][gc,heap     ] GC(148) Survivor regions: 4->6(29)
[2022-09-01T18:40:45.081+0300][gc,heap     ] GC(148) Old regions: 142->142
[2022-09-01T18:40:45.081+0300][gc,heap     ] GC(148) Archive regions: 2->2
[2022-09-01T18:40:45.082+0300][gc,heap     ] GC(148) Humongous regions: 129->129
[2022-09-01T18:40:45.082+0300][gc,metaspace] GC(148) Metaspace: 44933K(45568K)->44933K(45568K) NonClass: 39831K(40192K)->39831K(40192K) Class: 5102K(5376K)->5102K(5376K)
[2022-09-01T18:40:45.082+0300][gc          ] GC(148) Pause Young (Normal) (G1 Evacuation Pause) 501M->276M(1024M) 41,164ms
[2022-09-01T18:40:45.082+0300][gc,cpu      ] GC(148) User=0,02s Sys=0,01s Real=0,04s
[2022-09-01T18:40:59.824+0300][gc,start    ] GC(149) Pause Young (Normal) (G1 Evacuation Pause)
[2022-09-01T18:40:59.824+0300][gc,task     ] GC(149) Using 2 workers of 2 for evacuation
[2022-09-01T18:40:59.839+0300][gc,phases   ] GC(149)   Pre Evacuate Collection Set: 0,1ms
[2022-09-01T18:40:59.839+0300][gc,phases   ] GC(149)   Merge Heap Roots: 0,1ms
[2022-09-01T18:40:59.839+0300][gc,phases   ] GC(149)   Evacuate Collection Set: 14,3ms
[2022-09-01T18:40:59.839+0300][gc,phases   ] GC(149)   Post Evacuate Collection Set: 0,7ms
[2022-09-01T18:40:59.839+0300][gc,phases   ] GC(149)   Other: 0,1ms
[2022-09-01T18:40:59.839+0300][gc,heap     ] GC(149) Eden regions: 95->0(151)
[2022-09-01T18:40:59.839+0300][gc,heap     ] GC(149) Survivor regions: 6->6(13)
[2022-09-01T18:40:59.839+0300][gc,heap     ] GC(149) Old regions: 142->142
[2022-09-01T18:40:59.839+0300][gc,heap     ] GC(149) Archive regions: 2->2
[2022-09-01T18:40:59.839+0300][gc,heap     ] GC(149) Humongous regions: 129->129
[2022-09-01T18:40:59.839+0300][gc,metaspace] GC(149) Metaspace: 44933K(45568K)->44933K(45568K) NonClass: 39831K(40192K)->39831K(40192K) Class: 5102K(5376K)->5102K(5376K)
[2022-09-01T18:40:59.839+0300][gc          ] GC(149) Pause Young (Normal) (G1 Evacuation Pause) 371M->277M(1024M) 15,643ms
[2022-09-01T18:40:59.840+0300][gc,cpu      ] GC(149) User=0,01s Sys=0,02s Real=0,02s
[2022-09-01T18:41:22.598+0300][gc,start    ] GC(150) Pause Young (Normal) (G1 Evacuation Pause)
[2022-09-01T18:41:22.598+0300][gc,task     ] GC(150) Using 2 workers of 2 for evacuation
[2022-09-01T18:41:22.614+0300][gc,phases   ] GC(150)   Pre Evacuate Collection Set: 0,1ms
[2022-09-01T18:41:22.614+0300][gc,phases   ] GC(150)   Merge Heap Roots: 0,1ms
[2022-09-01T18:41:22.614+0300][gc,phases   ] GC(150)   Evacuate Collection Set: 14,9ms
[2022-09-01T18:41:22.614+0300][gc,phases   ] GC(150)   Post Evacuate Collection Set: 1,0ms
[2022-09-01T18:41:22.614+0300][gc,phases   ] GC(150)   Other: 0,1ms
[2022-09-01T18:41:22.614+0300][gc,heap     ] GC(150) Eden regions: 151->0(143)
[2022-09-01T18:41:22.614+0300][gc,heap     ] GC(150) Survivor regions: 6->7(20)
[2022-09-01T18:41:22.614+0300][gc,heap     ] GC(150) Old regions: 142->142
[2022-09-01T18:41:22.614+0300][gc,heap     ] GC(150) Archive regions: 2->2
[2022-09-01T18:41:22.614+0300][gc,heap     ] GC(150) Humongous regions: 129->129
[2022-09-01T18:41:22.614+0300][gc,metaspace] GC(150) Metaspace: 44933K(45568K)->44933K(45568K) NonClass: 39831K(40192K)->39831K(40192K) Class: 5102K(5376K)->5102K(5376K)
[2022-09-01T18:41:22.614+0300][gc          ] GC(150) Pause Young (Normal) (G1 Evacuation Pause) 428M->278M(1024M) 16,436ms
[2022-09-01T18:41:22.614+0300][gc,cpu      ] GC(150) User=0,01s Sys=0,02s Real=0,01s
[2022-09-01T18:41:44.235+0300][gc,start    ] GC(151) Pause Young (Normal) (G1 Evacuation Pause)
[2022-09-01T18:41:44.235+0300][gc,task     ] GC(151) Using 2 workers of 2 for evacuation
[2022-09-01T18:41:44.264+0300][gc,mmu      ] GC(151) MMU target violated: 21,0ms (20,0ms/21,0ms)
[2022-09-01T18:41:44.264+0300][gc,phases   ] GC(151)   Pre Evacuate Collection Set: 0,4ms
[2022-09-01T18:41:44.264+0300][gc,phases   ] GC(151)   Merge Heap Roots: 0,5ms
[2022-09-01T18:41:44.264+0300][gc,phases   ] GC(151)   Evacuate Collection Set: 27,5ms
[2022-09-01T18:41:44.264+0300][gc,phases   ] GC(151)   Post Evacuate Collection Set: 0,7ms
[2022-09-01T18:41:44.264+0300][gc,phases   ] GC(151)   Other: 0,2ms
[2022-09-01T18:41:44.264+0300][gc,heap     ] GC(151) Eden regions: 143->0(44)
[2022-09-01T18:41:44.264+0300][gc,heap     ] GC(151) Survivor regions: 7->8(19)
[2022-09-01T18:41:44.264+0300][gc,heap     ] GC(151) Old regions: 142->142
[2022-09-01T18:41:44.264+0300][gc,heap     ] GC(151) Archive regions: 2->2
[2022-09-01T18:41:44.264+0300][gc,heap     ] GC(151) Humongous regions: 129->129
[2022-09-01T18:41:44.264+0300][gc,metaspace] GC(151) Metaspace: 44933K(45568K)->44933K(45568K) NonClass: 39831K(40192K)->39831K(40192K) Class: 5102K(5376K)->5102K(5376K)
[2022-09-01T18:41:44.264+0300][gc          ] GC(151) Pause Young (Normal) (G1 Evacuation Pause) 421M->279M(1024M) 29,496ms
[2022-09-01T18:41:44.264+0300][gc,cpu      ] GC(151) User=0,02s Sys=0,01s Real=0,03s
[2022-09-01T18:41:50.887+0300][gc,start    ] GC(152) Pause Young (Normal) (G1 Evacuation Pause)
[2022-09-01T18:41:50.887+0300][gc,task     ] GC(152) Using 2 workers of 2 for evacuation
[2022-09-01T18:41:50.914+0300][gc,mmu      ] GC(152) MMU target violated: 21,0ms (20,0ms/21,0ms)
[2022-09-01T18:41:50.915+0300][gc,phases   ] GC(152)   Pre Evacuate Collection Set: 0,1ms
[2022-09-01T18:41:50.915+0300][gc,phases   ] GC(152)   Merge Heap Roots: 0,1ms
[2022-09-01T18:41:50.915+0300][gc,phases   ] GC(152)   Evacuate Collection Set: 26,3ms
[2022-09-01T18:41:50.915+0300][gc,phases   ] GC(152)   Post Evacuate Collection Set: 0,7ms
[2022-09-01T18:41:50.915+0300][gc,phases   ] GC(152)   Other: 0,1ms
[2022-09-01T18:41:50.915+0300][gc,heap     ] GC(152) Eden regions: 44->0(370)
[2022-09-01T18:41:50.915+0300][gc,heap     ] GC(152) Survivor regions: 8->4(7)
[2022-09-01T18:41:50.915+0300][gc,heap     ] GC(152) Old regions: 142->147
[2022-09-01T18:41:50.915+0300][gc,heap     ] GC(152) Archive regions: 2->2
[2022-09-01T18:41:50.915+0300][gc,heap     ] GC(152) Humongous regions: 129->129
[2022-09-01T18:41:50.915+0300][gc,metaspace] GC(152) Metaspace: 44933K(45568K)->44933K(45568K) NonClass: 39831K(40192K)->39831K(40192K) Class: 5102K(5376K)->5102K(5376K)
[2022-09-01T18:41:50.915+0300][gc          ] GC(152) Pause Young (Normal) (G1 Evacuation Pause) 323M->279M(1024M) 27,567ms
[2022-09-01T18:41:50.915+0300][gc,cpu      ] GC(152) User=0,01s Sys=0,01s Real=0,03s
[2022-09-01T18:42:56.515+0300][gc,start    ] GC(153) Pause Young (Normal) (G1 Evacuation Pause)
[2022-09-01T18:42:56.515+0300][gc,task     ] GC(153) Using 2 workers of 2 for evacuation
[2022-09-01T18:42:56.565+0300][gc,mmu      ] GC(153) MMU target violated: 21,0ms (20,0ms/21,0ms)
[2022-09-01T18:42:56.565+0300][gc,phases   ] GC(153)   Pre Evacuate Collection Set: 0,2ms
[2022-09-01T18:42:56.565+0300][gc,phases   ] GC(153)   Merge Heap Roots: 0,3ms
[2022-09-01T18:42:56.565+0300][gc,phases   ] GC(153)   Evacuate Collection Set: 48,2ms
[2022-09-01T18:42:56.565+0300][gc,phases   ] GC(153)   Post Evacuate Collection Set: 0,8ms
[2022-09-01T18:42:56.565+0300][gc,phases   ] GC(153)   Other: 0,2ms
[2022-09-01T18:42:56.565+0300][gc,heap     ] GC(153) Eden regions: 368->0(45)
[2022-09-01T18:42:56.565+0300][gc,heap     ] GC(153) Survivor regions: 4->6(47)
[2022-09-01T18:42:56.565+0300][gc,heap     ] GC(153) Old regions: 147->147
[2022-09-01T18:42:56.565+0300][gc,heap     ] GC(153) Archive regions: 2->2
[2022-09-01T18:42:56.565+0300][gc,heap     ] GC(153) Humongous regions: 129->129
[2022-09-01T18:42:56.565+0300][gc,metaspace] GC(153) Metaspace: 44933K(45568K)->44933K(45568K) NonClass: 39831K(40192K)->39831K(40192K) Class: 5102K(5376K)->5102K(5376K)
[2022-09-01T18:42:56.565+0300][gc          ] GC(153) Pause Young (Normal) (G1 Evacuation Pause) 647M->281M(1024M) 49,857ms
[2022-09-01T18:42:56.565+0300][gc,cpu      ] GC(153) User=0,03s Sys=0,04s Real=0,05s
[2022-09-01T18:43:04.256+0300][gc,start    ] GC(154) Pause Young (Normal) (G1 Evacuation Pause)
[2022-09-01T18:43:04.256+0300][gc,task     ] GC(154) Using 2 workers of 2 for evacuation
[2022-09-01T18:43:04.295+0300][gc,mmu      ] GC(154) MMU target violated: 21,0ms (20,0ms/21,0ms)
[2022-09-01T18:43:04.295+0300][gc,phases   ] GC(154)   Pre Evacuate Collection Set: 0,4ms
[2022-09-01T18:43:04.295+0300][gc,phases   ] GC(154)   Merge Heap Roots: 0,8ms
[2022-09-01T18:43:04.295+0300][gc,phases   ] GC(154)   Evacuate Collection Set: 35,2ms
[2022-09-01T18:43:04.295+0300][gc,phases   ] GC(154)   Post Evacuate Collection Set: 2,3ms
[2022-09-01T18:43:04.295+0300][gc,phases   ] GC(154)   Other: 0,1ms
[2022-09-01T18:43:04.295+0300][gc,heap     ] GC(154) Eden regions: 45->0(97)
[2022-09-01T18:43:04.295+0300][gc,heap     ] GC(154) Survivor regions: 6->4(7)
[2022-09-01T18:43:04.295+0300][gc,heap     ] GC(154) Old regions: 147->149
[2022-09-01T18:43:04.295+0300][gc,heap     ] GC(154) Archive regions: 2->2
[2022-09-01T18:43:04.295+0300][gc,heap     ] GC(154) Humongous regions: 129->129
[2022-09-01T18:43:04.295+0300][gc,metaspace] GC(154) Metaspace: 44933K(45568K)->44933K(45568K) NonClass: 39831K(40192K)->39831K(40192K) Class: 5102K(5376K)->5102K(5376K)
[2022-09-01T18:43:04.295+0300][gc          ] GC(154) Pause Young (Normal) (G1 Evacuation Pause) 326M->282M(1024M) 39,100ms
[2022-09-01T18:43:04.296+0300][gc,cpu      ] GC(154) User=0,03s Sys=0,02s Real=0,04s
[2022-09-01T18:43:18.895+0300][gc,start    ] GC(155) Pause Young (Normal) (G1 Evacuation Pause)
[2022-09-01T18:43:18.896+0300][gc,task     ] GC(155) Using 2 workers of 2 for evacuation
[2022-09-01T18:43:18.911+0300][gc,phases   ] GC(155)   Pre Evacuate Collection Set: 0,1ms
[2022-09-01T18:43:18.911+0300][gc,phases   ] GC(155)   Merge Heap Roots: 0,2ms
[2022-09-01T18:43:18.911+0300][gc,phases   ] GC(155)   Evacuate Collection Set: 14,1ms
[2022-09-01T18:43:18.911+0300][gc,phases   ] GC(155)   Post Evacuate Collection Set: 1,1ms
[2022-09-01T18:43:18.911+0300][gc,phases   ] GC(155)   Other: 0,1ms
[2022-09-01T18:43:18.911+0300][gc,heap     ] GC(155) Eden regions: 83->0(179)
[2022-09-01T18:43:18.911+0300][gc,heap     ] GC(155) Survivor regions: 4->4(11)
[2022-09-01T18:43:18.911+0300][gc,heap     ] GC(155) Old regions: 149->149
[2022-09-01T18:43:18.911+0300][gc,heap     ] GC(155) Archive regions: 2->2
[2022-09-01T18:43:18.911+0300][gc,heap     ] GC(155) Humongous regions: 129->129
[2022-09-01T18:43:18.911+0300][gc,metaspace] GC(155) Metaspace: 44933K(45568K)->44933K(45568K) NonClass: 39831K(40192K)->39831K(40192K) Class: 5102K(5376K)->5102K(5376K)
[2022-09-01T18:43:18.911+0300][gc          ] GC(155) Pause Young (Normal) (G1 Evacuation Pause) 365M->282M(1024M) 15,719ms
[2022-09-01T18:43:18.911+0300][gc,cpu      ] GC(155) User=0,00s Sys=0,01s Real=0,02s
[2022-09-01T19:07:40.312+0300][gc,start    ] GC(156) Pause Young (Normal) (G1 Evacuation Pause)
[2022-09-01T19:07:40.312+0300][gc,task     ] GC(156) Using 2 workers of 2 for evacuation
[2022-09-01T19:07:40.336+0300][gc,mmu      ] GC(156) MMU target violated: 21,0ms (20,0ms/21,0ms)
[2022-09-01T19:07:40.336+0300][gc,phases   ] GC(156)   Pre Evacuate Collection Set: 0,1ms
[2022-09-01T19:07:40.336+0300][gc,phases   ] GC(156)   Merge Heap Roots: 0,3ms
[2022-09-01T19:07:40.336+0300][gc,phases   ] GC(156)   Evacuate Collection Set: 22,8ms
[2022-09-01T19:07:40.336+0300][gc,phases   ] GC(156)   Post Evacuate Collection Set: 0,7ms
[2022-09-01T19:07:40.336+0300][gc,phases   ] GC(156)   Other: 0,1ms
[2022-09-01T19:07:40.336+0300][gc,heap     ] GC(156) Eden regions: 167->0(41)
[2022-09-01T19:07:40.336+0300][gc,heap     ] GC(156) Survivor regions: 4->10(22)
[2022-09-01T19:07:40.336+0300][gc,heap     ] GC(156) Old regions: 149->149
[2022-09-01T19:07:40.336+0300][gc,heap     ] GC(156) Archive regions: 2->2
[2022-09-01T19:07:40.336+0300][gc,heap     ] GC(156) Humongous regions: 129->129
[2022-09-01T19:07:40.336+0300][gc,metaspace] GC(156) Metaspace: 44951K(45568K)->44951K(45568K) NonClass: 39849K(40192K)->39849K(40192K) Class: 5102K(5376K)->5102K(5376K)
[2022-09-01T19:07:40.336+0300][gc          ] GC(156) Pause Young (Normal) (G1 Evacuation Pause) 449M->288M(1024M) 24,065ms
[2022-09-01T19:07:40.336+0300][gc,cpu      ] GC(156) User=0,02s Sys=0,02s Real=0,01s
[2022-09-01T19:07:50.387+0300][gc,start    ] GC(157) Pause Young (Normal) (G1 Evacuation Pause)
[2022-09-01T19:07:50.387+0300][gc,task     ] GC(157) Using 2 workers of 2 for evacuation
[2022-09-01T19:07:50.414+0300][gc,mmu      ] GC(157) MMU target violated: 21,0ms (20,0ms/21,0ms)
[2022-09-01T19:07:50.414+0300][gc,phases   ] GC(157)   Pre Evacuate Collection Set: 0,1ms
[2022-09-01T19:07:50.415+0300][gc,phases   ] GC(157)   Merge Heap Roots: 0,4ms
[2022-09-01T19:07:50.415+0300][gc,phases   ] GC(157)   Evacuate Collection Set: 21,0ms
[2022-09-01T19:07:50.415+0300][gc,phases   ] GC(157)   Post Evacuate Collection Set: 5,8ms
[2022-09-01T19:07:50.415+0300][gc,phases   ] GC(157)   Other: 0,2ms
[2022-09-01T19:07:50.415+0300][gc,heap     ] GC(157) Eden regions: 41->0(151)
[2022-09-01T19:07:50.415+0300][gc,heap     ] GC(157) Survivor regions: 10->2(7)
[2022-09-01T19:07:50.415+0300][gc,heap     ] GC(157) Old regions: 149->158
[2022-09-01T19:07:50.415+0300][gc,heap     ] GC(157) Archive regions: 2->2
[2022-09-01T19:07:50.415+0300][gc,heap     ] GC(157) Humongous regions: 129->129
[2022-09-01T19:07:50.415+0300][gc,metaspace] GC(157) Metaspace: 44951K(45568K)->44951K(45568K) NonClass: 39849K(40192K)->39849K(40192K) Class: 5102K(5376K)->5102K(5376K)
[2022-09-01T19:07:50.415+0300][gc          ] GC(157) Pause Young (Normal) (G1 Evacuation Pause) 329M->288M(1024M) 27,811ms
[2022-09-01T19:07:50.415+0300][gc,cpu      ] GC(157) User=0,03s Sys=0,02s Real=0,03s
[2022-09-01T19:09:57.919+0300][gc,start    ] GC(158) Pause Young (Normal) (G1 Evacuation Pause)
[2022-09-01T19:09:57.919+0300][gc,task     ] GC(158) Using 2 workers of 2 for evacuation
[2022-09-01T19:09:57.939+0300][gc,phases   ] GC(158)   Pre Evacuate Collection Set: 0,2ms
[2022-09-01T19:09:57.939+0300][gc,phases   ] GC(158)   Merge Heap Roots: 0,4ms
[2022-09-01T19:09:57.939+0300][gc,phases   ] GC(158)   Evacuate Collection Set: 18,2ms
[2022-09-01T19:09:57.939+0300][gc,phases   ] GC(158)   Post Evacuate Collection Set: 0,6ms
[2022-09-01T19:09:57.939+0300][gc,phases   ] GC(158)   Other: 0,2ms
[2022-09-01T19:09:57.939+0300][gc,heap     ] GC(158) Eden regions: 151->0(75)
[2022-09-01T19:09:57.939+0300][gc,heap     ] GC(158) Survivor regions: 2->5(20)
[2022-09-01T19:09:57.939+0300][gc,heap     ] GC(158) Old regions: 158->158
[2022-09-01T19:09:57.939+0300][gc,heap     ] GC(158) Archive regions: 2->2
[2022-09-01T19:09:57.939+0300][gc,heap     ] GC(158) Humongous regions: 129->129
[2022-09-01T19:09:57.939+0300][gc,metaspace] GC(158) Metaspace: 44951K(45568K)->44951K(45568K) NonClass: 39849K(40192K)->39849K(40192K) Class: 5102K(5376K)->5102K(5376K)
[2022-09-01T19:09:57.939+0300][gc          ] GC(158) Pause Young (Normal) (G1 Evacuation Pause) 439M->292M(1024M) 19,957ms
[2022-09-01T19:09:57.939+0300][gc,cpu      ] GC(158) User=0,01s Sys=0,01s Real=0,02s
[2022-09-01T19:10:13.458+0300][gc,start    ] GC(159) Pause Young (Normal) (G1 Evacuation Pause)
[2022-09-01T19:10:13.458+0300][gc,task     ] GC(159) Using 2 workers of 2 for evacuation
[2022-09-01T19:10:13.475+0300][gc,phases   ] GC(159)   Pre Evacuate Collection Set: 0,2ms
[2022-09-01T19:10:13.475+0300][gc,phases   ] GC(159)   Merge Heap Roots: 0,1ms
[2022-09-01T19:10:13.475+0300][gc,phases   ] GC(159)   Evacuate Collection Set: 16,3ms
[2022-09-01T19:10:13.475+0300][gc,phases   ] GC(159)   Post Evacuate Collection Set: 0,5ms
[2022-09-01T19:10:13.475+0300][gc,phases   ] GC(159)   Other: 0,1ms
[2022-09-01T19:10:13.475+0300][gc,heap     ] GC(159) Eden regions: 75->0(44)
[2022-09-01T19:10:13.475+0300][gc,heap     ] GC(159) Survivor regions: 5->7(10)
[2022-09-01T19:10:13.475+0300][gc,heap     ] GC(159) Old regions: 158->158
[2022-09-01T19:10:13.475+0300][gc,heap     ] GC(159) Archive regions: 2->2
[2022-09-01T19:10:13.475+0300][gc,heap     ] GC(159) Humongous regions: 129->129
[2022-09-01T19:10:13.475+0300][gc,metaspace] GC(159) Metaspace: 44951K(45568K)->44951K(45568K) NonClass: 39849K(40192K)->39849K(40192K) Class: 5102K(5376K)->5102K(5376K)
[2022-09-01T19:10:13.475+0300][gc          ] GC(159) Pause Young (Normal) (G1 Evacuation Pause) 367M->294M(1024M) 17,351ms
[2022-09-01T19:10:13.476+0300][gc,cpu      ] GC(159) User=0,01s Sys=0,02s Real=0,01s
[2022-09-01T19:10:22.280+0300][gc,start    ] GC(160) Pause Young (Normal) (G1 Evacuation Pause)
[2022-09-01T19:10:22.280+0300][gc,task     ] GC(160) Using 2 workers of 2 for evacuation
[2022-09-01T19:10:22.328+0300][gc,mmu      ] GC(160) MMU target violated: 21,0ms (20,0ms/21,0ms)
[2022-09-01T19:10:22.328+0300][gc,phases   ] GC(160)   Pre Evacuate Collection Set: 0,1ms
[2022-09-01T19:10:22.328+0300][gc,phases   ] GC(160)   Merge Heap Roots: 0,1ms
[2022-09-01T19:10:22.328+0300][gc,phases   ] GC(160)   Evacuate Collection Set: 46,0ms
[2022-09-01T19:10:22.328+0300][gc,phases   ] GC(160)   Post Evacuate Collection Set: 2,2ms
[2022-09-01T19:10:22.328+0300][gc,phases   ] GC(160)   Other: 0,2ms
[2022-09-01T19:10:22.328+0300][gc,heap     ] GC(160) Eden regions: 44->0(47)
[2022-09-01T19:10:22.328+0300][gc,heap     ] GC(160) Survivor regions: 7->4(7)
[2022-09-01T19:10:22.328+0300][gc,heap     ] GC(160) Old regions: 158->163
[2022-09-01T19:10:22.328+0300][gc,heap     ] GC(160) Archive regions: 2->2
[2022-09-01T19:10:22.328+0300][gc,heap     ] GC(160) Humongous regions: 129->129
[2022-09-01T19:10:22.328+0300][gc,metaspace] GC(160) Metaspace: 44951K(45568K)->44951K(45568K) NonClass: 39849K(40192K)->39849K(40192K) Class: 5102K(5376K)->5102K(5376K)
[2022-09-01T19:10:22.328+0300][gc          ] GC(160) Pause Young (Normal) (G1 Evacuation Pause) 338M->295M(1024M) 48,749ms
[2022-09-01T19:10:22.328+0300][gc,cpu      ] GC(160) User=0,02s Sys=0,00s Real=0,04s
[2022-09-01T19:10:31.591+0300][gc,start    ] GC(161) Pause Young (Normal) (G1 Evacuation Pause)
[2022-09-01T19:10:31.591+0300][gc,task     ] GC(161) Using 2 workers of 2 for evacuation
[2022-09-01T19:10:31.630+0300][gc,mmu      ] GC(161) MMU target violated: 21,0ms (20,0ms/21,0ms)
[2022-09-01T19:10:31.630+0300][gc,phases   ] GC(161)   Pre Evacuate Collection Set: 0,2ms
[2022-09-01T19:10:31.630+0300][gc,phases   ] GC(161)   Merge Heap Roots: 0,1ms
[2022-09-01T19:10:31.630+0300][gc,phases   ] GC(161)   Evacuate Collection Set: 37,2ms
[2022-09-01T19:10:31.630+0300][gc,phases   ] GC(161)   Post Evacuate Collection Set: 1,3ms
[2022-09-01T19:10:31.630+0300][gc,phases   ] GC(161)   Other: 0,1ms
[2022-09-01T19:10:31.630+0300][gc,heap     ] GC(161) Eden regions: 47->0(46)
[2022-09-01T19:10:31.630+0300][gc,heap     ] GC(161) Survivor regions: 4->5(7)
[2022-09-01T19:10:31.630+0300][gc,heap     ] GC(161) Old regions: 163->163
[2022-09-01T19:10:31.630+0300][gc,heap     ] GC(161) Archive regions: 2->2
[2022-09-01T19:10:31.630+0300][gc,heap     ] GC(161) Humongous regions: 129->129
[2022-09-01T19:10:31.630+0300][gc,metaspace] GC(161) Metaspace: 44951K(45568K)->44951K(45568K) NonClass: 39849K(40192K)->39849K(40192K) Class: 5102K(5376K)->5102K(5376K)
[2022-09-01T19:10:31.630+0300][gc          ] GC(161) Pause Young (Normal) (G1 Evacuation Pause) 342M->296M(1024M) 39,073ms
[2022-09-01T19:10:31.630+0300][gc,cpu      ] GC(161) User=0,01s Sys=0,01s Real=0,04s
[2022-09-01T19:11:45.600+0300][gc,start    ] GC(162) Pause Young (Normal) (G1 Evacuation Pause)
[2022-09-01T19:11:45.600+0300][gc,task     ] GC(162) Using 2 workers of 2 for evacuation
[2022-09-01T19:11:45.643+0300][gc,mmu      ] GC(162) MMU target violated: 21,0ms (20,0ms/21,0ms)
[2022-09-01T19:11:45.643+0300][gc,phases   ] GC(162)   Pre Evacuate Collection Set: 0,1ms
[2022-09-01T19:11:45.643+0300][gc,phases   ] GC(162)   Merge Heap Roots: 0,1ms
[2022-09-01T19:11:45.643+0300][gc,phases   ] GC(162)   Evacuate Collection Set: 39,2ms
[2022-09-01T19:11:45.643+0300][gc,phases   ] GC(162)   Post Evacuate Collection Set: 3,0ms
[2022-09-01T19:11:45.643+0300][gc,phases   ] GC(162)   Other: 0,2ms
[2022-09-01T19:11:45.643+0300][gc,heap     ] GC(162) Eden regions: 46->0(47)
[2022-09-01T19:11:45.643+0300][gc,heap     ] GC(162) Survivor regions: 5->4(7)
[2022-09-01T19:11:45.643+0300][gc,heap     ] GC(162) Old regions: 163->165
[2022-09-01T19:11:45.643+0300][gc,heap     ] GC(162) Archive regions: 2->2
[2022-09-01T19:11:45.643+0300][gc,heap     ] GC(162) Humongous regions: 129->129
[2022-09-01T19:11:45.643+0300][gc,metaspace] GC(162) Metaspace: 44951K(45568K)->44951K(45568K) NonClass: 39849K(40192K)->39849K(40192K) Class: 5102K(5376K)->5102K(5376K)
[2022-09-01T19:11:45.643+0300][gc          ] GC(162) Pause Young (Normal) (G1 Evacuation Pause) 342M->297M(1024M) 42,789ms
[2022-09-01T19:11:45.643+0300][gc,cpu      ] GC(162) User=0,01s Sys=0,00s Real=0,04s
[2022-09-01T19:11:55.242+0300][gc,start    ] GC(163) Pause Young (Normal) (G1 Evacuation Pause)
[2022-09-01T19:11:55.242+0300][gc,task     ] GC(163) Using 2 workers of 2 for evacuation
[2022-09-01T19:11:55.276+0300][gc,mmu      ] GC(163) MMU target violated: 21,0ms (20,0ms/21,0ms)
[2022-09-01T19:11:55.276+0300][gc,phases   ] GC(163)   Pre Evacuate Collection Set: 0,1ms
[2022-09-01T19:11:55.276+0300][gc,phases   ] GC(163)   Merge Heap Roots: 0,1ms
[2022-09-01T19:11:55.276+0300][gc,phases   ] GC(163)   Evacuate Collection Set: 28,7ms
[2022-09-01T19:11:55.276+0300][gc,phases   ] GC(163)   Post Evacuate Collection Set: 4,8ms
[2022-09-01T19:11:55.276+0300][gc,phases   ] GC(163)   Other: 0,2ms
[2022-09-01T19:11:55.276+0300][gc,heap     ] GC(163) Eden regions: 47->0(46)
[2022-09-01T19:11:55.276+0300][gc,heap     ] GC(163) Survivor regions: 4->5(7)
[2022-09-01T19:11:55.276+0300][gc,heap     ] GC(163) Old regions: 165->165
[2022-09-01T19:11:55.276+0300][gc,heap     ] GC(163) Archive regions: 2->2
[2022-09-01T19:11:55.276+0300][gc,heap     ] GC(163) Humongous regions: 129->129
[2022-09-01T19:11:55.276+0300][gc,metaspace] GC(163) Metaspace: 44951K(45568K)->44951K(45568K) NonClass: 39849K(40192K)->39849K(40192K) Class: 5102K(5376K)->5102K(5376K)
[2022-09-01T19:11:55.276+0300][gc          ] GC(163) Pause Young (Normal) (G1 Evacuation Pause) 344M->299M(1024M) 34,009ms
[2022-09-01T19:11:55.276+0300][gc,cpu      ] GC(163) User=0,00s Sys=0,01s Real=0,03s
[2022-09-01T19:12:05.283+0300][gc,start    ] GC(164) Pause Young (Normal) (G1 Evacuation Pause)
[2022-09-01T19:12:05.283+0300][gc,task     ] GC(164) Using 2 workers of 2 for evacuation
[2022-09-01T19:12:05.324+0300][gc,mmu      ] GC(164) MMU target violated: 21,0ms (20,0ms/21,0ms)
[2022-09-01T19:12:05.324+0300][gc,phases   ] GC(164)   Pre Evacuate Collection Set: 0,1ms
[2022-09-01T19:12:05.324+0300][gc,phases   ] GC(164)   Merge Heap Roots: 0,1ms
[2022-09-01T19:12:05.324+0300][gc,phases   ] GC(164)   Evacuate Collection Set: 36,9ms
[2022-09-01T19:12:05.324+0300][gc,phases   ] GC(164)   Post Evacuate Collection Set: 4,4ms
[2022-09-01T19:12:05.324+0300][gc,phases   ] GC(164)   Other: 0,1ms
[2022-09-01T19:12:05.324+0300][gc,heap     ] GC(164) Eden regions: 46->0(47)
[2022-09-01T19:12:05.324+0300][gc,heap     ] GC(164) Survivor regions: 5->4(7)
[2022-09-01T19:12:05.324+0300][gc,heap     ] GC(164) Old regions: 165->167
[2022-09-01T19:12:05.324+0300][gc,heap     ] GC(164) Archive regions: 2->2
[2022-09-01T19:12:05.324+0300][gc,heap     ] GC(164) Humongous regions: 129->129
[2022-09-01T19:12:05.325+0300][gc,metaspace] GC(164) Metaspace: 44951K(45568K)->44951K(45568K) NonClass: 39849K(40192K)->39849K(40192K) Class: 5102K(5376K)->5102K(5376K)
[2022-09-01T19:12:05.325+0300][gc          ] GC(164) Pause Young (Normal) (G1 Evacuation Pause) 345M->300M(1024M) 41,631ms
[2022-09-01T19:12:05.325+0300][gc,cpu      ] GC(164) User=0,01s Sys=0,01s Real=0,04s
[2022-09-01T19:12:14.981+0300][gc,start    ] GC(165) Pause Young (Normal) (G1 Evacuation Pause)
[2022-09-01T19:12:14.981+0300][gc,task     ] GC(165) Using 2 workers of 2 for evacuation
[2022-09-01T19:12:15.006+0300][gc,mmu      ] GC(165) MMU target violated: 21,0ms (20,0ms/21,0ms)
[2022-09-01T19:12:15.007+0300][gc,phases   ] GC(165)   Pre Evacuate Collection Set: 0,2ms
[2022-09-01T19:12:15.007+0300][gc,phases   ] GC(165)   Merge Heap Roots: 0,5ms
[2022-09-01T19:12:15.007+0300][gc,phases   ] GC(165)   Evacuate Collection Set: 18,8ms
[2022-09-01T19:12:15.007+0300][gc,phases   ] GC(165)   Post Evacuate Collection Set: 5,6ms
[2022-09-01T19:12:15.007+0300][gc,phases   ] GC(165)   Other: 0,4ms
[2022-09-01T19:12:15.007+0300][gc,heap     ] GC(165) Eden regions: 47->0(47)
[2022-09-01T19:12:15.007+0300][gc,heap     ] GC(165) Survivor regions: 4->4(7)
[2022-09-01T19:12:15.007+0300][gc,heap     ] GC(165) Old regions: 167->168
[2022-09-01T19:12:15.007+0300][gc,heap     ] GC(165) Archive regions: 2->2
[2022-09-01T19:12:15.007+0300][gc,heap     ] GC(165) Humongous regions: 129->129
[2022-09-01T19:12:15.007+0300][gc,metaspace] GC(165) Metaspace: 44951K(45568K)->44951K(45568K) NonClass: 39849K(40192K)->39849K(40192K) Class: 5102K(5376K)->5102K(5376K)
[2022-09-01T19:12:15.007+0300][gc          ] GC(165) Pause Young (Normal) (G1 Evacuation Pause) 347M->301M(1024M) 25,803ms
[2022-09-01T19:12:15.007+0300][gc,cpu      ] GC(165) User=0,02s Sys=0,01s Real=0,02s
[2022-09-01T19:14:33.920+0300][gc,start    ] GC(166) Pause Young (Normal) (G1 Evacuation Pause)
[2022-09-01T19:14:33.920+0300][gc,task     ] GC(166) Using 2 workers of 2 for evacuation
[2022-09-01T19:14:33.939+0300][gc,phases   ] GC(166)   Pre Evacuate Collection Set: 0,2ms
[2022-09-01T19:14:33.939+0300][gc,phases   ] GC(166)   Merge Heap Roots: 0,2ms
[2022-09-01T19:14:33.939+0300][gc,phases   ] GC(166)   Evacuate Collection Set: 18,1ms
[2022-09-01T19:14:33.939+0300][gc,phases   ] GC(166)   Post Evacuate Collection Set: 0,6ms
[2022-09-01T19:14:33.939+0300][gc,phases   ] GC(166)   Other: 0,1ms
[2022-09-01T19:14:33.939+0300][gc,heap     ] GC(166) Eden regions: 47->0(45)
[2022-09-01T19:14:33.939+0300][gc,heap     ] GC(166) Survivor regions: 4->6(7)
[2022-09-01T19:14:33.939+0300][gc,heap     ] GC(166) Old regions: 168->168
[2022-09-01T19:14:33.939+0300][gc,heap     ] GC(166) Archive regions: 2->2
[2022-09-01T19:14:33.939+0300][gc,heap     ] GC(166) Humongous regions: 129->129
[2022-09-01T19:14:33.939+0300][gc,metaspace] GC(166) Metaspace: 44951K(45568K)->44951K(45568K) NonClass: 39849K(40192K)->39849K(40192K) Class: 5102K(5376K)->5102K(5376K)
[2022-09-01T19:14:33.939+0300][gc          ] GC(166) Pause Young (Normal) (G1 Evacuation Pause) 348M->303M(1024M) 19,513ms
[2022-09-01T19:14:33.939+0300][gc,cpu      ] GC(166) User=0,01s Sys=0,01s Real=0,00s
[2022-09-01T19:14:43.223+0300][gc,start    ] GC(167) Pause Young (Normal) (G1 Evacuation Pause)
[2022-09-01T19:14:43.223+0300][gc,task     ] GC(167) Using 2 workers of 2 for evacuation
[2022-09-01T19:14:43.251+0300][gc,mmu      ] GC(167) MMU target violated: 21,0ms (20,0ms/21,0ms)
[2022-09-01T19:14:43.251+0300][gc,phases   ] GC(167)   Pre Evacuate Collection Set: 0,2ms
[2022-09-01T19:14:43.251+0300][gc,phases   ] GC(167)   Merge Heap Roots: 0,4ms
[2022-09-01T19:14:43.251+0300][gc,phases   ] GC(167)   Evacuate Collection Set: 23,9ms
[2022-09-01T19:14:43.251+0300][gc,phases   ] GC(167)   Post Evacuate Collection Set: 3,3ms
[2022-09-01T19:14:43.251+0300][gc,phases   ] GC(167)   Other: 0,1ms
[2022-09-01T19:14:43.251+0300][gc,heap     ] GC(167) Eden regions: 45->0(45)
[2022-09-01T19:14:43.251+0300][gc,heap     ] GC(167) Survivor regions: 6->6(7)
[2022-09-01T19:14:43.251+0300][gc,heap     ] GC(167) Old regions: 168->171
[2022-09-01T19:14:43.251+0300][gc,heap     ] GC(167) Archive regions: 2->2
[2022-09-01T19:14:43.251+0300][gc,heap     ] GC(167) Humongous regions: 129->129
[2022-09-01T19:14:43.251+0300][gc,metaspace] GC(167) Metaspace: 44951K(45568K)->44951K(45568K) NonClass: 39849K(40192K)->39849K(40192K) Class: 5102K(5376K)->5102K(5376K)
[2022-09-01T19:14:43.251+0300][gc          ] GC(167) Pause Young (Normal) (G1 Evacuation Pause) 348M->305M(1024M) 28,008ms
[2022-09-01T19:14:43.251+0300][gc,cpu      ] GC(167) User=0,02s Sys=0,01s Real=0,02s
[2022-09-01T19:14:52.188+0300][gc,start    ] GC(168) Pause Young (Normal) (G1 Evacuation Pause)
[2022-09-01T19:14:52.188+0300][gc,task     ] GC(168) Using 2 workers of 2 for evacuation
[2022-09-01T19:14:52.207+0300][gc,phases   ] GC(168)   Pre Evacuate Collection Set: 0,2ms
[2022-09-01T19:14:52.207+0300][gc,phases   ] GC(168)   Merge Heap Roots: 0,3ms
[2022-09-01T19:14:52.207+0300][gc,phases   ] GC(168)   Evacuate Collection Set: 18,2ms
[2022-09-01T19:14:52.207+0300][gc,phases   ] GC(168)   Post Evacuate Collection Set: 0,5ms
[2022-09-01T19:14:52.207+0300][gc,phases   ] GC(168)   Other: 0,1ms
[2022-09-01T19:14:52.207+0300][gc,heap     ] GC(168) Eden regions: 45->0(49)
[2022-09-01T19:14:52.207+0300][gc,heap     ] GC(168) Survivor regions: 6->4(7)
[2022-09-01T19:14:52.207+0300][gc,heap     ] GC(168) Old regions: 171->174
[2022-09-01T19:14:52.207+0300][gc,heap     ] GC(168) Archive regions: 2->2
[2022-09-01T19:14:52.207+0300][gc,heap     ] GC(168) Humongous regions: 129->129
[2022-09-01T19:14:52.207+0300][gc,metaspace] GC(168) Metaspace: 44951K(45568K)->44951K(45568K) NonClass: 39849K(40192K)->39849K(40192K) Class: 5102K(5376K)->5102K(5376K)
[2022-09-01T19:14:52.207+0300][gc          ] GC(168) Pause Young (Normal) (G1 Evacuation Pause) 350M->307M(1024M) 19,436ms
[2022-09-01T19:14:52.207+0300][gc,cpu      ] GC(168) User=0,02s Sys=0,01s Real=0,01s
[2022-09-01T19:15:01.730+0300][gc,start    ] GC(169) Pause Young (Normal) (G1 Evacuation Pause)
[2022-09-01T19:15:01.730+0300][gc,task     ] GC(169) Using 2 workers of 2 for evacuation
[2022-09-01T19:15:01.741+0300][gc,phases   ] GC(169)   Pre Evacuate Collection Set: 0,1ms
[2022-09-01T19:15:01.741+0300][gc,phases   ] GC(169)   Merge Heap Roots: 0,2ms
[2022-09-01T19:15:01.741+0300][gc,phases   ] GC(169)   Evacuate Collection Set: 9,7ms
[2022-09-01T19:15:01.741+0300][gc,phases   ] GC(169)   Post Evacuate Collection Set: 0,6ms
[2022-09-01T19:15:01.741+0300][gc,phases   ] GC(169)   Other: 0,1ms
[2022-09-01T19:15:01.741+0300][gc,heap     ] GC(169) Eden regions: 47->0(102)
[2022-09-01T19:15:01.741+0300][gc,heap     ] GC(169) Survivor regions: 4->3(7)
[2022-09-01T19:15:01.741+0300][gc,heap     ] GC(169) Old regions: 174->176
[2022-09-01T19:15:01.741+0300][gc,heap     ] GC(169) Archive regions: 2->2
[2022-09-01T19:15:01.741+0300][gc,heap     ] GC(169) Humongous regions: 129->129
[2022-09-01T19:15:01.741+0300][gc,metaspace] GC(169) Metaspace: 44951K(45568K)->44951K(45568K) NonClass: 39849K(40192K)->39849K(40192K) Class: 5102K(5376K)->5102K(5376K)
[2022-09-01T19:15:01.741+0300][gc          ] GC(169) Pause Young (Normal) (G1 Evacuation Pause) 354M->308M(1024M) 10,949ms
[2022-09-01T19:15:01.741+0300][gc,cpu      ] GC(169) User=0,01s Sys=0,01s Real=0,00s
[2022-09-01T19:15:17.226+0300][gc,start    ] GC(170) Pause Young (Normal) (G1 Evacuation Pause)
[2022-09-01T19:15:17.226+0300][gc,task     ] GC(170) Using 2 workers of 2 for evacuation
[2022-09-01T19:15:17.247+0300][gc,mmu      ] GC(170) MMU target violated: 20,4ms (20,0ms/21,0ms)
[2022-09-01T19:15:17.247+0300][gc,phases   ] GC(170)   Pre Evacuate Collection Set: 0,4ms
[2022-09-01T19:15:17.247+0300][gc,phases   ] GC(170)   Merge Heap Roots: 0,1ms
[2022-09-01T19:15:17.247+0300][gc,phases   ] GC(170)   Evacuate Collection Set: 19,1ms
[2022-09-01T19:15:17.247+0300][gc,phases   ] GC(170)   Post Evacuate Collection Set: 0,8ms
[2022-09-01T19:15:17.247+0300][gc,phases   ] GC(170)   Other: 0,7ms
[2022-09-01T19:15:17.247+0300][gc,heap     ] GC(170) Eden regions: 88->0(79)
[2022-09-01T19:15:17.247+0300][gc,heap     ] GC(170) Survivor regions: 3->5(12)
[2022-09-01T19:15:17.247+0300][gc,heap     ] GC(170) Old regions: 176->176
[2022-09-01T19:15:17.247+0300][gc,heap     ] GC(170) Archive regions: 2->2
[2022-09-01T19:15:17.247+0300][gc,heap     ] GC(170) Humongous regions: 129->129
[2022-09-01T19:15:17.247+0300][gc,metaspace] GC(170) Metaspace: 44951K(45568K)->44951K(45568K) NonClass: 39849K(40192K)->39849K(40192K) Class: 5102K(5376K)->5102K(5376K)
[2022-09-01T19:15:17.247+0300][gc          ] GC(170) Pause Young (Normal) (G1 Evacuation Pause) 396M->310M(1024M) 21,212ms
[2022-09-01T19:15:17.247+0300][gc,cpu      ] GC(170) User=0,00s Sys=0,01s Real=0,02s
[2022-09-01T19:15:31.136+0300][gc,start    ] GC(171) Pause Young (Normal) (G1 Evacuation Pause)
[2022-09-01T19:15:31.136+0300][gc,task     ] GC(171) Using 2 workers of 2 for evacuation
[2022-09-01T19:15:31.161+0300][gc,mmu      ] GC(171) MMU target violated: 21,0ms (20,0ms/21,0ms)
[2022-09-01T19:15:31.161+0300][gc,phases   ] GC(171)   Pre Evacuate Collection Set: 0,4ms
[2022-09-01T19:15:31.161+0300][gc,phases   ] GC(171)   Merge Heap Roots: 0,3ms
[2022-09-01T19:15:31.161+0300][gc,phases   ] GC(171)   Evacuate Collection Set: 19,7ms
[2022-09-01T19:15:31.161+0300][gc,phases   ] GC(171)   Post Evacuate Collection Set: 4,3ms
[2022-09-01T19:15:31.161+0300][gc,phases   ] GC(171)   Other: 0,1ms
[2022-09-01T19:15:31.161+0300][gc,heap     ] GC(171) Eden regions: 79->0(67)
[2022-09-01T19:15:31.161+0300][gc,heap     ] GC(171) Survivor regions: 5->6(11)
[2022-09-01T19:15:31.161+0300][gc,heap     ] GC(171) Old regions: 176->176
[2022-09-01T19:15:31.161+0300][gc,heap     ] GC(171) Archive regions: 2->2
[2022-09-01T19:15:31.161+0300][gc,heap     ] GC(171) Humongous regions: 129->129
[2022-09-01T19:15:31.161+0300][gc,metaspace] GC(171) Metaspace: 44952K(45568K)->44952K(45568K) NonClass: 39849K(40192K)->39849K(40192K) Class: 5102K(5376K)->5102K(5376K)
[2022-09-01T19:15:31.161+0300][gc          ] GC(171) Pause Young (Normal) (G1 Evacuation Pause) 389M->311M(1024M) 24,930ms
[2022-09-01T19:15:31.161+0300][gc,cpu      ] GC(171) User=0,01s Sys=0,02s Real=0,03s
[2022-09-01T19:15:43.081+0300][gc,start    ] GC(172) Pause Young (Normal) (G1 Evacuation Pause)
[2022-09-01T19:15:43.081+0300][gc,task     ] GC(172) Using 2 workers of 2 for evacuation
[2022-09-01T19:15:43.109+0300][gc,mmu      ] GC(172) MMU target violated: 21,0ms (20,0ms/21,0ms)
[2022-09-01T19:15:43.109+0300][gc,phases   ] GC(172)   Pre Evacuate Collection Set: 0,2ms
[2022-09-01T19:15:43.109+0300][gc,phases   ] GC(172)   Merge Heap Roots: 0,5ms
[2022-09-01T19:15:43.109+0300][gc,phases   ] GC(172)   Evacuate Collection Set: 23,6ms
[2022-09-01T19:15:43.109+0300][gc,phases   ] GC(172)   Post Evacuate Collection Set: 3,5ms
[2022-09-01T19:15:43.109+0300][gc,phases   ] GC(172)   Other: 0,1ms
[2022-09-01T19:15:43.109+0300][gc,heap     ] GC(172) Eden regions: 67->0(45)
[2022-09-01T19:15:43.109+0300][gc,heap     ] GC(172) Survivor regions: 6->6(10)
[2022-09-01T19:15:43.109+0300][gc,heap     ] GC(172) Old regions: 176->178
[2022-09-01T19:15:43.109+0300][gc,heap     ] GC(172) Archive regions: 2->2
[2022-09-01T19:15:43.109+0300][gc,heap     ] GC(172) Humongous regions: 129->129
[2022-09-01T19:15:43.109+0300][gc,metaspace] GC(172) Metaspace: 44952K(45568K)->44952K(45568K) NonClass: 39849K(40192K)->39849K(40192K) Class: 5102K(5376K)->5102K(5376K)
[2022-09-01T19:15:43.109+0300][gc          ] GC(172) Pause Young (Normal) (G1 Evacuation Pause) 378M->312M(1024M) 28,138ms
[2022-09-01T19:15:43.109+0300][gc,cpu      ] GC(172) User=0,01s Sys=0,02s Real=0,02s
[2022-09-01T19:15:51.321+0300][gc,start    ] GC(173) Pause Young (Normal) (G1 Evacuation Pause)
[2022-09-01T19:15:51.321+0300][gc,task     ] GC(173) Using 2 workers of 2 for evacuation
[2022-09-01T19:15:51.347+0300][gc,mmu      ] GC(173) MMU target violated: 21,0ms (20,0ms/21,0ms)
[2022-09-01T19:15:51.347+0300][gc,phases   ] GC(173)   Pre Evacuate Collection Set: 0,2ms
[2022-09-01T19:15:51.347+0300][gc,phases   ] GC(173)   Merge Heap Roots: 0,4ms
[2022-09-01T19:15:51.347+0300][gc,phases   ] GC(173)   Evacuate Collection Set: 17,1ms
[2022-09-01T19:15:51.347+0300][gc,phases   ] GC(173)   Post Evacuate Collection Set: 7,5ms
[2022-09-01T19:15:51.347+0300][gc,phases   ] GC(173)   Other: 0,2ms
[2022-09-01T19:15:51.347+0300][gc,heap     ] GC(173) Eden regions: 45->0(132)
[2022-09-01T19:15:51.347+0300][gc,heap     ] GC(173) Survivor regions: 6->3(7)
[2022-09-01T19:15:51.347+0300][gc,heap     ] GC(173) Old regions: 178->181
[2022-09-01T19:15:51.347+0300][gc,heap     ] GC(173) Archive regions: 2->2
[2022-09-01T19:15:51.347+0300][gc,heap     ] GC(173) Humongous regions: 129->129
[2022-09-01T19:15:51.347+0300][gc,metaspace] GC(173) Metaspace: 44952K(45568K)->44952K(45568K) NonClass: 39849K(40192K)->39849K(40192K) Class: 5102K(5376K)->5102K(5376K)
[2022-09-01T19:15:51.347+0300][gc          ] GC(173) Pause Young (Normal) (G1 Evacuation Pause) 357M->312M(1024M) 25,559ms
[2022-09-01T19:15:51.347+0300][gc,cpu      ] GC(173) User=0,01s Sys=0,01s Real=0,02s
[2022-09-01T19:20:02.014+0300][gc,start    ] GC(174) Pause Young (Normal) (G1 Evacuation Pause)
[2022-09-01T19:20:02.014+0300][gc,task     ] GC(174) Using 2 workers of 2 for evacuation
[2022-09-01T19:20:02.085+0300][gc,mmu      ] GC(174) MMU target violated: 21,0ms (20,0ms/21,0ms)
[2022-09-01T19:20:02.085+0300][gc,phases   ] GC(174)   Pre Evacuate Collection Set: 0,1ms
[2022-09-01T19:20:02.085+0300][gc,phases   ] GC(174)   Merge Heap Roots: 0,2ms
[2022-09-01T19:20:02.085+0300][gc,phases   ] GC(174)   Evacuate Collection Set: 69,9ms
[2022-09-01T19:20:02.085+0300][gc,phases   ] GC(174)   Post Evacuate Collection Set: 0,6ms
[2022-09-01T19:20:02.085+0300][gc,phases   ] GC(174)   Other: 0,1ms
[2022-09-01T19:20:02.085+0300][gc,heap     ] GC(174) Eden regions: 122->0(43)
[2022-09-01T19:20:02.085+0300][gc,heap     ] GC(174) Survivor regions: 3->8(16)
[2022-09-01T19:20:02.085+0300][gc,heap     ] GC(174) Old regions: 181->181
[2022-09-01T19:20:02.085+0300][gc,heap     ] GC(174) Archive regions: 2->2
[2022-09-01T19:20:02.085+0300][gc,heap     ] GC(174) Humongous regions: 129->129
[2022-09-01T19:20:02.085+0300][gc,metaspace] GC(174) Metaspace: 44952K(45568K)->44952K(45568K) NonClass: 39850K(40192K)->39850K(40192K) Class: 5102K(5376K)->5102K(5376K)
[2022-09-01T19:20:02.085+0300][gc          ] GC(174) Pause Young (Normal) (G1 Evacuation Pause) 434M->317M(1024M) 71,061ms
[2022-09-01T19:20:02.085+0300][gc,cpu      ] GC(174) User=0,03s Sys=0,02s Real=0,07s
[2022-09-01T19:20:09.974+0300][gc,start    ] GC(175) Pause Young (Normal) (G1 Evacuation Pause)
[2022-09-01T19:20:09.974+0300][gc,task     ] GC(175) Using 2 workers of 2 for evacuation
[2022-09-01T19:20:10.058+0300][gc,mmu      ] GC(175) MMU target violated: 21,0ms (20,0ms/21,0ms)
[2022-09-01T19:20:10.058+0300][gc,phases   ] GC(175)   Pre Evacuate Collection Set: 0,1ms
[2022-09-01T19:20:10.058+0300][gc,phases   ] GC(175)   Merge Heap Roots: 0,1ms
[2022-09-01T19:20:10.058+0300][gc,phases   ] GC(175)   Evacuate Collection Set: 74,2ms
[2022-09-01T19:20:10.058+0300][gc,phases   ] GC(175)   Post Evacuate Collection Set: 4,6ms
[2022-09-01T19:20:10.058+0300][gc,phases   ] GC(175)   Other: 4,9ms
[2022-09-01T19:20:10.058+0300][gc,heap     ] GC(175) Eden regions: 43->0(49)
[2022-09-01T19:20:10.058+0300][gc,heap     ] GC(175) Survivor regions: 8->2(7)
[2022-09-01T19:20:10.058+0300][gc,heap     ] GC(175) Old regions: 181->188
[2022-09-01T19:20:10.058+0300][gc,heap     ] GC(175) Archive regions: 2->2
[2022-09-01T19:20:10.058+0300][gc,heap     ] GC(175) Humongous regions: 129->129
[2022-09-01T19:20:10.058+0300][gc,metaspace] GC(175) Metaspace: 44952K(45568K)->44952K(45568K) NonClass: 39850K(40192K)->39850K(40192K) Class: 5102K(5376K)->5102K(5376K)
[2022-09-01T19:20:10.059+0300][gc          ] GC(175) Pause Young (Normal) (G1 Evacuation Pause) 360M->319M(1024M) 84,398ms
[2022-09-01T19:20:10.059+0300][gc,cpu      ] GC(175) User=0,03s Sys=0,01s Real=0,09s
[2022-09-01T19:20:19.385+0300][gc,start    ] GC(176) Pause Young (Normal) (G1 Evacuation Pause)
[2022-09-01T19:20:19.385+0300][gc,task     ] GC(176) Using 2 workers of 2 for evacuation
[2022-09-01T19:20:19.433+0300][gc,mmu      ] GC(176) MMU target violated: 21,0ms (20,0ms/21,0ms)
[2022-09-01T19:20:19.433+0300][gc,phases   ] GC(176)   Pre Evacuate Collection Set: 0,5ms
[2022-09-01T19:20:19.433+0300][gc,phases   ] GC(176)   Merge Heap Roots: 0,1ms
[2022-09-01T19:20:19.433+0300][gc,phases   ] GC(176)   Evacuate Collection Set: 47,1ms
[2022-09-01T19:20:19.433+0300][gc,phases   ] GC(176)   Post Evacuate Collection Set: 0,5ms
[2022-09-01T19:20:19.433+0300][gc,phases   ] GC(176)   Other: 0,1ms
[2022-09-01T19:20:19.433+0300][gc,heap     ] GC(176) Eden regions: 49->0(48)
[2022-09-01T19:20:19.433+0300][gc,heap     ] GC(176) Survivor regions: 2->3(7)
[2022-09-01T19:20:19.433+0300][gc,heap     ] GC(176) Old regions: 188->188
[2022-09-01T19:20:19.433+0300][gc,heap     ] GC(176) Archive regions: 2->2
[2022-09-01T19:20:19.433+0300][gc,heap     ] GC(176) Humongous regions: 129->129
[2022-09-01T19:20:19.433+0300][gc,metaspace] GC(176) Metaspace: 44952K(45568K)->44952K(45568K) NonClass: 39850K(40192K)->39850K(40192K) Class: 5102K(5376K)->5102K(5376K)
[2022-09-01T19:20:19.434+0300][gc          ] GC(176) Pause Young (Normal) (G1 Evacuation Pause) 368M->320M(1024M) 48,535ms
[2022-09-01T19:20:19.434+0300][gc,cpu      ] GC(176) User=0,02s Sys=0,00s Real=0,05s
[2022-09-01T19:20:27.450+0300][gc,start    ] GC(177) Pause Young (Normal) (G1 Evacuation Pause)
[2022-09-01T19:20:27.450+0300][gc,task     ] GC(177) Using 2 workers of 2 for evacuation
[2022-09-01T19:20:27.475+0300][gc,mmu      ] GC(177) MMU target violated: 21,0ms (20,0ms/21,0ms)
[2022-09-01T19:20:27.475+0300][gc,phases   ] GC(177)   Pre Evacuate Collection Set: 0,1ms
[2022-09-01T19:20:27.475+0300][gc,phases   ] GC(177)   Merge Heap Roots: 0,1ms
[2022-09-01T19:20:27.475+0300][gc,phases   ] GC(177)   Evacuate Collection Set: 24,2ms
[2022-09-01T19:20:27.475+0300][gc,phases   ] GC(177)   Post Evacuate Collection Set: 0,4ms
[2022-09-01T19:20:27.475+0300][gc,phases   ] GC(177)   Other: 0,3ms
[2022-09-01T19:20:27.475+0300][gc,heap     ] GC(177) Eden regions: 48->0(46)
[2022-09-01T19:20:27.475+0300][gc,heap     ] GC(177) Survivor regions: 3->5(7)
[2022-09-01T19:20:27.475+0300][gc,heap     ] GC(177) Old regions: 188->188
[2022-09-01T19:20:27.475+0300][gc,heap     ] GC(177) Archive regions: 2->2
[2022-09-01T19:20:27.475+0300][gc,heap     ] GC(177) Humongous regions: 129->129
[2022-09-01T19:20:27.475+0300][gc,metaspace] GC(177) Metaspace: 44952K(45568K)->44952K(45568K) NonClass: 39850K(40192K)->39850K(40192K) Class: 5102K(5376K)->5102K(5376K)
[2022-09-01T19:20:27.475+0300][gc          ] GC(177) Pause Young (Normal) (G1 Evacuation Pause) 368M->321M(1024M) 25,255ms
[2022-09-01T19:20:27.475+0300][gc,cpu      ] GC(177) User=0,01s Sys=0,01s Real=0,03s
[2022-09-01T19:20:34.836+0300][gc,start    ] GC(178) Pause Young (Normal) (G1 Evacuation Pause)
[2022-09-01T19:20:34.836+0300][gc,task     ] GC(178) Using 2 workers of 2 for evacuation
[2022-09-01T19:20:34.849+0300][gc,phases   ] GC(178)   Pre Evacuate Collection Set: 0,3ms
[2022-09-01T19:20:34.849+0300][gc,phases   ] GC(178)   Merge Heap Roots: 0,2ms
[2022-09-01T19:20:34.849+0300][gc,phases   ] GC(178)   Evacuate Collection Set: 12,5ms
[2022-09-01T19:20:34.849+0300][gc,phases   ] GC(178)   Post Evacuate Collection Set: 0,6ms
[2022-09-01T19:20:34.849+0300][gc,phases   ] GC(178)   Other: 0,1ms
[2022-09-01T19:20:34.850+0300][gc,heap     ] GC(178) Eden regions: 46->0(47)
[2022-09-01T19:20:34.850+0300][gc,heap     ] GC(178) Survivor regions: 5->4(7)
[2022-09-01T19:20:34.850+0300][gc,heap     ] GC(178) Old regions: 188->189
[2022-09-01T19:20:34.850+0300][gc,heap     ] GC(178) Archive regions: 2->2
[2022-09-01T19:20:34.850+0300][gc,heap     ] GC(178) Humongous regions: 129->129
[2022-09-01T19:20:34.850+0300][gc,metaspace] GC(178) Metaspace: 44952K(45568K)->44952K(45568K) NonClass: 39850K(40192K)->39850K(40192K) Class: 5102K(5376K)->5102K(5376K)
[2022-09-01T19:20:34.850+0300][gc          ] GC(178) Pause Young (Normal) (G1 Evacuation Pause) 367M->322M(1024M) 13,878ms
[2022-09-01T19:20:34.850+0300][gc,cpu      ] GC(178) User=0,01s Sys=0,01s Real=0,01s
[2022-09-01T19:20:42.496+0300][gc,start    ] GC(179) Pause Young (Normal) (G1 Evacuation Pause)
[2022-09-01T19:20:42.496+0300][gc,task     ] GC(179) Using 2 workers of 2 for evacuation
[2022-09-01T19:20:42.525+0300][gc,mmu      ] GC(179) MMU target violated: 21,0ms (20,0ms/21,0ms)
[2022-09-01T19:20:42.525+0300][gc,phases   ] GC(179)   Pre Evacuate Collection Set: 0,1ms
[2022-09-01T19:20:42.525+0300][gc,phases   ] GC(179)   Merge Heap Roots: 0,1ms
[2022-09-01T19:20:42.525+0300][gc,phases   ] GC(179)   Evacuate Collection Set: 27,1ms
[2022-09-01T19:20:42.525+0300][gc,phases   ] GC(179)   Post Evacuate Collection Set: 1,5ms
[2022-09-01T19:20:42.525+0300][gc,phases   ] GC(179)   Other: 0,1ms
[2022-09-01T19:20:42.525+0300][gc,heap     ] GC(179) Eden regions: 47->0(47)
[2022-09-01T19:20:42.525+0300][gc,heap     ] GC(179) Survivor regions: 4->4(7)
[2022-09-01T19:20:42.525+0300][gc,heap     ] GC(179) Old regions: 189->189
[2022-09-01T19:20:42.525+0300][gc,heap     ] GC(179) Archive regions: 2->2
[2022-09-01T19:20:42.525+0300][gc,heap     ] GC(179) Humongous regions: 129->129
[2022-09-01T19:20:42.525+0300][gc,metaspace] GC(179) Metaspace: 44952K(45568K)->44952K(45568K) NonClass: 39850K(40192K)->39850K(40192K) Class: 5102K(5376K)->5102K(5376K)
[2022-09-01T19:20:42.525+0300][gc          ] GC(179) Pause Young (Normal) (G1 Evacuation Pause) 369M->322M(1024M) 29,163ms
[2022-09-01T19:20:42.525+0300][gc,cpu      ] GC(179) User=0,01s Sys=0,01s Real=0,03s
[2022-09-01T19:20:50.243+0300][gc,start    ] GC(180) Pause Young (Normal) (G1 Evacuation Pause)
[2022-09-01T19:20:50.243+0300][gc,task     ] GC(180) Using 2 workers of 2 for evacuation
[2022-09-01T19:20:50.270+0300][gc,mmu      ] GC(180) MMU target violated: 21,0ms (20,0ms/21,0ms)
[2022-09-01T19:20:50.270+0300][gc,phases   ] GC(180)   Pre Evacuate Collection Set: 0,1ms
[2022-09-01T19:20:50.270+0300][gc,phases   ] GC(180)   Merge Heap Roots: 0,1ms
[2022-09-01T19:20:50.270+0300][gc,phases   ] GC(180)   Evacuate Collection Set: 25,4ms
[2022-09-01T19:20:50.270+0300][gc,phases   ] GC(180)   Post Evacuate Collection Set: 1,3ms
[2022-09-01T19:20:50.270+0300][gc,phases   ] GC(180)   Other: 0,2ms
[2022-09-01T19:20:50.270+0300][gc,heap     ] GC(180) Eden regions: 47->0(47)
[2022-09-01T19:20:50.270+0300][gc,heap     ] GC(180) Survivor regions: 4->4(7)
[2022-09-01T19:20:50.270+0300][gc,heap     ] GC(180) Old regions: 189->191
[2022-09-01T19:20:50.270+0300][gc,heap     ] GC(180) Archive regions: 2->2
[2022-09-01T19:20:50.270+0300][gc,heap     ] GC(180) Humongous regions: 129->129
[2022-09-01T19:20:50.270+0300][gc,metaspace] GC(180) Metaspace: 44952K(45568K)->44952K(45568K) NonClass: 39850K(40192K)->39850K(40192K) Class: 5102K(5376K)->5102K(5376K)
[2022-09-01T19:20:50.270+0300][gc          ] GC(180) Pause Young (Normal) (G1 Evacuation Pause) 369M->323M(1024M) 27,200ms
[2022-09-01T19:20:50.270+0300][gc,cpu      ] GC(180) User=0,00s Sys=0,00s Real=0,03s
[2022-09-01T19:20:57.794+0300][gc,start    ] GC(181) Pause Young (Normal) (G1 Evacuation Pause)
[2022-09-01T19:20:57.794+0300][gc,task     ] GC(181) Using 2 workers of 2 for evacuation
[2022-09-01T19:20:57.809+0300][gc,phases   ] GC(181)   Pre Evacuate Collection Set: 0,1ms
[2022-09-01T19:20:57.809+0300][gc,phases   ] GC(181)   Merge Heap Roots: 0,3ms
[2022-09-01T19:20:57.809+0300][gc,phases   ] GC(181)   Evacuate Collection Set: 13,1ms
[2022-09-01T19:20:57.809+0300][gc,phases   ] GC(181)   Post Evacuate Collection Set: 0,7ms
[2022-09-01T19:20:57.809+0300][gc,phases   ] GC(181)   Other: 0,1ms
[2022-09-01T19:20:57.809+0300][gc,heap     ] GC(181) Eden regions: 47->0(47)
[2022-09-01T19:20:57.809+0300][gc,heap     ] GC(181) Survivor regions: 4->4(7)
[2022-09-01T19:20:57.809+0300][gc,heap     ] GC(181) Old regions: 191->191
[2022-09-01T19:20:57.809+0300][gc,heap     ] GC(181) Archive regions: 2->2
[2022-09-01T19:20:57.809+0300][gc,heap     ] GC(181) Humongous regions: 129->129
[2022-09-01T19:20:57.809+0300][gc,metaspace] GC(181) Metaspace: 44952K(45568K)->44952K(45568K) NonClass: 39850K(40192K)->39850K(40192K) Class: 5102K(5376K)->5102K(5376K)
[2022-09-01T19:20:57.809+0300][gc          ] GC(181) Pause Young (Normal) (G1 Evacuation Pause) 370M->324M(1024M) 14,534ms
[2022-09-01T19:20:57.809+0300][gc,cpu      ] GC(181) User=0,01s Sys=0,01s Real=0,01s
[2022-09-01T19:21:05.523+0300][gc,start    ] GC(182) Pause Young (Normal) (G1 Evacuation Pause)
[2022-09-01T19:21:05.523+0300][gc,task     ] GC(182) Using 2 workers of 2 for evacuation
[2022-09-01T19:21:05.548+0300][gc,mmu      ] GC(182) MMU target violated: 21,0ms (20,0ms/21,0ms)
[2022-09-01T19:21:05.548+0300][gc,phases   ] GC(182)   Pre Evacuate Collection Set: 0,8ms
[2022-09-01T19:21:05.548+0300][gc,phases   ] GC(182)   Merge Heap Roots: 0,2ms
[2022-09-01T19:21:05.548+0300][gc,phases   ] GC(182)   Evacuate Collection Set: 22,8ms
[2022-09-01T19:21:05.548+0300][gc,phases   ] GC(182)   Post Evacuate Collection Set: 0,5ms
[2022-09-01T19:21:05.548+0300][gc,phases   ] GC(182)   Other: 0,2ms
[2022-09-01T19:21:05.548+0300][gc,heap     ] GC(182) Eden regions: 47->0(48)
[2022-09-01T19:21:05.548+0300][gc,heap     ] GC(182) Survivor regions: 4->4(7)
[2022-09-01T19:21:05.548+0300][gc,heap     ] GC(182) Old regions: 191->192
[2022-09-01T19:21:05.548+0300][gc,heap     ] GC(182) Archive regions: 2->2
[2022-09-01T19:21:05.548+0300][gc,heap     ] GC(182) Humongous regions: 129->129
[2022-09-01T19:21:05.548+0300][gc,metaspace] GC(182) Metaspace: 44952K(45568K)->44952K(45568K) NonClass: 39850K(40192K)->39850K(40192K) Class: 5102K(5376K)->5102K(5376K)
[2022-09-01T19:21:05.548+0300][gc          ] GC(182) Pause Young (Normal) (G1 Evacuation Pause) 371M->324M(1024M) 24,631ms
[2022-09-01T19:21:05.548+0300][gc,cpu      ] GC(182) User=0,01s Sys=0,01s Real=0,02s
[2022-09-01T19:21:13.438+0300][gc,start    ] GC(183) Pause Young (Normal) (G1 Evacuation Pause)
[2022-09-01T19:21:13.438+0300][gc,task     ] GC(183) Using 2 workers of 2 for evacuation
[2022-09-01T19:21:13.475+0300][gc,mmu      ] GC(183) MMU target violated: 21,0ms (20,0ms/21,0ms)
[2022-09-01T19:21:13.475+0300][gc,phases   ] GC(183)   Pre Evacuate Collection Set: 0,6ms
[2022-09-01T19:21:13.475+0300][gc,phases   ] GC(183)   Merge Heap Roots: 0,5ms
[2022-09-01T19:21:13.475+0300][gc,phases   ] GC(183)   Evacuate Collection Set: 35,4ms
[2022-09-01T19:21:13.475+0300][gc,phases   ] GC(183)   Post Evacuate Collection Set: 0,5ms
[2022-09-01T19:21:13.475+0300][gc,phases   ] GC(183)   Other: 0,2ms
[2022-09-01T19:21:13.475+0300][gc,heap     ] GC(183) Eden regions: 47->0(46)
[2022-09-01T19:21:13.475+0300][gc,heap     ] GC(183) Survivor regions: 4->5(7)
[2022-09-01T19:21:13.475+0300][gc,heap     ] GC(183) Old regions: 192->192
[2022-09-01T19:21:13.475+0300][gc,heap     ] GC(183) Archive regions: 2->2
[2022-09-01T19:21:13.475+0300][gc,heap     ] GC(183) Humongous regions: 129->129
[2022-09-01T19:21:13.475+0300][gc,metaspace] GC(183) Metaspace: 44952K(45568K)->44952K(45568K) NonClass: 39850K(40192K)->39850K(40192K) Class: 5102K(5376K)->5102K(5376K)
[2022-09-01T19:21:13.475+0300][gc          ] GC(183) Pause Young (Normal) (G1 Evacuation Pause) 371M->325M(1024M) 37,360ms
[2022-09-01T19:21:13.475+0300][gc,cpu      ] GC(183) User=0,00s Sys=0,01s Real=0,03s
[2022-09-01T19:21:21.123+0300][gc,start    ] GC(184) Pause Young (Normal) (G1 Evacuation Pause)
[2022-09-01T19:21:21.123+0300][gc,task     ] GC(184) Using 2 workers of 2 for evacuation
[2022-09-01T19:21:21.139+0300][gc,phases   ] GC(184)   Pre Evacuate Collection Set: 0,2ms
[2022-09-01T19:21:21.139+0300][gc,phases   ] GC(184)   Merge Heap Roots: 0,3ms
[2022-09-01T19:21:21.139+0300][gc,phases   ] GC(184)   Evacuate Collection Set: 14,3ms
[2022-09-01T19:21:21.139+0300][gc,phases   ] GC(184)   Post Evacuate Collection Set: 0,6ms
[2022-09-01T19:21:21.139+0300][gc,phases   ] GC(184)   Other: 0,1ms
[2022-09-01T19:21:21.139+0300][gc,heap     ] GC(184) Eden regions: 46->0(105)
[2022-09-01T19:21:21.139+0300][gc,heap     ] GC(184) Survivor regions: 5->4(7)
[2022-09-01T19:21:21.139+0300][gc,heap     ] GC(184) Old regions: 192->192
[2022-09-01T19:21:21.139+0300][gc,heap     ] GC(184) Archive regions: 2->2
[2022-09-01T19:21:21.139+0300][gc,heap     ] GC(184) Humongous regions: 129->129
[2022-09-01T19:21:21.139+0300][gc,metaspace] GC(184) Metaspace: 44952K(45568K)->44952K(45568K) NonClass: 39850K(40192K)->39850K(40192K) Class: 5102K(5376K)->5102K(5376K)
[2022-09-01T19:21:21.139+0300][gc          ] GC(184) Pause Young (Normal) (G1 Evacuation Pause) 371M->325M(1024M) 15,638ms
[2022-09-01T19:21:21.139+0300][gc,cpu      ] GC(184) User=0,01s Sys=0,00s Real=0,02s
[2022-09-01T19:21:47.758+0300][gc,start    ] GC(185) Pause Young (Normal) (G1 Evacuation Pause)
[2022-09-01T19:21:47.759+0300][gc,task     ] GC(185) Using 2 workers of 2 for evacuation
[2022-09-01T19:21:47.808+0300][gc,mmu      ] GC(185) MMU target violated: 21,0ms (20,0ms/21,0ms)
[2022-09-01T19:21:47.808+0300][gc,phases   ] GC(185)   Pre Evacuate Collection Set: 0,7ms
[2022-09-01T19:21:47.808+0300][gc,phases   ] GC(185)   Merge Heap Roots: 0,2ms
[2022-09-01T19:21:47.808+0300][gc,phases   ] GC(185)   Evacuate Collection Set: 47,7ms
[2022-09-01T19:21:47.808+0300][gc,phases   ] GC(185)   Post Evacuate Collection Set: 0,5ms
[2022-09-01T19:21:47.808+0300][gc,phases   ] GC(185)   Other: 0,1ms
[2022-09-01T19:21:47.808+0300][gc,heap     ] GC(185) Eden regions: 101->0(46)
[2022-09-01T19:21:47.808+0300][gc,heap     ] GC(185) Survivor regions: 4->5(14)
[2022-09-01T19:21:47.808+0300][gc,heap     ] GC(185) Old regions: 192->192
[2022-09-01T19:21:47.808+0300][gc,heap     ] GC(185) Archive regions: 2->2
[2022-09-01T19:21:47.808+0300][gc,heap     ] GC(185) Humongous regions: 129->129
[2022-09-01T19:21:47.808+0300][gc,metaspace] GC(185) Metaspace: 44952K(45568K)->44952K(45568K) NonClass: 39850K(40192K)->39850K(40192K) Class: 5102K(5376K)->5102K(5376K)
[2022-09-01T19:21:47.808+0300][gc          ] GC(185) Pause Young (Normal) (G1 Evacuation Pause) 426M->326M(1024M) 49,532ms
[2022-09-01T19:21:47.808+0300][gc,cpu      ] GC(185) User=0,01s Sys=0,02s Real=0,05s
[2022-09-01T19:22:57.990+0300][gc,start    ] GC(186) Pause Young (Normal) (G1 Evacuation Pause)
[2022-09-01T19:22:57.990+0300][gc,task     ] GC(186) Using 2 workers of 2 for evacuation
[2022-09-01T19:22:58.065+0300][gc,mmu      ] GC(186) MMU target violated: 21,0ms (20,0ms/21,0ms)
[2022-09-01T19:22:58.065+0300][gc,phases   ] GC(186)   Pre Evacuate Collection Set: 0,5ms
[2022-09-01T19:22:58.065+0300][gc,phases   ] GC(186)   Merge Heap Roots: 0,5ms
[2022-09-01T19:22:58.065+0300][gc,phases   ] GC(186)   Evacuate Collection Set: 46,8ms
[2022-09-01T19:22:58.065+0300][gc,phases   ] GC(186)   Post Evacuate Collection Set: 27,3ms
[2022-09-01T19:22:58.065+0300][gc,phases   ] GC(186)   Other: 0,2ms
[2022-09-01T19:22:58.065+0300][gc,heap     ] GC(186) Eden regions: 46->0(46)
[2022-09-01T19:22:58.065+0300][gc,heap     ] GC(186) Survivor regions: 5->5(7)
[2022-09-01T19:22:58.065+0300][gc,heap     ] GC(186) Old regions: 192->194
[2022-09-01T19:22:58.065+0300][gc,heap     ] GC(186) Archive regions: 2->2
[2022-09-01T19:22:58.065+0300][gc,heap     ] GC(186) Humongous regions: 129->129
[2022-09-01T19:22:58.065+0300][gc,metaspace] GC(186) Metaspace: 44952K(45568K)->44952K(45568K) NonClass: 39850K(40192K)->39850K(40192K) Class: 5102K(5376K)->5102K(5376K)
[2022-09-01T19:22:58.065+0300][gc          ] GC(186) Pause Young (Normal) (G1 Evacuation Pause) 372M->327M(1024M) 75,486ms
[2022-09-01T19:22:58.065+0300][gc,cpu      ] GC(186) User=0,01s Sys=0,01s Real=0,07s
[2022-09-01T19:23:24.632+0300][gc,start    ] GC(187) Pause Young (Normal) (G1 Evacuation Pause)
[2022-09-01T19:23:24.632+0300][gc,task     ] GC(187) Using 2 workers of 2 for evacuation
[2022-09-01T19:23:24.669+0300][gc,mmu      ] GC(187) MMU target violated: 21,0ms (20,0ms/21,0ms)
[2022-09-01T19:23:24.670+0300][gc,phases   ] GC(187)   Pre Evacuate Collection Set: 0,3ms
[2022-09-01T19:23:24.670+0300][gc,phases   ] GC(187)   Merge Heap Roots: 0,9ms
[2022-09-01T19:23:24.670+0300][gc,phases   ] GC(187)   Evacuate Collection Set: 35,1ms
[2022-09-01T19:23:24.670+0300][gc,phases   ] GC(187)   Post Evacuate Collection Set: 1,1ms
[2022-09-01T19:23:24.670+0300][gc,phases   ] GC(187)   Other: 0,3ms
[2022-09-01T19:23:24.670+0300][gc,heap     ] GC(187) Eden regions: 46->0(46)
[2022-09-01T19:23:24.670+0300][gc,heap     ] GC(187) Survivor regions: 5->5(7)
[2022-09-01T19:23:24.670+0300][gc,heap     ] GC(187) Old regions: 194->194
[2022-09-01T19:23:24.670+0300][gc,heap     ] GC(187) Archive regions: 2->2
[2022-09-01T19:23:24.670+0300][gc,heap     ] GC(187) Humongous regions: 129->129
[2022-09-01T19:23:24.670+0300][gc,metaspace] GC(187) Metaspace: 44952K(45568K)->44952K(45568K) NonClass: 39850K(40192K)->39850K(40192K) Class: 5102K(5376K)->5102K(5376K)
[2022-09-01T19:23:24.670+0300][gc          ] GC(187) Pause Young (Normal) (G1 Evacuation Pause) 373M->328M(1024M) 37,963ms
[2022-09-01T19:23:24.670+0300][gc,cpu      ] GC(187) User=0,02s Sys=0,01s Real=0,03s
[2022-09-01T19:23:57.837+0300][gc,start    ] GC(188) Pause Young (Normal) (G1 Evacuation Pause)
[2022-09-01T19:23:57.837+0300][gc,task     ] GC(188) Using 2 workers of 2 for evacuation
[2022-09-01T19:23:57.871+0300][gc,mmu      ] GC(188) MMU target violated: 21,0ms (20,0ms/21,0ms)
[2022-09-01T19:23:57.871+0300][gc,phases   ] GC(188)   Pre Evacuate Collection Set: 0,1ms
[2022-09-01T19:23:57.871+0300][gc,phases   ] GC(188)   Merge Heap Roots: 0,2ms
[2022-09-01T19:23:57.871+0300][gc,phases   ] GC(188)   Evacuate Collection Set: 33,2ms
[2022-09-01T19:23:57.871+0300][gc,phases   ] GC(188)   Post Evacuate Collection Set: 0,6ms
[2022-09-01T19:23:57.871+0300][gc,phases   ] GC(188)   Other: 0,1ms
[2022-09-01T19:23:57.871+0300][gc,heap     ] GC(188) Eden regions: 46->0(46)
[2022-09-01T19:23:57.871+0300][gc,heap     ] GC(188) Survivor regions: 5->5(7)
[2022-09-01T19:23:57.871+0300][gc,heap     ] GC(188) Old regions: 194->196
[2022-09-01T19:23:57.871+0300][gc,heap     ] GC(188) Archive regions: 2->2
[2022-09-01T19:23:57.871+0300][gc,heap     ] GC(188) Humongous regions: 129->129
[2022-09-01T19:23:57.871+0300][gc,metaspace] GC(188) Metaspace: 44952K(45568K)->44952K(45568K) NonClass: 39850K(40192K)->39850K(40192K) Class: 5102K(5376K)->5102K(5376K)
[2022-09-01T19:23:57.871+0300][gc          ] GC(188) Pause Young (Normal) (G1 Evacuation Pause) 374M->329M(1024M) 34,414ms
[2022-09-01T19:23:57.872+0300][gc,cpu      ] GC(188) User=0,02s Sys=0,01s Real=0,03s
[2022-09-01T19:24:39.657+0300][gc,start    ] GC(189) Pause Young (Normal) (G1 Evacuation Pause)
[2022-09-01T19:24:39.657+0300][gc,task     ] GC(189) Using 2 workers of 2 for evacuation
[2022-09-01T19:24:39.687+0300][gc,mmu      ] GC(189) MMU target violated: 21,0ms (20,0ms/21,0ms)
[2022-09-01T19:24:39.687+0300][gc,phases   ] GC(189)   Pre Evacuate Collection Set: 0,3ms
[2022-09-01T19:24:39.687+0300][gc,phases   ] GC(189)   Merge Heap Roots: 0,2ms
[2022-09-01T19:24:39.687+0300][gc,phases   ] GC(189)   Evacuate Collection Set: 28,4ms
[2022-09-01T19:24:39.687+0300][gc,phases   ] GC(189)   Post Evacuate Collection Set: 0,5ms
[2022-09-01T19:24:39.687+0300][gc,phases   ] GC(189)   Other: 0,1ms
[2022-09-01T19:24:39.687+0300][gc,heap     ] GC(189) Eden regions: 46->0(46)
[2022-09-01T19:24:39.687+0300][gc,heap     ] GC(189) Survivor regions: 5->5(7)
[2022-09-01T19:24:39.687+0300][gc,heap     ] GC(189) Old regions: 196->197
[2022-09-01T19:24:39.687+0300][gc,heap     ] GC(189) Archive regions: 2->2
[2022-09-01T19:24:39.687+0300][gc,heap     ] GC(189) Humongous regions: 129->129
[2022-09-01T19:24:39.687+0300][gc,metaspace] GC(189) Metaspace: 44952K(45568K)->44952K(45568K) NonClass: 39850K(40192K)->39850K(40192K) Class: 5102K(5376K)->5102K(5376K)
[2022-09-01T19:24:39.687+0300][gc          ] GC(189) Pause Young (Normal) (G1 Evacuation Pause) 375M->331M(1024M) 29,805ms
[2022-09-01T19:24:39.687+0300][gc,cpu      ] GC(189) User=0,02s Sys=0,01s Real=0,02s
[2022-09-01T19:25:24.234+0300][gc,start    ] GC(190) Pause Young (Normal) (G1 Evacuation Pause)
[2022-09-01T19:25:24.234+0300][gc,task     ] GC(190) Using 2 workers of 2 for evacuation
[2022-09-01T19:25:24.284+0300][gc,mmu      ] GC(190) MMU target violated: 21,0ms (20,0ms/21,0ms)
[2022-09-01T19:25:24.284+0300][gc,phases   ] GC(190)   Pre Evacuate Collection Set: 0,2ms
[2022-09-01T19:25:24.284+0300][gc,phases   ] GC(190)   Merge Heap Roots: 0,4ms
[2022-09-01T19:25:24.284+0300][gc,phases   ] GC(190)   Evacuate Collection Set: 48,2ms
[2022-09-01T19:25:24.284+0300][gc,phases   ] GC(190)   Post Evacuate Collection Set: 1,1ms
[2022-09-01T19:25:24.284+0300][gc,phases   ] GC(190)   Other: 0,2ms
[2022-09-01T19:25:24.284+0300][gc,heap     ] GC(190) Eden regions: 46->0(46)
[2022-09-01T19:25:24.284+0300][gc,heap     ] GC(190) Survivor regions: 5->5(7)
[2022-09-01T19:25:24.284+0300][gc,heap     ] GC(190) Old regions: 197->199
[2022-09-01T19:25:24.284+0300][gc,heap     ] GC(190) Archive regions: 2->2
[2022-09-01T19:25:24.284+0300][gc,heap     ] GC(190) Humongous regions: 129->129
[2022-09-01T19:25:24.284+0300][gc,metaspace] GC(190) Metaspace: 44952K(45568K)->44952K(45568K) NonClass: 39850K(40192K)->39850K(40192K) Class: 5102K(5376K)->5102K(5376K)
[2022-09-01T19:25:24.284+0300][gc          ] GC(190) Pause Young (Normal) (G1 Evacuation Pause) 377M->333M(1024M) 50,304ms
[2022-09-01T19:25:24.284+0300][gc,cpu      ] GC(190) User=0,02s Sys=0,02s Real=0,06s
[2022-09-01T19:25:49.059+0300][gc,start    ] GC(191) Pause Young (Normal) (G1 Evacuation Pause)
[2022-09-01T19:25:49.059+0300][gc,task     ] GC(191) Using 2 workers of 2 for evacuation
[2022-09-01T19:25:49.121+0300][gc,mmu      ] GC(191) MMU target violated: 21,0ms (20,0ms/21,0ms)
[2022-09-01T19:25:49.122+0300][gc,phases   ] GC(191)   Pre Evacuate Collection Set: 0,2ms
[2022-09-01T19:25:49.122+0300][gc,phases   ] GC(191)   Merge Heap Roots: 0,2ms
[2022-09-01T19:25:49.122+0300][gc,phases   ] GC(191)   Evacuate Collection Set: 60,4ms
[2022-09-01T19:25:49.122+0300][gc,phases   ] GC(191)   Post Evacuate Collection Set: 1,2ms
[2022-09-01T19:25:49.122+0300][gc,phases   ] GC(191)   Other: 0,3ms
[2022-09-01T19:25:49.122+0300][gc,heap     ] GC(191) Eden regions: 46->0(46)
[2022-09-01T19:25:49.122+0300][gc,heap     ] GC(191) Survivor regions: 5->5(7)
[2022-09-01T19:25:49.122+0300][gc,heap     ] GC(191) Old regions: 199->200
[2022-09-01T19:25:49.122+0300][gc,heap     ] GC(191) Archive regions: 2->2
[2022-09-01T19:25:49.122+0300][gc,heap     ] GC(191) Humongous regions: 129->129
[2022-09-01T19:25:49.122+0300][gc,metaspace] GC(191) Metaspace: 44952K(45568K)->44952K(45568K) NonClass: 39850K(40192K)->39850K(40192K) Class: 5102K(5376K)->5102K(5376K)
[2022-09-01T19:25:49.122+0300][gc          ] GC(191) Pause Young (Normal) (G1 Evacuation Pause) 379M->334M(1024M) 62,806ms
[2022-09-01T19:25:49.122+0300][gc,cpu      ] GC(191) User=0,02s Sys=0,02s Real=0,06s
[2022-09-01T19:26:18.437+0300][gc,start    ] GC(192) Pause Young (Normal) (G1 Evacuation Pause)
[2022-09-01T19:26:18.437+0300][gc,task     ] GC(192) Using 2 workers of 2 for evacuation
[2022-09-01T19:26:18.472+0300][gc,mmu      ] GC(192) MMU target violated: 21,0ms (20,0ms/21,0ms)
[2022-09-01T19:26:18.472+0300][gc,phases   ] GC(192)   Pre Evacuate Collection Set: 0,2ms
[2022-09-01T19:26:18.472+0300][gc,phases   ] GC(192)   Merge Heap Roots: 0,1ms
[2022-09-01T19:26:18.472+0300][gc,phases   ] GC(192)   Evacuate Collection Set: 31,4ms
[2022-09-01T19:26:18.472+0300][gc,phases   ] GC(192)   Post Evacuate Collection Set: 2,9ms
[2022-09-01T19:26:18.472+0300][gc,phases   ] GC(192)   Other: 0,2ms
[2022-09-01T19:26:18.472+0300][gc,heap     ] GC(192) Eden regions: 46->0(46)
[2022-09-01T19:26:18.472+0300][gc,heap     ] GC(192) Survivor regions: 5->5(7)
[2022-09-01T19:26:18.472+0300][gc,heap     ] GC(192) Old regions: 200->202
[2022-09-01T19:26:18.472+0300][gc,heap     ] GC(192) Archive regions: 2->2
[2022-09-01T19:26:18.472+0300][gc,heap     ] GC(192) Humongous regions: 129->129
[2022-09-01T19:26:18.472+0300][gc,metaspace] GC(192) Metaspace: 44952K(45568K)->44952K(45568K) NonClass: 39850K(40192K)->39850K(40192K) Class: 5102K(5376K)->5102K(5376K)
[2022-09-01T19:26:18.472+0300][gc          ] GC(192) Pause Young (Normal) (G1 Evacuation Pause) 380M->336M(1024M) 34,987ms
[2022-09-01T19:26:18.472+0300][gc,cpu      ] GC(192) User=0,01s Sys=0,01s Real=0,04s
[2022-09-01T19:26:36.470+0300][gc,start    ] GC(193) Pause Young (Normal) (G1 Evacuation Pause)
[2022-09-01T19:26:36.470+0300][gc,task     ] GC(193) Using 2 workers of 2 for evacuation
[2022-09-01T19:26:36.538+0300][gc,mmu      ] GC(193) MMU target violated: 21,0ms (20,0ms/21,0ms)
[2022-09-01T19:26:36.543+0300][gc,phases   ] GC(193)   Pre Evacuate Collection Set: 0,1ms
[2022-09-01T19:26:36.543+0300][gc,phases   ] GC(193)   Merge Heap Roots: 0,3ms
[2022-09-01T19:26:36.543+0300][gc,phases   ] GC(193)   Evacuate Collection Set: 67,6ms
[2022-09-01T19:26:36.543+0300][gc,phases   ] GC(193)   Post Evacuate Collection Set: 0,6ms
[2022-09-01T19:26:36.543+0300][gc,phases   ] GC(193)   Other: 4,2ms
[2022-09-01T19:26:36.543+0300][gc,heap     ] GC(193) Eden regions: 46->0(46)
[2022-09-01T19:26:36.543+0300][gc,heap     ] GC(193) Survivor regions: 5->5(7)
[2022-09-01T19:26:36.543+0300][gc,heap     ] GC(193) Old regions: 202->204
[2022-09-01T19:26:36.543+0300][gc,heap     ] GC(193) Archive regions: 2->2
[2022-09-01T19:26:36.543+0300][gc,heap     ] GC(193) Humongous regions: 129->129
[2022-09-01T19:26:36.543+0300][gc,metaspace] GC(193) Metaspace: 44957K(45568K)->44957K(45568K) NonClass: 39855K(40192K)->39855K(40192K) Class: 5102K(5376K)->5102K(5376K)
[2022-09-01T19:26:36.543+0300][gc          ] GC(193) Pause Young (Normal) (G1 Evacuation Pause) 382M->338M(1024M) 73,033ms
[2022-09-01T19:26:36.543+0300][gc,cpu      ] GC(193) User=0,02s Sys=0,01s Real=0,08s
[2022-09-01T19:26:55.457+0300][gc,start    ] GC(194) Pause Young (Normal) (G1 Evacuation Pause)
[2022-09-01T19:26:55.457+0300][gc,task     ] GC(194) Using 2 workers of 2 for evacuation
[2022-09-01T19:26:55.515+0300][gc,mmu      ] GC(194) MMU target violated: 21,0ms (20,0ms/21,0ms)
[2022-09-01T19:26:55.516+0300][gc,phases   ] GC(194)   Pre Evacuate Collection Set: 0,1ms
[2022-09-01T19:26:55.516+0300][gc,phases   ] GC(194)   Merge Heap Roots: 0,2ms
[2022-09-01T19:26:55.516+0300][gc,phases   ] GC(194)   Evacuate Collection Set: 54,8ms
[2022-09-01T19:26:55.516+0300][gc,phases   ] GC(194)   Post Evacuate Collection Set: 3,3ms
[2022-09-01T19:26:55.516+0300][gc,phases   ] GC(194)   Other: 0,2ms
[2022-09-01T19:26:55.516+0300][gc,heap     ] GC(194) Eden regions: 46->0(46)
[2022-09-01T19:26:55.516+0300][gc,heap     ] GC(194) Survivor regions: 5->5(7)
[2022-09-01T19:26:55.516+0300][gc,heap     ] GC(194) Old regions: 204->205
[2022-09-01T19:26:55.516+0300][gc,heap     ] GC(194) Archive regions: 2->2
[2022-09-01T19:26:55.516+0300][gc,heap     ] GC(194) Humongous regions: 129->129
[2022-09-01T19:26:55.516+0300][gc,metaspace] GC(194) Metaspace: 44957K(45568K)->44957K(45568K) NonClass: 39855K(40192K)->39855K(40192K) Class: 5102K(5376K)->5102K(5376K)
[2022-09-01T19:26:55.516+0300][gc          ] GC(194) Pause Young (Normal) (G1 Evacuation Pause) 384M->339M(1024M) 58,693ms
[2022-09-01T19:26:55.516+0300][gc,cpu      ] GC(194) User=0,01s Sys=0,01s Real=0,06s
[2022-09-01T19:27:26.918+0300][gc,start    ] GC(195) Pause Young (Normal) (G1 Evacuation Pause)
[2022-09-01T19:27:26.918+0300][gc,task     ] GC(195) Using 2 workers of 2 for evacuation
[2022-09-01T19:27:26.946+0300][gc,mmu      ] GC(195) MMU target violated: 21,0ms (20,0ms/21,0ms)
[2022-09-01T19:27:26.946+0300][gc,phases   ] GC(195)   Pre Evacuate Collection Set: 0,4ms
[2022-09-01T19:27:26.946+0300][gc,phases   ] GC(195)   Merge Heap Roots: 0,5ms
[2022-09-01T19:27:26.946+0300][gc,phases   ] GC(195)   Evacuate Collection Set: 25,9ms
[2022-09-01T19:27:26.946+0300][gc,phases   ] GC(195)   Post Evacuate Collection Set: 0,6ms
[2022-09-01T19:27:26.946+0300][gc,phases   ] GC(195)   Other: 0,1ms
[2022-09-01T19:27:26.946+0300][gc,heap     ] GC(195) Eden regions: 46->0(47)
[2022-09-01T19:27:26.946+0300][gc,heap     ] GC(195) Survivor regions: 5->4(7)
[2022-09-01T19:27:26.946+0300][gc,heap     ] GC(195) Old regions: 205->207
[2022-09-01T19:27:26.946+0300][gc,heap     ] GC(195) Archive regions: 2->2
[2022-09-01T19:27:26.946+0300][gc,heap     ] GC(195) Humongous regions: 129->129
[2022-09-01T19:27:26.946+0300][gc,metaspace] GC(195) Metaspace: 44957K(45568K)->44957K(45568K) NonClass: 39855K(40192K)->39855K(40192K) Class: 5102K(5376K)->5102K(5376K)
[2022-09-01T19:27:26.946+0300][gc          ] GC(195) Pause Young (Normal) (G1 Evacuation Pause) 385M->340M(1024M) 27,612ms
[2022-09-01T19:27:26.946+0300][gc,cpu      ] GC(195) User=0,02s Sys=0,01s Real=0,02s
[2022-09-01T19:27:55.731+0300][gc,start    ] GC(196) Pause Young (Normal) (G1 Evacuation Pause)
[2022-09-01T19:27:55.731+0300][gc,task     ] GC(196) Using 2 workers of 2 for evacuation
[2022-09-01T19:27:55.764+0300][gc,mmu      ] GC(196) MMU target violated: 21,0ms (20,0ms/21,0ms)
[2022-09-01T19:27:55.764+0300][gc,phases   ] GC(196)   Pre Evacuate Collection Set: 0,1ms
[2022-09-01T19:27:55.764+0300][gc,phases   ] GC(196)   Merge Heap Roots: 0,2ms
[2022-09-01T19:27:55.764+0300][gc,phases   ] GC(196)   Evacuate Collection Set: 31,8ms
[2022-09-01T19:27:55.764+0300][gc,phases   ] GC(196)   Post Evacuate Collection Set: 0,7ms
[2022-09-01T19:27:55.764+0300][gc,phases   ] GC(196)   Other: 0,2ms
[2022-09-01T19:27:55.764+0300][gc,heap     ] GC(196) Eden regions: 47->0(47)
[2022-09-01T19:27:55.764+0300][gc,heap     ] GC(196) Survivor regions: 4->4(7)
[2022-09-01T19:27:55.764+0300][gc,heap     ] GC(196) Old regions: 207->208
[2022-09-01T19:27:55.764+0300][gc,heap     ] GC(196) Archive regions: 2->2
[2022-09-01T19:27:55.764+0300][gc,heap     ] GC(196) Humongous regions: 129->129
[2022-09-01T19:27:55.764+0300][gc,metaspace] GC(196) Metaspace: 44958K(45568K)->44958K(45568K) NonClass: 39855K(40192K)->39855K(40192K) Class: 5102K(5376K)->5102K(5376K)
[2022-09-01T19:27:55.764+0300][gc          ] GC(196) Pause Young (Normal) (G1 Evacuation Pause) 387M->341M(1024M) 33,131ms
[2022-09-01T19:27:55.764+0300][gc,cpu      ] GC(196) User=0,02s Sys=0,00s Real=0,03s
[2022-09-01T19:36:20.054+0300][gc,start    ] GC(197) Pause Young (Normal) (G1 Evacuation Pause)
[2022-09-01T19:36:20.054+0300][gc,task     ] GC(197) Using 2 workers of 2 for evacuation
[2022-09-01T19:36:20.071+0300][gc,phases   ] GC(197)   Pre Evacuate Collection Set: 0,2ms
[2022-09-01T19:36:20.071+0300][gc,phases   ] GC(197)   Merge Heap Roots: 0,3ms
[2022-09-01T19:36:20.071+0300][gc,phases   ] GC(197)   Evacuate Collection Set: 15,6ms
[2022-09-01T19:36:20.071+0300][gc,phases   ] GC(197)   Post Evacuate Collection Set: 0,8ms
[2022-09-01T19:36:20.071+0300][gc,phases   ] GC(197)   Other: 0,1ms
[2022-09-01T19:36:20.071+0300][gc,heap     ] GC(197) Eden regions: 47->0(45)
[2022-09-01T19:36:20.071+0300][gc,heap     ] GC(197) Survivor regions: 4->6(7)
[2022-09-01T19:36:20.071+0300][gc,heap     ] GC(197) Old regions: 208->209
[2022-09-01T19:36:20.071+0300][gc,heap     ] GC(197) Archive regions: 2->2
[2022-09-01T19:36:20.071+0300][gc,heap     ] GC(197) Humongous regions: 129->129
[2022-09-01T19:36:20.071+0300][gc,metaspace] GC(197) Metaspace: 44958K(45568K)->44958K(45568K) NonClass: 39856K(40192K)->39856K(40192K) Class: 5102K(5376K)->5102K(5376K)
[2022-09-01T19:36:20.071+0300][gc          ] GC(197) Pause Young (Normal) (G1 Evacuation Pause) 388M->344M(1024M) 17,314ms
[2022-09-01T19:36:20.071+0300][gc,cpu      ] GC(197) User=0,02s Sys=0,02s Real=0,02s
[2022-09-01T19:49:58.676+0300][gc,start    ] GC(198) Pause Young (Normal) (G1 Evacuation Pause)
[2022-09-01T19:49:58.677+0300][gc,task     ] GC(198) Using 2 workers of 2 for evacuation
[2022-09-01T19:49:58.715+0300][gc,mmu      ] GC(198) MMU target violated: 21,0ms (20,0ms/21,0ms)
[2022-09-01T19:49:58.715+0300][gc,phases   ] GC(198)   Pre Evacuate Collection Set: 0,6ms
[2022-09-01T19:49:58.715+0300][gc,phases   ] GC(198)   Merge Heap Roots: 0,2ms
[2022-09-01T19:49:58.715+0300][gc,phases   ] GC(198)   Evacuate Collection Set: 29,6ms
[2022-09-01T19:49:58.715+0300][gc,phases   ] GC(198)   Post Evacuate Collection Set: 7,7ms
[2022-09-01T19:49:58.715+0300][gc,phases   ] GC(198)   Other: 0,3ms
[2022-09-01T19:49:58.715+0300][gc,heap     ] GC(198) Eden regions: 45->0(45)
[2022-09-01T19:49:58.715+0300][gc,heap     ] GC(198) Survivor regions: 6->6(7)
[2022-09-01T19:49:58.715+0300][gc,heap     ] GC(198) Old regions: 209->212
[2022-09-01T19:49:58.715+0300][gc,heap     ] GC(198) Archive regions: 2->2
[2022-09-01T19:49:58.715+0300][gc,heap     ] GC(198) Humongous regions: 129->129
[2022-09-01T19:49:58.715+0300][gc,metaspace] GC(198) Metaspace: 44958K(45568K)->44958K(45568K) NonClass: 39856K(40192K)->39856K(40192K) Class: 5102K(5376K)->5102K(5376K)
[2022-09-01T19:49:58.715+0300][gc          ] GC(198) Pause Young (Normal) (G1 Evacuation Pause) 389M->347M(1024M) 38,562ms
[2022-09-01T19:49:58.715+0300][gc,cpu      ] GC(198) User=0,02s Sys=0,04s Real=0,04s
[2022-09-01T19:56:50.834+0300][gc,start    ] GC(199) Pause Young (Normal) (G1 Evacuation Pause)
[2022-09-01T19:56:50.834+0300][gc,task     ] GC(199) Using 2 workers of 2 for evacuation
[2022-09-01T19:56:50.897+0300][gc,mmu      ] GC(199) MMU target violated: 21,0ms (20,0ms/21,0ms)
[2022-09-01T19:56:50.898+0300][gc,phases   ] GC(199)   Pre Evacuate Collection Set: 0,1ms
[2022-09-01T19:56:50.898+0300][gc,phases   ] GC(199)   Merge Heap Roots: 0,2ms
[2022-09-01T19:56:50.898+0300][gc,phases   ] GC(199)   Evacuate Collection Set: 62,0ms
[2022-09-01T19:56:50.898+0300][gc,phases   ] GC(199)   Post Evacuate Collection Set: 0,5ms
[2022-09-01T19:56:50.898+0300][gc,phases   ] GC(199)   Other: 0,9ms
[2022-09-01T19:56:50.898+0300][gc,heap     ] GC(199) Eden regions: 45->0(45)
[2022-09-01T19:56:50.898+0300][gc,heap     ] GC(199) Survivor regions: 6->6(7)
[2022-09-01T19:56:50.898+0300][gc,heap     ] GC(199) Old regions: 212->214
[2022-09-01T19:56:50.898+0300][gc,heap     ] GC(199) Archive regions: 2->2
[2022-09-01T19:56:50.898+0300][gc,heap     ] GC(199) Humongous regions: 129->129
[2022-09-01T19:56:50.898+0300][gc,metaspace] GC(199) Metaspace: 44958K(45568K)->44958K(45568K) NonClass: 39856K(40192K)->39856K(40192K) Class: 5102K(5376K)->5102K(5376K)
[2022-09-01T19:56:50.898+0300][gc          ] GC(199) Pause Young (Normal) (G1 Evacuation Pause) 392M->349M(1024M) 63,887ms
[2022-09-01T19:56:50.898+0300][gc,cpu      ] GC(199) User=0,02s Sys=0,02s Real=0,06s
[2022-09-01T19:56:58.411+0300][gc,start    ] GC(200) Pause Young (Normal) (G1 Evacuation Pause)
[2022-09-01T19:56:58.411+0300][gc,task     ] GC(200) Using 2 workers of 2 for evacuation
[2022-09-01T19:56:58.444+0300][gc,mmu      ] GC(200) MMU target violated: 21,0ms (20,0ms/21,0ms)
[2022-09-01T19:56:58.444+0300][gc,phases   ] GC(200)   Pre Evacuate Collection Set: 1,7ms
[2022-09-01T19:56:58.444+0300][gc,phases   ] GC(200)   Merge Heap Roots: 2,0ms
[2022-09-01T19:56:58.444+0300][gc,phases   ] GC(200)   Evacuate Collection Set: 28,4ms
[2022-09-01T19:56:58.444+0300][gc,phases   ] GC(200)   Post Evacuate Collection Set: 0,9ms
[2022-09-01T19:56:58.444+0300][gc,phases   ] GC(200)   Other: 0,1ms
[2022-09-01T19:56:58.444+0300][gc,heap     ] GC(200) Eden regions: 45->0(45)
[2022-09-01T19:56:58.444+0300][gc,heap     ] GC(200) Survivor regions: 6->6(7)
[2022-09-01T19:56:58.444+0300][gc,heap     ] GC(200) Old regions: 214->217
[2022-09-01T19:56:58.444+0300][gc,heap     ] GC(200) Archive regions: 2->2
[2022-09-01T19:56:58.444+0300][gc,heap     ] GC(200) Humongous regions: 129->129
[2022-09-01T19:56:58.444+0300][gc,metaspace] GC(200) Metaspace: 44958K(45568K)->44958K(45568K) NonClass: 39856K(40192K)->39856K(40192K) Class: 5102K(5376K)->5102K(5376K)
[2022-09-01T19:56:58.444+0300][gc          ] GC(200) Pause Young (Normal) (G1 Evacuation Pause) 394M->352M(1024M) 33,264ms
[2022-09-01T19:56:58.444+0300][gc,cpu      ] GC(200) User=0,01s Sys=0,01s Real=0,04s
[2022-09-01T19:57:05.965+0300][gc,start    ] GC(201) Pause Young (Normal) (G1 Evacuation Pause)
[2022-09-01T19:57:05.965+0300][gc,task     ] GC(201) Using 2 workers of 2 for evacuation
[2022-09-01T19:57:05.993+0300][gc,mmu      ] GC(201) MMU target violated: 21,0ms (20,0ms/21,0ms)
[2022-09-01T19:57:05.993+0300][gc,phases   ] GC(201)   Pre Evacuate Collection Set: 0,1ms
[2022-09-01T19:57:05.993+0300][gc,phases   ] GC(201)   Merge Heap Roots: 0,1ms
[2022-09-01T19:57:05.993+0300][gc,phases   ] GC(201)   Evacuate Collection Set: 26,9ms
[2022-09-01T19:57:05.993+0300][gc,phases   ] GC(201)   Post Evacuate Collection Set: 0,5ms
[2022-09-01T19:57:05.993+0300][gc,phases   ] GC(201)   Other: 0,1ms
[2022-09-01T19:57:05.993+0300][gc,heap     ] GC(201) Eden regions: 45->0(46)
[2022-09-01T19:57:05.993+0300][gc,heap     ] GC(201) Survivor regions: 6->5(7)
[2022-09-01T19:57:05.993+0300][gc,heap     ] GC(201) Old regions: 217->220
[2022-09-01T19:57:05.993+0300][gc,heap     ] GC(201) Archive regions: 2->2
[2022-09-01T19:57:05.993+0300][gc,heap     ] GC(201) Humongous regions: 129->129
[2022-09-01T19:57:05.993+0300][gc,metaspace] GC(201) Metaspace: 44958K(45568K)->44958K(45568K) NonClass: 39856K(40192K)->39856K(40192K) Class: 5102K(5376K)->5102K(5376K)
[2022-09-01T19:57:05.993+0300][gc          ] GC(201) Pause Young (Normal) (G1 Evacuation Pause) 397M->354M(1024M) 27,852ms
[2022-09-01T19:57:05.993+0300][gc,cpu      ] GC(201) User=0,00s Sys=0,01s Real=0,03s
[2022-09-01T19:57:14.416+0300][gc,start    ] GC(202) Pause Young (Normal) (G1 Evacuation Pause)
[2022-09-01T19:57:14.416+0300][gc,task     ] GC(202) Using 2 workers of 2 for evacuation
[2022-09-01T19:57:14.468+0300][gc,mmu      ] GC(202) MMU target violated: 21,0ms (20,0ms/21,0ms)
[2022-09-01T19:57:14.468+0300][gc,phases   ] GC(202)   Pre Evacuate Collection Set: 0,1ms
[2022-09-01T19:57:14.468+0300][gc,phases   ] GC(202)   Merge Heap Roots: 0,2ms
[2022-09-01T19:57:14.468+0300][gc,phases   ] GC(202)   Evacuate Collection Set: 51,0ms
[2022-09-01T19:57:14.468+0300][gc,phases   ] GC(202)   Post Evacuate Collection Set: 0,5ms
[2022-09-01T19:57:14.468+0300][gc,phases   ] GC(202)   Other: 0,4ms
[2022-09-01T19:57:14.468+0300][gc,heap     ] GC(202) Eden regions: 46->0(47)
[2022-09-01T19:57:14.468+0300][gc,heap     ] GC(202) Survivor regions: 5->4(7)
[2022-09-01T19:57:14.468+0300][gc,heap     ] GC(202) Old regions: 220->222
[2022-09-01T19:57:14.468+0300][gc,heap     ] GC(202) Archive regions: 2->2
[2022-09-01T19:57:14.468+0300][gc,heap     ] GC(202) Humongous regions: 129->129
[2022-09-01T19:57:14.468+0300][gc,metaspace] GC(202) Metaspace: 44958K(45568K)->44958K(45568K) NonClass: 39856K(40192K)->39856K(40192K) Class: 5102K(5376K)->5102K(5376K)
[2022-09-01T19:57:14.468+0300][gc          ] GC(202) Pause Young (Normal) (G1 Evacuation Pause) 400M->355M(1024M) 52,346ms
[2022-09-01T19:57:14.468+0300][gc,cpu      ] GC(202) User=0,02s Sys=0,01s Real=0,05s
[2022-09-01T19:57:22.391+0300][gc,start    ] GC(203) Pause Young (Normal) (G1 Evacuation Pause)
[2022-09-01T19:57:22.391+0300][gc,task     ] GC(203) Using 2 workers of 2 for evacuation
[2022-09-01T19:57:22.405+0300][gc,phases   ] GC(203)   Pre Evacuate Collection Set: 0,1ms
[2022-09-01T19:57:22.405+0300][gc,phases   ] GC(203)   Merge Heap Roots: 0,5ms
[2022-09-01T19:57:22.405+0300][gc,phases   ] GC(203)   Evacuate Collection Set: 12,4ms
[2022-09-01T19:57:22.405+0300][gc,phases   ] GC(203)   Post Evacuate Collection Set: 0,7ms
[2022-09-01T19:57:22.405+0300][gc,phases   ] GC(203)   Other: 0,1ms
[2022-09-01T19:57:22.405+0300][gc,heap     ] GC(203) Eden regions: 47->0(46)
[2022-09-01T19:57:22.405+0300][gc,heap     ] GC(203) Survivor regions: 4->5(7)
[2022-09-01T19:57:22.405+0300][gc,heap     ] GC(203) Old regions: 222->222
[2022-09-01T19:57:22.405+0300][gc,heap     ] GC(203) Archive regions: 2->2
[2022-09-01T19:57:22.405+0300][gc,heap     ] GC(203) Humongous regions: 129->129
[2022-09-01T19:57:22.405+0300][gc,metaspace] GC(203) Metaspace: 44958K(45568K)->44958K(45568K) NonClass: 39856K(40192K)->39856K(40192K) Class: 5102K(5376K)->5102K(5376K)
[2022-09-01T19:57:22.405+0300][gc          ] GC(203) Pause Young (Normal) (G1 Evacuation Pause) 402M->356M(1024M) 13,973ms
[2022-09-01T19:57:22.405+0300][gc,cpu      ] GC(203) User=0,01s Sys=0,01s Real=0,01s
[2022-09-01T19:57:33.253+0300][gc,start    ] GC(204) Pause Young (Normal) (G1 Evacuation Pause)
[2022-09-01T19:57:33.253+0300][gc,task     ] GC(204) Using 2 workers of 2 for evacuation
[2022-09-01T19:57:33.281+0300][gc,mmu      ] GC(204) MMU target violated: 21,0ms (20,0ms/21,0ms)
[2022-09-01T19:57:33.282+0300][gc,phases   ] GC(204)   Pre Evacuate Collection Set: 0,1ms
[2022-09-01T19:57:33.282+0300][gc,phases   ] GC(204)   Merge Heap Roots: 0,2ms
[2022-09-01T19:57:33.282+0300][gc,phases   ] GC(204)   Evacuate Collection Set: 25,6ms
[2022-09-01T19:57:33.282+0300][gc,phases   ] GC(204)   Post Evacuate Collection Set: 2,4ms
[2022-09-01T19:57:33.282+0300][gc,phases   ] GC(204)   Other: 0,2ms
[2022-09-01T19:57:33.282+0300][gc,heap     ] GC(204) Eden regions: 46->0(47)
[2022-09-01T19:57:33.282+0300][gc,heap     ] GC(204) Survivor regions: 5->4(7)
[2022-09-01T19:57:33.282+0300][gc,heap     ] GC(204) Old regions: 222->224
[2022-09-01T19:57:33.282+0300][gc,heap     ] GC(204) Archive regions: 2->2
[2022-09-01T19:57:33.282+0300][gc,heap     ] GC(204) Humongous regions: 129->129
[2022-09-01T19:57:33.282+0300][gc,metaspace] GC(204) Metaspace: 44958K(45568K)->44958K(45568K) NonClass: 39856K(40192K)->39856K(40192K) Class: 5102K(5376K)->5102K(5376K)
[2022-09-01T19:57:33.282+0300][gc          ] GC(204) Pause Young (Normal) (G1 Evacuation Pause) 402M->357M(1024M) 28,897ms
[2022-09-01T19:57:33.282+0300][gc,cpu      ] GC(204) User=0,02s Sys=0,01s Real=0,03s
[2022-09-01T19:57:41.639+0300][gc,start    ] GC(205) Pause Young (Normal) (G1 Evacuation Pause)
[2022-09-01T19:57:41.639+0300][gc,task     ] GC(205) Using 2 workers of 2 for evacuation
[2022-09-01T19:57:41.654+0300][gc,phases   ] GC(205)   Pre Evacuate Collection Set: 0,1ms
[2022-09-01T19:57:41.654+0300][gc,phases   ] GC(205)   Merge Heap Roots: 0,1ms
[2022-09-01T19:57:41.654+0300][gc,phases   ] GC(205)   Evacuate Collection Set: 13,7ms
[2022-09-01T19:57:41.654+0300][gc,phases   ] GC(205)   Post Evacuate Collection Set: 0,5ms
[2022-09-01T19:57:41.654+0300][gc,phases   ] GC(205)   Other: 0,1ms
[2022-09-01T19:57:41.654+0300][gc,heap     ] GC(205) Eden regions: 47->0(47)
[2022-09-01T19:57:41.654+0300][gc,heap     ] GC(205) Survivor regions: 4->4(7)
[2022-09-01T19:57:41.654+0300][gc,heap     ] GC(205) Old regions: 224->224
[2022-09-01T19:57:41.654+0300][gc,heap     ] GC(205) Archive regions: 2->2
[2022-09-01T19:57:41.654+0300][gc,heap     ] GC(205) Humongous regions: 129->129
[2022-09-01T19:57:41.654+0300][gc,metaspace] GC(205) Metaspace: 44958K(45568K)->44958K(45568K) NonClass: 39856K(40192K)->39856K(40192K) Class: 5102K(5376K)->5102K(5376K)
[2022-09-01T19:57:41.654+0300][gc          ] GC(205) Pause Young (Normal) (G1 Evacuation Pause) 404M->357M(1024M) 14,668ms
[2022-09-01T19:57:41.654+0300][gc,cpu      ] GC(205) User=0,00s Sys=0,01s Real=0,02s
[2022-09-01T19:57:49.499+0300][gc,start    ] GC(206) Pause Young (Normal) (G1 Evacuation Pause)
[2022-09-01T19:57:49.499+0300][gc,task     ] GC(206) Using 2 workers of 2 for evacuation
[2022-09-01T19:57:49.520+0300][gc,mmu      ] GC(206) MMU target violated: 21,0ms (20,0ms/21,0ms)
[2022-09-01T19:57:49.520+0300][gc,phases   ] GC(206)   Pre Evacuate Collection Set: 0,1ms
[2022-09-01T19:57:49.520+0300][gc,phases   ] GC(206)   Merge Heap Roots: 0,4ms
[2022-09-01T19:57:49.520+0300][gc,phases   ] GC(206)   Evacuate Collection Set: 19,3ms
[2022-09-01T19:57:49.520+0300][gc,phases   ] GC(206)   Post Evacuate Collection Set: 1,2ms
[2022-09-01T19:57:49.520+0300][gc,phases   ] GC(206)   Other: 0,1ms
[2022-09-01T19:57:49.520+0300][gc,heap     ] GC(206) Eden regions: 47->0(47)
[2022-09-01T19:57:49.520+0300][gc,heap     ] GC(206) Survivor regions: 4->4(7)
[2022-09-01T19:57:49.520+0300][gc,heap     ] GC(206) Old regions: 224->225
[2022-09-01T19:57:49.520+0300][gc,heap     ] GC(206) Archive regions: 2->2
[2022-09-01T19:57:49.520+0300][gc,heap     ] GC(206) Humongous regions: 129->129
[2022-09-01T19:57:49.520+0300][gc,metaspace] GC(206) Metaspace: 44958K(45568K)->44958K(45568K) NonClass: 39856K(40192K)->39856K(40192K) Class: 5102K(5376K)->5102K(5376K)
[2022-09-01T19:57:49.520+0300][gc          ] GC(206) Pause Young (Normal) (G1 Evacuation Pause) 404M->358M(1024M) 21,273ms
[2022-09-01T19:57:49.520+0300][gc,cpu      ] GC(206) User=0,01s Sys=0,02s Real=0,03s
[2022-09-01T19:57:58.036+0300][gc,start    ] GC(207) Pause Young (Normal) (G1 Evacuation Pause)
[2022-09-01T19:57:58.036+0300][gc,task     ] GC(207) Using 2 workers of 2 for evacuation
[2022-09-01T19:57:58.066+0300][gc,mmu      ] GC(207) MMU target violated: 21,0ms (20,0ms/21,0ms)
[2022-09-01T19:57:58.066+0300][gc,phases   ] GC(207)   Pre Evacuate Collection Set: 0,1ms
[2022-09-01T19:57:58.066+0300][gc,phases   ] GC(207)   Merge Heap Roots: 0,1ms
[2022-09-01T19:57:58.066+0300][gc,phases   ] GC(207)   Evacuate Collection Set: 29,2ms
[2022-09-01T19:57:58.066+0300][gc,phases   ] GC(207)   Post Evacuate Collection Set: 0,5ms
[2022-09-01T19:57:58.066+0300][gc,phases   ] GC(207)   Other: 0,1ms
[2022-09-01T19:57:58.066+0300][gc,heap     ] GC(207) Eden regions: 47->0(47)
[2022-09-01T19:57:58.066+0300][gc,heap     ] GC(207) Survivor regions: 4->4(7)
[2022-09-01T19:57:58.066+0300][gc,heap     ] GC(207) Old regions: 225->225
[2022-09-01T19:57:58.066+0300][gc,heap     ] GC(207) Archive regions: 2->2
[2022-09-01T19:57:58.066+0300][gc,heap     ] GC(207) Humongous regions: 129->129
[2022-09-01T19:57:58.066+0300][gc,metaspace] GC(207) Metaspace: 44958K(45568K)->44958K(45568K) NonClass: 39856K(40192K)->39856K(40192K) Class: 5102K(5376K)->5102K(5376K)
[2022-09-01T19:57:58.066+0300][gc          ] GC(207) Pause Young (Normal) (G1 Evacuation Pause) 405M->358M(1024M) 30,112ms
[2022-09-01T19:57:58.066+0300][gc,cpu      ] GC(207) User=0,01s Sys=0,01s Real=0,03s
[2022-09-01T19:58:05.891+0300][gc,start    ] GC(208) Pause Young (Normal) (G1 Evacuation Pause)
[2022-09-01T19:58:05.891+0300][gc,task     ] GC(208) Using 2 workers of 2 for evacuation
[2022-09-01T19:58:05.918+0300][gc,mmu      ] GC(208) MMU target violated: 21,0ms (20,0ms/21,0ms)
[2022-09-01T19:58:05.918+0300][gc,phases   ] GC(208)   Pre Evacuate Collection Set: 0,1ms
[2022-09-01T19:58:05.918+0300][gc,phases   ] GC(208)   Merge Heap Roots: 0,1ms
[2022-09-01T19:58:05.918+0300][gc,phases   ] GC(208)   Evacuate Collection Set: 25,8ms
[2022-09-01T19:58:05.918+0300][gc,phases   ] GC(208)   Post Evacuate Collection Set: 0,7ms
[2022-09-01T19:58:05.918+0300][gc,phases   ] GC(208)   Other: 0,2ms
[2022-09-01T19:58:05.918+0300][gc,heap     ] GC(208) Eden regions: 47->0(47)
[2022-09-01T19:58:05.918+0300][gc,heap     ] GC(208) Survivor regions: 4->4(7)
[2022-09-01T19:58:05.918+0300][gc,heap     ] GC(208) Old regions: 225->226
[2022-09-01T19:58:05.918+0300][gc,heap     ] GC(208) Archive regions: 2->2
[2022-09-01T19:58:05.918+0300][gc,heap     ] GC(208) Humongous regions: 129->129
[2022-09-01T19:58:05.918+0300][gc,metaspace] GC(208) Metaspace: 44958K(45568K)->44958K(45568K) NonClass: 39856K(40192K)->39856K(40192K) Class: 5102K(5376K)->5102K(5376K)
[2022-09-01T19:58:05.918+0300][gc          ] GC(208) Pause Young (Normal) (G1 Evacuation Pause) 405M->359M(1024M) 27,037ms
[2022-09-01T19:58:05.918+0300][gc,cpu      ] GC(208) User=0,00s Sys=0,01s Real=0,03s
[2022-09-01T19:58:13.361+0300][gc,start    ] GC(209) Pause Young (Normal) (G1 Evacuation Pause)
[2022-09-01T19:58:13.361+0300][gc,task     ] GC(209) Using 2 workers of 2 for evacuation
[2022-09-01T19:58:13.384+0300][gc,mmu      ] GC(209) MMU target violated: 21,0ms (20,0ms/21,0ms)
[2022-09-01T19:58:13.385+0300][gc,phases   ] GC(209)   Pre Evacuate Collection Set: 0,1ms
[2022-09-01T19:58:13.385+0300][gc,phases   ] GC(209)   Merge Heap Roots: 0,1ms
[2022-09-01T19:58:13.385+0300][gc,phases   ] GC(209)   Evacuate Collection Set: 20,7ms
[2022-09-01T19:58:13.385+0300][gc,phases   ] GC(209)   Post Evacuate Collection Set: 1,9ms
[2022-09-01T19:58:13.385+0300][gc,phases   ] GC(209)   Other: 0,2ms
[2022-09-01T19:58:13.385+0300][gc,heap     ] GC(209) Eden regions: 47->0(46)
[2022-09-01T19:58:13.385+0300][gc,heap     ] GC(209) Survivor regions: 4->5(7)
[2022-09-01T19:58:13.385+0300][gc,heap     ] GC(209) Old regions: 226->226
[2022-09-01T19:58:13.385+0300][gc,heap     ] GC(209) Archive regions: 2->2
[2022-09-01T19:58:13.385+0300][gc,heap     ] GC(209) Humongous regions: 129->129
[2022-09-01T19:58:13.385+0300][gc,metaspace] GC(209) Metaspace: 44958K(45568K)->44958K(45568K) NonClass: 39856K(40192K)->39856K(40192K) Class: 5102K(5376K)->5102K(5376K)
[2022-09-01T19:58:13.385+0300][gc          ] GC(209) Pause Young (Normal) (G1 Evacuation Pause) 406M->360M(1024M) 23,338ms
[2022-09-01T19:58:13.385+0300][gc,cpu      ] GC(209) User=0,01s Sys=0,01s Real=0,02s
[2022-09-01T19:58:20.830+0300][gc,start    ] GC(210) Pause Young (Normal) (G1 Evacuation Pause)
[2022-09-01T19:58:20.830+0300][gc,task     ] GC(210) Using 2 workers of 2 for evacuation
[2022-09-01T19:58:20.860+0300][gc,mmu      ] GC(210) MMU target violated: 21,0ms (20,0ms/21,0ms)
[2022-09-01T19:58:20.860+0300][gc,phases   ] GC(210)   Pre Evacuate Collection Set: 0,4ms
[2022-09-01T19:58:20.860+0300][gc,phases   ] GC(210)   Merge Heap Roots: 0,5ms
[2022-09-01T19:58:20.860+0300][gc,phases   ] GC(210)   Evacuate Collection Set: 27,6ms
[2022-09-01T19:58:20.860+0300][gc,phases   ] GC(210)   Post Evacuate Collection Set: 1,2ms
[2022-09-01T19:58:20.860+0300][gc,phases   ] GC(210)   Other: 0,1ms
[2022-09-01T19:58:20.860+0300][gc,heap     ] GC(210) Eden regions: 46->0(47)
[2022-09-01T19:58:20.860+0300][gc,heap     ] GC(210) Survivor regions: 5->4(7)
[2022-09-01T19:58:20.860+0300][gc,heap     ] GC(210) Old regions: 226->227
[2022-09-01T19:58:20.860+0300][gc,heap     ] GC(210) Archive regions: 2->2
[2022-09-01T19:58:20.860+0300][gc,heap     ] GC(210) Humongous regions: 129->129
[2022-09-01T19:58:20.860+0300][gc,metaspace] GC(210) Metaspace: 44958K(45568K)->44958K(45568K) NonClass: 39856K(40192K)->39856K(40192K) Class: 5102K(5376K)->5102K(5376K)
[2022-09-01T19:58:20.860+0300][gc          ] GC(210) Pause Young (Normal) (G1 Evacuation Pause) 406M->360M(1024M) 29,957ms
[2022-09-01T19:58:20.860+0300][gc,cpu      ] GC(210) User=0,00s Sys=0,01s Real=0,04s
[2022-09-01T19:58:28.537+0300][gc,start    ] GC(211) Pause Young (Normal) (G1 Evacuation Pause)
[2022-09-01T19:58:28.537+0300][gc,task     ] GC(211) Using 2 workers of 2 for evacuation
[2022-09-01T19:58:28.562+0300][gc,mmu      ] GC(211) MMU target violated: 21,0ms (20,0ms/21,0ms)
[2022-09-01T19:58:28.562+0300][gc,phases   ] GC(211)   Pre Evacuate Collection Set: 0,1ms
[2022-09-01T19:58:28.562+0300][gc,phases   ] GC(211)   Merge Heap Roots: 0,3ms
[2022-09-01T19:58:28.562+0300][gc,phases   ] GC(211)   Evacuate Collection Set: 23,8ms
[2022-09-01T19:58:28.562+0300][gc,phases   ] GC(211)   Post Evacuate Collection Set: 0,8ms
[2022-09-01T19:58:28.562+0300][gc,phases   ] GC(211)   Other: 0,1ms
[2022-09-01T19:58:28.562+0300][gc,heap     ] GC(211) Eden regions: 47->0(54)
[2022-09-01T19:58:28.562+0300][gc,heap     ] GC(211) Survivor regions: 4->4(7)
[2022-09-01T19:58:28.562+0300][gc,heap     ] GC(211) Old regions: 227->228
[2022-09-01T19:58:28.562+0300][gc,heap     ] GC(211) Archive regions: 2->2
[2022-09-01T19:58:28.562+0300][gc,heap     ] GC(211) Humongous regions: 129->129
[2022-09-01T19:58:28.562+0300][gc,metaspace] GC(211) Metaspace: 44958K(45568K)->44958K(45568K) NonClass: 39856K(40192K)->39856K(40192K) Class: 5102K(5376K)->5102K(5376K)
[2022-09-01T19:58:28.567+0300][gc          ] GC(211) Pause Young (Normal) (G1 Evacuation Pause) 407M->361M(1024M) 29,421ms
[2022-09-01T19:58:28.567+0300][gc,cpu      ] GC(211) User=0,02s Sys=0,00s Real=0,03s
[2022-09-01T19:58:36.201+0300][gc,start    ] GC(212) Pause Young (Concurrent Start) (G1 Evacuation Pause)
[2022-09-01T19:58:36.201+0300][gc,task     ] GC(212) Using 2 workers of 2 for evacuation
[2022-09-01T19:58:36.224+0300][gc,mmu      ] GC(212) MMU target violated: 21,0ms (20,0ms/21,0ms)
[2022-09-01T19:58:36.224+0300][gc,phases   ] GC(212)   Pre Evacuate Collection Set: 0,4ms
[2022-09-01T19:58:36.224+0300][gc,phases   ] GC(212)   Merge Heap Roots: 0,2ms
[2022-09-01T19:58:36.224+0300][gc,phases   ] GC(212)   Evacuate Collection Set: 20,0ms
[2022-09-01T19:58:36.224+0300][gc,phases   ] GC(212)   Post Evacuate Collection Set: 2,6ms
[2022-09-01T19:58:36.224+0300][gc,phases   ] GC(212)   Other: 0,2ms
[2022-09-01T19:58:36.224+0300][gc,heap     ] GC(212) Eden regions: 49->0(46)
[2022-09-01T19:58:36.224+0300][gc,heap     ] GC(212) Survivor regions: 4->5(7)
[2022-09-01T19:58:36.224+0300][gc,heap     ] GC(212) Old regions: 228->228
[2022-09-01T19:58:36.224+0300][gc,heap     ] GC(212) Archive regions: 2->2
[2022-09-01T19:58:36.224+0300][gc,heap     ] GC(212) Humongous regions: 129->129
[2022-09-01T19:58:36.224+0300][gc,metaspace] GC(212) Metaspace: 44958K(45568K)->44958K(45568K) NonClass: 39856K(40192K)->39856K(40192K) Class: 5102K(5376K)->5102K(5376K)
[2022-09-01T19:58:36.225+0300][gc          ] GC(212) Pause Young (Concurrent Start) (G1 Evacuation Pause) 410M->361M(1024M) 23,654ms
[2022-09-01T19:58:36.225+0300][gc,cpu      ] GC(212) User=0,01s Sys=0,01s Real=0,02s
[2022-09-01T19:58:36.226+0300][gc          ] GC(213) Concurrent Mark Cycle
[2022-09-01T19:58:36.226+0300][gc,marking  ] GC(213) Concurrent Clear Claimed Marks
[2022-09-01T19:58:36.226+0300][gc,marking  ] GC(213) Concurrent Clear Claimed Marks 0,085ms
[2022-09-01T19:58:36.226+0300][gc,marking  ] GC(213) Concurrent Scan Root Regions
[2022-09-01T19:58:36.232+0300][gc,marking  ] GC(213) Concurrent Scan Root Regions 6,347ms
[2022-09-01T19:58:36.232+0300][gc,marking  ] GC(213) Concurrent Mark
[2022-09-01T19:58:36.232+0300][gc,marking  ] GC(213) Concurrent Mark From Roots
[2022-09-01T19:58:36.232+0300][gc,task     ] GC(213) Using 1 workers of 1 for marking
[2022-09-01T19:58:36.347+0300][gc,marking  ] GC(213) Concurrent Mark From Roots 114,742ms
[2022-09-01T19:58:36.347+0300][gc,marking  ] GC(213) Concurrent Preclean
[2022-09-01T19:58:36.347+0300][gc,marking  ] GC(213) Concurrent Preclean 0,233ms
[2022-09-01T19:58:36.348+0300][gc,start    ] GC(213) Pause Remark
[2022-09-01T19:58:36.432+0300][gc,mmu      ] GC(213) MMU target violated: 21,0ms (20,0ms/21,0ms)
[2022-09-01T19:58:36.432+0300][gc          ] GC(213) Pause Remark 362M->295M(1024M) 84,235ms
[2022-09-01T19:58:36.432+0300][gc,cpu      ] GC(213) User=0,01s Sys=0,03s Real=0,09s
[2022-09-01T19:58:36.432+0300][gc,marking  ] GC(213) Concurrent Mark 200,321ms
[2022-09-01T19:58:36.432+0300][gc,marking  ] GC(213) Concurrent Rebuild Remembered Sets
[2022-09-01T19:58:36.485+0300][gc,marking  ] GC(213) Concurrent Rebuild Remembered Sets 52,794ms
[2022-09-01T19:58:36.488+0300][gc,start    ] GC(213) Pause Cleanup
[2022-09-01T19:58:36.488+0300][gc          ] GC(213) Pause Cleanup 296M->296M(1024M) 0,487ms
[2022-09-01T19:58:36.488+0300][gc,cpu      ] GC(213) User=0,00s Sys=0,00s Real=0,00s
[2022-09-01T19:58:36.488+0300][gc,marking  ] GC(213) Concurrent Cleanup for Next Mark
[2022-09-01T19:58:36.499+0300][gc,marking  ] GC(213) Concurrent Cleanup for Next Mark 10,828ms
[2022-09-01T19:58:36.499+0300][gc          ] GC(213) Concurrent Mark Cycle 273,784ms
[2022-09-01T19:58:43.758+0300][gc,start    ] GC(214) Pause Young (Prepare Mixed) (G1 Evacuation Pause)
[2022-09-01T19:58:43.758+0300][gc,task     ] GC(214) Using 2 workers of 2 for evacuation
[2022-09-01T19:58:43.788+0300][gc,mmu      ] GC(214) MMU target violated: 21,0ms (20,0ms/21,0ms)
[2022-09-01T19:58:43.788+0300][gc,phases   ] GC(214)   Pre Evacuate Collection Set: 0,1ms
[2022-09-01T19:58:43.788+0300][gc,phases   ] GC(214)   Merge Heap Roots: 0,2ms
[2022-09-01T19:58:43.788+0300][gc,phases   ] GC(214)   Evacuate Collection Set: 26,7ms
[2022-09-01T19:58:43.788+0300][gc,phases   ] GC(214)   Post Evacuate Collection Set: 2,9ms
[2022-09-01T19:58:43.788+0300][gc,phases   ] GC(214)   Other: 0,1ms
[2022-09-01T19:58:43.788+0300][gc,heap     ] GC(214) Eden regions: 46->0(47)
[2022-09-01T19:58:43.788+0300][gc,heap     ] GC(214) Survivor regions: 5->4(7)
[2022-09-01T19:58:43.788+0300][gc,heap     ] GC(214) Old regions: 161->162
[2022-09-01T19:58:43.788+0300][gc,heap     ] GC(214) Archive regions: 2->2
[2022-09-01T19:58:43.788+0300][gc,heap     ] GC(214) Humongous regions: 129->129
[2022-09-01T19:58:43.788+0300][gc,metaspace] GC(214) Metaspace: 44895K(45568K)->44895K(45568K) NonClass: 39808K(40192K)->39808K(40192K) Class: 5087K(5376K)->5087K(5376K)
[2022-09-01T19:58:43.788+0300][gc          ] GC(214) Pause Young (Prepare Mixed) (G1 Evacuation Pause) 340M->294M(1024M) 30,256ms
[2022-09-01T19:58:43.788+0300][gc,cpu      ] GC(214) User=0,02s Sys=0,00s Real=0,03s
[2022-09-01T19:58:51.388+0300][gc,start    ] GC(215) Pause Young (Mixed) (G1 Evacuation Pause)
[2022-09-01T19:58:51.388+0300][gc,task     ] GC(215) Using 2 workers of 2 for evacuation
[2022-09-01T19:58:51.430+0300][gc,mmu      ] GC(215) MMU target violated: 21,0ms (20,0ms/21,0ms)
[2022-09-01T19:58:51.430+0300][gc,phases   ] GC(215)   Pre Evacuate Collection Set: 0,4ms
[2022-09-01T19:58:51.430+0300][gc,phases   ] GC(215)   Merge Heap Roots: 0,4ms
[2022-09-01T19:58:51.430+0300][gc,phases   ] GC(215)   Evacuate Collection Set: 37,2ms
[2022-09-01T19:58:51.430+0300][gc,phases   ] GC(215)   Post Evacuate Collection Set: 3,3ms
[2022-09-01T19:58:51.430+0300][gc,phases   ] GC(215)   Other: 0,3ms
[2022-09-01T19:58:51.430+0300][gc,heap     ] GC(215) Eden regions: 47->0(47)
[2022-09-01T19:58:51.430+0300][gc,heap     ] GC(215) Survivor regions: 4->4(7)
[2022-09-01T19:58:51.430+0300][gc,heap     ] GC(215) Old regions: 162->150
[2022-09-01T19:58:51.430+0300][gc,heap     ] GC(215) Archive regions: 2->2
[2022-09-01T19:58:51.430+0300][gc,heap     ] GC(215) Humongous regions: 129->129
[2022-09-01T19:58:51.430+0300][gc,metaspace] GC(215) Metaspace: 44895K(45568K)->44895K(45568K) NonClass: 39808K(40192K)->39808K(40192K) Class: 5087K(5376K)->5087K(5376K)
[2022-09-01T19:58:51.430+0300][gc          ] GC(215) Pause Young (Mixed) (G1 Evacuation Pause) 341M->283M(1024M) 41,765ms
[2022-09-01T19:58:51.430+0300][gc,cpu      ] GC(215) User=0,00s Sys=0,02s Real=0,04s
[2022-09-01T19:58:59.214+0300][gc,start    ] GC(216) Pause Young (Mixed) (G1 Evacuation Pause)
[2022-09-01T19:58:59.215+0300][gc,task     ] GC(216) Using 2 workers of 2 for evacuation
[2022-09-01T19:58:59.252+0300][gc,mmu      ] GC(216) MMU target violated: 21,0ms (20,0ms/21,0ms)
[2022-09-01T19:58:59.253+0300][gc,phases   ] GC(216)   Pre Evacuate Collection Set: 0,2ms
[2022-09-01T19:58:59.253+0300][gc,phases   ] GC(216)   Merge Heap Roots: 0,3ms
[2022-09-01T19:58:59.253+0300][gc,phases   ] GC(216)   Evacuate Collection Set: 36,7ms
[2022-09-01T19:58:59.253+0300][gc,phases   ] GC(216)   Post Evacuate Collection Set: 0,6ms
[2022-09-01T19:58:59.253+0300][gc,phases   ] GC(216)   Other: 0,5ms
[2022-09-01T19:58:59.253+0300][gc,heap     ] GC(216) Eden regions: 47->0(46)
[2022-09-01T19:58:59.253+0300][gc,heap     ] GC(216) Survivor regions: 4->5(7)
[2022-09-01T19:58:59.253+0300][gc,heap     ] GC(216) Old regions: 150->138
[2022-09-01T19:58:59.253+0300][gc,heap     ] GC(216) Archive regions: 2->2
[2022-09-01T19:58:59.253+0300][gc,heap     ] GC(216) Humongous regions: 129->129
[2022-09-01T19:58:59.253+0300][gc,metaspace] GC(216) Metaspace: 44895K(45568K)->44895K(45568K) NonClass: 39808K(40192K)->39808K(40192K) Class: 5087K(5376K)->5087K(5376K)
[2022-09-01T19:58:59.253+0300][gc          ] GC(216) Pause Young (Mixed) (G1 Evacuation Pause) 330M->272M(1024M) 38,404ms
[2022-09-01T19:58:59.257+0300][gc,cpu      ] GC(216) User=0,02s Sys=0,01s Real=0,04s
[2022-09-01T19:59:06.911+0300][gc,start    ] GC(217) Pause Young (Mixed) (G1 Evacuation Pause)
[2022-09-01T19:59:06.911+0300][gc,task     ] GC(217) Using 2 workers of 2 for evacuation
[2022-09-01T19:59:06.955+0300][gc,mmu      ] GC(217) MMU target violated: 21,0ms (20,0ms/21,0ms)
[2022-09-01T19:59:06.956+0300][gc,phases   ] GC(217)   Pre Evacuate Collection Set: 0,8ms
[2022-09-01T19:59:06.956+0300][gc,phases   ] GC(217)   Merge Heap Roots: 0,5ms
[2022-09-01T19:59:06.956+0300][gc,phases   ] GC(217)   Evacuate Collection Set: 28,7ms
[2022-09-01T19:59:06.956+0300][gc,phases   ] GC(217)   Post Evacuate Collection Set: 14,1ms
[2022-09-01T19:59:06.956+0300][gc,phases   ] GC(217)   Other: 0,2ms
[2022-09-01T19:59:06.956+0300][gc,heap     ] GC(217) Eden regions: 46->0(47)
[2022-09-01T19:59:06.956+0300][gc,heap     ] GC(217) Survivor regions: 5->4(7)
[2022-09-01T19:59:06.956+0300][gc,heap     ] GC(217) Old regions: 138->119
[2022-09-01T19:59:06.956+0300][gc,heap     ] GC(217) Archive regions: 2->2
[2022-09-01T19:59:06.956+0300][gc,heap     ] GC(217) Humongous regions: 129->129
[2022-09-01T19:59:06.956+0300][gc,metaspace] GC(217) Metaspace: 44895K(45568K)->44895K(45568K) NonClass: 39808K(40192K)->39808K(40192K) Class: 5087K(5376K)->5087K(5376K)
[2022-09-01T19:59:06.956+0300][gc          ] GC(217) Pause Young (Mixed) (G1 Evacuation Pause) 318M->252M(1024M) 44,405ms
[2022-09-01T19:59:06.956+0300][gc,cpu      ] GC(217) User=0,01s Sys=0,01s Real=0,04s
[2022-09-01T19:59:14.381+0300][gc,start    ] GC(218) Pause Young (Mixed) (G1 Evacuation Pause)
[2022-09-01T19:59:14.381+0300][gc,task     ] GC(218) Using 2 workers of 2 for evacuation
[2022-09-01T19:59:14.408+0300][gc,mmu      ] GC(218) MMU target violated: 21,0ms (20,0ms/21,0ms)
[2022-09-01T19:59:14.408+0300][gc,phases   ] GC(218)   Pre Evacuate Collection Set: 0,6ms
[2022-09-01T19:59:14.408+0300][gc,phases   ] GC(218)   Merge Heap Roots: 0,6ms
[2022-09-01T19:59:14.408+0300][gc,phases   ] GC(218)   Evacuate Collection Set: 24,5ms
[2022-09-01T19:59:14.408+0300][gc,phases   ] GC(218)   Post Evacuate Collection Set: 0,7ms
[2022-09-01T19:59:14.408+0300][gc,phases   ] GC(218)   Other: 0,1ms
[2022-09-01T19:59:14.408+0300][gc,heap     ] GC(218) Eden regions: 47->0(47)
[2022-09-01T19:59:14.408+0300][gc,heap     ] GC(218) Survivor regions: 4->4(7)
[2022-09-01T19:59:14.408+0300][gc,heap     ] GC(218) Old regions: 119->108
[2022-09-01T19:59:14.408+0300][gc,heap     ] GC(218) Archive regions: 2->2
[2022-09-01T19:59:14.408+0300][gc,heap     ] GC(218) Humongous regions: 129->129
[2022-09-01T19:59:14.408+0300][gc,metaspace] GC(218) Metaspace: 44895K(45568K)->44895K(45568K) NonClass: 39808K(40192K)->39808K(40192K) Class: 5087K(5376K)->5087K(5376K)
[2022-09-01T19:59:14.408+0300][gc          ] GC(218) Pause Young (Mixed) (G1 Evacuation Pause) 299M->241M(1024M) 26,662ms
[2022-09-01T19:59:14.408+0300][gc,cpu      ] GC(218) User=0,01s Sys=0,00s Real=0,02s
[2022-09-01T19:59:22.198+0300][gc,start    ] GC(219) Pause Young (Mixed) (G1 Evacuation Pause)
[2022-09-01T19:59:22.198+0300][gc,task     ] GC(219) Using 2 workers of 2 for evacuation
[2022-09-01T19:59:22.214+0300][gc,phases   ] GC(219)   Pre Evacuate Collection Set: 0,1ms
[2022-09-01T19:59:22.214+0300][gc,phases   ] GC(219)   Merge Heap Roots: 0,2ms
[2022-09-01T19:59:22.214+0300][gc,phases   ] GC(219)   Evacuate Collection Set: 9,6ms
[2022-09-01T19:59:22.214+0300][gc,phases   ] GC(219)   Merge Optional Heap Roots: 0,0ms
[2022-09-01T19:59:22.214+0300][gc,phases   ] GC(219)   Evacuate Optional Collection Set: 4,9ms
[2022-09-01T19:59:22.214+0300][gc,phases   ] GC(219)   Post Evacuate Collection Set: 0,6ms
[2022-09-01T19:59:22.214+0300][gc,phases   ] GC(219)   Other: 0,1ms
[2022-09-01T19:59:22.214+0300][gc,heap     ] GC(219) Eden regions: 47->0(47)
[2022-09-01T19:59:22.214+0300][gc,heap     ] GC(219) Survivor regions: 4->4(7)
[2022-09-01T19:59:22.214+0300][gc,heap     ] GC(219) Old regions: 108->87
[2022-09-01T19:59:22.214+0300][gc,heap     ] GC(219) Archive regions: 2->2
[2022-09-01T19:59:22.214+0300][gc,heap     ] GC(219) Humongous regions: 129->129
[2022-09-01T19:59:22.214+0300][gc,metaspace] GC(219) Metaspace: 44895K(45568K)->44895K(45568K) NonClass: 39808K(40192K)->39808K(40192K) Class: 5087K(5376K)->5087K(5376K)
[2022-09-01T19:59:22.214+0300][gc          ] GC(219) Pause Young (Mixed) (G1 Evacuation Pause) 288M->220M(1024M) 16,028ms
[2022-09-01T19:59:22.214+0300][gc,cpu      ] GC(219) User=0,01s Sys=0,01s Real=0,02s
[2022-09-01T19:59:29.751+0300][gc,start    ] GC(220) Pause Young (Mixed) (G1 Evacuation Pause)
[2022-09-01T19:59:29.752+0300][gc,task     ] GC(220) Using 2 workers of 2 for evacuation
[2022-09-01T19:59:29.774+0300][gc,mmu      ] GC(220) MMU target violated: 21,0ms (20,0ms/21,0ms)
[2022-09-01T19:59:29.774+0300][gc,phases   ] GC(220)   Pre Evacuate Collection Set: 0,3ms
[2022-09-01T19:59:29.774+0300][gc,phases   ] GC(220)   Merge Heap Roots: 0,3ms
[2022-09-01T19:59:29.774+0300][gc,phases   ] GC(220)   Evacuate Collection Set: 21,0ms
[2022-09-01T19:59:29.774+0300][gc,phases   ] GC(220)   Post Evacuate Collection Set: 0,6ms
[2022-09-01T19:59:29.774+0300][gc,phases   ] GC(220)   Other: 0,1ms
[2022-09-01T19:59:29.774+0300][gc,heap     ] GC(220) Eden regions: 47->0(46)
[2022-09-01T19:59:29.774+0300][gc,heap     ] GC(220) Survivor regions: 4->5(7)
[2022-09-01T19:59:29.774+0300][gc,heap     ] GC(220) Old regions: 87->72
[2022-09-01T19:59:29.774+0300][gc,heap     ] GC(220) Archive regions: 2->2
[2022-09-01T19:59:29.774+0300][gc,heap     ] GC(220) Humongous regions: 129->129
[2022-09-01T19:59:29.774+0300][gc,metaspace] GC(220) Metaspace: 44895K(45568K)->44895K(45568K) NonClass: 39808K(40192K)->39808K(40192K) Class: 5087K(5376K)->5087K(5376K)
[2022-09-01T19:59:29.774+0300][gc          ] GC(220) Pause Young (Mixed) (G1 Evacuation Pause) 267M->206M(1024M) 22,529ms
[2022-09-01T19:59:29.774+0300][gc,cpu      ] GC(220) User=0,01s Sys=0,01s Real=0,02s
[2022-09-01T19:59:37.138+0300][gc,start    ] GC(221) Pause Young (Normal) (G1 Evacuation Pause)
[2022-09-01T19:59:37.138+0300][gc,task     ] GC(221) Using 2 workers of 2 for evacuation
[2022-09-01T19:59:37.153+0300][gc,phases   ] GC(221)   Pre Evacuate Collection Set: 0,1ms
[2022-09-01T19:59:37.153+0300][gc,phases   ] GC(221)   Merge Heap Roots: 0,1ms
[2022-09-01T19:59:37.153+0300][gc,phases   ] GC(221)   Evacuate Collection Set: 14,4ms
[2022-09-01T19:59:37.153+0300][gc,phases   ] GC(221)   Post Evacuate Collection Set: 0,5ms
[2022-09-01T19:59:37.153+0300][gc,phases   ] GC(221)   Other: 0,1ms
[2022-09-01T19:59:37.153+0300][gc,heap     ] GC(221) Eden regions: 46->0(155)
[2022-09-01T19:59:37.153+0300][gc,heap     ] GC(221) Survivor regions: 5->4(7)
[2022-09-01T19:59:37.153+0300][gc,heap     ] GC(221) Old regions: 72->73
[2022-09-01T19:59:37.153+0300][gc,heap     ] GC(221) Archive regions: 2->2
[2022-09-01T19:59:37.153+0300][gc,heap     ] GC(221) Humongous regions: 129->129
[2022-09-01T19:59:37.153+0300][gc,metaspace] GC(221) Metaspace: 44895K(45568K)->44895K(45568K) NonClass: 39808K(40192K)->39808K(40192K) Class: 5087K(5376K)->5087K(5376K)
[2022-09-01T19:59:37.153+0300][gc          ] GC(221) Pause Young (Normal) (G1 Evacuation Pause) 252M->206M(1024M) 15,329ms
[2022-09-01T19:59:37.153+0300][gc,cpu      ] GC(221) User=0,02s Sys=0,01s Real=0,02s
[2022-09-01T19:59:58.252+0300][gc,start    ] GC(222) Pause Young (Normal) (G1 Evacuation Pause)
[2022-09-01T19:59:58.252+0300][gc,task     ] GC(222) Using 2 workers of 2 for evacuation
[2022-09-01T19:59:58.290+0300][gc,mmu      ] GC(222) MMU target violated: 21,0ms (20,0ms/21,0ms)
[2022-09-01T19:59:58.290+0300][gc,phases   ] GC(222)   Pre Evacuate Collection Set: 0,3ms
[2022-09-01T19:59:58.290+0300][gc,phases   ] GC(222)   Merge Heap Roots: 0,5ms
[2022-09-01T19:59:58.290+0300][gc,phases   ] GC(222)   Evacuate Collection Set: 36,7ms
[2022-09-01T19:59:58.290+0300][gc,phases   ] GC(222)   Post Evacuate Collection Set: 0,6ms
[2022-09-01T19:59:58.290+0300][gc,phases   ] GC(222)   Other: 0,2ms
[2022-09-01T19:59:58.290+0300][gc,heap     ] GC(222) Eden regions: 131->0(45)
[2022-09-01T19:59:58.290+0300][gc,heap     ] GC(222) Survivor regions: 4->6(17)
[2022-09-01T19:59:58.290+0300][gc,heap     ] GC(222) Old regions: 73->73
[2022-09-01T19:59:58.290+0300][gc,heap     ] GC(222) Archive regions: 2->2
[2022-09-01T19:59:58.290+0300][gc,heap     ] GC(222) Humongous regions: 129->129
[2022-09-01T19:59:58.290+0300][gc,metaspace] GC(222) Metaspace: 44895K(45568K)->44895K(45568K) NonClass: 39808K(40192K)->39808K(40192K) Class: 5087K(5376K)->5087K(5376K)
[2022-09-01T19:59:58.290+0300][gc          ] GC(222) Pause Young (Normal) (G1 Evacuation Pause) 337M->207M(1024M) 38,854ms
[2022-09-01T19:59:58.290+0300][gc,cpu      ] GC(222) User=0,02s Sys=0,01s Real=0,03s
[2022-09-01T20:00:05.759+0300][gc,start    ] GC(223) Pause Young (Normal) (G1 Evacuation Pause)
[2022-09-01T20:00:05.759+0300][gc,task     ] GC(223) Using 2 workers of 2 for evacuation
[2022-09-01T20:00:05.792+0300][gc,mmu      ] GC(223) MMU target violated: 21,0ms (20,0ms/21,0ms)
[2022-09-01T20:00:05.792+0300][gc,phases   ] GC(223)   Pre Evacuate Collection Set: 0,1ms
[2022-09-01T20:00:05.792+0300][gc,phases   ] GC(223)   Merge Heap Roots: 0,2ms
[2022-09-01T20:00:05.792+0300][gc,phases   ] GC(223)   Evacuate Collection Set: 27,4ms
[2022-09-01T20:00:05.792+0300][gc,phases   ] GC(223)   Post Evacuate Collection Set: 5,0ms
[2022-09-01T20:00:05.792+0300][gc,phases   ] GC(223)   Other: 0,1ms
[2022-09-01T20:00:05.792+0300][gc,heap     ] GC(223) Eden regions: 45->0(46)
[2022-09-01T20:00:05.792+0300][gc,heap     ] GC(223) Survivor regions: 6->5(7)
[2022-09-01T20:00:05.792+0300][gc,heap     ] GC(223) Old regions: 73->74
[2022-09-01T20:00:05.792+0300][gc,heap     ] GC(223) Archive regions: 2->2
[2022-09-01T20:00:05.792+0300][gc,heap     ] GC(223) Humongous regions: 129->129
[2022-09-01T20:00:05.792+0300][gc,metaspace] GC(223) Metaspace: 44895K(45568K)->44895K(45568K) NonClass: 39808K(40192K)->39808K(40192K) Class: 5087K(5376K)->5087K(5376K)
[2022-09-01T20:00:05.792+0300][gc          ] GC(223) Pause Young (Normal) (G1 Evacuation Pause) 252M->208M(1024M) 32,835ms
[2022-09-01T20:00:05.792+0300][gc,cpu      ] GC(223) User=0,01s Sys=0,00s Real=0,03s
[2022-09-01T20:00:15.505+0300][gc,start    ] GC(224) Pause Young (Normal) (G1 Evacuation Pause)
[2022-09-01T20:00:15.505+0300][gc,task     ] GC(224) Using 2 workers of 2 for evacuation
[2022-09-01T20:00:15.532+0300][gc,mmu      ] GC(224) MMU target violated: 21,0ms (20,0ms/21,0ms)
[2022-09-01T20:00:15.532+0300][gc,phases   ] GC(224)   Pre Evacuate Collection Set: 0,1ms
[2022-09-01T20:00:15.532+0300][gc,phases   ] GC(224)   Merge Heap Roots: 0,2ms
[2022-09-01T20:00:15.532+0300][gc,phases   ] GC(224)   Evacuate Collection Set: 24,6ms
[2022-09-01T20:00:15.532+0300][gc,phases   ] GC(224)   Post Evacuate Collection Set: 2,7ms
[2022-09-01T20:00:15.532+0300][gc,phases   ] GC(224)   Other: 0,2ms
[2022-09-01T20:00:15.532+0300][gc,heap     ] GC(224) Eden regions: 46->0(47)
[2022-09-01T20:00:15.532+0300][gc,heap     ] GC(224) Survivor regions: 5->4(7)
[2022-09-01T20:00:15.532+0300][gc,heap     ] GC(224) Old regions: 74->75
[2022-09-01T20:00:15.532+0300][gc,heap     ] GC(224) Archive regions: 2->2
[2022-09-01T20:00:15.532+0300][gc,heap     ] GC(224) Humongous regions: 129->129
[2022-09-01T20:00:15.532+0300][gc,metaspace] GC(224) Metaspace: 44895K(45568K)->44895K(45568K) NonClass: 39808K(40192K)->39808K(40192K) Class: 5087K(5376K)->5087K(5376K)
[2022-09-01T20:00:15.532+0300][gc          ] GC(224) Pause Young (Normal) (G1 Evacuation Pause) 254M->208M(1024M) 27,968ms
[2022-09-01T20:00:15.532+0300][gc,cpu      ] GC(224) User=0,01s Sys=0,01s Real=0,03s
[2022-09-01T20:00:24.659+0300][gc,start    ] GC(225) Pause Young (Normal) (G1 Evacuation Pause)
[2022-09-01T20:00:24.659+0300][gc,task     ] GC(225) Using 2 workers of 2 for evacuation
[2022-09-01T20:00:24.689+0300][gc,mmu      ] GC(225) MMU target violated: 21,0ms (20,0ms/21,0ms)
[2022-09-01T20:00:24.689+0300][gc,phases   ] GC(225)   Pre Evacuate Collection Set: 0,4ms
[2022-09-01T20:00:24.690+0300][gc,phases   ] GC(225)   Merge Heap Roots: 0,5ms
[2022-09-01T20:00:24.690+0300][gc,phases   ] GC(225)   Evacuate Collection Set: 25,2ms
[2022-09-01T20:00:24.690+0300][gc,phases   ] GC(225)   Post Evacuate Collection Set: 3,5ms
[2022-09-01T20:00:24.690+0300][gc,phases   ] GC(225)   Other: 0,6ms
[2022-09-01T20:00:24.690+0300][gc,heap     ] GC(225) Eden regions: 47->0(47)
[2022-09-01T20:00:24.690+0300][gc,heap     ] GC(225) Survivor regions: 4->4(7)
[2022-09-01T20:00:24.690+0300][gc,heap     ] GC(225) Old regions: 75->75
[2022-09-01T20:00:24.690+0300][gc,heap     ] GC(225) Archive regions: 2->2
[2022-09-01T20:00:24.690+0300][gc,heap     ] GC(225) Humongous regions: 129->129
[2022-09-01T20:00:24.690+0300][gc,metaspace] GC(225) Metaspace: 44895K(45568K)->44895K(45568K) NonClass: 39808K(40192K)->39808K(40192K) Class: 5087K(5376K)->5087K(5376K)
[2022-09-01T20:00:24.690+0300][gc          ] GC(225) Pause Young (Normal) (G1 Evacuation Pause) 255M->208M(1024M) 30,412ms
[2022-09-01T20:00:24.690+0300][gc,cpu      ] GC(225) User=0,01s Sys=0,02s Real=0,02s
[2022-09-01T20:00:32.125+0300][gc,start    ] GC(226) Pause Young (Normal) (G1 Evacuation Pause)
[2022-09-01T20:00:32.125+0300][gc,task     ] GC(226) Using 2 workers of 2 for evacuation
[2022-09-01T20:00:32.150+0300][gc,mmu      ] GC(226) MMU target violated: 21,0ms (20,0ms/21,0ms)
[2022-09-01T20:00:32.150+0300][gc,phases   ] GC(226)   Pre Evacuate Collection Set: 0,1ms
[2022-09-01T20:00:32.150+0300][gc,phases   ] GC(226)   Merge Heap Roots: 0,2ms
[2022-09-01T20:00:32.150+0300][gc,phases   ] GC(226)   Evacuate Collection Set: 22,2ms
[2022-09-01T20:00:32.150+0300][gc,phases   ] GC(226)   Post Evacuate Collection Set: 2,6ms
[2022-09-01T20:00:32.150+0300][gc,phases   ] GC(226)   Other: 0,1ms
[2022-09-01T20:00:32.150+0300][gc,heap     ] GC(226) Eden regions: 47->0(47)
[2022-09-01T20:00:32.150+0300][gc,heap     ] GC(226) Survivor regions: 4->4(7)
[2022-09-01T20:00:32.150+0300][gc,heap     ] GC(226) Old regions: 75->76
[2022-09-01T20:00:32.150+0300][gc,heap     ] GC(226) Archive regions: 2->2
[2022-09-01T20:00:32.150+0300][gc,heap     ] GC(226) Humongous regions: 129->129
[2022-09-01T20:00:32.150+0300][gc,metaspace] GC(226) Metaspace: 44895K(45568K)->44895K(45568K) NonClass: 39808K(40192K)->39808K(40192K) Class: 5087K(5376K)->5087K(5376K)
[2022-09-01T20:00:32.150+0300][gc          ] GC(226) Pause Young (Normal) (G1 Evacuation Pause) 255M->209M(1024M) 25,309ms
[2022-09-01T20:00:32.151+0300][gc,cpu      ] GC(226) User=0,01s Sys=0,00s Real=0,02s
[2022-09-01T20:00:39.834+0300][gc,start    ] GC(227) Pause Young (Normal) (G1 Evacuation Pause)
[2022-09-01T20:00:39.834+0300][gc,task     ] GC(227) Using 2 workers of 2 for evacuation
[2022-09-01T20:00:39.852+0300][gc,phases   ] GC(227)   Pre Evacuate Collection Set: 0,1ms
[2022-09-01T20:00:39.852+0300][gc,phases   ] GC(227)   Merge Heap Roots: 0,2ms
[2022-09-01T20:00:39.852+0300][gc,phases   ] GC(227)   Evacuate Collection Set: 17,0ms
[2022-09-01T20:00:39.852+0300][gc,phases   ] GC(227)   Post Evacuate Collection Set: 0,6ms
[2022-09-01T20:00:39.852+0300][gc,phases   ] GC(227)   Other: 0,1ms
[2022-09-01T20:00:39.852+0300][gc,heap     ] GC(227) Eden regions: 47->0(51)
[2022-09-01T20:00:39.852+0300][gc,heap     ] GC(227) Survivor regions: 4->4(7)
[2022-09-01T20:00:39.852+0300][gc,heap     ] GC(227) Old regions: 76->76
[2022-09-01T20:00:39.852+0300][gc,heap     ] GC(227) Archive regions: 2->2
[2022-09-01T20:00:39.852+0300][gc,heap     ] GC(227) Humongous regions: 129->129
[2022-09-01T20:00:39.852+0300][gc,metaspace] GC(227) Metaspace: 44895K(45568K)->44895K(45568K) NonClass: 39808K(40192K)->39808K(40192K) Class: 5087K(5376K)->5087K(5376K)
[2022-09-01T20:00:39.852+0300][gc          ] GC(227) Pause Young (Normal) (G1 Evacuation Pause) 256M->209M(1024M) 18,254ms
[2022-09-01T20:00:39.852+0300][gc,cpu      ] GC(227) User=0,01s Sys=0,01s Real=0,02s
[2022-09-01T20:00:47.037+0300][gc,start    ] GC(228) Pause Young (Normal) (G1 Evacuation Pause)
[2022-09-01T20:00:47.037+0300][gc,task     ] GC(228) Using 2 workers of 2 for evacuation
[2022-09-01T20:00:47.053+0300][gc,phases   ] GC(228)   Pre Evacuate Collection Set: 0,1ms
[2022-09-01T20:00:47.054+0300][gc,phases   ] GC(228)   Merge Heap Roots: 0,2ms
[2022-09-01T20:00:47.054+0300][gc,phases   ] GC(228)   Evacuate Collection Set: 15,4ms
[2022-09-01T20:00:47.054+0300][gc,phases   ] GC(228)   Post Evacuate Collection Set: 0,8ms
[2022-09-01T20:00:47.054+0300][gc,phases   ] GC(228)   Other: 0,1ms
[2022-09-01T20:00:47.054+0300][gc,heap     ] GC(228) Eden regions: 47->0(104)
[2022-09-01T20:00:47.054+0300][gc,heap     ] GC(228) Survivor regions: 4->4(7)
[2022-09-01T20:00:47.054+0300][gc,heap     ] GC(228) Old regions: 76->76
[2022-09-01T20:00:47.054+0300][gc,heap     ] GC(228) Archive regions: 2->2
[2022-09-01T20:00:47.054+0300][gc,heap     ] GC(228) Humongous regions: 129->129
[2022-09-01T20:00:47.054+0300][gc,metaspace] GC(228) Metaspace: 44895K(45568K)->44895K(45568K) NonClass: 39808K(40192K)->39808K(40192K) Class: 5087K(5376K)->5087K(5376K)
[2022-09-01T20:00:47.054+0300][gc          ] GC(228) Pause Young (Normal) (G1 Evacuation Pause) 256M->209M(1024M) 16,651ms
[2022-09-01T20:00:47.054+0300][gc,cpu      ] GC(228) User=0,01s Sys=0,02s Real=0,02s
[2022-09-01T20:00:59.501+0300][gc,start    ] GC(229) Pause Young (Normal) (G1 Evacuation Pause)
[2022-09-01T20:00:59.501+0300][gc,task     ] GC(229) Using 2 workers of 2 for evacuation
[2022-09-01T20:00:59.518+0300][gc,phases   ] GC(229)   Pre Evacuate Collection Set: 0,2ms
[2022-09-01T20:00:59.518+0300][gc,phases   ] GC(229)   Merge Heap Roots: 0,2ms
[2022-09-01T20:00:59.518+0300][gc,phases   ] GC(229)   Evacuate Collection Set: 15,5ms
[2022-09-01T20:00:59.518+0300][gc,phases   ] GC(229)   Post Evacuate Collection Set: 1,0ms
[2022-09-01T20:00:59.518+0300][gc,phases   ] GC(229)   Other: 0,1ms
[2022-09-01T20:00:59.518+0300][gc,heap     ] GC(229) Eden regions: 79->0(52)
[2022-09-01T20:00:59.518+0300][gc,heap     ] GC(229) Survivor regions: 4->5(11)
[2022-09-01T20:00:59.518+0300][gc,heap     ] GC(229) Old regions: 76->76
[2022-09-01T20:00:59.518+0300][gc,heap     ] GC(229) Archive regions: 2->2
[2022-09-01T20:00:59.518+0300][gc,heap     ] GC(229) Humongous regions: 129->129
[2022-09-01T20:00:59.518+0300][gc,metaspace] GC(229) Metaspace: 44895K(45568K)->44895K(45568K) NonClass: 39808K(40192K)->39808K(40192K) Class: 5087K(5376K)->5087K(5376K)
[2022-09-01T20:00:59.518+0300][gc          ] GC(229) Pause Young (Normal) (G1 Evacuation Pause) 288M->210M(1024M) 17,205ms
[2022-09-01T20:00:59.518+0300][gc,cpu      ] GC(229) User=0,01s Sys=0,01s Real=0,01s
[2022-09-01T20:01:08.144+0300][gc,start    ] GC(230) Pause Young (Normal) (G1 Evacuation Pause)
[2022-09-01T20:01:08.144+0300][gc,task     ] GC(230) Using 2 workers of 2 for evacuation
[2022-09-01T20:01:08.179+0300][gc,mmu      ] GC(230) MMU target violated: 21,0ms (20,0ms/21,0ms)
[2022-09-01T20:01:08.179+0300][gc,phases   ] GC(230)   Pre Evacuate Collection Set: 0,2ms
[2022-09-01T20:01:08.179+0300][gc,phases   ] GC(230)   Merge Heap Roots: 0,3ms
[2022-09-01T20:01:08.179+0300][gc,phases   ] GC(230)   Evacuate Collection Set: 33,7ms
[2022-09-01T20:01:08.179+0300][gc,phases   ] GC(230)   Post Evacuate Collection Set: 0,5ms
[2022-09-01T20:01:08.179+0300][gc,phases   ] GC(230)   Other: 0,1ms
[2022-09-01T20:01:08.179+0300][gc,heap     ] GC(230) Eden regions: 52->0(46)
[2022-09-01T20:01:08.179+0300][gc,heap     ] GC(230) Survivor regions: 5->5(8)
[2022-09-01T20:01:08.179+0300][gc,heap     ] GC(230) Old regions: 76->77
[2022-09-01T20:01:08.179+0300][gc,heap     ] GC(230) Archive regions: 2->2
[2022-09-01T20:01:08.179+0300][gc,heap     ] GC(230) Humongous regions: 129->129
[2022-09-01T20:01:08.179+0300][gc,metaspace] GC(230) Metaspace: 44895K(45568K)->44895K(45568K) NonClass: 39808K(40192K)->39808K(40192K) Class: 5087K(5376K)->5087K(5376K)
[2022-09-01T20:01:08.179+0300][gc          ] GC(230) Pause Young (Normal) (G1 Evacuation Pause) 262M->211M(1024M) 34,979ms
[2022-09-01T20:01:08.179+0300][gc,cpu      ] GC(230) User=0,01s Sys=0,01s Real=0,03s
[2022-09-01T20:01:15.489+0300][gc,start    ] GC(231) Pause Young (Normal) (G1 Evacuation Pause)
[2022-09-01T20:01:15.489+0300][gc,task     ] GC(231) Using 2 workers of 2 for evacuation
[2022-09-01T20:01:15.506+0300][gc,phases   ] GC(231)   Pre Evacuate Collection Set: 0,1ms
[2022-09-01T20:01:15.506+0300][gc,phases   ] GC(231)   Merge Heap Roots: 0,2ms
[2022-09-01T20:01:15.506+0300][gc,phases   ] GC(231)   Evacuate Collection Set: 16,4ms
[2022-09-01T20:01:15.506+0300][gc,phases   ] GC(231)   Post Evacuate Collection Set: 0,5ms
[2022-09-01T20:01:15.506+0300][gc,phases   ] GC(231)   Other: 0,1ms
[2022-09-01T20:01:15.506+0300][gc,heap     ] GC(231) Eden regions: 46->0(126)
[2022-09-01T20:01:15.506+0300][gc,heap     ] GC(231) Survivor regions: 5->4(7)
[2022-09-01T20:01:15.506+0300][gc,heap     ] GC(231) Old regions: 77->78
[2022-09-01T20:01:15.506+0300][gc,heap     ] GC(231) Archive regions: 2->2
[2022-09-01T20:01:15.506+0300][gc,heap     ] GC(231) Humongous regions: 129->129
[2022-09-01T20:01:15.506+0300][gc,metaspace] GC(231) Metaspace: 44895K(45568K)->44895K(45568K) NonClass: 39808K(40192K)->39808K(40192K) Class: 5087K(5376K)->5087K(5376K)
[2022-09-01T20:01:15.506+0300][gc          ] GC(231) Pause Young (Normal) (G1 Evacuation Pause) 257M->211M(1024M) 17,601ms
[2022-09-01T20:01:15.506+0300][gc,cpu      ] GC(231) User=0,00s Sys=0,01s Real=0,02s
[2022-09-01T20:07:25.539+0300][gc,start    ] GC(232) Pause Young (Normal) (G1 Evacuation Pause)
[2022-09-01T20:07:25.540+0300][gc,task     ] GC(232) Using 2 workers of 2 for evacuation
[2022-09-01T20:07:25.558+0300][gc,phases   ] GC(232)   Pre Evacuate Collection Set: 0,2ms
[2022-09-01T20:07:25.558+0300][gc,phases   ] GC(232)   Merge Heap Roots: 0,2ms
[2022-09-01T20:07:25.558+0300][gc,phases   ] GC(232)   Evacuate Collection Set: 16,9ms
[2022-09-01T20:07:25.558+0300][gc,phases   ] GC(232)   Post Evacuate Collection Set: 1,0ms
[2022-09-01T20:07:25.558+0300][gc,phases   ] GC(232)   Other: 0,2ms
[2022-09-01T20:07:25.558+0300][gc,heap     ] GC(232) Eden regions: 63->0(43)
[2022-09-01T20:07:25.558+0300][gc,heap     ] GC(232) Survivor regions: 4->8(9)
[2022-09-01T20:07:25.558+0300][gc,heap     ] GC(232) Old regions: 78->78
[2022-09-01T20:07:25.558+0300][gc,heap     ] GC(232) Archive regions: 2->2
[2022-09-01T20:07:25.558+0300][gc,heap     ] GC(232) Humongous regions: 129->129
[2022-09-01T20:07:25.558+0300][gc,metaspace] GC(232) Metaspace: 44895K(45568K)->44895K(45568K) NonClass: 39808K(40192K)->39808K(40192K) Class: 5087K(5376K)->5087K(5376K)
[2022-09-01T20:07:25.558+0300][gc          ] GC(232) Pause Young (Normal) (G1 Evacuation Pause) 274M->215M(1024M) 18,962ms
[2022-09-01T20:07:25.558+0300][gc,cpu      ] GC(232) User=0,01s Sys=0,02s Real=0,01s
[2022-09-01T20:12:45.901+0300][gc,start    ] GC(233) Pause Young (Normal) (G1 Evacuation Pause)
[2022-09-01T20:12:45.901+0300][gc,task     ] GC(233) Using 2 workers of 2 for evacuation
[2022-09-01T20:12:45.936+0300][gc,mmu      ] GC(233) MMU target violated: 21,0ms (20,0ms/21,0ms)
[2022-09-01T20:12:45.936+0300][gc,phases   ] GC(233)   Pre Evacuate Collection Set: 0,1ms
[2022-09-01T20:12:45.936+0300][gc,phases   ] GC(233)   Merge Heap Roots: 0,2ms
[2022-09-01T20:12:45.936+0300][gc,phases   ] GC(233)   Evacuate Collection Set: 31,2ms
[2022-09-01T20:12:45.936+0300][gc,phases   ] GC(233)   Post Evacuate Collection Set: 3,0ms
[2022-09-01T20:12:45.936+0300][gc,phases   ] GC(233)   Other: 0,2ms
[2022-09-01T20:12:45.936+0300][gc,heap     ] GC(233) Eden regions: 43->0(47)
[2022-09-01T20:12:45.936+0300][gc,heap     ] GC(233) Survivor regions: 8->4(7)
[2022-09-01T20:12:45.936+0300][gc,heap     ] GC(233) Old regions: 78->84
[2022-09-01T20:12:45.936+0300][gc,heap     ] GC(233) Archive regions: 2->2
[2022-09-01T20:12:45.936+0300][gc,heap     ] GC(233) Humongous regions: 129->129
[2022-09-01T20:12:45.936+0300][gc,metaspace] GC(233) Metaspace: 44895K(45568K)->44895K(45568K) NonClass: 39808K(40192K)->39808K(40192K) Class: 5087K(5376K)->5087K(5376K)
[2022-09-01T20:12:45.936+0300][gc          ] GC(233) Pause Young (Normal) (G1 Evacuation Pause) 258M->216M(1024M) 34,921ms
[2022-09-01T20:12:45.936+0300][gc,cpu      ] GC(233) User=0,02s Sys=0,01s Real=0,03s
[2022-09-01T20:12:53.602+0300][gc,start    ] GC(234) Pause Young (Normal) (G1 Evacuation Pause)
[2022-09-01T20:12:53.602+0300][gc,task     ] GC(234) Using 2 workers of 2 for evacuation
[2022-09-01T20:12:53.616+0300][gc,phases   ] GC(234)   Pre Evacuate Collection Set: 0,2ms
[2022-09-01T20:12:53.616+0300][gc,phases   ] GC(234)   Merge Heap Roots: 0,4ms
[2022-09-01T20:12:53.616+0300][gc,phases   ] GC(234)   Evacuate Collection Set: 12,1ms
[2022-09-01T20:12:53.616+0300][gc,phases   ] GC(234)   Post Evacuate Collection Set: 1,0ms
[2022-09-01T20:12:53.616+0300][gc,phases   ] GC(234)   Other: 0,1ms
[2022-09-01T20:12:53.616+0300][gc,heap     ] GC(234) Eden regions: 47->0(47)
[2022-09-01T20:12:53.616+0300][gc,heap     ] GC(234) Survivor regions: 4->4(7)
[2022-09-01T20:12:53.616+0300][gc,heap     ] GC(234) Old regions: 84->84
[2022-09-01T20:12:53.616+0300][gc,heap     ] GC(234) Archive regions: 2->2
[2022-09-01T20:12:53.616+0300][gc,heap     ] GC(234) Humongous regions: 129->129
[2022-09-01T20:12:53.616+0300][gc,metaspace] GC(234) Metaspace: 44895K(45568K)->44895K(45568K) NonClass: 39808K(40192K)->39808K(40192K) Class: 5087K(5376K)->5087K(5376K)
[2022-09-01T20:12:53.616+0300][gc          ] GC(234) Pause Young (Normal) (G1 Evacuation Pause) 263M->217M(1024M) 13,936ms
[2022-09-01T20:12:53.616+0300][gc,cpu      ] GC(234) User=0,01s Sys=0,01s Real=0,00s
[2022-09-01T20:13:04.905+0300][gc,start    ] GC(235) Pause Young (Normal) (G1 Evacuation Pause)
[2022-09-01T20:13:04.905+0300][gc,task     ] GC(235) Using 2 workers of 2 for evacuation
[2022-09-01T20:13:04.943+0300][gc,mmu      ] GC(235) MMU target violated: 21,0ms (20,0ms/21,0ms)
[2022-09-01T20:13:04.943+0300][gc,phases   ] GC(235)   Pre Evacuate Collection Set: 0,2ms
[2022-09-01T20:13:04.943+0300][gc,phases   ] GC(235)   Merge Heap Roots: 0,1ms
[2022-09-01T20:13:04.943+0300][gc,phases   ] GC(235)   Evacuate Collection Set: 37,4ms
[2022-09-01T20:13:04.943+0300][gc,phases   ] GC(235)   Post Evacuate Collection Set: 0,4ms
[2022-09-01T20:13:04.943+0300][gc,phases   ] GC(235)   Other: 0,3ms
[2022-09-01T20:13:04.943+0300][gc,heap     ] GC(235) Eden regions: 47->0(69)
[2022-09-01T20:13:04.943+0300][gc,heap     ] GC(235) Survivor regions: 4->3(7)
[2022-09-01T20:13:04.943+0300][gc,heap     ] GC(235) Old regions: 84->86
[2022-09-01T20:13:04.943+0300][gc,heap     ] GC(235) Archive regions: 2->2
[2022-09-01T20:13:04.943+0300][gc,heap     ] GC(235) Humongous regions: 129->129
[2022-09-01T20:13:04.943+0300][gc,metaspace] GC(235) Metaspace: 44895K(45568K)->44895K(45568K) NonClass: 39808K(40192K)->39808K(40192K) Class: 5087K(5376K)->5087K(5376K)
[2022-09-01T20:13:04.944+0300][gc          ] GC(235) Pause Young (Normal) (G1 Evacuation Pause) 264M->218M(1024M) 38,843ms
[2022-09-01T20:13:04.944+0300][gc,cpu      ] GC(235) User=0,01s Sys=0,02s Real=0,04s
[2022-09-01T20:13:19.665+0300][gc,start    ] GC(236) Pause Young (Normal) (G1 Evacuation Pause)
[2022-09-01T20:13:19.666+0300][gc,task     ] GC(236) Using 2 workers of 2 for evacuation
[2022-09-01T20:13:19.694+0300][gc,mmu      ] GC(236) MMU target violated: 21,0ms (20,0ms/21,0ms)
[2022-09-01T20:13:19.694+0300][gc,phases   ] GC(236)   Pre Evacuate Collection Set: 0,2ms
[2022-09-01T20:13:19.694+0300][gc,phases   ] GC(236)   Merge Heap Roots: 0,5ms
[2022-09-01T20:13:19.694+0300][gc,phases   ] GC(236)   Evacuate Collection Set: 21,3ms
[2022-09-01T20:13:19.694+0300][gc,phases   ] GC(236)   Post Evacuate Collection Set: 6,4ms
[2022-09-01T20:13:19.694+0300][gc,phases   ] GC(236)   Other: 0,2ms
[2022-09-01T20:13:19.694+0300][gc,heap     ] GC(236) Eden regions: 69->0(46)
[2022-09-01T20:13:19.694+0300][gc,heap     ] GC(236) Survivor regions: 3->5(9)
[2022-09-01T20:13:19.694+0300][gc,heap     ] GC(236) Old regions: 86->86
[2022-09-01T20:13:19.694+0300][gc,heap     ] GC(236) Archive regions: 2->2
[2022-09-01T20:13:19.694+0300][gc,heap     ] GC(236) Humongous regions: 129->129
[2022-09-01T20:13:19.694+0300][gc,metaspace] GC(236) Metaspace: 44895K(45568K)->44895K(45568K) NonClass: 39808K(40192K)->39808K(40192K) Class: 5087K(5376K)->5087K(5376K)
[2022-09-01T20:13:19.694+0300][gc          ] GC(236) Pause Young (Normal) (G1 Evacuation Pause) 287M->219M(1024M) 28,823ms
[2022-09-01T20:13:19.694+0300][gc,cpu      ] GC(236) User=0,01s Sys=0,01s Real=0,03s
[2022-09-01T20:13:27.203+0300][gc,start    ] GC(237) Pause Young (Normal) (G1 Evacuation Pause)
[2022-09-01T20:13:27.203+0300][gc,task     ] GC(237) Using 2 workers of 2 for evacuation
[2022-09-01T20:13:27.217+0300][gc,phases   ] GC(237)   Pre Evacuate Collection Set: 0,2ms
[2022-09-01T20:13:27.217+0300][gc,phases   ] GC(237)   Merge Heap Roots: 0,1ms
[2022-09-01T20:13:27.217+0300][gc,phases   ] GC(237)   Evacuate Collection Set: 12,1ms
[2022-09-01T20:13:27.217+0300][gc,phases   ] GC(237)   Post Evacuate Collection Set: 0,8ms
[2022-09-01T20:13:27.217+0300][gc,phases   ] GC(237)   Other: 0,1ms
[2022-09-01T20:13:27.217+0300][gc,heap     ] GC(237) Eden regions: 46->0(60)
[2022-09-01T20:13:27.217+0300][gc,heap     ] GC(237) Survivor regions: 5->4(7)
[2022-09-01T20:13:27.217+0300][gc,heap     ] GC(237) Old regions: 86->87
[2022-09-01T20:13:27.217+0300][gc,heap     ] GC(237) Archive regions: 2->2
[2022-09-01T20:13:27.217+0300][gc,heap     ] GC(237) Humongous regions: 129->129
[2022-09-01T20:13:27.217+0300][gc,metaspace] GC(237) Metaspace: 44895K(45568K)->44895K(45568K) NonClass: 39808K(40192K)->39808K(40192K) Class: 5087K(5376K)->5087K(5376K)
[2022-09-01T20:13:27.217+0300][gc          ] GC(237) Pause Young (Normal) (G1 Evacuation Pause) 265M->220M(1024M) 13,603ms
[2022-09-01T20:13:27.217+0300][gc,cpu      ] GC(237) User=0,00s Sys=0,02s Real=0,01s
[2022-09-01T20:13:36.857+0300][gc,start    ] GC(238) Pause Young (Normal) (G1 Evacuation Pause)
[2022-09-01T20:13:36.857+0300][gc,task     ] GC(238) Using 2 workers of 2 for evacuation
[2022-09-01T20:13:36.880+0300][gc,mmu      ] GC(238) MMU target violated: 21,0ms (20,0ms/21,0ms)
[2022-09-01T20:13:36.880+0300][gc,phases   ] GC(238)   Pre Evacuate Collection Set: 0,6ms
[2022-09-01T20:13:36.880+0300][gc,phases   ] GC(238)   Merge Heap Roots: 0,4ms
[2022-09-01T20:13:36.880+0300][gc,phases   ] GC(238)   Evacuate Collection Set: 20,9ms
[2022-09-01T20:13:36.880+0300][gc,phases   ] GC(238)   Post Evacuate Collection Set: 0,5ms
[2022-09-01T20:13:36.880+0300][gc,phases   ] GC(238)   Other: 0,1ms
[2022-09-01T20:13:36.880+0300][gc,heap     ] GC(238) Eden regions: 60->0(45)
[2022-09-01T20:13:36.880+0300][gc,heap     ] GC(238) Survivor regions: 4->6(8)
[2022-09-01T20:13:36.880+0300][gc,heap     ] GC(238) Old regions: 87->87
[2022-09-01T20:13:36.880+0300][gc,heap     ] GC(238) Archive regions: 2->2
[2022-09-01T20:13:36.880+0300][gc,heap     ] GC(238) Humongous regions: 129->129
[2022-09-01T20:13:36.880+0300][gc,metaspace] GC(238) Metaspace: 44895K(45568K)->44895K(45568K) NonClass: 39808K(40192K)->39808K(40192K) Class: 5087K(5376K)->5087K(5376K)
[2022-09-01T20:13:36.880+0300][gc          ] GC(238) Pause Young (Normal) (G1 Evacuation Pause) 280M->222M(1024M) 22,712ms
[2022-09-01T20:13:36.880+0300][gc,cpu      ] GC(238) User=0,02s Sys=0,01s Real=0,03s
[2022-09-01T20:13:44.103+0300][gc,start    ] GC(239) Pause Young (Normal) (G1 Evacuation Pause)
[2022-09-01T20:13:44.103+0300][gc,task     ] GC(239) Using 2 workers of 2 for evacuation
[2022-09-01T20:13:44.121+0300][gc,phases   ] GC(239)   Pre Evacuate Collection Set: 0,1ms
[2022-09-01T20:13:44.121+0300][gc,phases   ] GC(239)   Merge Heap Roots: 0,1ms
[2022-09-01T20:13:44.121+0300][gc,phases   ] GC(239)   Evacuate Collection Set: 17,2ms
[2022-09-01T20:13:44.121+0300][gc,phases   ] GC(239)   Post Evacuate Collection Set: 0,6ms
[2022-09-01T20:13:44.121+0300][gc,phases   ] GC(239)   Other: 0,1ms
[2022-09-01T20:13:44.121+0300][gc,heap     ] GC(239) Eden regions: 45->0(167)
[2022-09-01T20:13:44.121+0300][gc,heap     ] GC(239) Survivor regions: 6->3(7)
[2022-09-01T20:13:44.121+0300][gc,heap     ] GC(239) Old regions: 87->90
[2022-09-01T20:13:44.121+0300][gc,heap     ] GC(239) Archive regions: 2->2
[2022-09-01T20:13:44.121+0300][gc,heap     ] GC(239) Humongous regions: 129->129
[2022-09-01T20:13:44.121+0300][gc,metaspace] GC(239) Metaspace: 44895K(45568K)->44895K(45568K) NonClass: 39808K(40192K)->39808K(40192K) Class: 5087K(5376K)->5087K(5376K)
[2022-09-01T20:13:44.121+0300][gc          ] GC(239) Pause Young (Normal) (G1 Evacuation Pause) 267M->222M(1024M) 18,293ms
[2022-09-01T20:13:44.121+0300][gc,cpu      ] GC(239) User=0,00s Sys=0,02s Real=0,02s
[2022-09-01T20:14:09.966+0300][gc,start    ] GC(240) Pause Young (Normal) (G1 Evacuation Pause)
[2022-09-01T20:14:09.967+0300][gc,task     ] GC(240) Using 2 workers of 2 for evacuation
[2022-09-01T20:14:09.991+0300][gc,mmu      ] GC(240) MMU target violated: 21,0ms (20,0ms/21,0ms)
[2022-09-01T20:14:09.991+0300][gc,phases   ] GC(240)   Pre Evacuate Collection Set: 0,1ms
[2022-09-01T20:14:09.991+0300][gc,phases   ] GC(240)   Merge Heap Roots: 0,2ms
[2022-09-01T20:14:09.991+0300][gc,phases   ] GC(240)   Evacuate Collection Set: 23,2ms
[2022-09-01T20:14:09.991+0300][gc,phases   ] GC(240)   Post Evacuate Collection Set: 0,7ms
[2022-09-01T20:14:09.991+0300][gc,phases   ] GC(240)   Other: 0,2ms
[2022-09-01T20:14:09.991+0300][gc,heap     ] GC(240) Eden regions: 159->0(63)
[2022-09-01T20:14:09.991+0300][gc,heap     ] GC(240) Survivor regions: 3->5(21)
[2022-09-01T20:14:09.991+0300][gc,heap     ] GC(240) Old regions: 90->90
[2022-09-01T20:14:09.991+0300][gc,heap     ] GC(240) Archive regions: 2->2
[2022-09-01T20:14:09.991+0300][gc,heap     ] GC(240) Humongous regions: 129->129
[2022-09-01T20:14:09.991+0300][gc,metaspace] GC(240) Metaspace: 44895K(45568K)->44895K(45568K) NonClass: 39808K(40192K)->39808K(40192K) Class: 5087K(5376K)->5087K(5376K)
[2022-09-01T20:14:09.991+0300][gc          ] GC(240) Pause Young (Normal) (G1 Evacuation Pause) 381M->224M(1024M) 24,515ms
[2022-09-01T20:14:09.991+0300][gc,cpu      ] GC(240) User=0,02s Sys=0,01s Real=0,02s
[2022-09-01T20:14:20.111+0300][gc,start    ] GC(241) Pause Young (Normal) (G1 Evacuation Pause)
[2022-09-01T20:14:20.111+0300][gc,task     ] GC(241) Using 2 workers of 2 for evacuation
[2022-09-01T20:14:20.133+0300][gc,mmu      ] GC(241) MMU target violated: 21,0ms (20,0ms/21,0ms)
[2022-09-01T20:14:20.133+0300][gc,phases   ] GC(241)   Pre Evacuate Collection Set: 0,1ms
[2022-09-01T20:14:20.133+0300][gc,phases   ] GC(241)   Merge Heap Roots: 0,1ms
[2022-09-01T20:14:20.133+0300][gc,phases   ] GC(241)   Evacuate Collection Set: 20,9ms
[2022-09-01T20:14:20.133+0300][gc,phases   ] GC(241)   Post Evacuate Collection Set: 0,5ms
[2022-09-01T20:14:20.133+0300][gc,phases   ] GC(241)   Other: 0,1ms
[2022-09-01T20:14:20.133+0300][gc,heap     ] GC(241) Eden regions: 63->0(52)
[2022-09-01T20:14:20.133+0300][gc,heap     ] GC(241) Survivor regions: 5->6(9)
[2022-09-01T20:14:20.133+0300][gc,heap     ] GC(241) Old regions: 90->90
[2022-09-01T20:14:20.133+0300][gc,heap     ] GC(241) Archive regions: 2->2
[2022-09-01T20:14:20.133+0300][gc,heap     ] GC(241) Humongous regions: 129->129
[2022-09-01T20:14:20.133+0300][gc,metaspace] GC(241) Metaspace: 44895K(45568K)->44895K(45568K) NonClass: 39808K(40192K)->39808K(40192K) Class: 5087K(5376K)->5087K(5376K)
[2022-09-01T20:14:20.133+0300][gc          ] GC(241) Pause Young (Normal) (G1 Evacuation Pause) 287M->225M(1024M) 22,055ms
[2022-09-01T20:14:20.133+0300][gc,cpu      ] GC(241) User=0,01s Sys=0,01s Real=0,02s
[2022-09-01T20:16:44.382+0300][gc,start    ] GC(242) Pause Young (Normal) (G1 Evacuation Pause)
[2022-09-01T20:16:44.383+0300][gc,task     ] GC(242) Using 2 workers of 2 for evacuation
[2022-09-01T20:16:44.400+0300][gc,phases   ] GC(242)   Pre Evacuate Collection Set: 0,1ms
[2022-09-01T20:16:44.400+0300][gc,phases   ] GC(242)   Merge Heap Roots: 0,5ms
[2022-09-01T20:16:44.400+0300][gc,phases   ] GC(242)   Evacuate Collection Set: 15,9ms
[2022-09-01T20:16:44.400+0300][gc,phases   ] GC(242)   Post Evacuate Collection Set: 0,6ms
[2022-09-01T20:16:44.400+0300][gc,phases   ] GC(242)   Other: 0,1ms
[2022-09-01T20:16:44.400+0300][gc,heap     ] GC(242) Eden regions: 52->0(74)
[2022-09-01T20:16:44.400+0300][gc,heap     ] GC(242) Survivor regions: 6->6(8)
[2022-09-01T20:16:44.400+0300][gc,heap     ] GC(242) Old regions: 90->92
[2022-09-01T20:16:44.400+0300][gc,heap     ] GC(242) Archive regions: 2->2
[2022-09-01T20:16:44.400+0300][gc,heap     ] GC(242) Humongous regions: 129->129
[2022-09-01T20:16:44.400+0300][gc,metaspace] GC(242) Metaspace: 44895K(45568K)->44895K(45568K) NonClass: 39808K(40192K)->39808K(40192K) Class: 5087K(5376K)->5087K(5376K)
[2022-09-01T20:16:44.400+0300][gc          ] GC(242) Pause Young (Normal) (G1 Evacuation Pause) 277M->227M(1024M) 17,314ms
[2022-09-01T20:16:44.400+0300][gc,cpu      ] GC(242) User=0,01s Sys=0,02s Real=0,01s
[2022-09-01T20:16:57.821+0300][gc,start    ] GC(243) Pause Young (Normal) (G1 Evacuation Pause)
[2022-09-01T20:16:57.821+0300][gc,task     ] GC(243) Using 2 workers of 2 for evacuation
[2022-09-01T20:16:57.912+0300][gc,mmu      ] GC(243) MMU target violated: 21,0ms (20,0ms/21,0ms)
[2022-09-01T20:16:57.916+0300][gc,phases   ] GC(243)   Pre Evacuate Collection Set: 0,2ms
[2022-09-01T20:16:57.916+0300][gc,phases   ] GC(243)   Merge Heap Roots: 0,1ms
[2022-09-01T20:16:57.916+0300][gc,phases   ] GC(243)   Evacuate Collection Set: 90,0ms
[2022-09-01T20:16:57.916+0300][gc,phases   ] GC(243)   Post Evacuate Collection Set: 1,1ms
[2022-09-01T20:16:57.916+0300][gc,phases   ] GC(243)   Other: 4,1ms
[2022-09-01T20:16:57.916+0300][gc,heap     ] GC(243) Eden regions: 66->0(44)
[2022-09-01T20:16:57.916+0300][gc,heap     ] GC(243) Survivor regions: 6->7(9)
[2022-09-01T20:16:57.916+0300][gc,heap     ] GC(243) Old regions: 92->93
[2022-09-01T20:16:57.916+0300][gc,heap     ] GC(243) Archive regions: 2->2
[2022-09-01T20:16:57.916+0300][gc,heap     ] GC(243) Humongous regions: 129->129
[2022-09-01T20:16:57.916+0300][gc,metaspace] GC(243) Metaspace: 44895K(45568K)->44895K(45568K) NonClass: 39808K(40192K)->39808K(40192K) Class: 5087K(5376K)->5087K(5376K)
[2022-09-01T20:16:57.916+0300][gc          ] GC(243) Pause Young (Normal) (G1 Evacuation Pause) 293M->229M(1024M) 95,621ms
[2022-09-01T20:16:57.916+0300][gc,cpu      ] GC(243) User=0,02s Sys=0,03s Real=0,10s
[2022-09-01T20:17:06.877+0300][gc,start    ] GC(244) Pause Young (Normal) (G1 Evacuation Pause)
[2022-09-01T20:17:06.877+0300][gc,task     ] GC(244) Using 2 workers of 2 for evacuation
[2022-09-01T20:17:06.901+0300][gc,mmu      ] GC(244) MMU target violated: 21,0ms (20,0ms/21,0ms)
[2022-09-01T20:17:06.901+0300][gc,phases   ] GC(244)   Pre Evacuate Collection Set: 0,1ms
[2022-09-01T20:17:06.901+0300][gc,phases   ] GC(244)   Merge Heap Roots: 0,1ms
[2022-09-01T20:17:06.901+0300][gc,phases   ] GC(244)   Evacuate Collection Set: 21,7ms
[2022-09-01T20:17:06.901+0300][gc,phases   ] GC(244)   Post Evacuate Collection Set: 1,4ms
[2022-09-01T20:17:06.901+0300][gc,phases   ] GC(244)   Other: 0,2ms
[2022-09-01T20:17:06.901+0300][gc,heap     ] GC(244) Eden regions: 44->0(47)
[2022-09-01T20:17:06.901+0300][gc,heap     ] GC(244) Survivor regions: 7->4(7)
[2022-09-01T20:17:06.901+0300][gc,heap     ] GC(244) Old regions: 93->97
[2022-09-01T20:17:06.901+0300][gc,heap     ] GC(244) Archive regions: 2->2
[2022-09-01T20:17:06.901+0300][gc,heap     ] GC(244) Humongous regions: 129->129
[2022-09-01T20:17:06.901+0300][gc,metaspace] GC(244) Metaspace: 44895K(45568K)->44895K(45568K) NonClass: 39808K(40192K)->39808K(40192K) Class: 5087K(5376K)->5087K(5376K)
[2022-09-01T20:17:06.901+0300][gc          ] GC(244) Pause Young (Normal) (G1 Evacuation Pause) 273M->230M(1024M) 23,673ms
[2022-09-01T20:17:06.901+0300][gc,cpu      ] GC(244) User=0,01s Sys=0,01s Real=0,03s
[2022-09-01T20:17:15.158+0300][gc,start    ] GC(245) Pause Young (Normal) (G1 Evacuation Pause)
[2022-09-01T20:17:15.158+0300][gc,task     ] GC(245) Using 2 workers of 2 for evacuation
[2022-09-01T20:17:15.174+0300][gc,phases   ] GC(245)   Pre Evacuate Collection Set: 0,3ms
[2022-09-01T20:17:15.174+0300][gc,phases   ] GC(245)   Merge Heap Roots: 0,1ms
[2022-09-01T20:17:15.174+0300][gc,phases   ] GC(245)   Evacuate Collection Set: 14,0ms
[2022-09-01T20:17:15.174+0300][gc,phases   ] GC(245)   Post Evacuate Collection Set: 1,2ms
[2022-09-01T20:17:15.174+0300][gc,phases   ] GC(245)   Other: 0,1ms
[2022-09-01T20:17:15.174+0300][gc,heap     ] GC(245) Eden regions: 47->0(46)
[2022-09-01T20:17:15.174+0300][gc,heap     ] GC(245) Survivor regions: 4->5(7)
[2022-09-01T20:17:15.174+0300][gc,heap     ] GC(245) Old regions: 97->97
[2022-09-01T20:17:15.174+0300][gc,heap     ] GC(245) Archive regions: 2->2
[2022-09-01T20:17:15.174+0300][gc,heap     ] GC(245) Humongous regions: 129->129
[2022-09-01T20:17:15.174+0300][gc,metaspace] GC(245) Metaspace: 44895K(45568K)->44895K(45568K) NonClass: 39808K(40192K)->39808K(40192K) Class: 5087K(5376K)->5087K(5376K)
[2022-09-01T20:17:15.174+0300][gc          ] GC(245) Pause Young (Normal) (G1 Evacuation Pause) 277M->231M(1024M) 15,863ms
[2022-09-01T20:17:15.174+0300][gc,cpu      ] GC(245) User=0,00s Sys=0,02s Real=0,02s
[2022-09-01T20:17:23.177+0300][gc,start    ] GC(246) Pause Young (Normal) (G1 Evacuation Pause)
[2022-09-01T20:17:23.177+0300][gc,task     ] GC(246) Using 2 workers of 2 for evacuation
[2022-09-01T20:17:23.202+0300][gc,mmu      ] GC(246) MMU target violated: 21,0ms (20,0ms/21,0ms)
[2022-09-01T20:17:23.202+0300][gc,phases   ] GC(246)   Pre Evacuate Collection Set: 0,2ms
[2022-09-01T20:17:23.202+0300][gc,phases   ] GC(246)   Merge Heap Roots: 0,9ms
[2022-09-01T20:17:23.202+0300][gc,phases   ] GC(246)   Evacuate Collection Set: 23,8ms
[2022-09-01T20:17:23.202+0300][gc,phases   ] GC(246)   Post Evacuate Collection Set: 0,5ms
[2022-09-01T20:17:23.202+0300][gc,phases   ] GC(246)   Other: 0,1ms
[2022-09-01T20:17:23.203+0300][gc,heap     ] GC(246) Eden regions: 46->0(92)
[2022-09-01T20:17:23.203+0300][gc,heap     ] GC(246) Survivor regions: 5->3(7)
[2022-09-01T20:17:23.203+0300][gc,heap     ] GC(246) Old regions: 97->100
[2022-09-01T20:17:23.203+0300][gc,heap     ] GC(246) Archive regions: 2->2
[2022-09-01T20:17:23.203+0300][gc,heap     ] GC(246) Humongous regions: 129->129
[2022-09-01T20:17:23.203+0300][gc,metaspace] GC(246) Metaspace: 44895K(45568K)->44895K(45568K) NonClass: 39808K(40192K)->39808K(40192K) Class: 5087K(5376K)->5087K(5376K)
[2022-09-01T20:17:23.203+0300][gc          ] GC(246) Pause Young (Normal) (G1 Evacuation Pause) 277M->232M(1024M) 25,704ms
[2022-09-01T20:17:23.203+0300][gc,cpu      ] GC(246) User=0,01s Sys=0,01s Real=0,03s
[2022-09-01T20:17:39.091+0300][gc,start    ] GC(247) Pause Young (Normal) (G1 Evacuation Pause)
[2022-09-01T20:17:39.091+0300][gc,task     ] GC(247) Using 2 workers of 2 for evacuation
[2022-09-01T20:17:39.116+0300][gc,mmu      ] GC(247) MMU target violated: 21,0ms (20,0ms/21,0ms)
[2022-09-01T20:17:39.116+0300][gc,phases   ] GC(247)   Pre Evacuate Collection Set: 0,2ms
[2022-09-01T20:17:39.116+0300][gc,phases   ] GC(247)   Merge Heap Roots: 0,2ms
[2022-09-01T20:17:39.116+0300][gc,phases   ] GC(247)   Evacuate Collection Set: 21,5ms
[2022-09-01T20:17:39.116+0300][gc,phases   ] GC(247)   Post Evacuate Collection Set: 2,6ms
[2022-09-01T20:17:39.116+0300][gc,phases   ] GC(247)   Other: 0,2ms
[2022-09-01T20:17:39.116+0300][gc,heap     ] GC(247) Eden regions: 86->0(47)
[2022-09-01T20:17:39.116+0300][gc,heap     ] GC(247) Survivor regions: 3->5(12)
[2022-09-01T20:17:39.116+0300][gc,heap     ] GC(247) Old regions: 100->100
[2022-09-01T20:17:39.116+0300][gc,heap     ] GC(247) Archive regions: 2->2
[2022-09-01T20:17:39.116+0300][gc,heap     ] GC(247) Humongous regions: 129->129
[2022-09-01T20:17:39.116+0300][gc,metaspace] GC(247) Metaspace: 44895K(45568K)->44895K(45568K) NonClass: 39808K(40192K)->39808K(40192K) Class: 5087K(5376K)->5087K(5376K)
[2022-09-01T20:17:39.116+0300][gc          ] GC(247) Pause Young (Normal) (G1 Evacuation Pause) 318M->233M(1024M) 24,876ms
[2022-09-01T20:17:39.116+0300][gc,cpu      ] GC(247) User=0,01s Sys=0,02s Real=0,02s
[2022-09-01T20:17:47.690+0300][gc,start    ] GC(248) Pause Young (Normal) (G1 Evacuation Pause)
[2022-09-01T20:17:47.690+0300][gc,task     ] GC(248) Using 2 workers of 2 for evacuation
[2022-09-01T20:17:47.712+0300][gc,mmu      ] GC(248) MMU target violated: 21,0ms (20,0ms/21,0ms)
[2022-09-01T20:17:47.712+0300][gc,phases   ] GC(248)   Pre Evacuate Collection Set: 0,2ms
[2022-09-01T20:17:47.712+0300][gc,phases   ] GC(248)   Merge Heap Roots: 0,1ms
[2022-09-01T20:17:47.712+0300][gc,phases   ] GC(248)   Evacuate Collection Set: 21,2ms
[2022-09-01T20:17:47.712+0300][gc,phases   ] GC(248)   Post Evacuate Collection Set: 0,6ms
[2022-09-01T20:17:47.712+0300][gc,phases   ] GC(248)   Other: 0,1ms
[2022-09-01T20:17:47.712+0300][gc,heap     ] GC(248) Eden regions: 47->0(96)
[2022-09-01T20:17:47.712+0300][gc,heap     ] GC(248) Survivor regions: 5->4(7)
[2022-09-01T20:17:47.712+0300][gc,heap     ] GC(248) Old regions: 100->101
[2022-09-01T20:17:47.712+0300][gc,heap     ] GC(248) Archive regions: 2->2
[2022-09-01T20:17:47.712+0300][gc,heap     ] GC(248) Humongous regions: 129->129
[2022-09-01T20:17:47.712+0300][gc,metaspace] GC(248) Metaspace: 44895K(45568K)->44895K(45568K) NonClass: 39808K(40192K)->39808K(40192K) Class: 5087K(5376K)->5087K(5376K)
[2022-09-01T20:17:47.712+0300][gc          ] GC(248) Pause Young (Normal) (G1 Evacuation Pause) 280M->234M(1024M) 22,490ms
[2022-09-01T20:17:47.712+0300][gc,cpu      ] GC(248) User=0,01s Sys=0,02s Real=0,03s
[2022-09-01T20:18:02.898+0300][gc,start    ] GC(249) Pause Young (Normal) (G1 Evacuation Pause)
[2022-09-01T20:18:02.898+0300][gc,task     ] GC(249) Using 2 workers of 2 for evacuation
[2022-09-01T20:18:02.927+0300][gc,mmu      ] GC(249) MMU target violated: 21,0ms (20,0ms/21,0ms)
[2022-09-01T20:18:02.927+0300][gc,phases   ] GC(249)   Pre Evacuate Collection Set: 0,1ms
[2022-09-01T20:18:02.927+0300][gc,phases   ] GC(249)   Merge Heap Roots: 0,2ms
[2022-09-01T20:18:02.927+0300][gc,phases   ] GC(249)   Evacuate Collection Set: 27,0ms
[2022-09-01T20:18:02.927+0300][gc,phases   ] GC(249)   Post Evacuate Collection Set: 1,0ms
[2022-09-01T20:18:02.927+0300][gc,phases   ] GC(249)   Other: 0,1ms
[2022-09-01T20:18:02.927+0300][gc,heap     ] GC(249) Eden regions: 88->0(46)
[2022-09-01T20:18:02.927+0300][gc,heap     ] GC(249) Survivor regions: 4->5(12)
[2022-09-01T20:18:02.927+0300][gc,heap     ] GC(249) Old regions: 101->101
[2022-09-01T20:18:02.927+0300][gc,heap     ] GC(249) Archive regions: 2->2
[2022-09-01T20:18:02.927+0300][gc,heap     ] GC(249) Humongous regions: 129->129
[2022-09-01T20:18:02.927+0300][gc,metaspace] GC(249) Metaspace: 44895K(45568K)->44895K(45568K) NonClass: 39808K(40192K)->39808K(40192K) Class: 5087K(5376K)->5087K(5376K)
[2022-09-01T20:18:02.927+0300][gc          ] GC(249) Pause Young (Normal) (G1 Evacuation Pause) 322M->235M(1024M) 28,657ms
[2022-09-01T20:18:02.927+0300][gc,cpu      ] GC(249) User=0,01s Sys=0,01s Real=0,03s
[2022-09-01T20:18:10.781+0300][gc,start    ] GC(250) Pause Young (Normal) (G1 Evacuation Pause)
[2022-09-01T20:18:10.781+0300][gc,task     ] GC(250) Using 2 workers of 2 for evacuation
[2022-09-01T20:18:10.820+0300][gc,mmu      ] GC(250) MMU target violated: 21,0ms (20,0ms/21,0ms)
[2022-09-01T20:18:10.820+0300][gc,phases   ] GC(250)   Pre Evacuate Collection Set: 0,1ms
[2022-09-01T20:18:10.820+0300][gc,phases   ] GC(250)   Merge Heap Roots: 0,1ms
[2022-09-01T20:18:10.820+0300][gc,phases   ] GC(250)   Evacuate Collection Set: 37,2ms
[2022-09-01T20:18:10.820+0300][gc,phases   ] GC(250)   Post Evacuate Collection Set: 0,7ms
[2022-09-01T20:18:10.820+0300][gc,phases   ] GC(250)   Other: 0,1ms
[2022-09-01T20:18:10.820+0300][gc,heap     ] GC(250) Eden regions: 46->0(47)
[2022-09-01T20:18:10.820+0300][gc,heap     ] GC(250) Survivor regions: 5->4(7)
[2022-09-01T20:18:10.820+0300][gc,heap     ] GC(250) Old regions: 101->103
[2022-09-01T20:18:10.820+0300][gc,heap     ] GC(250) Archive regions: 2->2
[2022-09-01T20:18:10.820+0300][gc,heap     ] GC(250) Humongous regions: 129->129
[2022-09-01T20:18:10.820+0300][gc,metaspace] GC(250) Metaspace: 44895K(45568K)->44895K(45568K) NonClass: 39808K(40192K)->39808K(40192K) Class: 5087K(5376K)->5087K(5376K)
[2022-09-01T20:18:10.820+0300][gc          ] GC(250) Pause Young (Normal) (G1 Evacuation Pause) 281M->235M(1024M) 38,419ms
[2022-09-01T20:18:10.820+0300][gc,cpu      ] GC(250) User=0,01s Sys=0,01s Real=0,03s
[2022-09-01T20:18:18.723+0300][gc,start    ] GC(251) Pause Young (Normal) (G1 Evacuation Pause)
[2022-09-01T20:18:18.723+0300][gc,task     ] GC(251) Using 2 workers of 2 for evacuation
[2022-09-01T20:18:18.751+0300][gc,mmu      ] GC(251) MMU target violated: 21,0ms (20,0ms/21,0ms)
[2022-09-01T20:18:18.751+0300][gc,phases   ] GC(251)   Pre Evacuate Collection Set: 0,1ms
[2022-09-01T20:18:18.751+0300][gc,phases   ] GC(251)   Merge Heap Roots: 0,2ms
[2022-09-01T20:18:18.751+0300][gc,phases   ] GC(251)   Evacuate Collection Set: 27,0ms
[2022-09-01T20:18:18.751+0300][gc,phases   ] GC(251)   Post Evacuate Collection Set: 0,6ms
[2022-09-01T20:18:18.751+0300][gc,phases   ] GC(251)   Other: 0,2ms
[2022-09-01T20:18:18.751+0300][gc,heap     ] GC(251) Eden regions: 47->0(47)
[2022-09-01T20:18:18.751+0300][gc,heap     ] GC(251) Survivor regions: 4->4(7)
[2022-09-01T20:18:18.751+0300][gc,heap     ] GC(251) Old regions: 103->103
[2022-09-01T20:18:18.751+0300][gc,heap     ] GC(251) Archive regions: 2->2
[2022-09-01T20:18:18.751+0300][gc,heap     ] GC(251) Humongous regions: 129->129
[2022-09-01T20:18:18.751+0300][gc,metaspace] GC(251) Metaspace: 44895K(45568K)->44895K(45568K) NonClass: 39808K(40192K)->39808K(40192K) Class: 5087K(5376K)->5087K(5376K)
[2022-09-01T20:18:18.751+0300][gc          ] GC(251) Pause Young (Normal) (G1 Evacuation Pause) 282M->236M(1024M) 28,308ms
[2022-09-01T20:18:18.751+0300][gc,cpu      ] GC(251) User=0,01s Sys=0,00s Real=0,02s
[2022-09-01T20:18:27.063+0300][gc,start    ] GC(252) Pause Young (Normal) (G1 Evacuation Pause)
[2022-09-01T20:18:27.063+0300][gc,task     ] GC(252) Using 2 workers of 2 for evacuation
[2022-09-01T20:18:27.096+0300][gc,mmu      ] GC(252) MMU target violated: 21,0ms (20,0ms/21,0ms)
[2022-09-01T20:18:27.096+0300][gc,phases   ] GC(252)   Pre Evacuate Collection Set: 0,1ms
[2022-09-01T20:18:27.096+0300][gc,phases   ] GC(252)   Merge Heap Roots: 0,1ms
[2022-09-01T20:18:27.096+0300][gc,phases   ] GC(252)   Evacuate Collection Set: 32,7ms
[2022-09-01T20:18:27.096+0300][gc,phases   ] GC(252)   Post Evacuate Collection Set: 0,5ms
[2022-09-01T20:18:27.096+0300][gc,phases   ] GC(252)   Other: 0,1ms
[2022-09-01T20:18:27.096+0300][gc,heap     ] GC(252) Eden regions: 47->0(47)
[2022-09-01T20:18:27.096+0300][gc,heap     ] GC(252) Survivor regions: 4->4(7)
[2022-09-01T20:18:27.096+0300][gc,heap     ] GC(252) Old regions: 103->104
[2022-09-01T20:18:27.096+0300][gc,heap     ] GC(252) Archive regions: 2->2
[2022-09-01T20:18:27.096+0300][gc,heap     ] GC(252) Humongous regions: 129->129
[2022-09-01T20:18:27.096+0300][gc,metaspace] GC(252) Metaspace: 44895K(45568K)->44895K(45568K) NonClass: 39808K(40192K)->39808K(40192K) Class: 5087K(5376K)->5087K(5376K)
[2022-09-01T20:18:27.096+0300][gc          ] GC(252) Pause Young (Normal) (G1 Evacuation Pause) 283M->236M(1024M) 33,687ms
[2022-09-01T20:18:27.096+0300][gc,cpu      ] GC(252) User=0,02s Sys=0,00s Real=0,03s
[2022-09-01T20:19:51.565+0300][gc,start    ] GC(253) Pause Young (Normal) (G1 Evacuation Pause)
[2022-09-01T20:19:51.565+0300][gc,task     ] GC(253) Using 2 workers of 2 for evacuation
[2022-09-01T20:19:51.618+0300][gc,mmu      ] GC(253) MMU target violated: 21,0ms (20,0ms/21,0ms)
[2022-09-01T20:19:51.618+0300][gc,phases   ] GC(253)   Pre Evacuate Collection Set: 0,1ms
[2022-09-01T20:19:51.618+0300][gc,phases   ] GC(253)   Merge Heap Roots: 0,2ms
[2022-09-01T20:19:51.618+0300][gc,phases   ] GC(253)   Evacuate Collection Set: 52,0ms
[2022-09-01T20:19:51.618+0300][gc,phases   ] GC(253)   Post Evacuate Collection Set: 0,6ms
[2022-09-01T20:19:51.618+0300][gc,phases   ] GC(253)   Other: 0,1ms
[2022-09-01T20:19:51.618+0300][gc,heap     ] GC(253) Eden regions: 47->0(46)
[2022-09-01T20:19:51.618+0300][gc,heap     ] GC(253) Survivor regions: 4->5(7)
[2022-09-01T20:19:51.618+0300][gc,heap     ] GC(253) Old regions: 104->104
[2022-09-01T20:19:51.618+0300][gc,heap     ] GC(253) Archive regions: 2->2
[2022-09-01T20:19:51.618+0300][gc,heap     ] GC(253) Humongous regions: 129->129
[2022-09-01T20:19:51.618+0300][gc,metaspace] GC(253) Metaspace: 44895K(45568K)->44895K(45568K) NonClass: 39808K(40192K)->39808K(40192K) Class: 5087K(5376K)->5087K(5376K)
[2022-09-01T20:19:51.618+0300][gc          ] GC(253) Pause Young (Normal) (G1 Evacuation Pause) 283M->237M(1024M) 53,229ms
[2022-09-01T20:19:51.618+0300][gc,cpu      ] GC(253) User=0,00s Sys=0,02s Real=0,03s
[2022-09-01T20:20:00.190+0300][gc,start    ] GC(254) Pause Young (Normal) (G1 Evacuation Pause)
[2022-09-01T20:20:00.190+0300][gc,task     ] GC(254) Using 2 workers of 2 for evacuation
[2022-09-01T20:20:00.242+0300][gc,mmu      ] GC(254) MMU target violated: 21,0ms (20,0ms/21,0ms)
[2022-09-01T20:20:00.243+0300][gc,phases   ] GC(254)   Pre Evacuate Collection Set: 0,1ms
[2022-09-01T20:20:00.243+0300][gc,phases   ] GC(254)   Merge Heap Roots: 0,1ms
[2022-09-01T20:20:00.243+0300][gc,phases   ] GC(254)   Evacuate Collection Set: 51,2ms
[2022-09-01T20:20:00.243+0300][gc,phases   ] GC(254)   Post Evacuate Collection Set: 0,7ms
[2022-09-01T20:20:00.243+0300][gc,phases   ] GC(254)   Other: 0,5ms
[2022-09-01T20:20:00.243+0300][gc,heap     ] GC(254) Eden regions: 46->0(46)
[2022-09-01T20:20:00.243+0300][gc,heap     ] GC(254) Survivor regions: 5->5(7)
[2022-09-01T20:20:00.243+0300][gc,heap     ] GC(254) Old regions: 104->105
[2022-09-01T20:20:00.243+0300][gc,heap     ] GC(254) Archive regions: 2->2
[2022-09-01T20:20:00.243+0300][gc,heap     ] GC(254) Humongous regions: 129->129
[2022-09-01T20:20:00.243+0300][gc,metaspace] GC(254) Metaspace: 44895K(45568K)->44895K(45568K) NonClass: 39808K(40192K)->39808K(40192K) Class: 5087K(5376K)->5087K(5376K)
[2022-09-01T20:20:00.243+0300][gc          ] GC(254) Pause Young (Normal) (G1 Evacuation Pause) 283M->238M(1024M) 52,853ms
[2022-09-01T20:20:00.243+0300][gc,cpu      ] GC(254) User=0,02s Sys=0,01s Real=0,06s
[2022-09-01T20:20:09.123+0300][gc,start    ] GC(255) Pause Young (Normal) (G1 Evacuation Pause)
[2022-09-01T20:20:09.123+0300][gc,task     ] GC(255) Using 2 workers of 2 for evacuation
[2022-09-01T20:20:09.171+0300][gc,mmu      ] GC(255) MMU target violated: 21,0ms (20,0ms/21,0ms)
[2022-09-01T20:20:09.171+0300][gc,phases   ] GC(255)   Pre Evacuate Collection Set: 0,4ms
[2022-09-01T20:20:09.171+0300][gc,phases   ] GC(255)   Merge Heap Roots: 0,8ms
[2022-09-01T20:20:09.171+0300][gc,phases   ] GC(255)   Evacuate Collection Set: 43,9ms
[2022-09-01T20:20:09.171+0300][gc,phases   ] GC(255)   Post Evacuate Collection Set: 2,0ms
[2022-09-01T20:20:09.171+0300][gc,phases   ] GC(255)   Other: 0,2ms
[2022-09-01T20:20:09.171+0300][gc,heap     ] GC(255) Eden regions: 46->0(46)
[2022-09-01T20:20:09.171+0300][gc,heap     ] GC(255) Survivor regions: 5->5(7)
[2022-09-01T20:20:09.171+0300][gc,heap     ] GC(255) Old regions: 105->106
[2022-09-01T20:20:09.171+0300][gc,heap     ] GC(255) Archive regions: 2->2
[2022-09-01T20:20:09.171+0300][gc,heap     ] GC(255) Humongous regions: 129->129
[2022-09-01T20:20:09.171+0300][gc,metaspace] GC(255) Metaspace: 44895K(45568K)->44895K(45568K) NonClass: 39808K(40192K)->39808K(40192K) Class: 5087K(5376K)->5087K(5376K)
[2022-09-01T20:20:09.171+0300][gc          ] GC(255) Pause Young (Normal) (G1 Evacuation Pause) 284M->239M(1024M) 47,422ms
[2022-09-01T20:20:09.171+0300][gc,cpu      ] GC(255) User=0,02s Sys=0,00s Real=0,04s
[2022-09-01T20:20:18.100+0300][gc,start    ] GC(256) Pause Young (Normal) (G1 Evacuation Pause)
[2022-09-01T20:20:18.100+0300][gc,task     ] GC(256) Using 2 workers of 2 for evacuation
[2022-09-01T20:20:18.142+0300][gc,mmu      ] GC(256) MMU target violated: 21,0ms (20,0ms/21,0ms)
[2022-09-01T20:20:18.142+0300][gc,phases   ] GC(256)   Pre Evacuate Collection Set: 0,2ms
[2022-09-01T20:20:18.142+0300][gc,phases   ] GC(256)   Merge Heap Roots: 0,2ms
[2022-09-01T20:20:18.142+0300][gc,phases   ] GC(256)   Evacuate Collection Set: 41,1ms
[2022-09-01T20:20:18.142+0300][gc,phases   ] GC(256)   Post Evacuate Collection Set: 0,5ms
[2022-09-01T20:20:18.142+0300][gc,phases   ] GC(256)   Other: 0,1ms
[2022-09-01T20:20:18.142+0300][gc,heap     ] GC(256) Eden regions: 46->0(46)
[2022-09-01T20:20:18.142+0300][gc,heap     ] GC(256) Survivor regions: 5->5(7)
[2022-09-01T20:20:18.142+0300][gc,heap     ] GC(256) Old regions: 106->107
[2022-09-01T20:20:18.142+0300][gc,heap     ] GC(256) Archive regions: 2->2
[2022-09-01T20:20:18.142+0300][gc,heap     ] GC(256) Humongous regions: 129->129
[2022-09-01T20:20:18.142+0300][gc,metaspace] GC(256) Metaspace: 44895K(45568K)->44895K(45568K) NonClass: 39808K(40192K)->39808K(40192K) Class: 5087K(5376K)->5087K(5376K)
[2022-09-01T20:20:18.142+0300][gc          ] GC(256) Pause Young (Normal) (G1 Evacuation Pause) 285M->240M(1024M) 42,390ms
[2022-09-01T20:20:18.142+0300][gc,cpu      ] GC(256) User=0,02s Sys=0,00s Real=0,04s
[2022-09-01T20:20:25.901+0300][gc,start    ] GC(257) Pause Young (Normal) (G1 Evacuation Pause)
[2022-09-01T20:20:25.901+0300][gc,task     ] GC(257) Using 2 workers of 2 for evacuation
[2022-09-01T20:20:25.939+0300][gc,mmu      ] GC(257) MMU target violated: 21,0ms (20,0ms/21,0ms)
[2022-09-01T20:20:25.940+0300][gc,phases   ] GC(257)   Pre Evacuate Collection Set: 0,1ms
[2022-09-01T20:20:25.940+0300][gc,phases   ] GC(257)   Merge Heap Roots: 0,2ms
[2022-09-01T20:20:25.940+0300][gc,phases   ] GC(257)   Evacuate Collection Set: 37,7ms
[2022-09-01T20:20:25.940+0300][gc,phases   ] GC(257)   Post Evacuate Collection Set: 0,6ms
[2022-09-01T20:20:25.940+0300][gc,phases   ] GC(257)   Other: 0,1ms
[2022-09-01T20:20:25.940+0300][gc,heap     ] GC(257) Eden regions: 46->0(47)
[2022-09-01T20:20:25.940+0300][gc,heap     ] GC(257) Survivor regions: 5->4(7)
[2022-09-01T20:20:25.940+0300][gc,heap     ] GC(257) Old regions: 107->108
[2022-09-01T20:20:25.940+0300][gc,heap     ] GC(257) Archive regions: 2->2
[2022-09-01T20:20:25.940+0300][gc,heap     ] GC(257) Humongous regions: 129->129
[2022-09-01T20:20:25.940+0300][gc,metaspace] GC(257) Metaspace: 44895K(45568K)->44895K(45568K) NonClass: 39808K(40192K)->39808K(40192K) Class: 5087K(5376K)->5087K(5376K)
[2022-09-01T20:20:25.940+0300][gc          ] GC(257) Pause Young (Normal) (G1 Evacuation Pause) 286M->241M(1024M) 38,891ms
[2022-09-01T20:20:25.940+0300][gc,cpu      ] GC(257) User=0,00s Sys=0,02s Real=0,03s
[2022-09-01T20:20:34.377+0300][gc,start    ] GC(258) Pause Young (Normal) (G1 Evacuation Pause)
[2022-09-01T20:20:34.377+0300][gc,task     ] GC(258) Using 2 workers of 2 for evacuation
[2022-09-01T20:20:34.401+0300][gc,mmu      ] GC(258) MMU target violated: 21,0ms (20,0ms/21,0ms)
[2022-09-01T20:20:34.401+0300][gc,phases   ] GC(258)   Pre Evacuate Collection Set: 0,2ms
[2022-09-01T20:20:34.401+0300][gc,phases   ] GC(258)   Merge Heap Roots: 0,2ms
[2022-09-01T20:20:34.401+0300][gc,phases   ] GC(258)   Evacuate Collection Set: 20,3ms
[2022-09-01T20:20:34.401+0300][gc,phases   ] GC(258)   Post Evacuate Collection Set: 3,0ms
[2022-09-01T20:20:34.401+0300][gc,phases   ] GC(258)   Other: 0,2ms
[2022-09-01T20:20:34.401+0300][gc,heap     ] GC(258) Eden regions: 47->0(46)
[2022-09-01T20:20:34.401+0300][gc,heap     ] GC(258) Survivor regions: 4->5(7)
[2022-09-01T20:20:34.401+0300][gc,heap     ] GC(258) Old regions: 108->108
[2022-09-01T20:20:34.401+0300][gc,heap     ] GC(258) Archive regions: 2->2
[2022-09-01T20:20:34.401+0300][gc,heap     ] GC(258) Humongous regions: 129->129
[2022-09-01T20:20:34.401+0300][gc,metaspace] GC(258) Metaspace: 44895K(45568K)->44895K(45568K) NonClass: 39808K(40192K)->39808K(40192K) Class: 5087K(5376K)->5087K(5376K)
[2022-09-01T20:20:34.401+0300][gc          ] GC(258) Pause Young (Normal) (G1 Evacuation Pause) 288M->241M(1024M) 24,195ms
[2022-09-01T20:20:34.401+0300][gc,cpu      ] GC(258) User=0,01s Sys=0,01s Real=0,02s
[2022-09-01T20:20:42.206+0300][gc,start    ] GC(259) Pause Young (Normal) (G1 Evacuation Pause)
[2022-09-01T20:20:42.206+0300][gc,task     ] GC(259) Using 2 workers of 2 for evacuation
[2022-09-01T20:20:42.251+0300][gc,mmu      ] GC(259) MMU target violated: 21,0ms (20,0ms/21,0ms)
[2022-09-01T20:20:42.251+0300][gc,phases   ] GC(259)   Pre Evacuate Collection Set: 0,2ms
[2022-09-01T20:20:42.251+0300][gc,phases   ] GC(259)   Merge Heap Roots: 0,1ms
[2022-09-01T20:20:42.251+0300][gc,phases   ] GC(259)   Evacuate Collection Set: 43,1ms
[2022-09-01T20:20:42.251+0300][gc,phases   ] GC(259)   Post Evacuate Collection Set: 1,3ms
[2022-09-01T20:20:42.251+0300][gc,phases   ] GC(259)   Other: 0,3ms
[2022-09-01T20:20:42.251+0300][gc,heap     ] GC(259) Eden regions: 46->0(47)
[2022-09-01T20:20:42.251+0300][gc,heap     ] GC(259) Survivor regions: 5->4(7)
[2022-09-01T20:20:42.251+0300][gc,heap     ] GC(259) Old regions: 108->109
[2022-09-01T20:20:42.251+0300][gc,heap     ] GC(259) Archive regions: 2->2
[2022-09-01T20:20:42.251+0300][gc,heap     ] GC(259) Humongous regions: 129->129
[2022-09-01T20:20:42.251+0300][gc,metaspace] GC(259) Metaspace: 44895K(45568K)->44895K(45568K) NonClass: 39808K(40192K)->39808K(40192K) Class: 5087K(5376K)->5087K(5376K)
[2022-09-01T20:20:42.251+0300][gc          ] GC(259) Pause Young (Normal) (G1 Evacuation Pause) 287M->242M(1024M) 45,218ms
[2022-09-01T20:20:42.251+0300][gc,cpu      ] GC(259) User=0,01s Sys=0,01s Real=0,05s
[2022-09-01T20:20:50.399+0300][gc,start    ] GC(260) Pause Young (Normal) (G1 Evacuation Pause)
[2022-09-01T20:20:50.399+0300][gc,task     ] GC(260) Using 2 workers of 2 for evacuation
[2022-09-01T20:20:50.422+0300][gc,mmu      ] GC(260) MMU target violated: 21,0ms (20,0ms/21,0ms)
[2022-09-01T20:20:50.422+0300][gc,phases   ] GC(260)   Pre Evacuate Collection Set: 0,1ms
[2022-09-01T20:20:50.422+0300][gc,phases   ] GC(260)   Merge Heap Roots: 0,3ms
[2022-09-01T20:20:50.422+0300][gc,phases   ] GC(260)   Evacuate Collection Set: 18,0ms
[2022-09-01T20:20:50.422+0300][gc,phases   ] GC(260)   Post Evacuate Collection Set: 4,9ms
[2022-09-01T20:20:50.422+0300][gc,phases   ] GC(260)   Other: 0,1ms
[2022-09-01T20:20:50.422+0300][gc,heap     ] GC(260) Eden regions: 47->0(46)
[2022-09-01T20:20:50.422+0300][gc,heap     ] GC(260) Survivor regions: 4->5(7)
[2022-09-01T20:20:50.422+0300][gc,heap     ] GC(260) Old regions: 109->109
[2022-09-01T20:20:50.422+0300][gc,heap     ] GC(260) Archive regions: 2->2
[2022-09-01T20:20:50.422+0300][gc,heap     ] GC(260) Humongous regions: 129->129
[2022-09-01T20:20:50.422+0300][gc,metaspace] GC(260) Metaspace: 44895K(45568K)->44895K(45568K) NonClass: 39808K(40192K)->39808K(40192K) Class: 5087K(5376K)->5087K(5376K)
[2022-09-01T20:20:50.422+0300][gc          ] GC(260) Pause Young (Normal) (G1 Evacuation Pause) 289M->242M(1024M) 23,587ms
[2022-09-01T20:20:50.422+0300][gc,cpu      ] GC(260) User=0,01s Sys=0,01s Real=0,03s
[2022-09-01T20:20:58.317+0300][gc,start    ] GC(261) Pause Young (Normal) (G1 Evacuation Pause)
[2022-09-01T20:20:58.317+0300][gc,task     ] GC(261) Using 2 workers of 2 for evacuation
[2022-09-01T20:20:58.341+0300][gc,mmu      ] GC(261) MMU target violated: 21,0ms (20,0ms/21,0ms)
[2022-09-01T20:20:58.341+0300][gc,phases   ] GC(261)   Pre Evacuate Collection Set: 0,5ms
[2022-09-01T20:20:58.341+0300][gc,phases   ] GC(261)   Merge Heap Roots: 0,3ms
[2022-09-01T20:20:58.341+0300][gc,phases   ] GC(261)   Evacuate Collection Set: 21,9ms
[2022-09-01T20:20:58.341+0300][gc,phases   ] GC(261)   Post Evacuate Collection Set: 0,8ms
[2022-09-01T20:20:58.341+0300][gc,phases   ] GC(261)   Other: 0,3ms
[2022-09-01T20:20:58.341+0300][gc,heap     ] GC(261) Eden regions: 46->0(47)
[2022-09-01T20:20:58.341+0300][gc,heap     ] GC(261) Survivor regions: 5->4(7)
[2022-09-01T20:20:58.341+0300][gc,heap     ] GC(261) Old regions: 109->110
[2022-09-01T20:20:58.341+0300][gc,heap     ] GC(261) Archive regions: 2->2
[2022-09-01T20:20:58.341+0300][gc,heap     ] GC(261) Humongous regions: 129->129
[2022-09-01T20:20:58.341+0300][gc,metaspace] GC(261) Metaspace: 44895K(45568K)->44895K(45568K) NonClass: 39808K(40192K)->39808K(40192K) Class: 5087K(5376K)->5087K(5376K)
[2022-09-01T20:20:58.341+0300][gc          ] GC(261) Pause Young (Normal) (G1 Evacuation Pause) 288M->243M(1024M) 24,063ms
[2022-09-01T20:20:58.341+0300][gc,cpu      ] GC(261) User=0,01s Sys=0,02s Real=0,04s
[2022-09-01T20:21:06.544+0300][gc,start    ] GC(262) Pause Young (Normal) (G1 Evacuation Pause)
[2022-09-01T20:21:06.544+0300][gc,task     ] GC(262) Using 2 workers of 2 for evacuation
[2022-09-01T20:21:06.565+0300][gc,mmu      ] GC(262) MMU target violated: 20,3ms (20,0ms/21,0ms)
[2022-09-01T20:21:06.565+0300][gc,phases   ] GC(262)   Pre Evacuate Collection Set: 3,8ms
[2022-09-01T20:21:06.565+0300][gc,phases   ] GC(262)   Merge Heap Roots: 0,2ms
[2022-09-01T20:21:06.565+0300][gc,phases   ] GC(262)   Evacuate Collection Set: 15,5ms
[2022-09-01T20:21:06.565+0300][gc,phases   ] GC(262)   Post Evacuate Collection Set: 0,8ms
[2022-09-01T20:21:06.565+0300][gc,phases   ] GC(262)   Other: 0,2ms
[2022-09-01T20:21:06.572+0300][gc,heap     ] GC(262) Eden regions: 47->0(47)
[2022-09-01T20:21:06.572+0300][gc,heap     ] GC(262) Survivor regions: 4->4(7)
[2022-09-01T20:21:06.572+0300][gc,heap     ] GC(262) Old regions: 110->111
[2022-09-01T20:21:06.572+0300][gc,heap     ] GC(262) Archive regions: 2->2
[2022-09-01T20:21:06.572+0300][gc,heap     ] GC(262) Humongous regions: 129->129
[2022-09-01T20:21:06.572+0300][gc,metaspace] GC(262) Metaspace: 44895K(45568K)->44895K(45568K) NonClass: 39808K(40192K)->39808K(40192K) Class: 5087K(5376K)->5087K(5376K)
[2022-09-01T20:21:06.572+0300][gc          ] GC(262) Pause Young (Normal) (G1 Evacuation Pause) 290M->243M(1024M) 27,619ms
[2022-09-01T20:21:06.572+0300][gc,cpu      ] GC(262) User=0,02s Sys=0,01s Real=0,02s
[2022-09-01T20:21:14.582+0300][gc,start    ] GC(263) Pause Young (Normal) (G1 Evacuation Pause)
[2022-09-01T20:21:14.582+0300][gc,task     ] GC(263) Using 2 workers of 2 for evacuation
[2022-09-01T20:21:14.599+0300][gc,phases   ] GC(263)   Pre Evacuate Collection Set: 0,2ms
[2022-09-01T20:21:14.599+0300][gc,phases   ] GC(263)   Merge Heap Roots: 0,8ms
[2022-09-01T20:21:14.599+0300][gc,phases   ] GC(263)   Evacuate Collection Set: 14,5ms
[2022-09-01T20:21:14.599+0300][gc,phases   ] GC(263)   Post Evacuate Collection Set: 0,8ms
[2022-09-01T20:21:14.599+0300][gc,phases   ] GC(263)   Other: 0,1ms
[2022-09-01T20:21:14.599+0300][gc,heap     ] GC(263) Eden regions: 47->0(47)
[2022-09-01T20:21:14.599+0300][gc,heap     ] GC(263) Survivor regions: 4->4(7)
[2022-09-01T20:21:14.599+0300][gc,heap     ] GC(263) Old regions: 111->111
[2022-09-01T20:21:14.599+0300][gc,heap     ] GC(263) Archive regions: 2->2
[2022-09-01T20:21:14.599+0300][gc,heap     ] GC(263) Humongous regions: 129->129
[2022-09-01T20:21:14.599+0300][gc,metaspace] GC(263) Metaspace: 44895K(45568K)->44895K(45568K) NonClass: 39808K(40192K)->39808K(40192K) Class: 5087K(5376K)->5087K(5376K)
[2022-09-01T20:21:14.599+0300][gc          ] GC(263) Pause Young (Normal) (G1 Evacuation Pause) 290M->244M(1024M) 16,791ms
[2022-09-01T20:21:14.599+0300][gc,cpu      ] GC(263) User=0,01s Sys=0,01s Real=0,02s
[2022-09-01T20:21:23.115+0300][gc,start    ] GC(264) Pause Young (Normal) (G1 Evacuation Pause)
[2022-09-01T20:21:23.115+0300][gc,task     ] GC(264) Using 2 workers of 2 for evacuation
[2022-09-01T20:21:23.137+0300][gc,mmu      ] GC(264) MMU target violated: 21,0ms (20,0ms/21,0ms)
[2022-09-01T20:21:23.137+0300][gc,phases   ] GC(264)   Pre Evacuate Collection Set: 0,1ms
[2022-09-01T20:21:23.137+0300][gc,phases   ] GC(264)   Merge Heap Roots: 0,2ms
[2022-09-01T20:21:23.137+0300][gc,phases   ] GC(264)   Evacuate Collection Set: 20,8ms
[2022-09-01T20:21:23.137+0300][gc,phases   ] GC(264)   Post Evacuate Collection Set: 0,6ms
[2022-09-01T20:21:23.137+0300][gc,phases   ] GC(264)   Other: 0,1ms
[2022-09-01T20:21:23.137+0300][gc,heap     ] GC(264) Eden regions: 47->0(92)
[2022-09-01T20:21:23.137+0300][gc,heap     ] GC(264) Survivor regions: 4->4(7)
[2022-09-01T20:21:23.137+0300][gc,heap     ] GC(264) Old regions: 111->112
[2022-09-01T20:21:23.137+0300][gc,heap     ] GC(264) Archive regions: 2->2
[2022-09-01T20:21:23.137+0300][gc,heap     ] GC(264) Humongous regions: 129->129
[2022-09-01T20:21:23.137+0300][gc,metaspace] GC(264) Metaspace: 44898K(45568K)->44898K(45568K) NonClass: 39811K(40192K)->39811K(40192K) Class: 5087K(5376K)->5087K(5376K)
[2022-09-01T20:21:23.137+0300][gc          ] GC(264) Pause Young (Normal) (G1 Evacuation Pause) 291M->244M(1024M) 22,003ms
[2022-09-01T20:21:23.137+0300][gc,cpu      ] GC(264) User=0,01s Sys=0,01s Real=0,02s
[2022-09-01T20:21:31.197+0300][gc,start    ] GC(265) Pause Young (Normal) (G1 Evacuation Pause)
[2022-09-01T20:21:31.197+0300][gc,task     ] GC(265) Using 2 workers of 2 for evacuation
[2022-09-01T20:21:31.227+0300][gc,mmu      ] GC(265) MMU target violated: 21,0ms (20,0ms/21,0ms)
[2022-09-01T20:21:31.227+0300][gc,phases   ] GC(265)   Pre Evacuate Collection Set: 0,2ms
[2022-09-01T20:21:31.227+0300][gc,phases   ] GC(265)   Merge Heap Roots: 0,2ms
[2022-09-01T20:21:31.227+0300][gc,phases   ] GC(265)   Evacuate Collection Set: 22,5ms
[2022-09-01T20:21:31.227+0300][gc,phases   ] GC(265)   Post Evacuate Collection Set: 7,2ms
[2022-09-01T20:21:31.227+0300][gc,phases   ] GC(265)   Other: 0,1ms
[2022-09-01T20:21:31.227+0300][gc,heap     ] GC(265) Eden regions: 47->0(64)
[2022-09-01T20:21:31.227+0300][gc,heap     ] GC(265) Survivor regions: 4->4(7)
[2022-09-01T20:21:31.227+0300][gc,heap     ] GC(265) Old regions: 112->112
[2022-09-01T20:21:31.227+0300][gc,heap     ] GC(265) Archive regions: 2->2
[2022-09-01T20:21:31.227+0300][gc,heap     ] GC(265) Humongous regions: 129->129
[2022-09-01T20:21:31.227+0300][gc,metaspace] GC(265) Metaspace: 44898K(45568K)->44898K(45568K) NonClass: 39811K(40192K)->39811K(40192K) Class: 5087K(5376K)->5087K(5376K)
[2022-09-01T20:21:31.227+0300][gc          ] GC(265) Pause Young (Normal) (G1 Evacuation Pause) 291M->245M(1024M) 30,471ms
[2022-09-01T20:21:31.227+0300][gc,cpu      ] GC(265) User=0,01s Sys=0,01s Real=0,03s
[2022-09-01T20:21:39.402+0300][gc,start    ] GC(266) Pause Young (Normal) (G1 Evacuation Pause)
[2022-09-01T20:21:39.402+0300][gc,task     ] GC(266) Using 2 workers of 2 for evacuation
[2022-09-01T20:21:39.446+0300][gc,mmu      ] GC(266) MMU target violated: 21,0ms (20,0ms/21,0ms)
[2022-09-01T20:21:39.446+0300][gc,phases   ] GC(266)   Pre Evacuate Collection Set: 0,1ms
[2022-09-01T20:21:39.446+0300][gc,phases   ] GC(266)   Merge Heap Roots: 0,1ms
[2022-09-01T20:21:39.446+0300][gc,phases   ] GC(266)   Evacuate Collection Set: 42,5ms
[2022-09-01T20:21:39.446+0300][gc,phases   ] GC(266)   Post Evacuate Collection Set: 1,1ms
[2022-09-01T20:21:39.446+0300][gc,phases   ] GC(266)   Other: 0,2ms
[2022-09-01T20:21:39.446+0300][gc,heap     ] GC(266) Eden regions: 47->0(46)
[2022-09-01T20:21:39.446+0300][gc,heap     ] GC(266) Survivor regions: 4->5(7)
[2022-09-01T20:21:39.446+0300][gc,heap     ] GC(266) Old regions: 112->112
[2022-09-01T20:21:39.446+0300][gc,heap     ] GC(266) Archive regions: 2->2
[2022-09-01T20:21:39.446+0300][gc,heap     ] GC(266) Humongous regions: 129->129
[2022-09-01T20:21:39.446+0300][gc,metaspace] GC(266) Metaspace: 44898K(45568K)->44898K(45568K) NonClass: 39811K(40192K)->39811K(40192K) Class: 5087K(5376K)->5087K(5376K)
[2022-09-01T20:21:39.447+0300][gc          ] GC(266) Pause Young (Normal) (G1 Evacuation Pause) 292M->245M(1024M) 44,325ms
[2022-09-01T20:21:39.447+0300][gc,cpu      ] GC(266) User=0,01s Sys=0,01s Real=0,04s
[2022-09-01T20:21:47.132+0300][gc,start    ] GC(267) Pause Young (Normal) (G1 Evacuation Pause)
[2022-09-01T20:21:47.132+0300][gc,task     ] GC(267) Using 2 workers of 2 for evacuation
[2022-09-01T20:21:47.164+0300][gc,mmu      ] GC(267) MMU target violated: 21,0ms (20,0ms/21,0ms)
[2022-09-01T20:21:47.164+0300][gc,phases   ] GC(267)   Pre Evacuate Collection Set: 0,3ms
[2022-09-01T20:21:47.164+0300][gc,phases   ] GC(267)   Merge Heap Roots: 0,4ms
[2022-09-01T20:21:47.164+0300][gc,phases   ] GC(267)   Evacuate Collection Set: 30,3ms
[2022-09-01T20:21:47.164+0300][gc,phases   ] GC(267)   Post Evacuate Collection Set: 0,7ms
[2022-09-01T20:21:47.164+0300][gc,phases   ] GC(267)   Other: 0,3ms
[2022-09-01T20:21:47.164+0300][gc,heap     ] GC(267) Eden regions: 46->0(47)
[2022-09-01T20:21:47.164+0300][gc,heap     ] GC(267) Survivor regions: 5->4(7)
[2022-09-01T20:21:47.164+0300][gc,heap     ] GC(267) Old regions: 112->113
[2022-09-01T20:21:47.164+0300][gc,heap     ] GC(267) Archive regions: 2->2
[2022-09-01T20:21:47.164+0300][gc,heap     ] GC(267) Humongous regions: 129->129
[2022-09-01T20:21:47.164+0300][gc,metaspace] GC(267) Metaspace: 44898K(45568K)->44898K(45568K) NonClass: 39811K(40192K)->39811K(40192K) Class: 5087K(5376K)->5087K(5376K)
[2022-09-01T20:21:47.164+0300][gc          ] GC(267) Pause Young (Normal) (G1 Evacuation Pause) 291M->246M(1024M) 32,162ms
[2022-09-01T20:21:47.164+0300][gc,cpu      ] GC(267) User=0,01s Sys=0,01s Real=0,03s
[2022-09-01T20:21:55.347+0300][gc,start    ] GC(268) Pause Young (Normal) (G1 Evacuation Pause)
[2022-09-01T20:21:55.347+0300][gc,task     ] GC(268) Using 2 workers of 2 for evacuation
[2022-09-01T20:21:55.369+0300][gc,mmu      ] GC(268) MMU target violated: 21,0ms (20,0ms/21,0ms)
[2022-09-01T20:21:55.369+0300][gc,phases   ] GC(268)   Pre Evacuate Collection Set: 0,2ms
[2022-09-01T20:21:55.369+0300][gc,phases   ] GC(268)   Merge Heap Roots: 0,1ms
[2022-09-01T20:21:55.369+0300][gc,phases   ] GC(268)   Evacuate Collection Set: 21,1ms
[2022-09-01T20:21:55.369+0300][gc,phases   ] GC(268)   Post Evacuate Collection Set: 0,9ms
[2022-09-01T20:21:55.369+0300][gc,phases   ] GC(268)   Other: 0,1ms
[2022-09-01T20:21:55.369+0300][gc,heap     ] GC(268) Eden regions: 47->0(47)
[2022-09-01T20:21:55.369+0300][gc,heap     ] GC(268) Survivor regions: 4->4(7)
[2022-09-01T20:21:55.369+0300][gc,heap     ] GC(268) Old regions: 113->113
[2022-09-01T20:21:55.369+0300][gc,heap     ] GC(268) Archive regions: 2->2
[2022-09-01T20:21:55.369+0300][gc,heap     ] GC(268) Humongous regions: 129->129
[2022-09-01T20:21:55.369+0300][gc,metaspace] GC(268) Metaspace: 44898K(45568K)->44898K(45568K) NonClass: 39811K(40192K)->39811K(40192K) Class: 5087K(5376K)->5087K(5376K)
[2022-09-01T20:21:55.369+0300][gc          ] GC(268) Pause Young (Normal) (G1 Evacuation Pause) 293M->246M(1024M) 22,710ms
[2022-09-01T20:21:55.369+0300][gc,cpu      ] GC(268) User=0,01s Sys=0,01s Real=0,02s
[2022-09-01T20:22:03.111+0300][gc,start    ] GC(269) Pause Young (Normal) (G1 Evacuation Pause)
[2022-09-01T20:22:03.111+0300][gc,task     ] GC(269) Using 2 workers of 2 for evacuation
[2022-09-01T20:22:03.129+0300][gc,phases   ] GC(269)   Pre Evacuate Collection Set: 0,2ms
[2022-09-01T20:22:03.129+0300][gc,phases   ] GC(269)   Merge Heap Roots: 0,5ms
[2022-09-01T20:22:03.129+0300][gc,phases   ] GC(269)   Evacuate Collection Set: 16,4ms
[2022-09-01T20:22:03.129+0300][gc,phases   ] GC(269)   Post Evacuate Collection Set: 0,7ms
[2022-09-01T20:22:03.129+0300][gc,phases   ] GC(269)   Other: 0,1ms
[2022-09-01T20:22:03.129+0300][gc,heap     ] GC(269) Eden regions: 47->0(47)
[2022-09-01T20:22:03.129+0300][gc,heap     ] GC(269) Survivor regions: 4->4(7)
[2022-09-01T20:22:03.129+0300][gc,heap     ] GC(269) Old regions: 113->114
[2022-09-01T20:22:03.129+0300][gc,heap     ] GC(269) Archive regions: 2->2
[2022-09-01T20:22:03.129+0300][gc,heap     ] GC(269) Humongous regions: 129->129
[2022-09-01T20:22:03.129+0300][gc,metaspace] GC(269) Metaspace: 44898K(45568K)->44898K(45568K) NonClass: 39811K(40192K)->39811K(40192K) Class: 5087K(5376K)->5087K(5376K)
[2022-09-01T20:22:03.129+0300][gc          ] GC(269) Pause Young (Normal) (G1 Evacuation Pause) 293M->247M(1024M) 18,398ms
[2022-09-01T20:22:03.129+0300][gc,cpu      ] GC(269) User=0,01s Sys=0,01s Real=0,02s
[2022-09-01T20:22:11.127+0300][gc,start    ] GC(270) Pause Young (Normal) (G1 Evacuation Pause)
[2022-09-01T20:22:11.127+0300][gc,task     ] GC(270) Using 2 workers of 2 for evacuation
[2022-09-01T20:22:11.163+0300][gc,mmu      ] GC(270) MMU target violated: 21,0ms (20,0ms/21,0ms)
[2022-09-01T20:22:11.164+0300][gc,phases   ] GC(270)   Pre Evacuate Collection Set: 0,1ms
[2022-09-01T20:22:11.164+0300][gc,phases   ] GC(270)   Merge Heap Roots: 0,2ms
[2022-09-01T20:22:11.164+0300][gc,phases   ] GC(270)   Evacuate Collection Set: 35,0ms
[2022-09-01T20:22:11.164+0300][gc,phases   ] GC(270)   Post Evacuate Collection Set: 0,8ms
[2022-09-01T20:22:11.164+0300][gc,phases   ] GC(270)   Other: 1,0ms
[2022-09-01T20:22:11.164+0300][gc,heap     ] GC(270) Eden regions: 47->0(47)
[2022-09-01T20:22:11.164+0300][gc,heap     ] GC(270) Survivor regions: 4->4(7)
[2022-09-01T20:22:11.164+0300][gc,heap     ] GC(270) Old regions: 114->114
[2022-09-01T20:22:11.164+0300][gc,heap     ] GC(270) Archive regions: 2->2
[2022-09-01T20:22:11.164+0300][gc,heap     ] GC(270) Humongous regions: 129->129
[2022-09-01T20:22:11.164+0300][gc,metaspace] GC(270) Metaspace: 44898K(45568K)->44898K(45568K) NonClass: 39811K(40192K)->39811K(40192K) Class: 5087K(5376K)->5087K(5376K)
[2022-09-01T20:22:11.164+0300][gc          ] GC(270) Pause Young (Normal) (G1 Evacuation Pause) 294M->247M(1024M) 37,360ms
[2022-09-01T20:22:11.164+0300][gc,cpu      ] GC(270) User=0,02s Sys=0,00s Real=0,04s
[2022-09-01T20:22:19.307+0300][gc,start    ] GC(271) Pause Young (Normal) (G1 Evacuation Pause)
[2022-09-01T20:22:19.307+0300][gc,task     ] GC(271) Using 2 workers of 2 for evacuation
[2022-09-01T20:22:19.339+0300][gc,mmu      ] GC(271) MMU target violated: 21,0ms (20,0ms/21,0ms)
[2022-09-01T20:22:19.339+0300][gc,phases   ] GC(271)   Pre Evacuate Collection Set: 0,2ms
[2022-09-01T20:22:19.339+0300][gc,phases   ] GC(271)   Merge Heap Roots: 0,2ms
[2022-09-01T20:22:19.339+0300][gc,phases   ] GC(271)   Evacuate Collection Set: 30,4ms
[2022-09-01T20:22:19.339+0300][gc,phases   ] GC(271)   Post Evacuate Collection Set: 0,5ms
[2022-09-01T20:22:19.339+0300][gc,phases   ] GC(271)   Other: 0,1ms
[2022-09-01T20:22:19.339+0300][gc,heap     ] GC(271) Eden regions: 47->0(46)
[2022-09-01T20:22:19.339+0300][gc,heap     ] GC(271) Survivor regions: 4->5(7)
[2022-09-01T20:22:19.339+0300][gc,heap     ] GC(271) Old regions: 114->114
[2022-09-01T20:22:19.339+0300][gc,heap     ] GC(271) Archive regions: 2->2
[2022-09-01T20:22:19.339+0300][gc,heap     ] GC(271) Humongous regions: 129->129
[2022-09-01T20:22:19.339+0300][gc,metaspace] GC(271) Metaspace: 44898K(45568K)->44898K(45568K) NonClass: 39811K(40192K)->39811K(40192K) Class: 5087K(5376K)->5087K(5376K)
[2022-09-01T20:22:19.339+0300][gc          ] GC(271) Pause Young (Normal) (G1 Evacuation Pause) 294M->248M(1024M) 31,456ms
[2022-09-01T20:22:19.339+0300][gc,cpu      ] GC(271) User=0,01s Sys=0,01s Real=0,03s
[2022-09-01T20:22:27.400+0300][gc,start    ] GC(272) Pause Young (Normal) (G1 Evacuation Pause)
[2022-09-01T20:22:27.400+0300][gc,task     ] GC(272) Using 2 workers of 2 for evacuation
[2022-09-01T20:22:27.419+0300][gc,phases   ] GC(272)   Pre Evacuate Collection Set: 0,2ms
[2022-09-01T20:22:27.420+0300][gc,phases   ] GC(272)   Merge Heap Roots: 0,3ms
[2022-09-01T20:22:27.420+0300][gc,phases   ] GC(272)   Evacuate Collection Set: 18,4ms
[2022-09-01T20:22:27.420+0300][gc,phases   ] GC(272)   Post Evacuate Collection Set: 0,6ms
[2022-09-01T20:22:27.420+0300][gc,phases   ] GC(272)   Other: 0,1ms
[2022-09-01T20:22:27.420+0300][gc,heap     ] GC(272) Eden regions: 46->0(47)
[2022-09-01T20:22:27.420+0300][gc,heap     ] GC(272) Survivor regions: 5->4(7)
[2022-09-01T20:22:27.420+0300][gc,heap     ] GC(272) Old regions: 114->115
[2022-09-01T20:22:27.420+0300][gc,heap     ] GC(272) Archive regions: 2->2
[2022-09-01T20:22:27.420+0300][gc,heap     ] GC(272) Humongous regions: 129->129
[2022-09-01T20:22:27.420+0300][gc,metaspace] GC(272) Metaspace: 44898K(45568K)->44898K(45568K) NonClass: 39811K(40192K)->39811K(40192K) Class: 5087K(5376K)->5087K(5376K)
[2022-09-01T20:22:27.420+0300][gc          ] GC(272) Pause Young (Normal) (G1 Evacuation Pause) 294M->248M(1024M) 20,164ms
[2022-09-01T20:22:27.420+0300][gc,cpu      ] GC(272) User=0,01s Sys=0,01s Real=0,02s
[2022-09-01T20:22:35.517+0300][gc,start    ] GC(273) Pause Young (Normal) (G1 Evacuation Pause)
[2022-09-01T20:22:35.517+0300][gc,task     ] GC(273) Using 2 workers of 2 for evacuation
[2022-09-01T20:22:35.553+0300][gc,mmu      ] GC(273) MMU target violated: 21,0ms (20,0ms/21,0ms)
[2022-09-01T20:22:35.554+0300][gc,phases   ] GC(273)   Pre Evacuate Collection Set: 0,2ms
[2022-09-01T20:22:35.554+0300][gc,phases   ] GC(273)   Merge Heap Roots: 0,2ms
[2022-09-01T20:22:35.554+0300][gc,phases   ] GC(273)   Evacuate Collection Set: 35,1ms
[2022-09-01T20:22:35.554+0300][gc,phases   ] GC(273)   Post Evacuate Collection Set: 0,6ms
[2022-09-01T20:22:35.554+0300][gc,phases   ] GC(273)   Other: 0,2ms
[2022-09-01T20:22:35.554+0300][gc,heap     ] GC(273) Eden regions: 47->0(47)
[2022-09-01T20:22:35.554+0300][gc,heap     ] GC(273) Survivor regions: 4->4(7)
[2022-09-01T20:22:35.554+0300][gc,heap     ] GC(273) Old regions: 115->115
[2022-09-01T20:22:35.554+0300][gc,heap     ] GC(273) Archive regions: 2->2
[2022-09-01T20:22:35.554+0300][gc,heap     ] GC(273) Humongous regions: 129->129
[2022-09-01T20:22:35.557+0300][gc,metaspace] GC(273) Metaspace: 44898K(45568K)->44898K(45568K) NonClass: 39811K(40192K)->39811K(40192K) Class: 5087K(5376K)->5087K(5376K)
[2022-09-01T20:22:35.557+0300][gc          ] GC(273) Pause Young (Normal) (G1 Evacuation Pause) 295M->248M(1024M) 40,011ms
[2022-09-01T20:22:35.557+0300][gc,cpu      ] GC(273) User=0,02s Sys=0,00s Real=0,04s
[2022-09-01T20:22:43.676+0300][gc,start    ] GC(274) Pause Young (Normal) (G1 Evacuation Pause)
[2022-09-01T20:22:43.676+0300][gc,task     ] GC(274) Using 2 workers of 2 for evacuation
[2022-09-01T20:22:43.697+0300][gc,mmu      ] GC(274) MMU target violated: 21,0ms (20,0ms/21,0ms)
[2022-09-01T20:22:43.705+0300][gc,phases   ] GC(274)   Pre Evacuate Collection Set: 0,2ms
[2022-09-01T20:22:43.706+0300][gc,phases   ] GC(274)   Merge Heap Roots: 0,2ms
[2022-09-01T20:22:43.706+0300][gc,phases   ] GC(274)   Evacuate Collection Set: 20,0ms
[2022-09-01T20:22:43.706+0300][gc,phases   ] GC(274)   Post Evacuate Collection Set: 0,7ms
[2022-09-01T20:22:43.706+0300][gc,phases   ] GC(274)   Other: 8,2ms
[2022-09-01T20:22:43.706+0300][gc,heap     ] GC(274) Eden regions: 47->0(47)
[2022-09-01T20:22:43.706+0300][gc,heap     ] GC(274) Survivor regions: 4->4(7)
[2022-09-01T20:22:43.706+0300][gc,heap     ] GC(274) Old regions: 115->116
[2022-09-01T20:22:43.706+0300][gc,heap     ] GC(274) Archive regions: 2->2
[2022-09-01T20:22:43.706+0300][gc,heap     ] GC(274) Humongous regions: 129->129
[2022-09-01T20:22:43.706+0300][gc,metaspace] GC(274) Metaspace: 44898K(45568K)->44898K(45568K) NonClass: 39811K(40192K)->39811K(40192K) Class: 5087K(5376K)->5087K(5376K)
[2022-09-01T20:22:43.706+0300][gc          ] GC(274) Pause Young (Normal) (G1 Evacuation Pause) 295M->249M(1024M) 29,530ms
[2022-09-01T20:22:43.706+0300][gc,cpu      ] GC(274) User=0,01s Sys=0,02s Real=0,02s
[2022-09-01T20:22:51.728+0300][gc,start    ] GC(275) Pause Young (Normal) (G1 Evacuation Pause)
[2022-09-01T20:22:51.728+0300][gc,task     ] GC(275) Using 2 workers of 2 for evacuation
[2022-09-01T20:22:51.745+0300][gc,phases   ] GC(275)   Pre Evacuate Collection Set: 0,6ms
[2022-09-01T20:22:51.745+0300][gc,phases   ] GC(275)   Merge Heap Roots: 0,4ms
[2022-09-01T20:22:51.745+0300][gc,phases   ] GC(275)   Evacuate Collection Set: 15,9ms
[2022-09-01T20:22:51.745+0300][gc,phases   ] GC(275)   Post Evacuate Collection Set: 0,5ms
[2022-09-01T20:22:51.745+0300][gc,phases   ] GC(275)   Other: 0,1ms
[2022-09-01T20:22:51.745+0300][gc,heap     ] GC(275) Eden regions: 47->0(47)
[2022-09-01T20:22:51.745+0300][gc,heap     ] GC(275) Survivor regions: 4->4(7)
[2022-09-01T20:22:51.745+0300][gc,heap     ] GC(275) Old regions: 116->116
[2022-09-01T20:22:51.745+0300][gc,heap     ] GC(275) Archive regions: 2->2
[2022-09-01T20:22:51.745+0300][gc,heap     ] GC(275) Humongous regions: 129->129
[2022-09-01T20:22:51.745+0300][gc,metaspace] GC(275) Metaspace: 44898K(45568K)->44898K(45568K) NonClass: 39811K(40192K)->39811K(40192K) Class: 5087K(5376K)->5087K(5376K)
[2022-09-01T20:22:51.745+0300][gc          ] GC(275) Pause Young (Normal) (G1 Evacuation Pause) 296M->249M(1024M) 17,725ms
[2022-09-01T20:22:51.745+0300][gc,cpu      ] GC(275) User=0,02s Sys=0,01s Real=0,02s
[2022-09-01T20:22:59.853+0300][gc,start    ] GC(276) Pause Young (Normal) (G1 Evacuation Pause)
[2022-09-01T20:22:59.853+0300][gc,task     ] GC(276) Using 2 workers of 2 for evacuation
[2022-09-01T20:22:59.872+0300][gc,phases   ] GC(276)   Pre Evacuate Collection Set: 0,2ms
[2022-09-01T20:22:59.872+0300][gc,phases   ] GC(276)   Merge Heap Roots: 0,3ms
[2022-09-01T20:22:59.872+0300][gc,phases   ] GC(276)   Evacuate Collection Set: 17,1ms
[2022-09-01T20:22:59.872+0300][gc,phases   ] GC(276)   Post Evacuate Collection Set: 1,1ms
[2022-09-01T20:22:59.872+0300][gc,phases   ] GC(276)   Other: 0,1ms
[2022-09-01T20:22:59.872+0300][gc,heap     ] GC(276) Eden regions: 47->0(123)
[2022-09-01T20:22:59.872+0300][gc,heap     ] GC(276) Survivor regions: 4->4(7)
[2022-09-01T20:22:59.872+0300][gc,heap     ] GC(276) Old regions: 116->117
[2022-09-01T20:22:59.872+0300][gc,heap     ] GC(276) Archive regions: 2->2
[2022-09-01T20:22:59.872+0300][gc,heap     ] GC(276) Humongous regions: 129->129
[2022-09-01T20:22:59.872+0300][gc,metaspace] GC(276) Metaspace: 44898K(45568K)->44898K(45568K) NonClass: 39811K(40192K)->39811K(40192K) Class: 5087K(5376K)->5087K(5376K)
[2022-09-01T20:22:59.872+0300][gc          ] GC(276) Pause Young (Normal) (G1 Evacuation Pause) 296M->250M(1024M) 19,061ms
[2022-09-01T20:22:59.872+0300][gc,cpu      ] GC(276) User=0,01s Sys=0,01s Real=0,02s
[2022-09-01T20:23:18.622+0300][gc,start    ] GC(277) Pause Young (Normal) (G1 Evacuation Pause)
[2022-09-01T20:23:18.623+0300][gc,task     ] GC(277) Using 2 workers of 2 for evacuation
[2022-09-01T20:23:18.669+0300][gc,mmu      ] GC(277) MMU target violated: 21,0ms (20,0ms/21,0ms)
[2022-09-01T20:23:18.669+0300][gc,phases   ] GC(277)   Pre Evacuate Collection Set: 0,8ms
[2022-09-01T20:23:18.669+0300][gc,phases   ] GC(277)   Merge Heap Roots: 0,5ms
[2022-09-01T20:23:18.669+0300][gc,phases   ] GC(277)   Evacuate Collection Set: 44,0ms
[2022-09-01T20:23:18.669+0300][gc,phases   ] GC(277)   Post Evacuate Collection Set: 1,0ms
[2022-09-01T20:23:18.669+0300][gc,phases   ] GC(277)   Other: 0,2ms
[2022-09-01T20:23:18.669+0300][gc,heap     ] GC(277) Eden regions: 92->0(46)
[2022-09-01T20:23:18.669+0300][gc,heap     ] GC(277) Survivor regions: 4->5(12)
[2022-09-01T20:23:18.669+0300][gc,heap     ] GC(277) Old regions: 117->117
[2022-09-01T20:23:18.669+0300][gc,heap     ] GC(277) Archive regions: 2->2
[2022-09-01T20:23:18.669+0300][gc,heap     ] GC(277) Humongous regions: 129->129
[2022-09-01T20:23:18.669+0300][gc,metaspace] GC(277) Metaspace: 44898K(45568K)->44898K(45568K) NonClass: 39811K(40192K)->39811K(40192K) Class: 5087K(5376K)->5087K(5376K)
[2022-09-01T20:23:18.669+0300][gc          ] GC(277) Pause Young (Normal) (G1 Evacuation Pause) 342M->251M(1024M) 46,638ms
[2022-09-01T20:23:18.669+0300][gc,cpu      ] GC(277) User=0,01s Sys=0,02s Real=0,04s
[2022-09-01T20:23:26.625+0300][gc,start    ] GC(278) Pause Young (Normal) (G1 Evacuation Pause)
[2022-09-01T20:23:26.625+0300][gc,task     ] GC(278) Using 2 workers of 2 for evacuation
[2022-09-01T20:23:26.656+0300][gc,mmu      ] GC(278) MMU target violated: 21,0ms (20,0ms/21,0ms)
[2022-09-01T20:23:26.656+0300][gc,phases   ] GC(278)   Pre Evacuate Collection Set: 0,4ms
[2022-09-01T20:23:26.656+0300][gc,phases   ] GC(278)   Merge Heap Roots: 0,6ms
[2022-09-01T20:23:26.656+0300][gc,phases   ] GC(278)   Evacuate Collection Set: 26,6ms
[2022-09-01T20:23:26.656+0300][gc,phases   ] GC(278)   Post Evacuate Collection Set: 2,8ms
[2022-09-01T20:23:26.656+0300][gc,phases   ] GC(278)   Other: 0,3ms
[2022-09-01T20:23:26.656+0300][gc,heap     ] GC(278) Eden regions: 46->0(46)
[2022-09-01T20:23:26.656+0300][gc,heap     ] GC(278) Survivor regions: 5->5(7)
[2022-09-01T20:23:26.656+0300][gc,heap     ] GC(278) Old regions: 117->118
[2022-09-01T20:23:26.656+0300][gc,heap     ] GC(278) Archive regions: 2->2
[2022-09-01T20:23:26.656+0300][gc,heap     ] GC(278) Humongous regions: 129->129
[2022-09-01T20:23:26.656+0300][gc,metaspace] GC(278) Metaspace: 44898K(45568K)->44898K(45568K) NonClass: 39811K(40192K)->39811K(40192K) Class: 5087K(5376K)->5087K(5376K)
[2022-09-01T20:23:26.656+0300][gc          ] GC(278) Pause Young (Normal) (G1 Evacuation Pause) 297M->251M(1024M) 30,905ms
[2022-09-01T20:23:26.656+0300][gc,cpu      ] GC(278) User=0,01s Sys=0,01s Real=0,03s
[2022-09-01T20:23:34.983+0300][gc,start    ] GC(279) Pause Young (Normal) (G1 Evacuation Pause)
[2022-09-01T20:23:34.983+0300][gc,task     ] GC(279) Using 2 workers of 2 for evacuation
[2022-09-01T20:23:35.028+0300][gc,mmu      ] GC(279) MMU target violated: 21,0ms (20,0ms/21,0ms)
[2022-09-01T20:23:35.028+0300][gc,phases   ] GC(279)   Pre Evacuate Collection Set: 0,1ms
[2022-09-01T20:23:35.028+0300][gc,phases   ] GC(279)   Merge Heap Roots: 0,2ms
[2022-09-01T20:23:35.028+0300][gc,phases   ] GC(279)   Evacuate Collection Set: 42,1ms
[2022-09-01T20:23:35.028+0300][gc,phases   ] GC(279)   Post Evacuate Collection Set: 1,2ms
[2022-09-01T20:23:35.028+0300][gc,phases   ] GC(279)   Other: 1,4ms
[2022-09-01T20:23:35.028+0300][gc,heap     ] GC(279) Eden regions: 46->0(46)
[2022-09-01T20:23:35.028+0300][gc,heap     ] GC(279) Survivor regions: 5->5(7)
[2022-09-01T20:23:35.028+0300][gc,heap     ] GC(279) Old regions: 118->118
[2022-09-01T20:23:35.028+0300][gc,heap     ] GC(279) Archive regions: 2->2
[2022-09-01T20:23:35.028+0300][gc,heap     ] GC(279) Humongous regions: 129->129
[2022-09-01T20:23:35.028+0300][gc,metaspace] GC(279) Metaspace: 44898K(45568K)->44898K(45568K) NonClass: 39811K(40192K)->39811K(40192K) Class: 5087K(5376K)->5087K(5376K)
[2022-09-01T20:23:35.028+0300][gc          ] GC(279) Pause Young (Normal) (G1 Evacuation Pause) 297M->252M(1024M) 45,082ms
[2022-09-01T20:23:35.028+0300][gc,cpu      ] GC(279) User=0,02s Sys=0,01s Real=0,04s
[2022-09-01T20:23:43.233+0300][gc,start    ] GC(280) Pause Young (Normal) (G1 Evacuation Pause)
[2022-09-01T20:23:43.233+0300][gc,task     ] GC(280) Using 2 workers of 2 for evacuation
[2022-09-01T20:23:43.275+0300][gc,mmu      ] GC(280) MMU target violated: 21,0ms (20,0ms/21,0ms)
[2022-09-01T20:23:43.275+0300][gc,phases   ] GC(280)   Pre Evacuate Collection Set: 0,1ms
[2022-09-01T20:23:43.275+0300][gc,phases   ] GC(280)   Merge Heap Roots: 0,2ms
[2022-09-01T20:23:43.275+0300][gc,phases   ] GC(280)   Evacuate Collection Set: 39,4ms
[2022-09-01T20:23:43.275+0300][gc,phases   ] GC(280)   Post Evacuate Collection Set: 2,2ms
[2022-09-01T20:23:43.276+0300][gc,phases   ] GC(280)   Other: 0,9ms
[2022-09-01T20:23:43.276+0300][gc,heap     ] GC(280) Eden regions: 46->0(47)
[2022-09-01T20:23:43.276+0300][gc,heap     ] GC(280) Survivor regions: 5->4(7)
[2022-09-01T20:23:43.276+0300][gc,heap     ] GC(280) Old regions: 118->119
[2022-09-01T20:23:43.276+0300][gc,heap     ] GC(280) Archive regions: 2->2
[2022-09-01T20:23:43.276+0300][gc,heap     ] GC(280) Humongous regions: 129->129
[2022-09-01T20:23:43.276+0300][gc,metaspace] GC(280) Metaspace: 44898K(45568K)->44898K(45568K) NonClass: 39811K(40192K)->39811K(40192K) Class: 5087K(5376K)->5087K(5376K)
[2022-09-01T20:23:43.276+0300][gc          ] GC(280) Pause Young (Normal) (G1 Evacuation Pause) 298M->252M(1024M) 43,032ms
[2022-09-01T20:23:43.276+0300][gc,cpu      ] GC(280) User=0,01s Sys=0,01s Real=0,04s
[2022-09-01T20:23:54.913+0300][gc,start    ] GC(281) Pause Young (Normal) (G1 Evacuation Pause)
[2022-09-01T20:23:54.913+0300][gc,task     ] GC(281) Using 2 workers of 2 for evacuation
[2022-09-01T20:23:54.942+0300][gc,mmu      ] GC(281) MMU target violated: 21,0ms (20,0ms/21,0ms)
[2022-09-01T20:23:54.942+0300][gc,phases   ] GC(281)   Pre Evacuate Collection Set: 0,2ms
[2022-09-01T20:23:54.942+0300][gc,phases   ] GC(281)   Merge Heap Roots: 0,2ms
[2022-09-01T20:23:54.942+0300][gc,phases   ] GC(281)   Evacuate Collection Set: 28,5ms
[2022-09-01T20:23:54.942+0300][gc,phases   ] GC(281)   Post Evacuate Collection Set: 0,5ms
[2022-09-01T20:23:54.942+0300][gc,phases   ] GC(281)   Other: 0,1ms
[2022-09-01T20:23:54.942+0300][gc,heap     ] GC(281) Eden regions: 47->0(46)
[2022-09-01T20:23:54.942+0300][gc,heap     ] GC(281) Survivor regions: 4->5(7)
[2022-09-01T20:23:54.942+0300][gc,heap     ] GC(281) Old regions: 119->119
[2022-09-01T20:23:54.942+0300][gc,heap     ] GC(281) Archive regions: 2->2
[2022-09-01T20:23:54.942+0300][gc,heap     ] GC(281) Humongous regions: 129->129
[2022-09-01T20:23:54.942+0300][gc,metaspace] GC(281) Metaspace: 44898K(45568K)->44898K(45568K) NonClass: 39811K(40192K)->39811K(40192K) Class: 5087K(5376K)->5087K(5376K)
[2022-09-01T20:23:54.942+0300][gc          ] GC(281) Pause Young (Normal) (G1 Evacuation Pause) 299M->252M(1024M) 29,815ms
[2022-09-01T20:23:54.942+0300][gc,cpu      ] GC(281) User=0,01s Sys=0,02s Real=0,03s
[2022-09-01T20:24:44.098+0300][gc,start    ] GC(282) Pause Young (Normal) (G1 Evacuation Pause)
[2022-09-01T20:24:44.098+0300][gc,task     ] GC(282) Using 2 workers of 2 for evacuation
[2022-09-01T20:24:44.129+0300][gc,mmu      ] GC(282) MMU target violated: 21,0ms (20,0ms/21,0ms)
[2022-09-01T20:24:44.129+0300][gc,phases   ] GC(282)   Pre Evacuate Collection Set: 0,2ms
[2022-09-01T20:24:44.129+0300][gc,phases   ] GC(282)   Merge Heap Roots: 0,1ms
[2022-09-01T20:24:44.129+0300][gc,phases   ] GC(282)   Evacuate Collection Set: 29,8ms
[2022-09-01T20:24:44.129+0300][gc,phases   ] GC(282)   Post Evacuate Collection Set: 0,8ms
[2022-09-01T20:24:44.129+0300][gc,phases   ] GC(282)   Other: 0,1ms
[2022-09-01T20:24:44.129+0300][gc,heap     ] GC(282) Eden regions: 46->0(46)
[2022-09-01T20:24:44.129+0300][gc,heap     ] GC(282) Survivor regions: 5->5(7)
[2022-09-01T20:24:44.129+0300][gc,heap     ] GC(282) Old regions: 119->119
[2022-09-01T20:24:44.129+0300][gc,heap     ] GC(282) Archive regions: 2->2
[2022-09-01T20:24:44.129+0300][gc,heap     ] GC(282) Humongous regions: 129->129
[2022-09-01T20:24:44.129+0300][gc,metaspace] GC(282) Metaspace: 44898K(45568K)->44898K(45568K) NonClass: 39811K(40192K)->39811K(40192K) Class: 5087K(5376K)->5087K(5376K)
[2022-09-01T20:24:44.129+0300][gc          ] GC(282) Pause Young (Normal) (G1 Evacuation Pause) 298M->253M(1024M) 31,303ms
[2022-09-01T20:24:44.129+0300][gc,cpu      ] GC(282) User=0,02s Sys=0,01s Real=0,03s
[2022-09-01T20:24:55.586+0300][gc,start    ] GC(283) Pause Young (Normal) (G1 Evacuation Pause)
[2022-09-01T20:24:55.586+0300][gc,task     ] GC(283) Using 2 workers of 2 for evacuation
[2022-09-01T20:24:55.617+0300][gc,mmu      ] GC(283) MMU target violated: 21,0ms (20,0ms/21,0ms)
[2022-09-01T20:24:55.617+0300][gc,phases   ] GC(283)   Pre Evacuate Collection Set: 0,6ms
[2022-09-01T20:24:55.617+0300][gc,phases   ] GC(283)   Merge Heap Roots: 0,7ms
[2022-09-01T20:24:55.617+0300][gc,phases   ] GC(283)   Evacuate Collection Set: 29,1ms
[2022-09-01T20:24:55.617+0300][gc,phases   ] GC(283)   Post Evacuate Collection Set: 0,6ms
[2022-09-01T20:24:55.617+0300][gc,phases   ] GC(283)   Other: 0,1ms
[2022-09-01T20:24:55.617+0300][gc,heap     ] GC(283) Eden regions: 46->0(47)
[2022-09-01T20:24:55.617+0300][gc,heap     ] GC(283) Survivor regions: 5->4(7)
[2022-09-01T20:24:55.617+0300][gc,heap     ] GC(283) Old regions: 119->120
[2022-09-01T20:24:55.617+0300][gc,heap     ] GC(283) Archive regions: 2->2
[2022-09-01T20:24:55.617+0300][gc,heap     ] GC(283) Humongous regions: 129->129
[2022-09-01T20:24:55.617+0300][gc,metaspace] GC(283) Metaspace: 44898K(45568K)->44898K(45568K) NonClass: 39811K(40192K)->39811K(40192K) Class: 5087K(5376K)->5087K(5376K)
[2022-09-01T20:24:55.617+0300][gc          ] GC(283) Pause Young (Normal) (G1 Evacuation Pause) 299M->253M(1024M) 31,346ms
[2022-09-01T20:24:55.617+0300][gc,cpu      ] GC(283) User=0,02s Sys=0,00s Real=0,03s
[2022-09-01T20:25:06.995+0300][gc,start    ] GC(284) Pause Young (Normal) (G1 Evacuation Pause)
[2022-09-01T20:25:06.995+0300][gc,task     ] GC(284) Using 2 workers of 2 for evacuation
[2022-09-01T20:25:07.041+0300][gc,mmu      ] GC(284) MMU target violated: 21,0ms (20,0ms/21,0ms)
[2022-09-01T20:25:07.042+0300][gc,phases   ] GC(284)   Pre Evacuate Collection Set: 0,9ms
[2022-09-01T20:25:07.042+0300][gc,phases   ] GC(284)   Merge Heap Roots: 0,7ms
[2022-09-01T20:25:07.042+0300][gc,phases   ] GC(284)   Evacuate Collection Set: 41,3ms
[2022-09-01T20:25:07.042+0300][gc,phases   ] GC(284)   Post Evacuate Collection Set: 3,5ms
[2022-09-01T20:25:07.042+0300][gc,phases   ] GC(284)   Other: 0,2ms
[2022-09-01T20:25:07.042+0300][gc,heap     ] GC(284) Eden regions: 47->0(47)
[2022-09-01T20:25:07.042+0300][gc,heap     ] GC(284) Survivor regions: 4->4(7)
[2022-09-01T20:25:07.042+0300][gc,heap     ] GC(284) Old regions: 120->121
[2022-09-01T20:25:07.042+0300][gc,heap     ] GC(284) Archive regions: 2->2
[2022-09-01T20:25:07.042+0300][gc,heap     ] GC(284) Humongous regions: 129->129
[2022-09-01T20:25:07.042+0300][gc,metaspace] GC(284) Metaspace: 44898K(45568K)->44898K(45568K) NonClass: 39811K(40192K)->39811K(40192K) Class: 5087K(5376K)->5087K(5376K)
[2022-09-01T20:25:07.042+0300][gc          ] GC(284) Pause Young (Normal) (G1 Evacuation Pause) 300M->254M(1024M) 46,766ms
[2022-09-01T20:25:07.042+0300][gc,cpu      ] GC(284) User=0,02s Sys=0,02s Real=0,05s
[2022-09-01T20:25:18.464+0300][gc,start    ] GC(285) Pause Young (Normal) (G1 Evacuation Pause)
[2022-09-01T20:25:18.464+0300][gc,task     ] GC(285) Using 2 workers of 2 for evacuation
[2022-09-01T20:25:18.483+0300][gc,phases   ] GC(285)   Pre Evacuate Collection Set: 0,2ms
[2022-09-01T20:25:18.484+0300][gc,phases   ] GC(285)   Merge Heap Roots: 0,2ms
[2022-09-01T20:25:18.484+0300][gc,phases   ] GC(285)   Evacuate Collection Set: 12,6ms
[2022-09-01T20:25:18.484+0300][gc,phases   ] GC(285)   Post Evacuate Collection Set: 4,0ms
[2022-09-01T20:25:18.484+0300][gc,phases   ] GC(285)   Other: 2,4ms
[2022-09-01T20:25:18.484+0300][gc,heap     ] GC(285) Eden regions: 47->0(46)
[2022-09-01T20:25:18.484+0300][gc,heap     ] GC(285) Survivor regions: 4->5(7)
[2022-09-01T20:25:18.484+0300][gc,heap     ] GC(285) Old regions: 121->121
[2022-09-01T20:25:18.484+0300][gc,heap     ] GC(285) Archive regions: 2->2
[2022-09-01T20:25:18.484+0300][gc,heap     ] GC(285) Humongous regions: 129->129
[2022-09-01T20:25:18.484+0300][gc,metaspace] GC(285) Metaspace: 44898K(45568K)->44898K(45568K) NonClass: 39811K(40192K)->39811K(40192K) Class: 5087K(5376K)->5087K(5376K)
[2022-09-01T20:25:18.484+0300][gc          ] GC(285) Pause Young (Normal) (G1 Evacuation Pause) 301M->255M(1024M) 19,918ms
[2022-09-01T20:25:18.484+0300][gc,cpu      ] GC(285) User=0,00s Sys=0,01s Real=0,02s
[2022-09-01T20:25:29.825+0300][gc,start    ] GC(286) Pause Young (Normal) (G1 Evacuation Pause)
[2022-09-01T20:25:29.825+0300][gc,task     ] GC(286) Using 2 workers of 2 for evacuation
[2022-09-01T20:25:29.846+0300][gc,mmu      ] GC(286) MMU target violated: 20,6ms (20,0ms/21,0ms)
[2022-09-01T20:25:29.846+0300][gc,phases   ] GC(286)   Pre Evacuate Collection Set: 0,5ms
[2022-09-01T20:25:29.846+0300][gc,phases   ] GC(286)   Merge Heap Roots: 0,6ms
[2022-09-01T20:25:29.846+0300][gc,phases   ] GC(286)   Evacuate Collection Set: 16,1ms
[2022-09-01T20:25:29.846+0300][gc,phases   ] GC(286)   Post Evacuate Collection Set: 3,2ms
[2022-09-01T20:25:29.846+0300][gc,phases   ] GC(286)   Other: 0,3ms
[2022-09-01T20:25:29.846+0300][gc,heap     ] GC(286) Eden regions: 46->0(46)
[2022-09-01T20:25:29.846+0300][gc,heap     ] GC(286) Survivor regions: 5->5(7)
[2022-09-01T20:25:29.846+0300][gc,heap     ] GC(286) Old regions: 121->122
[2022-09-01T20:25:29.846+0300][gc,heap     ] GC(286) Archive regions: 2->2
[2022-09-01T20:25:29.846+0300][gc,heap     ] GC(286) Humongous regions: 129->129
[2022-09-01T20:25:29.846+0300][gc,metaspace] GC(286) Metaspace: 44898K(45568K)->44898K(45568K) NonClass: 39811K(40192K)->39811K(40192K) Class: 5087K(5376K)->5087K(5376K)
[2022-09-01T20:25:29.846+0300][gc          ] GC(286) Pause Young (Normal) (G1 Evacuation Pause) 301M->256M(1024M) 20,890ms
[2022-09-01T20:25:29.846+0300][gc,cpu      ] GC(286) User=0,02s Sys=0,00s Real=0,02s
[2022-09-01T20:25:41.160+0300][gc,start    ] GC(287) Pause Young (Normal) (G1 Evacuation Pause)
[2022-09-01T20:25:41.160+0300][gc,task     ] GC(287) Using 2 workers of 2 for evacuation
[2022-09-01T20:25:41.187+0300][gc,mmu      ] GC(287) MMU target violated: 21,0ms (20,0ms/21,0ms)
[2022-09-01T20:25:41.187+0300][gc,phases   ] GC(287)   Pre Evacuate Collection Set: 0,4ms
[2022-09-01T20:25:41.187+0300][gc,phases   ] GC(287)   Merge Heap Roots: 0,4ms
[2022-09-01T20:25:41.187+0300][gc,phases   ] GC(287)   Evacuate Collection Set: 20,8ms
[2022-09-01T20:25:41.187+0300][gc,phases   ] GC(287)   Post Evacuate Collection Set: 4,9ms
[2022-09-01T20:25:41.187+0300][gc,phases   ] GC(287)   Other: 0,1ms
[2022-09-01T20:25:41.187+0300][gc,heap     ] GC(287) Eden regions: 46->0(46)
[2022-09-01T20:25:41.187+0300][gc,heap     ] GC(287) Survivor regions: 5->5(7)
[2022-09-01T20:25:41.187+0300][gc,heap     ] GC(287) Old regions: 122->123
[2022-09-01T20:25:41.187+0300][gc,heap     ] GC(287) Archive regions: 2->2
[2022-09-01T20:25:41.187+0300][gc,heap     ] GC(287) Humongous regions: 129->129
[2022-09-01T20:25:41.187+0300][gc,metaspace] GC(287) Metaspace: 44898K(45568K)->44898K(45568K) NonClass: 39811K(40192K)->39811K(40192K) Class: 5087K(5376K)->5087K(5376K)
[2022-09-01T20:25:41.187+0300][gc          ] GC(287) Pause Young (Normal) (G1 Evacuation Pause) 302M->256M(1024M) 26,870ms
[2022-09-01T20:25:41.187+0300][gc,cpu      ] GC(287) User=0,02s Sys=0,01s Real=0,02s
[2022-09-01T20:25:52.781+0300][gc,start    ] GC(288) Pause Young (Normal) (G1 Evacuation Pause)
[2022-09-01T20:25:52.781+0300][gc,task     ] GC(288) Using 2 workers of 2 for evacuation
[2022-09-01T20:25:52.797+0300][gc,phases   ] GC(288)   Pre Evacuate Collection Set: 0,1ms
[2022-09-01T20:25:52.797+0300][gc,phases   ] GC(288)   Merge Heap Roots: 0,3ms
[2022-09-01T20:25:52.797+0300][gc,phases   ] GC(288)   Evacuate Collection Set: 14,8ms
[2022-09-01T20:25:52.797+0300][gc,phases   ] GC(288)   Post Evacuate Collection Set: 0,5ms
[2022-09-01T20:25:52.797+0300][gc,phases   ] GC(288)   Other: 0,1ms
[2022-09-01T20:25:52.797+0300][gc,heap     ] GC(288) Eden regions: 46->0(47)
[2022-09-01T20:25:52.797+0300][gc,heap     ] GC(288) Survivor regions: 5->4(7)
[2022-09-01T20:25:52.797+0300][gc,heap     ] GC(288) Old regions: 123->124
[2022-09-01T20:25:52.797+0300][gc,heap     ] GC(288) Archive regions: 2->2
[2022-09-01T20:25:52.797+0300][gc,heap     ] GC(288) Humongous regions: 129->129
[2022-09-01T20:25:52.797+0300][gc,metaspace] GC(288) Metaspace: 44898K(45568K)->44898K(45568K) NonClass: 39811K(40192K)->39811K(40192K) Class: 5087K(5376K)->5087K(5376K)
[2022-09-01T20:25:52.797+0300][gc          ] GC(288) Pause Young (Normal) (G1 Evacuation Pause) 302M->257M(1024M) 15,986ms
[2022-09-01T20:25:52.797+0300][gc,cpu      ] GC(288) User=0,01s Sys=0,01s Real=0,01s
[2022-09-01T20:26:04.063+0300][gc,start    ] GC(289) Pause Young (Normal) (G1 Evacuation Pause)
[2022-09-01T20:26:04.063+0300][gc,task     ] GC(289) Using 2 workers of 2 for evacuation
[2022-09-01T20:26:04.085+0300][gc,mmu      ] GC(289) MMU target violated: 21,0ms (20,0ms/21,0ms)
[2022-09-01T20:26:04.085+0300][gc,phases   ] GC(289)   Pre Evacuate Collection Set: 0,3ms
[2022-09-01T20:26:04.085+0300][gc,phases   ] GC(289)   Merge Heap Roots: 0,2ms
[2022-09-01T20:26:04.085+0300][gc,phases   ] GC(289)   Evacuate Collection Set: 20,3ms
[2022-09-01T20:26:04.085+0300][gc,phases   ] GC(289)   Post Evacuate Collection Set: 0,5ms
[2022-09-01T20:26:04.085+0300][gc,phases   ] GC(289)   Other: 0,1ms
[2022-09-01T20:26:04.085+0300][gc,heap     ] GC(289) Eden regions: 47->0(47)
[2022-09-01T20:26:04.085+0300][gc,heap     ] GC(289) Survivor regions: 4->4(7)
[2022-09-01T20:26:04.085+0300][gc,heap     ] GC(289) Old regions: 124->124
[2022-09-01T20:26:04.085+0300][gc,heap     ] GC(289) Archive regions: 2->2
[2022-09-01T20:26:04.085+0300][gc,heap     ] GC(289) Humongous regions: 129->129
[2022-09-01T20:26:04.085+0300][gc,metaspace] GC(289) Metaspace: 44898K(45568K)->44898K(45568K) NonClass: 39811K(40192K)->39811K(40192K) Class: 5087K(5376K)->5087K(5376K)
[2022-09-01T20:26:04.085+0300][gc          ] GC(289) Pause Young (Normal) (G1 Evacuation Pause) 304M->257M(1024M) 21,685ms
[2022-09-01T20:26:04.088+0300][gc,cpu      ] GC(289) User=0,01s Sys=0,01s Real=0,02s
[2022-09-01T20:27:06.269+0300][gc,start    ] GC(290) Pause Young (Normal) (G1 Evacuation Pause)
[2022-09-01T20:27:06.270+0300][gc,task     ] GC(290) Using 2 workers of 2 for evacuation
[2022-09-01T20:27:06.284+0300][gc,phases   ] GC(290)   Pre Evacuate Collection Set: 0,5ms
[2022-09-01T20:27:06.285+0300][gc,phases   ] GC(290)   Merge Heap Roots: 0,5ms
[2022-09-01T20:27:06.285+0300][gc,phases   ] GC(290)   Evacuate Collection Set: 11,8ms
[2022-09-01T20:27:06.285+0300][gc,phases   ] GC(290)   Post Evacuate Collection Set: 2,0ms
[2022-09-01T20:27:06.285+0300][gc,phases   ] GC(290)   Other: 0,1ms
[2022-09-01T20:27:06.285+0300][gc,heap     ] GC(290) Eden regions: 47->0(46)
[2022-09-01T20:27:06.285+0300][gc,heap     ] GC(290) Survivor regions: 4->5(7)
[2022-09-01T20:27:06.285+0300][gc,heap     ] GC(290) Old regions: 124->125
[2022-09-01T20:27:06.285+0300][gc,heap     ] GC(290) Archive regions: 2->2
[2022-09-01T20:27:06.285+0300][gc,heap     ] GC(290) Humongous regions: 129->129
[2022-09-01T20:27:06.285+0300][gc,metaspace] GC(290) Metaspace: 44898K(45568K)->44898K(45568K) NonClass: 39811K(40192K)->39811K(40192K) Class: 5087K(5376K)->5087K(5376K)
[2022-09-01T20:27:06.285+0300][gc          ] GC(290) Pause Young (Normal) (G1 Evacuation Pause) 304M->259M(1024M) 15,189ms
[2022-09-01T20:27:06.285+0300][gc,cpu      ] GC(290) User=0,00s Sys=0,02s Real=0,02s
[2022-09-01T20:27:27.432+0300][gc,start    ] GC(291) Pause Young (Normal) (G1 Evacuation Pause)
[2022-09-01T20:27:27.432+0300][gc,task     ] GC(291) Using 2 workers of 2 for evacuation
[2022-09-01T20:27:27.454+0300][gc,mmu      ] GC(291) MMU target violated: 21,0ms (20,0ms/21,0ms)
[2022-09-01T20:27:27.454+0300][gc,phases   ] GC(291)   Pre Evacuate Collection Set: 0,4ms
[2022-09-01T20:27:27.454+0300][gc,phases   ] GC(291)   Merge Heap Roots: 0,2ms
[2022-09-01T20:27:27.454+0300][gc,phases   ] GC(291)   Evacuate Collection Set: 20,0ms
[2022-09-01T20:27:27.454+0300][gc,phases   ] GC(291)   Post Evacuate Collection Set: 1,1ms
[2022-09-01T20:27:27.454+0300][gc,phases   ] GC(291)   Other: 0,2ms
[2022-09-01T20:27:27.454+0300][gc,heap     ] GC(291) Eden regions: 46->0(46)
[2022-09-01T20:27:27.454+0300][gc,heap     ] GC(291) Survivor regions: 5->5(7)
[2022-09-01T20:27:27.454+0300][gc,heap     ] GC(291) Old regions: 125->126
[2022-09-01T20:27:27.454+0300][gc,heap     ] GC(291) Archive regions: 2->2
[2022-09-01T20:27:27.454+0300][gc,heap     ] GC(291) Humongous regions: 129->129
[2022-09-01T20:27:27.454+0300][gc,metaspace] GC(291) Metaspace: 44898K(45568K)->44898K(45568K) NonClass: 39811K(40192K)->39811K(40192K) Class: 5087K(5376K)->5087K(5376K)
[2022-09-01T20:27:27.454+0300][gc          ] GC(291) Pause Young (Normal) (G1 Evacuation Pause) 305M->260M(1024M) 22,248ms
[2022-09-01T20:27:27.454+0300][gc,cpu      ] GC(291) User=0,01s Sys=0,01s Real=0,03s
[2022-09-01T20:27:39.694+0300][gc,start    ] GC(292) Pause Young (Normal) (G1 Evacuation Pause)
[2022-09-01T20:27:39.694+0300][gc,task     ] GC(292) Using 2 workers of 2 for evacuation
[2022-09-01T20:27:39.733+0300][gc,mmu      ] GC(292) MMU target violated: 21,0ms (20,0ms/21,0ms)
[2022-09-01T20:27:39.733+0300][gc,phases   ] GC(292)   Pre Evacuate Collection Set: 0,2ms
[2022-09-01T20:27:39.733+0300][gc,phases   ] GC(292)   Merge Heap Roots: 0,2ms
[2022-09-01T20:27:39.733+0300][gc,phases   ] GC(292)   Evacuate Collection Set: 37,5ms
[2022-09-01T20:27:39.733+0300][gc,phases   ] GC(292)   Post Evacuate Collection Set: 0,8ms
[2022-09-01T20:27:39.733+0300][gc,phases   ] GC(292)   Other: 0,1ms
[2022-09-01T20:27:39.733+0300][gc,heap     ] GC(292) Eden regions: 46->0(46)
[2022-09-01T20:27:39.733+0300][gc,heap     ] GC(292) Survivor regions: 5->5(7)
[2022-09-01T20:27:39.733+0300][gc,heap     ] GC(292) Old regions: 126->127
[2022-09-01T20:27:39.733+0300][gc,heap     ] GC(292) Archive regions: 2->2
[2022-09-01T20:27:39.733+0300][gc,heap     ] GC(292) Humongous regions: 129->129
[2022-09-01T20:27:39.733+0300][gc,metaspace] GC(292) Metaspace: 44898K(45568K)->44898K(45568K) NonClass: 39811K(40192K)->39811K(40192K) Class: 5087K(5376K)->5087K(5376K)
[2022-09-01T20:27:39.733+0300][gc          ] GC(292) Pause Young (Normal) (G1 Evacuation Pause) 306M->260M(1024M) 39,034ms
[2022-09-01T20:27:39.733+0300][gc,cpu      ] GC(292) User=0,02s Sys=0,01s Real=0,04s
[2022-09-01T20:27:51.417+0300][gc,start    ] GC(293) Pause Young (Normal) (G1 Evacuation Pause)
[2022-09-01T20:27:51.418+0300][gc,task     ] GC(293) Using 2 workers of 2 for evacuation
[2022-09-01T20:27:51.447+0300][gc,mmu      ] GC(293) MMU target violated: 21,0ms (20,0ms/21,0ms)
[2022-09-01T20:27:51.447+0300][gc,phases   ] GC(293)   Pre Evacuate Collection Set: 0,1ms
[2022-09-01T20:27:51.447+0300][gc,phases   ] GC(293)   Merge Heap Roots: 0,2ms
[2022-09-01T20:27:51.447+0300][gc,phases   ] GC(293)   Evacuate Collection Set: 25,3ms
[2022-09-01T20:27:51.447+0300][gc,phases   ] GC(293)   Post Evacuate Collection Set: 4,1ms
[2022-09-01T20:27:51.447+0300][gc,phases   ] GC(293)   Other: 0,2ms
[2022-09-01T20:27:51.447+0300][gc,heap     ] GC(293) Eden regions: 46->0(47)
[2022-09-01T20:27:51.447+0300][gc,heap     ] GC(293) Survivor regions: 5->4(7)
[2022-09-01T20:27:51.447+0300][gc,heap     ] GC(293) Old regions: 127->128
[2022-09-01T20:27:51.447+0300][gc,heap     ] GC(293) Archive regions: 2->2
[2022-09-01T20:27:51.447+0300][gc,heap     ] GC(293) Humongous regions: 129->129
[2022-09-01T20:27:51.447+0300][gc,metaspace] GC(293) Metaspace: 44898K(45568K)->44898K(45568K) NonClass: 39811K(40192K)->39811K(40192K) Class: 5087K(5376K)->5087K(5376K)
[2022-09-01T20:27:51.448+0300][gc          ] GC(293) Pause Young (Normal) (G1 Evacuation Pause) 306M->261M(1024M) 30,106ms
[2022-09-01T20:27:51.448+0300][gc,cpu      ] GC(293) User=0,02s Sys=0,01s Real=0,03s
[2022-09-01T20:29:52.878+0300][gc,start    ] GC(294) Pause Young (Normal) (G1 Evacuation Pause)
[2022-09-01T20:29:52.878+0300][gc,task     ] GC(294) Using 2 workers of 2 for evacuation
[2022-09-01T20:29:52.894+0300][gc,phases   ] GC(294)   Pre Evacuate Collection Set: 0,2ms
[2022-09-01T20:29:52.895+0300][gc,phases   ] GC(294)   Merge Heap Roots: 0,1ms
[2022-09-01T20:29:52.895+0300][gc,phases   ] GC(294)   Evacuate Collection Set: 12,1ms
[2022-09-01T20:29:52.895+0300][gc,phases   ] GC(294)   Post Evacuate Collection Set: 3,3ms
[2022-09-01T20:29:52.895+0300][gc,phases   ] GC(294)   Other: 0,1ms
[2022-09-01T20:29:52.895+0300][gc,heap     ] GC(294) Eden regions: 47->0(46)
[2022-09-01T20:29:52.895+0300][gc,heap     ] GC(294) Survivor regions: 4->5(7)
[2022-09-01T20:29:52.895+0300][gc,heap     ] GC(294) Old regions: 128->129
[2022-09-01T20:29:52.895+0300][gc,heap     ] GC(294) Archive regions: 2->2
[2022-09-01T20:29:52.895+0300][gc,heap     ] GC(294) Humongous regions: 129->129
[2022-09-01T20:29:52.895+0300][gc,metaspace] GC(294) Metaspace: 44898K(45568K)->44898K(45568K) NonClass: 39811K(40192K)->39811K(40192K) Class: 5087K(5376K)->5087K(5376K)
[2022-09-01T20:29:52.895+0300][gc          ] GC(294) Pause Young (Normal) (G1 Evacuation Pause) 308M->263M(1024M) 17,495ms
[2022-09-01T20:29:52.895+0300][gc,cpu      ] GC(294) User=0,02s Sys=0,01s Real=0,02s
[2022-09-01T20:33:13.458+0300][gc,start    ] GC(295) Pause Young (Normal) (G1 Evacuation Pause)
[2022-09-01T20:33:13.458+0300][gc,task     ] GC(295) Using 2 workers of 2 for evacuation
[2022-09-01T20:33:13.481+0300][gc,mmu      ] GC(295) MMU target violated: 21,0ms (20,0ms/21,0ms)
[2022-09-01T20:33:13.481+0300][gc,phases   ] GC(295)   Pre Evacuate Collection Set: 0,1ms
[2022-09-01T20:33:13.481+0300][gc,phases   ] GC(295)   Merge Heap Roots: 0,2ms
[2022-09-01T20:33:13.481+0300][gc,phases   ] GC(295)   Evacuate Collection Set: 21,1ms
[2022-09-01T20:33:13.481+0300][gc,phases   ] GC(295)   Post Evacuate Collection Set: 1,5ms
[2022-09-01T20:33:13.481+0300][gc,phases   ] GC(295)   Other: 0,2ms
[2022-09-01T20:33:13.481+0300][gc,heap     ] GC(295) Eden regions: 46->0(45)
[2022-09-01T20:33:13.481+0300][gc,heap     ] GC(295) Survivor regions: 5->6(7)
[2022-09-01T20:33:13.481+0300][gc,heap     ] GC(295) Old regions: 129->130
[2022-09-01T20:33:13.481+0300][gc,heap     ] GC(295) Archive regions: 2->2
[2022-09-01T20:33:13.481+0300][gc,heap     ] GC(295) Humongous regions: 129->129
[2022-09-01T20:33:13.481+0300][gc,metaspace] GC(295) Metaspace: 44898K(45568K)->44898K(45568K) NonClass: 39811K(40192K)->39811K(40192K) Class: 5087K(5376K)->5087K(5376K)
[2022-09-01T20:33:13.481+0300][gc          ] GC(295) Pause Young (Normal) (G1 Evacuation Pause) 309M->265M(1024M) 23,273ms
[2022-09-01T20:33:13.482+0300][gc,cpu      ] GC(295) User=0,02s Sys=0,02s Real=0,03s
[2022-09-01T20:36:31.849+0300][gc,start    ] GC(296) Pause Young (Normal) (G1 Evacuation Pause)
[2022-09-01T20:36:31.849+0300][gc,task     ] GC(296) Using 2 workers of 2 for evacuation
[2022-09-01T20:36:31.913+0300][gc,mmu      ] GC(296) MMU target violated: 21,0ms (20,0ms/21,0ms)
[2022-09-01T20:36:31.913+0300][gc,phases   ] GC(296)   Pre Evacuate Collection Set: 0,1ms
[2022-09-01T20:36:31.913+0300][gc,phases   ] GC(296)   Merge Heap Roots: 0,2ms
[2022-09-01T20:36:31.913+0300][gc,phases   ] GC(296)   Evacuate Collection Set: 59,3ms
[2022-09-01T20:36:31.913+0300][gc,phases   ] GC(296)   Post Evacuate Collection Set: 4,5ms
[2022-09-01T20:36:31.913+0300][gc,phases   ] GC(296)   Other: 0,2ms
[2022-09-01T20:36:31.913+0300][gc,heap     ] GC(296) Eden regions: 45->0(45)
[2022-09-01T20:36:31.913+0300][gc,heap     ] GC(296) Survivor regions: 6->6(7)
[2022-09-01T20:36:31.913+0300][gc,heap     ] GC(296) Old regions: 130->133
[2022-09-01T20:36:31.913+0300][gc,heap     ] GC(296) Archive regions: 2->2
[2022-09-01T20:36:31.913+0300][gc,heap     ] GC(296) Humongous regions: 129->129
[2022-09-01T20:36:31.913+0300][gc,metaspace] GC(296) Metaspace: 44898K(45568K)->44898K(45568K) NonClass: 39811K(40192K)->39811K(40192K) Class: 5087K(5376K)->5087K(5376K)
[2022-09-01T20:36:31.913+0300][gc          ] GC(296) Pause Young (Normal) (G1 Evacuation Pause) 310M->268M(1024M) 64,311ms
[2022-09-01T20:36:31.913+0300][gc,cpu      ] GC(296) User=0,02s Sys=0,01s Real=0,07s
[2022-09-01T20:36:46.695+0300][gc,start    ] GC(297) Pause Young (Normal) (G1 Evacuation Pause)
[2022-09-01T20:36:46.695+0300][gc,task     ] GC(297) Using 2 workers of 2 for evacuation
[2022-09-01T20:36:46.794+0300][gc,mmu      ] GC(297) MMU target violated: 21,0ms (20,0ms/21,0ms)
[2022-09-01T20:36:46.794+0300][gc,phases   ] GC(297)   Pre Evacuate Collection Set: 0,1ms
[2022-09-01T20:36:46.794+0300][gc,phases   ] GC(297)   Merge Heap Roots: 0,2ms
[2022-09-01T20:36:46.794+0300][gc,phases   ] GC(297)   Evacuate Collection Set: 75,0ms
[2022-09-01T20:36:46.794+0300][gc,phases   ] GC(297)   Post Evacuate Collection Set: 23,4ms
[2022-09-01T20:36:46.794+0300][gc,phases   ] GC(297)   Other: 0,2ms
[2022-09-01T20:36:46.794+0300][gc,heap     ] GC(297) Eden regions: 45->0(45)
[2022-09-01T20:36:46.794+0300][gc,heap     ] GC(297) Survivor regions: 6->6(7)
[2022-09-01T20:36:46.794+0300][gc,heap     ] GC(297) Old regions: 133->136
[2022-09-01T20:36:46.794+0300][gc,heap     ] GC(297) Archive regions: 2->2
[2022-09-01T20:36:46.794+0300][gc,heap     ] GC(297) Humongous regions: 129->129
[2022-09-01T20:36:46.794+0300][gc,metaspace] GC(297) Metaspace: 44898K(45568K)->44898K(45568K) NonClass: 39811K(40192K)->39811K(40192K) Class: 5087K(5376K)->5087K(5376K)
[2022-09-01T20:36:46.794+0300][gc          ] GC(297) Pause Young (Normal) (G1 Evacuation Pause) 313M->270M(1024M) 99,125ms
[2022-09-01T20:36:46.794+0300][gc,cpu      ] GC(297) User=0,01s Sys=0,04s Real=0,10s
[2022-09-01T20:36:55.289+0300][gc,start    ] GC(298) Pause Young (Normal) (G1 Evacuation Pause)
[2022-09-01T20:36:55.289+0300][gc,task     ] GC(298) Using 2 workers of 2 for evacuation
[2022-09-01T20:36:55.345+0300][gc,mmu      ] GC(298) MMU target violated: 21,0ms (20,0ms/21,0ms)
[2022-09-01T20:36:55.345+0300][gc,phases   ] GC(298)   Pre Evacuate Collection Set: 0,3ms
[2022-09-01T20:36:55.345+0300][gc,phases   ] GC(298)   Merge Heap Roots: 0,2ms
[2022-09-01T20:36:55.345+0300][gc,phases   ] GC(298)   Evacuate Collection Set: 55,6ms
[2022-09-01T20:36:55.345+0300][gc,phases   ] GC(298)   Post Evacuate Collection Set: 0,5ms
[2022-09-01T20:36:55.345+0300][gc,phases   ] GC(298)   Other: 0,1ms
[2022-09-01T20:36:55.345+0300][gc,heap     ] GC(298) Eden regions: 45->0(46)
[2022-09-01T20:36:55.345+0300][gc,heap     ] GC(298) Survivor regions: 6->5(7)
[2022-09-01T20:36:55.345+0300][gc,heap     ] GC(298) Old regions: 136->138
[2022-09-01T20:36:55.345+0300][gc,heap     ] GC(298) Archive regions: 2->2
[2022-09-01T20:36:55.345+0300][gc,heap     ] GC(298) Humongous regions: 129->129
[2022-09-01T20:36:55.345+0300][gc,metaspace] GC(298) Metaspace: 44898K(45568K)->44898K(45568K) NonClass: 39811K(40192K)->39811K(40192K) Class: 5087K(5376K)->5087K(5376K)
[2022-09-01T20:36:55.346+0300][gc          ] GC(298) Pause Young (Normal) (G1 Evacuation Pause) 315M->272M(1024M) 56,848ms
[2022-09-01T20:36:55.346+0300][gc,cpu      ] GC(298) User=0,02s Sys=0,00s Real=0,06s
[2022-09-01T20:37:03.026+0300][gc,start    ] GC(299) Pause Young (Normal) (G1 Evacuation Pause)
[2022-09-01T20:37:03.026+0300][gc,task     ] GC(299) Using 2 workers of 2 for evacuation
[2022-09-01T20:37:03.058+0300][gc,mmu      ] GC(299) MMU target violated: 21,0ms (20,0ms/21,0ms)
[2022-09-01T20:37:03.058+0300][gc,phases   ] GC(299)   Pre Evacuate Collection Set: 0,2ms
[2022-09-01T20:37:03.058+0300][gc,phases   ] GC(299)   Merge Heap Roots: 0,1ms
[2022-09-01T20:37:03.058+0300][gc,phases   ] GC(299)   Evacuate Collection Set: 30,6ms
[2022-09-01T20:37:03.058+0300][gc,phases   ] GC(299)   Post Evacuate Collection Set: 0,7ms
[2022-09-01T20:37:03.058+0300][gc,phases   ] GC(299)   Other: 0,3ms
[2022-09-01T20:37:03.058+0300][gc,heap     ] GC(299) Eden regions: 46->0(47)
[2022-09-01T20:37:03.058+0300][gc,heap     ] GC(299) Survivor regions: 5->4(7)
[2022-09-01T20:37:03.058+0300][gc,heap     ] GC(299) Old regions: 138->141
[2022-09-01T20:37:03.058+0300][gc,heap     ] GC(299) Archive regions: 2->2
[2022-09-01T20:37:03.058+0300][gc,heap     ] GC(299) Humongous regions: 129->129
[2022-09-01T20:37:03.058+0300][gc,metaspace] GC(299) Metaspace: 44898K(45568K)->44898K(45568K) NonClass: 39811K(40192K)->39811K(40192K) Class: 5087K(5376K)->5087K(5376K)
[2022-09-01T20:37:03.058+0300][gc          ] GC(299) Pause Young (Normal) (G1 Evacuation Pause) 318M->274M(1024M) 32,077ms
[2022-09-01T20:37:03.058+0300][gc,cpu      ] GC(299) User=0,02s Sys=0,01s Real=0,03s
[2022-09-01T20:37:10.552+0300][gc,start    ] GC(300) Pause Young (Normal) (G1 Evacuation Pause)
[2022-09-01T20:37:10.552+0300][gc,task     ] GC(300) Using 2 workers of 2 for evacuation
[2022-09-01T20:37:10.594+0300][gc,mmu      ] GC(300) MMU target violated: 21,0ms (20,0ms/21,0ms)
[2022-09-01T20:37:10.594+0300][gc,phases   ] GC(300)   Pre Evacuate Collection Set: 0,1ms
[2022-09-01T20:37:10.594+0300][gc,phases   ] GC(300)   Merge Heap Roots: 0,1ms
[2022-09-01T20:37:10.594+0300][gc,phases   ] GC(300)   Evacuate Collection Set: 40,8ms
[2022-09-01T20:37:10.594+0300][gc,phases   ] GC(300)   Post Evacuate Collection Set: 0,6ms
[2022-09-01T20:37:10.594+0300][gc,phases   ] GC(300)   Other: 0,3ms
[2022-09-01T20:37:10.594+0300][gc,heap     ] GC(300) Eden regions: 47->0(46)
[2022-09-01T20:37:10.594+0300][gc,heap     ] GC(300) Survivor regions: 4->5(7)
[2022-09-01T20:37:10.594+0300][gc,heap     ] GC(300) Old regions: 141->141
[2022-09-01T20:37:10.594+0300][gc,heap     ] GC(300) Archive regions: 2->2
[2022-09-01T20:37:10.594+0300][gc,heap     ] GC(300) Humongous regions: 129->129
[2022-09-01T20:37:10.594+0300][gc,metaspace] GC(300) Metaspace: 44898K(45568K)->44898K(45568K) NonClass: 39811K(40192K)->39811K(40192K) Class: 5087K(5376K)->5087K(5376K)
[2022-09-01T20:37:10.594+0300][gc          ] GC(300) Pause Young (Normal) (G1 Evacuation Pause) 321M->275M(1024M) 42,198ms
[2022-09-01T20:37:10.594+0300][gc,cpu      ] GC(300) User=0,02s Sys=0,01s Real=0,04s
[2022-09-01T20:37:17.863+0300][gc,start    ] GC(301) Pause Young (Normal) (G1 Evacuation Pause)
[2022-09-01T20:37:17.863+0300][gc,task     ] GC(301) Using 2 workers of 2 for evacuation
[2022-09-01T20:37:17.877+0300][gc,phases   ] GC(301)   Pre Evacuate Collection Set: 0,1ms
[2022-09-01T20:37:17.877+0300][gc,phases   ] GC(301)   Merge Heap Roots: 0,2ms
[2022-09-01T20:37:17.877+0300][gc,phases   ] GC(301)   Evacuate Collection Set: 12,6ms
[2022-09-01T20:37:17.877+0300][gc,phases   ] GC(301)   Post Evacuate Collection Set: 0,6ms
[2022-09-01T20:37:17.877+0300][gc,phases   ] GC(301)   Other: 0,1ms
[2022-09-01T20:37:17.877+0300][gc,heap     ] GC(301) Eden regions: 46->0(47)
[2022-09-01T20:37:17.877+0300][gc,heap     ] GC(301) Survivor regions: 5->4(7)
[2022-09-01T20:37:17.877+0300][gc,heap     ] GC(301) Old regions: 141->143
[2022-09-01T20:37:17.877+0300][gc,heap     ] GC(301) Archive regions: 2->2
[2022-09-01T20:37:17.877+0300][gc,heap     ] GC(301) Humongous regions: 129->129
[2022-09-01T20:37:17.877+0300][gc,metaspace] GC(301) Metaspace: 44898K(45568K)->44898K(45568K) NonClass: 39811K(40192K)->39811K(40192K) Class: 5087K(5376K)->5087K(5376K)
[2022-09-01T20:37:17.877+0300][gc          ] GC(301) Pause Young (Normal) (G1 Evacuation Pause) 321M->276M(1024M) 13,799ms
[2022-09-01T20:37:17.877+0300][gc,cpu      ] GC(301) User=0,01s Sys=0,02s Real=0,01s
[2022-09-01T20:37:24.405+0300][gc,start    ] GC(302) Pause Young (Normal) (G1 Evacuation Pause)
[2022-09-01T20:37:24.405+0300][gc,task     ] GC(302) Using 2 workers of 2 for evacuation
[2022-09-01T20:37:24.423+0300][gc,phases   ] GC(302)   Pre Evacuate Collection Set: 0,2ms
[2022-09-01T20:37:24.423+0300][gc,phases   ] GC(302)   Merge Heap Roots: 0,1ms
[2022-09-01T20:37:24.423+0300][gc,phases   ] GC(302)   Evacuate Collection Set: 14,2ms
[2022-09-01T20:37:24.423+0300][gc,phases   ] GC(302)   Post Evacuate Collection Set: 3,0ms
[2022-09-01T20:37:24.423+0300][gc,phases   ] GC(302)   Other: 0,1ms
[2022-09-01T20:37:24.423+0300][gc,heap     ] GC(302) Eden regions: 47->0(46)
[2022-09-01T20:37:24.423+0300][gc,heap     ] GC(302) Survivor regions: 4->5(7)
[2022-09-01T20:37:24.423+0300][gc,heap     ] GC(302) Old regions: 143->143
[2022-09-01T20:37:24.423+0300][gc,heap     ] GC(302) Archive regions: 2->2
[2022-09-01T20:37:24.423+0300][gc,heap     ] GC(302) Humongous regions: 129->129
[2022-09-01T20:37:24.423+0300][gc,metaspace] GC(302) Metaspace: 44898K(45568K)->44898K(45568K) NonClass: 39811K(40192K)->39811K(40192K) Class: 5087K(5376K)->5087K(5376K)
[2022-09-01T20:37:24.423+0300][gc          ] GC(302) Pause Young (Normal) (G1 Evacuation Pause) 323M->277M(1024M) 17,953ms
[2022-09-01T20:37:24.423+0300][gc,cpu      ] GC(302) User=0,01s Sys=0,01s Real=0,02s
[2022-09-01T20:37:32.655+0300][gc,start    ] GC(303) Pause Young (Normal) (G1 Evacuation Pause)
[2022-09-01T20:37:32.655+0300][gc,task     ] GC(303) Using 2 workers of 2 for evacuation
[2022-09-01T20:37:32.672+0300][gc,phases   ] GC(303)   Pre Evacuate Collection Set: 0,7ms
[2022-09-01T20:37:32.672+0300][gc,phases   ] GC(303)   Merge Heap Roots: 0,3ms
[2022-09-01T20:37:32.672+0300][gc,phases   ] GC(303)   Evacuate Collection Set: 15,2ms
[2022-09-01T20:37:32.672+0300][gc,phases   ] GC(303)   Post Evacuate Collection Set: 0,7ms
[2022-09-01T20:37:32.672+0300][gc,phases   ] GC(303)   Other: 0,1ms
[2022-09-01T20:37:32.672+0300][gc,heap     ] GC(303) Eden regions: 46->0(51)
[2022-09-01T20:37:32.672+0300][gc,heap     ] GC(303) Survivor regions: 5->4(7)
[2022-09-01T20:37:32.672+0300][gc,heap     ] GC(303) Old regions: 143->145
[2022-09-01T20:37:32.672+0300][gc,heap     ] GC(303) Archive regions: 2->2
[2022-09-01T20:37:32.672+0300][gc,heap     ] GC(303) Humongous regions: 129->129
[2022-09-01T20:37:32.672+0300][gc,metaspace] GC(303) Metaspace: 44898K(45568K)->44898K(45568K) NonClass: 39811K(40192K)->39811K(40192K) Class: 5087K(5376K)->5087K(5376K)
[2022-09-01T20:37:32.672+0300][gc          ] GC(303) Pause Young (Normal) (G1 Evacuation Pause) 323M->278M(1024M) 17,169ms
[2022-09-01T20:37:32.672+0300][gc,cpu      ] GC(303) User=0,01s Sys=0,00s Real=0,01s
[2022-09-01T20:37:40.422+0300][gc,start    ] GC(304) Pause Young (Normal) (G1 Evacuation Pause)
[2022-09-01T20:37:40.423+0300][gc,task     ] GC(304) Using 2 workers of 2 for evacuation
[2022-09-01T20:37:40.437+0300][gc,phases   ] GC(304)   Pre Evacuate Collection Set: 0,2ms
[2022-09-01T20:37:40.437+0300][gc,phases   ] GC(304)   Merge Heap Roots: 0,2ms
[2022-09-01T20:37:40.437+0300][gc,phases   ] GC(304)   Evacuate Collection Set: 13,3ms
[2022-09-01T20:37:40.437+0300][gc,phases   ] GC(304)   Post Evacuate Collection Set: 0,7ms
[2022-09-01T20:37:40.437+0300][gc,phases   ] GC(304)   Other: 0,1ms
[2022-09-01T20:37:40.437+0300][gc,heap     ] GC(304) Eden regions: 51->0(69)
[2022-09-01T20:37:40.437+0300][gc,heap     ] GC(304) Survivor regions: 4->5(7)
[2022-09-01T20:37:40.437+0300][gc,heap     ] GC(304) Old regions: 145->145
[2022-09-01T20:37:40.437+0300][gc,heap     ] GC(304) Archive regions: 2->2
[2022-09-01T20:37:40.437+0300][gc,heap     ] GC(304) Humongous regions: 129->129
[2022-09-01T20:37:40.437+0300][gc,metaspace] GC(304) Metaspace: 44898K(45568K)->44898K(45568K) NonClass: 39811K(40192K)->39811K(40192K) Class: 5087K(5376K)->5087K(5376K)
[2022-09-01T20:37:40.437+0300][gc          ] GC(304) Pause Young (Normal) (G1 Evacuation Pause) 329M->278M(1024M) 14,868ms
[2022-09-01T20:37:40.437+0300][gc,cpu      ] GC(304) User=0,01s Sys=0,01s Real=0,01s
[2022-09-01T20:37:50.501+0300][gc,start    ] GC(305) Pause Young (Normal) (G1 Evacuation Pause)
[2022-09-01T20:37:50.501+0300][gc,task     ] GC(305) Using 2 workers of 2 for evacuation
[2022-09-01T20:37:50.522+0300][gc,mmu      ] GC(305) MMU target violated: 20,5ms (20,0ms/21,0ms)
[2022-09-01T20:37:50.522+0300][gc,phases   ] GC(305)   Pre Evacuate Collection Set: 0,2ms
[2022-09-01T20:37:50.522+0300][gc,phases   ] GC(305)   Merge Heap Roots: 0,1ms
[2022-09-01T20:37:50.522+0300][gc,phases   ] GC(305)   Evacuate Collection Set: 18,5ms
[2022-09-01T20:37:50.522+0300][gc,phases   ] GC(305)   Post Evacuate Collection Set: 1,0ms
[2022-09-01T20:37:50.522+0300][gc,phases   ] GC(305)   Other: 0,9ms
[2022-09-01T20:37:50.522+0300][gc,heap     ] GC(305) Eden regions: 69->0(113)
[2022-09-01T20:37:50.522+0300][gc,heap     ] GC(305) Survivor regions: 5->5(10)
[2022-09-01T20:37:50.522+0300][gc,heap     ] GC(305) Old regions: 145->145
[2022-09-01T20:37:50.522+0300][gc,heap     ] GC(305) Archive regions: 2->2
[2022-09-01T20:37:50.522+0300][gc,heap     ] GC(305) Humongous regions: 129->129
[2022-09-01T20:37:50.522+0300][gc,metaspace] GC(305) Metaspace: 44898K(45568K)->44898K(45568K) NonClass: 39811K(40192K)->39811K(40192K) Class: 5087K(5376K)->5087K(5376K)
[2022-09-01T20:37:50.522+0300][gc          ] GC(305) Pause Young (Normal) (G1 Evacuation Pause) 347M->279M(1024M) 21,187ms
[2022-09-01T20:37:50.522+0300][gc,cpu      ] GC(305) User=0,01s Sys=0,01s Real=0,02s
[2022-09-01T20:38:08.545+0300][gc,start    ] GC(306) Pause Young (Normal) (G1 Evacuation Pause)
[2022-09-01T20:38:08.545+0300][gc,task     ] GC(306) Using 2 workers of 2 for evacuation
[2022-09-01T20:38:08.572+0300][gc,mmu      ] GC(306) MMU target violated: 21,0ms (20,0ms/21,0ms)
[2022-09-01T20:38:08.572+0300][gc,phases   ] GC(306)   Pre Evacuate Collection Set: 0,1ms
[2022-09-01T20:38:08.572+0300][gc,phases   ] GC(306)   Merge Heap Roots: 0,1ms
[2022-09-01T20:38:08.572+0300][gc,phases   ] GC(306)   Evacuate Collection Set: 25,7ms
[2022-09-01T20:38:08.572+0300][gc,phases   ] GC(306)   Post Evacuate Collection Set: 1,0ms
[2022-09-01T20:38:08.572+0300][gc,phases   ] GC(306)   Other: 0,2ms
[2022-09-01T20:38:08.572+0300][gc,heap     ] GC(306) Eden regions: 113->0(45)
[2022-09-01T20:38:08.572+0300][gc,heap     ] GC(306) Survivor regions: 5->6(15)
[2022-09-01T20:38:08.572+0300][gc,heap     ] GC(306) Old regions: 145->145
[2022-09-01T20:38:08.572+0300][gc,heap     ] GC(306) Archive regions: 2->2
[2022-09-01T20:38:08.572+0300][gc,heap     ] GC(306) Humongous regions: 129->129
[2022-09-01T20:38:08.572+0300][gc,metaspace] GC(306) Metaspace: 44898K(45568K)->44898K(45568K) NonClass: 39811K(40192K)->39811K(40192K) Class: 5087K(5376K)->5087K(5376K)
[2022-09-01T20:38:08.572+0300][gc          ] GC(306) Pause Young (Normal) (G1 Evacuation Pause) 392M->280M(1024M) 27,284ms
[2022-09-01T20:38:08.572+0300][gc,cpu      ] GC(306) User=0,01s Sys=0,01s Real=0,02s
[2022-09-01T20:38:16.519+0300][gc,start    ] GC(307) Pause Young (Normal) (G1 Evacuation Pause)
[2022-09-01T20:38:16.519+0300][gc,task     ] GC(307) Using 2 workers of 2 for evacuation
[2022-09-01T20:38:16.545+0300][gc,mmu      ] GC(307) MMU target violated: 21,0ms (20,0ms/21,0ms)
[2022-09-01T20:38:16.546+0300][gc,phases   ] GC(307)   Pre Evacuate Collection Set: 0,2ms
[2022-09-01T20:38:16.546+0300][gc,phases   ] GC(307)   Merge Heap Roots: 0,2ms
[2022-09-01T20:38:16.546+0300][gc,phases   ] GC(307)   Evacuate Collection Set: 24,5ms
[2022-09-01T20:38:16.546+0300][gc,phases   ] GC(307)   Post Evacuate Collection Set: 1,0ms
[2022-09-01T20:38:16.546+0300][gc,phases   ] GC(307)   Other: 0,2ms
[2022-09-01T20:38:16.546+0300][gc,heap     ] GC(307) Eden regions: 45->0(125)
[2022-09-01T20:38:16.546+0300][gc,heap     ] GC(307) Survivor regions: 6->4(7)
[2022-09-01T20:38:16.546+0300][gc,heap     ] GC(307) Old regions: 145->148
[2022-09-01T20:38:16.546+0300][gc,heap     ] GC(307) Archive regions: 2->2
[2022-09-01T20:38:16.546+0300][gc,heap     ] GC(307) Humongous regions: 129->129
[2022-09-01T20:38:16.546+0300][gc,metaspace] GC(307) Metaspace: 44898K(45568K)->44898K(45568K) NonClass: 39811K(40192K)->39811K(40192K) Class: 5087K(5376K)->5087K(5376K)
[2022-09-01T20:38:16.546+0300][gc          ] GC(307) Pause Young (Normal) (G1 Evacuation Pause) 325M->280M(1024M) 26,335ms
[2022-09-01T20:38:16.546+0300][gc,cpu      ] GC(307) User=0,02s Sys=0,00s Real=0,03s
[2022-09-01T20:38:34.526+0300][gc,start    ] GC(308) Pause Young (Normal) (G1 Evacuation Pause)
[2022-09-01T20:38:34.526+0300][gc,task     ] GC(308) Using 2 workers of 2 for evacuation
[2022-09-01T20:38:34.566+0300][gc,mmu      ] GC(308) MMU target violated: 21,0ms (20,0ms/21,0ms)
[2022-09-01T20:38:34.566+0300][gc,phases   ] GC(308)   Pre Evacuate Collection Set: 0,1ms
[2022-09-01T20:38:34.566+0300][gc,phases   ] GC(308)   Merge Heap Roots: 0,1ms
[2022-09-01T20:38:34.566+0300][gc,phases   ] GC(308)   Evacuate Collection Set: 38,2ms
[2022-09-01T20:38:34.566+0300][gc,phases   ] GC(308)   Post Evacuate Collection Set: 0,8ms
[2022-09-01T20:38:34.566+0300][gc,phases   ] GC(308)   Other: 0,1ms
[2022-09-01T20:38:34.566+0300][gc,heap     ] GC(308) Eden regions: 116->0(45)
[2022-09-01T20:38:34.566+0300][gc,heap     ] GC(308) Survivor regions: 4->6(15)
[2022-09-01T20:38:34.566+0300][gc,heap     ] GC(308) Old regions: 148->148
[2022-09-01T20:38:34.566+0300][gc,heap     ] GC(308) Archive regions: 2->2
[2022-09-01T20:38:34.566+0300][gc,heap     ] GC(308) Humongous regions: 129->129
[2022-09-01T20:38:34.566+0300][gc,metaspace] GC(308) Metaspace: 44898K(45568K)->44898K(45568K) NonClass: 39811K(40192K)->39811K(40192K) Class: 5087K(5376K)->5087K(5376K)
[2022-09-01T20:38:34.566+0300][gc          ] GC(308) Pause Young (Normal) (G1 Evacuation Pause) 396M->282M(1024M) 39,591ms
[2022-09-01T20:38:34.566+0300][gc,cpu      ] GC(308) User=0,02s Sys=0,01s Real=0,04s
[2022-09-01T20:38:41.201+0300][gc,start    ] GC(309) Pause Young (Normal) (G1 Evacuation Pause)
[2022-09-01T20:38:41.201+0300][gc,task     ] GC(309) Using 2 workers of 2 for evacuation
[2022-09-01T20:38:41.223+0300][gc,mmu      ] GC(309) MMU target violated: 21,0ms (20,0ms/21,0ms)
[2022-09-01T20:38:41.223+0300][gc,phases   ] GC(309)   Pre Evacuate Collection Set: 0,1ms
[2022-09-01T20:38:41.223+0300][gc,phases   ] GC(309)   Merge Heap Roots: 0,1ms
[2022-09-01T20:38:41.223+0300][gc,phases   ] GC(309)   Evacuate Collection Set: 21,0ms
[2022-09-01T20:38:41.223+0300][gc,phases   ] GC(309)   Post Evacuate Collection Set: 0,6ms
[2022-09-01T20:38:41.223+0300][gc,phases   ] GC(309)   Other: 0,1ms
[2022-09-01T20:38:41.223+0300][gc,heap     ] GC(309) Eden regions: 45->0(101)
[2022-09-01T20:38:41.223+0300][gc,heap     ] GC(309) Survivor regions: 6->4(7)
[2022-09-01T20:38:41.223+0300][gc,heap     ] GC(309) Old regions: 148->149
[2022-09-01T20:38:41.223+0300][gc,heap     ] GC(309) Archive regions: 2->2
[2022-09-01T20:38:41.223+0300][gc,heap     ] GC(309) Humongous regions: 129->129
[2022-09-01T20:38:41.223+0300][gc,metaspace] GC(309) Metaspace: 44898K(45568K)->44898K(45568K) NonClass: 39811K(40192K)->39811K(40192K) Class: 5087K(5376K)->5087K(5376K)
[2022-09-01T20:38:41.223+0300][gc          ] GC(309) Pause Young (Normal) (G1 Evacuation Pause) 327M->282M(1024M) 22,160ms
[2022-09-01T20:38:41.223+0300][gc,cpu      ] GC(309) User=0,01s Sys=0,01s Real=0,02s
[2022-09-01T20:38:53.955+0300][gc,start    ] GC(310) Pause Young (Normal) (G1 Evacuation Pause)
[2022-09-01T20:38:53.955+0300][gc,task     ] GC(310) Using 2 workers of 2 for evacuation
[2022-09-01T20:38:53.981+0300][gc,mmu      ] GC(310) MMU target violated: 21,0ms (20,0ms/21,0ms)
[2022-09-01T20:38:53.981+0300][gc,phases   ] GC(310)   Pre Evacuate Collection Set: 0,1ms
[2022-09-01T20:38:53.982+0300][gc,phases   ] GC(310)   Merge Heap Roots: 0,2ms
[2022-09-01T20:38:53.982+0300][gc,phases   ] GC(310)   Evacuate Collection Set: 25,3ms
[2022-09-01T20:38:53.982+0300][gc,phases   ] GC(310)   Post Evacuate Collection Set: 0,8ms
[2022-09-01T20:38:53.982+0300][gc,phases   ] GC(310)   Other: 0,3ms
[2022-09-01T20:38:53.982+0300][gc,heap     ] GC(310) Eden regions: 87->0(46)
[2022-09-01T20:38:53.982+0300][gc,heap     ] GC(310) Survivor regions: 4->5(12)
[2022-09-01T20:38:53.982+0300][gc,heap     ] GC(310) Old regions: 149->149
[2022-09-01T20:38:53.982+0300][gc,heap     ] GC(310) Archive regions: 2->2
[2022-09-01T20:38:53.982+0300][gc,heap     ] GC(310) Humongous regions: 129->129
[2022-09-01T20:38:53.982+0300][gc,metaspace] GC(310) Metaspace: 44898K(45568K)->44898K(45568K) NonClass: 39811K(40192K)->39811K(40192K) Class: 5087K(5376K)->5087K(5376K)
[2022-09-01T20:38:53.982+0300][gc          ] GC(310) Pause Young (Normal) (G1 Evacuation Pause) 369M->283M(1024M) 26,882ms
[2022-09-01T20:38:53.982+0300][gc,cpu      ] GC(310) User=0,01s Sys=0,02s Real=0,02s
[2022-09-01T20:39:00.985+0300][gc,start    ] GC(311) Pause Young (Normal) (G1 Evacuation Pause)
[2022-09-01T20:39:00.985+0300][gc,task     ] GC(311) Using 2 workers of 2 for evacuation
[2022-09-01T20:39:01.000+0300][gc,phases   ] GC(311)   Pre Evacuate Collection Set: 0,1ms
[2022-09-01T20:39:01.000+0300][gc,phases   ] GC(311)   Merge Heap Roots: 0,1ms
[2022-09-01T20:39:01.000+0300][gc,phases   ] GC(311)   Evacuate Collection Set: 14,5ms
[2022-09-01T20:39:01.000+0300][gc,phases   ] GC(311)   Post Evacuate Collection Set: 0,6ms
[2022-09-01T20:39:01.000+0300][gc,phases   ] GC(311)   Other: 0,1ms
[2022-09-01T20:39:01.000+0300][gc,heap     ] GC(311) Eden regions: 46->0(173)
[2022-09-01T20:39:01.000+0300][gc,heap     ] GC(311) Survivor regions: 5->4(7)
[2022-09-01T20:39:01.000+0300][gc,heap     ] GC(311) Old regions: 149->151
[2022-09-01T20:39:01.000+0300][gc,heap     ] GC(311) Archive regions: 2->2
[2022-09-01T20:39:01.004+0300][gc,heap     ] GC(311) Humongous regions: 129->129
[2022-09-01T20:39:01.004+0300][gc,metaspace] GC(311) Metaspace: 44898K(45568K)->44898K(45568K) NonClass: 39811K(40192K)->39811K(40192K) Class: 5087K(5376K)->5087K(5376K)
[2022-09-01T20:39:01.004+0300][gc          ] GC(311) Pause Young (Normal) (G1 Evacuation Pause) 329M->283M(1024M) 19,615ms
[2022-09-01T20:39:01.004+0300][gc,cpu      ] GC(311) User=0,01s Sys=0,01s Real=0,02s
[2022-09-01T20:39:24.679+0300][gc,start    ] GC(312) Pause Young (Normal) (G1 Evacuation Pause)
[2022-09-01T20:39:24.679+0300][gc,task     ] GC(312) Using 2 workers of 2 for evacuation
[2022-09-01T20:39:24.696+0300][gc,phases   ] GC(312)   Pre Evacuate Collection Set: 0,3ms
[2022-09-01T20:39:24.696+0300][gc,phases   ] GC(312)   Merge Heap Roots: 0,1ms
[2022-09-01T20:39:24.696+0300][gc,phases   ] GC(312)   Evacuate Collection Set: 10,6ms
[2022-09-01T20:39:24.696+0300][gc,phases   ] GC(312)   Post Evacuate Collection Set: 5,6ms
[2022-09-01T20:39:24.696+0300][gc,phases   ] GC(312)   Other: 0,1ms
[2022-09-01T20:39:24.696+0300][gc,heap     ] GC(312) Eden regions: 153->0(106)
[2022-09-01T20:39:24.696+0300][gc,heap     ] GC(312) Survivor regions: 4->5(20)
[2022-09-01T20:39:24.696+0300][gc,heap     ] GC(312) Old regions: 151->151
[2022-09-01T20:39:24.696+0300][gc,heap     ] GC(312) Archive regions: 2->2
[2022-09-01T20:39:24.696+0300][gc,heap     ] GC(312) Humongous regions: 129->129
[2022-09-01T20:39:24.696+0300][gc,metaspace] GC(312) Metaspace: 44898K(45568K)->44898K(45568K) NonClass: 39811K(40192K)->39811K(40192K) Class: 5087K(5376K)->5087K(5376K)
[2022-09-01T20:39:24.696+0300][gc          ] GC(312) Pause Young (Normal) (G1 Evacuation Pause) 436M->284M(1024M) 17,001ms
[2022-09-01T20:39:24.696+0300][gc,cpu      ] GC(312) User=0,01s Sys=0,02s Real=0,02s
[2022-09-01T20:39:40.118+0300][gc,start    ] GC(313) Pause Young (Normal) (G1 Evacuation Pause)
[2022-09-01T20:39:40.118+0300][gc,task     ] GC(313) Using 2 workers of 2 for evacuation
[2022-09-01T20:39:40.150+0300][gc,mmu      ] GC(313) MMU target violated: 21,0ms (20,0ms/21,0ms)
[2022-09-01T20:39:40.150+0300][gc,phases   ] GC(313)   Pre Evacuate Collection Set: 0,8ms
[2022-09-01T20:39:40.150+0300][gc,phases   ] GC(313)   Merge Heap Roots: 0,2ms
[2022-09-01T20:39:40.150+0300][gc,phases   ] GC(313)   Evacuate Collection Set: 21,4ms
[2022-09-01T20:39:40.150+0300][gc,phases   ] GC(313)   Post Evacuate Collection Set: 8,7ms
[2022-09-01T20:39:40.150+0300][gc,phases   ] GC(313)   Other: 0,1ms
[2022-09-01T20:39:40.150+0300][gc,heap     ] GC(313) Eden regions: 106->0(46)
[2022-09-01T20:39:40.150+0300][gc,heap     ] GC(313) Survivor regions: 5->5(14)
[2022-09-01T20:39:40.150+0300][gc,heap     ] GC(313) Old regions: 151->151
[2022-09-01T20:39:40.150+0300][gc,heap     ] GC(313) Archive regions: 2->2
[2022-09-01T20:39:40.150+0300][gc,heap     ] GC(313) Humongous regions: 129->129
[2022-09-01T20:39:40.150+0300][gc,metaspace] GC(313) Metaspace: 44898K(45568K)->44898K(45568K) NonClass: 39811K(40192K)->39811K(40192K) Class: 5087K(5376K)->5087K(5376K)
[2022-09-01T20:39:40.150+0300][gc          ] GC(313) Pause Young (Normal) (G1 Evacuation Pause) 390M->285M(1024M) 31,466ms
[2022-09-01T20:39:40.150+0300][gc,cpu      ] GC(313) User=0,01s Sys=0,01s Real=0,03s
[2022-09-01T20:39:46.572+0300][gc,start    ] GC(314) Pause Young (Normal) (G1 Evacuation Pause)
[2022-09-01T20:39:46.572+0300][gc,task     ] GC(314) Using 2 workers of 2 for evacuation
[2022-09-01T20:39:46.589+0300][gc,phases   ] GC(314)   Pre Evacuate Collection Set: 0,3ms
[2022-09-01T20:39:46.589+0300][gc,phases   ] GC(314)   Merge Heap Roots: 0,1ms
[2022-09-01T20:39:46.589+0300][gc,phases   ] GC(314)   Evacuate Collection Set: 15,3ms
[2022-09-01T20:39:46.589+0300][gc,phases   ] GC(314)   Post Evacuate Collection Set: 0,7ms
[2022-09-01T20:39:46.589+0300][gc,phases   ] GC(314)   Other: 0,1ms
[2022-09-01T20:39:46.589+0300][gc,heap     ] GC(314) Eden regions: 46->0(153)
[2022-09-01T20:39:46.589+0300][gc,heap     ] GC(314) Survivor regions: 5->4(7)
[2022-09-01T20:39:46.589+0300][gc,heap     ] GC(314) Old regions: 151->152
[2022-09-01T20:39:46.589+0300][gc,heap     ] GC(314) Archive regions: 2->2
[2022-09-01T20:39:46.589+0300][gc,heap     ] GC(314) Humongous regions: 129->129
[2022-09-01T20:39:46.589+0300][gc,metaspace] GC(314) Metaspace: 44898K(45568K)->44898K(45568K) NonClass: 39811K(40192K)->39811K(40192K) Class: 5087K(5376K)->5087K(5376K)
[2022-09-01T20:39:46.589+0300][gc          ] GC(314) Pause Young (Normal) (G1 Evacuation Pause) 331M->285M(1024M) 16,672ms
[2022-09-01T20:39:46.589+0300][gc,cpu      ] GC(314) User=0,01s Sys=0,01s Real=0,02s
[2022-09-01T20:40:03.827+0300][gc,start    ] GC(315) Pause Young (Normal) (G1 Evacuation Pause)
[2022-09-01T20:40:03.827+0300][gc,task     ] GC(315) Using 2 workers of 2 for evacuation
[2022-09-01T20:40:03.851+0300][gc,mmu      ] GC(315) MMU target violated: 21,0ms (20,0ms/21,0ms)
[2022-09-01T20:40:03.851+0300][gc,phases   ] GC(315)   Pre Evacuate Collection Set: 0,2ms
[2022-09-01T20:40:03.851+0300][gc,phases   ] GC(315)   Merge Heap Roots: 0,3ms
[2022-09-01T20:40:03.851+0300][gc,phases   ] GC(315)   Evacuate Collection Set: 22,2ms
[2022-09-01T20:40:03.851+0300][gc,phases   ] GC(315)   Post Evacuate Collection Set: 0,9ms
[2022-09-01T20:40:03.851+0300][gc,phases   ] GC(315)   Other: 0,5ms
[2022-09-01T20:40:03.851+0300][gc,heap     ] GC(315) Eden regions: 120->0(138)
[2022-09-01T20:40:03.851+0300][gc,heap     ] GC(315) Survivor regions: 4->5(16)
[2022-09-01T20:40:03.851+0300][gc,heap     ] GC(315) Old regions: 152->152
[2022-09-01T20:40:03.851+0300][gc,heap     ] GC(315) Archive regions: 2->2
[2022-09-01T20:40:03.851+0300][gc,heap     ] GC(315) Humongous regions: 129->129
[2022-09-01T20:40:03.851+0300][gc,metaspace] GC(315) Metaspace: 44898K(45568K)->44898K(45568K) NonClass: 39811K(40192K)->39811K(40192K) Class: 5087K(5376K)->5087K(5376K)
[2022-09-01T20:40:03.851+0300][gc          ] GC(315) Pause Young (Normal) (G1 Evacuation Pause) 405M->286M(1024M) 24,294ms
[2022-09-01T20:40:03.851+0300][gc,cpu      ] GC(315) User=0,02s Sys=0,00s Real=0,03s
[2022-09-01T20:40:25.893+0300][gc,start    ] GC(316) Pause Young (Normal) (G1 Evacuation Pause)
[2022-09-01T20:40:25.893+0300][gc,task     ] GC(316) Using 2 workers of 2 for evacuation
[2022-09-01T20:40:25.918+0300][gc,mmu      ] GC(316) MMU target violated: 21,0ms (20,0ms/21,0ms)
[2022-09-01T20:40:25.918+0300][gc,phases   ] GC(316)   Pre Evacuate Collection Set: 0,2ms
[2022-09-01T20:40:25.918+0300][gc,phases   ] GC(316)   Merge Heap Roots: 0,2ms
[2022-09-01T20:40:25.918+0300][gc,phases   ] GC(316)   Evacuate Collection Set: 24,3ms
[2022-09-01T20:40:25.918+0300][gc,phases   ] GC(316)   Post Evacuate Collection Set: 0,5ms
[2022-09-01T20:40:25.918+0300][gc,phases   ] GC(316)   Other: 0,1ms
[2022-09-01T20:40:25.918+0300][gc,heap     ] GC(316) Eden regions: 138->0(45)
[2022-09-01T20:40:25.918+0300][gc,heap     ] GC(316) Survivor regions: 5->6(18)
[2022-09-01T20:40:25.918+0300][gc,heap     ] GC(316) Old regions: 152->152
[2022-09-01T20:40:25.918+0300][gc,heap     ] GC(316) Archive regions: 2->2
[2022-09-01T20:40:25.918+0300][gc,heap     ] GC(316) Humongous regions: 129->129
[2022-09-01T20:40:25.918+0300][gc,metaspace] GC(316) Metaspace: 44898K(45568K)->44898K(45568K) NonClass: 39811K(40192K)->39811K(40192K) Class: 5087K(5376K)->5087K(5376K)
[2022-09-01T20:40:25.918+0300][gc          ] GC(316) Pause Young (Normal) (G1 Evacuation Pause) 424M->287M(1024M) 25,526ms
[2022-09-01T20:40:25.918+0300][gc,cpu      ] GC(316) User=0,02s Sys=0,01s Real=0,02s
[2022-09-01T20:40:32.746+0300][gc,start    ] GC(317) Pause Young (Normal) (G1 Evacuation Pause)
[2022-09-01T20:40:32.746+0300][gc,task     ] GC(317) Using 2 workers of 2 for evacuation
[2022-09-01T20:40:32.773+0300][gc,mmu      ] GC(317) MMU target violated: 21,0ms (20,0ms/21,0ms)
[2022-09-01T20:40:32.773+0300][gc,phases   ] GC(317)   Pre Evacuate Collection Set: 0,4ms
[2022-09-01T20:40:32.773+0300][gc,phases   ] GC(317)   Merge Heap Roots: 0,1ms
[2022-09-01T20:40:32.773+0300][gc,phases   ] GC(317)   Evacuate Collection Set: 25,5ms
[2022-09-01T20:40:32.773+0300][gc,phases   ] GC(317)   Post Evacuate Collection Set: 0,7ms
[2022-09-01T20:40:32.773+0300][gc,phases   ] GC(317)   Other: 0,1ms
[2022-09-01T20:40:32.773+0300][gc,heap     ] GC(317) Eden regions: 45->0(222)
[2022-09-01T20:40:32.773+0300][gc,heap     ] GC(317) Survivor regions: 6->4(7)
[2022-09-01T20:40:32.773+0300][gc,heap     ] GC(317) Old regions: 152->155
[2022-09-01T20:40:32.773+0300][gc,heap     ] GC(317) Archive regions: 2->2
[2022-09-01T20:40:32.773+0300][gc,heap     ] GC(317) Humongous regions: 129->129
[2022-09-01T20:40:32.773+0300][gc,metaspace] GC(317) Metaspace: 44898K(45568K)->44898K(45568K) NonClass: 39811K(40192K)->39811K(40192K) Class: 5087K(5376K)->5087K(5376K)
[2022-09-01T20:40:32.773+0300][gc          ] GC(317) Pause Young (Normal) (G1 Evacuation Pause) 332M->287M(1024M) 27,170ms
[2022-09-01T20:40:32.773+0300][gc,cpu      ] GC(317) User=0,01s Sys=0,00s Real=0,03s
[2022-09-01T20:40:55.972+0300][gc,start    ] GC(318) Pause Young (Normal) (G1 Evacuation Pause)
[2022-09-01T20:40:55.972+0300][gc,task     ] GC(318) Using 2 workers of 2 for evacuation
[2022-09-01T20:40:55.988+0300][gc,phases   ] GC(318)   Pre Evacuate Collection Set: 0,1ms
[2022-09-01T20:40:55.988+0300][gc,phases   ] GC(318)   Merge Heap Roots: 0,2ms
[2022-09-01T20:40:55.988+0300][gc,phases   ] GC(318)   Evacuate Collection Set: 15,1ms
[2022-09-01T20:40:55.988+0300][gc,phases   ] GC(318)   Post Evacuate Collection Set: 0,7ms
[2022-09-01T20:40:55.988+0300][gc,phases   ] GC(318)   Other: 0,1ms
[2022-09-01T20:40:55.988+0300][gc,heap     ] GC(318) Eden regions: 167->0(182)
[2022-09-01T20:40:55.988+0300][gc,heap     ] GC(318) Survivor regions: 4->5(22)
[2022-09-01T20:40:55.988+0300][gc,heap     ] GC(318) Old regions: 155->155
[2022-09-01T20:40:55.988+0300][gc,heap     ] GC(318) Archive regions: 2->2
[2022-09-01T20:40:55.988+0300][gc,heap     ] GC(318) Humongous regions: 129->129
[2022-09-01T20:40:55.988+0300][gc,metaspace] GC(318) Metaspace: 44898K(45568K)->44898K(45568K) NonClass: 39811K(40192K)->39811K(40192K) Class: 5087K(5376K)->5087K(5376K)
[2022-09-01T20:40:55.989+0300][gc          ] GC(318) Pause Young (Normal) (G1 Evacuation Pause) 454M->289M(1024M) 16,399ms
[2022-09-01T20:40:55.989+0300][gc,cpu      ] GC(318) User=0,00s Sys=0,01s Real=0,01s
[2022-09-01T20:41:26.061+0300][gc,start    ] GC(319) Pause Young (Normal) (G1 Evacuation Pause)
[2022-09-01T20:41:26.061+0300][gc,task     ] GC(319) Using 2 workers of 2 for evacuation
[2022-09-01T20:41:26.085+0300][gc,mmu      ] GC(319) MMU target violated: 21,0ms (20,0ms/21,0ms)
[2022-09-01T20:41:26.085+0300][gc,phases   ] GC(319)   Pre Evacuate Collection Set: 0,1ms
[2022-09-01T20:41:26.085+0300][gc,phases   ] GC(319)   Merge Heap Roots: 0,2ms
[2022-09-01T20:41:26.085+0300][gc,phases   ] GC(319)   Evacuate Collection Set: 22,0ms
[2022-09-01T20:41:26.085+0300][gc,phases   ] GC(319)   Post Evacuate Collection Set: 0,5ms
[2022-09-01T20:41:26.085+0300][gc,phases   ] GC(319)   Other: 0,4ms
[2022-09-01T20:41:26.085+0300][gc,heap     ] GC(319) Eden regions: 182->0(164)
[2022-09-01T20:41:26.085+0300][gc,heap     ] GC(319) Survivor regions: 5->6(24)
[2022-09-01T20:41:26.085+0300][gc,heap     ] GC(319) Old regions: 155->155
[2022-09-01T20:41:26.085+0300][gc,heap     ] GC(319) Archive regions: 2->2
[2022-09-01T20:41:26.085+0300][gc,heap     ] GC(319) Humongous regions: 129->129
[2022-09-01T20:41:26.085+0300][gc,metaspace] GC(319) Metaspace: 44898K(45568K)->44898K(45568K) NonClass: 39811K(40192K)->39811K(40192K) Class: 5087K(5376K)->5087K(5376K)
[2022-09-01T20:41:26.085+0300][gc          ] GC(319) Pause Young (Normal) (G1 Evacuation Pause) 471M->290M(1024M) 23,750ms
[2022-09-01T20:41:26.085+0300][gc,cpu      ] GC(319) User=0,01s Sys=0,01s Real=0,02s
[2022-09-01T20:41:51.711+0300][gc,start    ] GC(320) Pause Young (Normal) (G1 Evacuation Pause)
[2022-09-01T20:41:51.711+0300][gc,task     ] GC(320) Using 2 workers of 2 for evacuation
[2022-09-01T20:41:51.742+0300][gc,mmu      ] GC(320) MMU target violated: 21,0ms (20,0ms/21,0ms)
[2022-09-01T20:41:51.742+0300][gc,phases   ] GC(320)   Pre Evacuate Collection Set: 0,3ms
[2022-09-01T20:41:51.742+0300][gc,phases   ] GC(320)   Merge Heap Roots: 0,3ms
[2022-09-01T20:41:51.742+0300][gc,phases   ] GC(320)   Evacuate Collection Set: 25,8ms
[2022-09-01T20:41:51.742+0300][gc,phases   ] GC(320)   Post Evacuate Collection Set: 4,2ms
[2022-09-01T20:41:51.742+0300][gc,phases   ] GC(320)   Other: 0,3ms
[2022-09-01T20:41:51.742+0300][gc,heap     ] GC(320) Eden regions: 164->0(43)
[2022-09-01T20:41:51.742+0300][gc,heap     ] GC(320) Survivor regions: 6->8(22)
[2022-09-01T20:41:51.742+0300][gc,heap     ] GC(320) Old regions: 155->155
[2022-09-01T20:41:51.742+0300][gc,heap     ] GC(320) Archive regions: 2->2
[2022-09-01T20:41:51.742+0300][gc,heap     ] GC(320) Humongous regions: 129->129
[2022-09-01T20:41:51.742+0300][gc,metaspace] GC(320) Metaspace: 44898K(45568K)->44898K(45568K) NonClass: 39811K(40192K)->39811K(40192K) Class: 5087K(5376K)->5087K(5376K)
[2022-09-01T20:41:51.742+0300][gc          ] GC(320) Pause Young (Normal) (G1 Evacuation Pause) 454M->291M(1024M) 31,167ms
[2022-09-01T20:41:51.742+0300][gc,cpu      ] GC(320) User=0,02s Sys=0,01s Real=0,03s
[2022-09-01T20:41:58.494+0300][gc,start    ] GC(321) Pause Young (Normal) (G1 Evacuation Pause)
[2022-09-01T20:41:58.494+0300][gc,task     ] GC(321) Using 2 workers of 2 for evacuation
[2022-09-01T20:41:58.513+0300][gc,phases   ] GC(321)   Pre Evacuate Collection Set: 0,3ms
[2022-09-01T20:41:58.513+0300][gc,phases   ] GC(321)   Merge Heap Roots: 0,2ms
[2022-09-01T20:41:58.513+0300][gc,phases   ] GC(321)   Evacuate Collection Set: 15,7ms
[2022-09-01T20:41:58.513+0300][gc,phases   ] GC(321)   Post Evacuate Collection Set: 2,6ms
[2022-09-01T20:41:58.513+0300][gc,phases   ] GC(321)   Other: 0,1ms
[2022-09-01T20:41:58.513+0300][gc,heap     ] GC(321) Eden regions: 43->0(225)
[2022-09-01T20:41:58.513+0300][gc,heap     ] GC(321) Survivor regions: 8->4(7)
[2022-09-01T20:41:58.513+0300][gc,heap     ] GC(321) Old regions: 155->159
[2022-09-01T20:41:58.513+0300][gc,heap     ] GC(321) Archive regions: 2->2
[2022-09-01T20:41:58.513+0300][gc,heap     ] GC(321) Humongous regions: 129->129
[2022-09-01T20:41:58.513+0300][gc,metaspace] GC(321) Metaspace: 44898K(45568K)->44898K(45568K) NonClass: 39811K(40192K)->39811K(40192K) Class: 5087K(5376K)->5087K(5376K)
[2022-09-01T20:41:58.513+0300][gc          ] GC(321) Pause Young (Normal) (G1 Evacuation Pause) 334M->292M(1024M) 19,064ms
[2022-09-01T20:41:58.513+0300][gc,cpu      ] GC(321) User=0,01s Sys=0,01s Real=0,02s
[2022-09-01T20:42:30.291+0300][gc,start    ] GC(322) Pause Young (Normal) (G1 Evacuation Pause)
[2022-09-01T20:42:30.291+0300][gc,task     ] GC(322) Using 2 workers of 2 for evacuation
[2022-09-01T20:42:30.323+0300][gc,mmu      ] GC(322) MMU target violated: 21,0ms (20,0ms/21,0ms)
[2022-09-01T20:42:30.323+0300][gc,phases   ] GC(322)   Pre Evacuate Collection Set: 0,2ms
[2022-09-01T20:42:30.323+0300][gc,phases   ] GC(322)   Merge Heap Roots: 0,3ms
[2022-09-01T20:42:30.323+0300][gc,phases   ] GC(322)   Evacuate Collection Set: 30,6ms
[2022-09-01T20:42:30.323+0300][gc,phases   ] GC(322)   Post Evacuate Collection Set: 0,7ms
[2022-09-01T20:42:30.323+0300][gc,phases   ] GC(322)   Other: 0,1ms
[2022-09-01T20:42:30.323+0300][gc,heap     ] GC(322) Eden regions: 187->0(46)
[2022-09-01T20:42:30.323+0300][gc,heap     ] GC(322) Survivor regions: 4->5(24)
[2022-09-01T20:42:30.323+0300][gc,heap     ] GC(322) Old regions: 159->159
[2022-09-01T20:42:30.323+0300][gc,heap     ] GC(322) Archive regions: 2->2
[2022-09-01T20:42:30.323+0300][gc,heap     ] GC(322) Humongous regions: 129->129
[2022-09-01T20:42:30.323+0300][gc,metaspace] GC(322) Metaspace: 44898K(45568K)->44898K(45568K) NonClass: 39811K(40192K)->39811K(40192K) Class: 5087K(5376K)->5087K(5376K)
[2022-09-01T20:42:30.323+0300][gc          ] GC(322) Pause Young (Normal) (G1 Evacuation Pause) 479M->293M(1024M) 32,071ms
[2022-09-01T20:42:30.323+0300][gc,cpu      ] GC(322) User=0,02s Sys=0,01s Real=0,02s
[2022-09-01T20:42:36.875+0300][gc,start    ] GC(323) Pause Young (Normal) (G1 Evacuation Pause)
[2022-09-01T20:42:36.875+0300][gc,task     ] GC(323) Using 2 workers of 2 for evacuation
[2022-09-01T20:42:36.888+0300][gc,phases   ] GC(323)   Pre Evacuate Collection Set: 0,2ms
[2022-09-01T20:42:36.888+0300][gc,phases   ] GC(323)   Merge Heap Roots: 0,3ms
[2022-09-01T20:42:36.888+0300][gc,phases   ] GC(323)   Evacuate Collection Set: 12,0ms
[2022-09-01T20:42:36.888+0300][gc,phases   ] GC(323)   Post Evacuate Collection Set: 0,5ms
[2022-09-01T20:42:36.888+0300][gc,phases   ] GC(323)   Other: 0,1ms
[2022-09-01T20:42:36.888+0300][gc,heap     ] GC(323) Eden regions: 46->0(93)
[2022-09-01T20:42:36.888+0300][gc,heap     ] GC(323) Survivor regions: 5->4(7)
[2022-09-01T20:42:36.888+0300][gc,heap     ] GC(323) Old regions: 159->161
[2022-09-01T20:42:36.888+0300][gc,heap     ] GC(323) Archive regions: 2->2
[2022-09-01T20:42:36.888+0300][gc,heap     ] GC(323) Humongous regions: 129->129
[2022-09-01T20:42:36.888+0300][gc,metaspace] GC(323) Metaspace: 44898K(45568K)->44898K(45568K) NonClass: 39811K(40192K)->39811K(40192K) Class: 5087K(5376K)->5087K(5376K)
[2022-09-01T20:42:36.888+0300][gc          ] GC(323) Pause Young (Normal) (G1 Evacuation Pause) 339M->294M(1024M) 13,295ms
[2022-09-01T20:42:36.888+0300][gc,cpu      ] GC(323) User=0,01s Sys=0,00s Real=0,01s
[2022-09-01T20:42:47.323+0300][gc,start    ] GC(324) Pause Young (Normal) (G1 Evacuation Pause)
[2022-09-01T20:42:47.323+0300][gc,task     ] GC(324) Using 2 workers of 2 for evacuation
[2022-09-01T20:42:47.336+0300][gc,phases   ] GC(324)   Pre Evacuate Collection Set: 0,2ms
[2022-09-01T20:42:47.336+0300][gc,phases   ] GC(324)   Merge Heap Roots: 0,2ms
[2022-09-01T20:42:47.336+0300][gc,phases   ] GC(324)   Evacuate Collection Set: 10,7ms
[2022-09-01T20:42:47.336+0300][gc,phases   ] GC(324)   Post Evacuate Collection Set: 0,8ms
[2022-09-01T20:42:47.336+0300][gc,phases   ] GC(324)   Other: 0,3ms
[2022-09-01T20:42:47.336+0300][gc,heap     ] GC(324) Eden regions: 70->0(158)
[2022-09-01T20:42:47.336+0300][gc,heap     ] GC(324) Survivor regions: 4->4(10)
[2022-09-01T20:42:47.336+0300][gc,heap     ] GC(324) Old regions: 161->161
[2022-09-01T20:42:47.336+0300][gc,heap     ] GC(324) Archive regions: 2->2
[2022-09-01T20:42:47.336+0300][gc,heap     ] GC(324) Humongous regions: 129->129
[2022-09-01T20:42:47.336+0300][gc,metaspace] GC(324) Metaspace: 44898K(45568K)->44898K(45568K) NonClass: 39811K(40192K)->39811K(40192K) Class: 5087K(5376K)->5087K(5376K)
[2022-09-01T20:42:47.336+0300][gc          ] GC(324) Pause Young (Normal) (G1 Evacuation Pause) 364M->294M(1024M) 12,505ms
[2022-09-01T20:42:47.336+0300][gc,cpu      ] GC(324) User=0,01s Sys=0,01s Real=0,01s
[2022-09-01T20:43:10.523+0300][gc,start    ] GC(325) Pause Young (Normal) (G1 Evacuation Pause)
[2022-09-01T20:43:10.523+0300][gc,task     ] GC(325) Using 2 workers of 2 for evacuation
[2022-09-01T20:43:10.550+0300][gc,mmu      ] GC(325) MMU target violated: 21,0ms (20,0ms/21,0ms)
[2022-09-01T20:43:10.551+0300][gc,phases   ] GC(325)   Pre Evacuate Collection Set: 0,1ms
[2022-09-01T20:43:10.551+0300][gc,phases   ] GC(325)   Merge Heap Roots: 0,1ms
[2022-09-01T20:43:10.551+0300][gc,phases   ] GC(325)   Evacuate Collection Set: 25,6ms
[2022-09-01T20:43:10.551+0300][gc,phases   ] GC(325)   Post Evacuate Collection Set: 1,6ms
[2022-09-01T20:43:10.551+0300][gc,phases   ] GC(325)   Other: 0,1ms
[2022-09-01T20:43:10.551+0300][gc,heap     ] GC(325) Eden regions: 158->0(45)
[2022-09-01T20:43:10.551+0300][gc,heap     ] GC(325) Survivor regions: 4->6(21)
[2022-09-01T20:43:10.551+0300][gc,heap     ] GC(325) Old regions: 161->161
[2022-09-01T20:43:10.551+0300][gc,heap     ] GC(325) Archive regions: 2->2
[2022-09-01T20:43:10.551+0300][gc,heap     ] GC(325) Humongous regions: 129->129
[2022-09-01T20:43:10.551+0300][gc,metaspace] GC(325) Metaspace: 44898K(45568K)->44898K(45568K) NonClass: 39811K(40192K)->39811K(40192K) Class: 5087K(5376K)->5087K(5376K)
[2022-09-01T20:43:10.551+0300][gc          ] GC(325) Pause Young (Normal) (G1 Evacuation Pause) 452M->295M(1024M) 27,865ms
[2022-09-01T20:43:10.551+0300][gc,cpu      ] GC(325) User=0,01s Sys=0,01s Real=0,02s
[2022-09-01T20:43:18.000+0300][gc,start    ] GC(326) Pause Young (Normal) (G1 Evacuation Pause)
[2022-09-01T20:43:18.000+0300][gc,task     ] GC(326) Using 2 workers of 2 for evacuation
[2022-09-01T20:43:18.033+0300][gc,mmu      ] GC(326) MMU target violated: 21,0ms (20,0ms/21,0ms)
[2022-09-01T20:43:18.033+0300][gc,phases   ] GC(326)   Pre Evacuate Collection Set: 0,1ms
[2022-09-01T20:43:18.033+0300][gc,phases   ] GC(326)   Merge Heap Roots: 0,1ms
[2022-09-01T20:43:18.033+0300][gc,phases   ] GC(326)   Evacuate Collection Set: 32,4ms
[2022-09-01T20:43:18.033+0300][gc,phases   ] GC(326)   Post Evacuate Collection Set: 0,5ms
[2022-09-01T20:43:18.033+0300][gc,phases   ] GC(326)   Other: 0,1ms
[2022-09-01T20:43:18.033+0300][gc,heap     ] GC(326) Eden regions: 45->0(136)
[2022-09-01T20:43:18.033+0300][gc,heap     ] GC(326) Survivor regions: 6->4(7)
[2022-09-01T20:43:18.033+0300][gc,heap     ] GC(326) Old regions: 161->162
[2022-09-01T20:43:18.033+0300][gc,heap     ] GC(326) Archive regions: 2->2
[2022-09-01T20:43:18.033+0300][gc,heap     ] GC(326) Humongous regions: 129->129
[2022-09-01T20:43:18.033+0300][gc,metaspace] GC(326) Metaspace: 44898K(45568K)->44898K(45568K) NonClass: 39811K(40192K)->39811K(40192K) Class: 5087K(5376K)->5087K(5376K)
[2022-09-01T20:43:18.033+0300][gc          ] GC(326) Pause Young (Normal) (G1 Evacuation Pause) 340M->295M(1024M) 33,377ms
[2022-09-01T20:43:18.033+0300][gc,cpu      ] GC(326) User=0,00s Sys=0,02s Real=0,03s
[2022-09-01T20:43:34.103+0300][gc,start    ] GC(327) Pause Young (Normal) (G1 Evacuation Pause)
[2022-09-01T20:43:34.103+0300][gc,task     ] GC(327) Using 2 workers of 2 for evacuation
[2022-09-01T20:43:34.131+0300][gc,mmu      ] GC(327) MMU target violated: 21,0ms (20,0ms/21,0ms)
[2022-09-01T20:43:34.131+0300][gc,phases   ] GC(327)   Pre Evacuate Collection Set: 0,4ms
[2022-09-01T20:43:34.131+0300][gc,phases   ] GC(327)   Merge Heap Roots: 0,2ms
[2022-09-01T20:43:34.131+0300][gc,phases   ] GC(327)   Evacuate Collection Set: 26,4ms
[2022-09-01T20:43:34.131+0300][gc,phases   ] GC(327)   Post Evacuate Collection Set: 1,2ms
[2022-09-01T20:43:34.131+0300][gc,phases   ] GC(327)   Other: 0,1ms
[2022-09-01T20:43:34.131+0300][gc,heap     ] GC(327) Eden regions: 103->0(57)
[2022-09-01T20:43:34.131+0300][gc,heap     ] GC(327) Survivor regions: 4->5(14)
[2022-09-01T20:43:34.131+0300][gc,heap     ] GC(327) Old regions: 162->162
[2022-09-01T20:43:34.131+0300][gc,heap     ] GC(327) Archive regions: 2->2
[2022-09-01T20:43:34.131+0300][gc,heap     ] GC(327) Humongous regions: 129->129
[2022-09-01T20:43:34.131+0300][gc,metaspace] GC(327) Metaspace: 44898K(45568K)->44898K(45568K) NonClass: 39811K(40192K)->39811K(40192K) Class: 5087K(5376K)->5087K(5376K)
[2022-09-01T20:43:34.131+0300][gc          ] GC(327) Pause Young (Normal) (G1 Evacuation Pause) 398M->296M(1024M) 28,421ms
[2022-09-01T20:43:34.131+0300][gc,cpu      ] GC(327) User=0,01s Sys=0,01s Real=0,02s
[2022-09-01T20:48:22.591+0300][gc,start    ] GC(328) Pause Young (Normal) (G1 Evacuation Pause)
[2022-09-01T20:48:22.591+0300][gc,task     ] GC(328) Using 2 workers of 2 for evacuation
[2022-09-01T20:48:22.603+0300][gc,phases   ] GC(328)   Pre Evacuate Collection Set: 0,3ms
[2022-09-01T20:48:22.603+0300][gc,phases   ] GC(328)   Merge Heap Roots: 0,2ms
[2022-09-01T20:48:22.603+0300][gc,phases   ] GC(328)   Evacuate Collection Set: 10,3ms
[2022-09-01T20:48:22.603+0300][gc,phases   ] GC(328)   Post Evacuate Collection Set: 0,8ms
[2022-09-01T20:48:22.603+0300][gc,phases   ] GC(328)   Other: 0,4ms
[2022-09-01T20:48:22.603+0300][gc,heap     ] GC(328) Eden regions: 57->0(71)
[2022-09-01T20:48:22.603+0300][gc,heap     ] GC(328) Survivor regions: 5->5(8)
[2022-09-01T20:48:22.603+0300][gc,heap     ] GC(328) Old regions: 162->164
[2022-09-01T20:48:22.603+0300][gc,heap     ] GC(328) Archive regions: 2->2
[2022-09-01T20:48:22.603+0300][gc,heap     ] GC(328) Humongous regions: 129->129
[2022-09-01T20:48:22.603+0300][gc,metaspace] GC(328) Metaspace: 44898K(45568K)->44898K(45568K) NonClass: 39811K(40192K)->39811K(40192K) Class: 5087K(5376K)->5087K(5376K)
[2022-09-01T20:48:22.603+0300][gc          ] GC(328) Pause Young (Normal) (G1 Evacuation Pause) 353M->297M(1024M) 12,148ms
[2022-09-01T20:48:22.603+0300][gc,cpu      ] GC(328) User=0,01s Sys=0,02s Real=0,01s
[2022-09-01T20:50:13.387+0300][gc,start    ] GC(329) Pause Young (Normal) (G1 Evacuation Pause)
[2022-09-01T20:50:13.387+0300][gc,task     ] GC(329) Using 2 workers of 2 for evacuation
[2022-09-01T20:50:13.432+0300][gc,mmu      ] GC(329) MMU target violated: 21,0ms (20,0ms/21,0ms)
[2022-09-01T20:50:13.432+0300][gc,phases   ] GC(329)   Pre Evacuate Collection Set: 0,1ms
[2022-09-01T20:50:13.432+0300][gc,phases   ] GC(329)   Merge Heap Roots: 0,2ms
[2022-09-01T20:50:13.432+0300][gc,phases   ] GC(329)   Evacuate Collection Set: 43,2ms
[2022-09-01T20:50:13.432+0300][gc,phases   ] GC(329)   Post Evacuate Collection Set: 1,4ms
[2022-09-01T20:50:13.432+0300][gc,phases   ] GC(329)   Other: 0,1ms
[2022-09-01T20:50:13.432+0300][gc,heap     ] GC(329) Eden regions: 46->0(46)
[2022-09-01T20:50:13.432+0300][gc,heap     ] GC(329) Survivor regions: 5->5(7)
[2022-09-01T20:50:13.432+0300][gc,heap     ] GC(329) Old regions: 164->166
[2022-09-01T20:50:13.432+0300][gc,heap     ] GC(329) Archive regions: 2->2
[2022-09-01T20:50:13.432+0300][gc,heap     ] GC(329) Humongous regions: 129->129
[2022-09-01T20:50:13.432+0300][gc,metaspace] GC(329) Metaspace: 44898K(45568K)->44898K(45568K) NonClass: 39811K(40192K)->39811K(40192K) Class: 5087K(5376K)->5087K(5376K)
[2022-09-01T20:50:13.432+0300][gc          ] GC(329) Pause Young (Normal) (G1 Evacuation Pause) 343M->300M(1024M) 45,168ms
[2022-09-01T20:50:13.432+0300][gc,cpu      ] GC(329) User=0,02s Sys=0,01s Real=0,04s
[2022-09-01T20:50:20.947+0300][gc,start    ] GC(330) Pause Young (Normal) (G1 Evacuation Pause)
[2022-09-01T20:50:20.947+0300][gc,task     ] GC(330) Using 2 workers of 2 for evacuation
[2022-09-01T20:50:21.016+0300][gc,mmu      ] GC(330) MMU target violated: 21,0ms (20,0ms/21,0ms)
[2022-09-01T20:50:21.016+0300][gc,phases   ] GC(330)   Pre Evacuate Collection Set: 0,3ms
[2022-09-01T20:50:21.016+0300][gc,phases   ] GC(330)   Merge Heap Roots: 0,1ms
[2022-09-01T20:50:21.016+0300][gc,phases   ] GC(330)   Evacuate Collection Set: 61,0ms
[2022-09-01T20:50:21.016+0300][gc,phases   ] GC(330)   Post Evacuate Collection Set: 7,8ms
[2022-09-01T20:50:21.016+0300][gc,phases   ] GC(330)   Other: 0,2ms
[2022-09-01T20:50:21.016+0300][gc,heap     ] GC(330) Eden regions: 46->0(45)
[2022-09-01T20:50:21.016+0300][gc,heap     ] GC(330) Survivor regions: 5->6(7)
[2022-09-01T20:50:21.016+0300][gc,heap     ] GC(330) Old regions: 166->168
[2022-09-01T20:50:21.016+0300][gc,heap     ] GC(330) Archive regions: 2->2
[2022-09-01T20:50:21.016+0300][gc,heap     ] GC(330) Humongous regions: 129->129
[2022-09-01T20:50:21.016+0300][gc,metaspace] GC(330) Metaspace: 44898K(45568K)->44898K(45568K) NonClass: 39811K(40192K)->39811K(40192K) Class: 5087K(5376K)->5087K(5376K)
[2022-09-01T20:50:21.016+0300][gc          ] GC(330) Pause Young (Normal) (G1 Evacuation Pause) 346M->302M(1024M) 69,555ms
[2022-09-01T20:50:21.017+0300][gc,cpu      ] GC(330) User=0,01s Sys=0,02s Real=0,07s
[2022-09-01T20:50:28.925+0300][gc,start    ] GC(331) Pause Young (Normal) (G1 Evacuation Pause)
[2022-09-01T20:50:28.925+0300][gc,task     ] GC(331) Using 2 workers of 2 for evacuation
[2022-09-01T20:50:28.941+0300][gc,phases   ] GC(331)   Pre Evacuate Collection Set: 0,3ms
[2022-09-01T20:50:28.941+0300][gc,phases   ] GC(331)   Merge Heap Roots: 0,2ms
[2022-09-01T20:50:28.941+0300][gc,phases   ] GC(331)   Evacuate Collection Set: 13,8ms
[2022-09-01T20:50:28.941+0300][gc,phases   ] GC(331)   Post Evacuate Collection Set: 1,6ms
[2022-09-01T20:50:28.941+0300][gc,phases   ] GC(331)   Other: 0,1ms
[2022-09-01T20:50:28.941+0300][gc,heap     ] GC(331) Eden regions: 45->0(46)
[2022-09-01T20:50:28.941+0300][gc,heap     ] GC(331) Survivor regions: 6->5(7)
[2022-09-01T20:50:28.941+0300][gc,heap     ] GC(331) Old regions: 168->171
[2022-09-01T20:50:28.941+0300][gc,heap     ] GC(331) Archive regions: 2->2
[2022-09-01T20:50:28.941+0300][gc,heap     ] GC(331) Humongous regions: 129->129
[2022-09-01T20:50:28.941+0300][gc,metaspace] GC(331) Metaspace: 44898K(45568K)->44898K(45568K) NonClass: 39811K(40192K)->39811K(40192K) Class: 5087K(5376K)->5087K(5376K)
[2022-09-01T20:50:28.941+0300][gc          ] GC(331) Pause Young (Normal) (G1 Evacuation Pause) 347M->304M(1024M) 16,276ms
[2022-09-01T20:50:28.941+0300][gc,cpu      ] GC(331) User=0,01s Sys=0,01s Real=0,02s
[2022-09-01T20:50:36.780+0300][gc,start    ] GC(332) Pause Young (Normal) (G1 Evacuation Pause)
[2022-09-01T20:50:36.780+0300][gc,task     ] GC(332) Using 2 workers of 2 for evacuation
[2022-09-01T20:50:36.796+0300][gc,phases   ] GC(332)   Pre Evacuate Collection Set: 0,4ms
[2022-09-01T20:50:36.796+0300][gc,phases   ] GC(332)   Merge Heap Roots: 0,2ms
[2022-09-01T20:50:36.796+0300][gc,phases   ] GC(332)   Evacuate Collection Set: 14,4ms
[2022-09-01T20:50:36.796+0300][gc,phases   ] GC(332)   Post Evacuate Collection Set: 0,5ms
[2022-09-01T20:50:36.796+0300][gc,phases   ] GC(332)   Other: 0,1ms
[2022-09-01T20:50:36.796+0300][gc,heap     ] GC(332) Eden regions: 46->0(66)
[2022-09-01T20:50:36.796+0300][gc,heap     ] GC(332) Survivor regions: 5->3(7)
[2022-09-01T20:50:36.796+0300][gc,heap     ] GC(332) Old regions: 171->173
[2022-09-01T20:50:36.796+0300][gc,heap     ] GC(332) Archive regions: 2->2
[2022-09-01T20:50:36.796+0300][gc,heap     ] GC(332) Humongous regions: 129->129
[2022-09-01T20:50:36.796+0300][gc,metaspace] GC(332) Metaspace: 44898K(45568K)->44898K(45568K) NonClass: 39811K(40192K)->39811K(40192K) Class: 5087K(5376K)->5087K(5376K)
[2022-09-01T20:50:36.796+0300][gc          ] GC(332) Pause Young (Normal) (G1 Evacuation Pause) 350M->305M(1024M) 15,744ms
[2022-09-01T20:50:36.796+0300][gc,cpu      ] GC(332) User=0,02s Sys=0,00s Real=0,01s
[2022-09-01T20:50:46.588+0300][gc,start    ] GC(333) Pause Young (Normal) (G1 Evacuation Pause)
[2022-09-01T20:50:46.588+0300][gc,task     ] GC(333) Using 2 workers of 2 for evacuation
[2022-09-01T20:50:46.620+0300][gc,mmu      ] GC(333) MMU target violated: 21,0ms (20,0ms/21,0ms)
[2022-09-01T20:50:46.620+0300][gc,phases   ] GC(333)   Pre Evacuate Collection Set: 0,2ms
[2022-09-01T20:50:46.620+0300][gc,phases   ] GC(333)   Merge Heap Roots: 0,6ms
[2022-09-01T20:50:46.620+0300][gc,phases   ] GC(333)   Evacuate Collection Set: 21,2ms
[2022-09-01T20:50:46.620+0300][gc,phases   ] GC(333)   Post Evacuate Collection Set: 9,8ms
[2022-09-01T20:50:46.620+0300][gc,phases   ] GC(333)   Other: 0,1ms
[2022-09-01T20:50:46.620+0300][gc,heap     ] GC(333) Eden regions: 66->0(47)
[2022-09-01T20:50:46.620+0300][gc,heap     ] GC(333) Survivor regions: 3->4(9)
[2022-09-01T20:50:46.620+0300][gc,heap     ] GC(333) Old regions: 173->173
[2022-09-01T20:50:46.620+0300][gc,heap     ] GC(333) Archive regions: 2->2
[2022-09-01T20:50:46.620+0300][gc,heap     ] GC(333) Humongous regions: 129->129
[2022-09-01T20:50:46.620+0300][gc,metaspace] GC(333) Metaspace: 44898K(45568K)->44898K(45568K) NonClass: 39811K(40192K)->39811K(40192K) Class: 5087K(5376K)->5087K(5376K)
[2022-09-01T20:50:46.620+0300][gc          ] GC(333) Pause Young (Normal) (G1 Evacuation Pause) 371M->306M(1024M) 32,095ms
[2022-09-01T20:50:46.620+0300][gc,cpu      ] GC(333) User=0,01s Sys=0,01s Real=0,04s
[2022-09-01T20:50:53.795+0300][gc,start    ] GC(334) Pause Young (Normal) (G1 Evacuation Pause)
[2022-09-01T20:50:53.795+0300][gc,task     ] GC(334) Using 2 workers of 2 for evacuation
[2022-09-01T20:50:53.811+0300][gc,phases   ] GC(334)   Pre Evacuate Collection Set: 0,4ms
[2022-09-01T20:50:53.811+0300][gc,phases   ] GC(334)   Merge Heap Roots: 0,4ms
[2022-09-01T20:50:53.811+0300][gc,phases   ] GC(334)   Evacuate Collection Set: 14,2ms
[2022-09-01T20:50:53.811+0300][gc,phases   ] GC(334)   Post Evacuate Collection Set: 0,5ms
[2022-09-01T20:50:53.811+0300][gc,phases   ] GC(334)   Other: 0,1ms
[2022-09-01T20:50:53.811+0300][gc,heap     ] GC(334) Eden regions: 47->0(52)
[2022-09-01T20:50:53.811+0300][gc,heap     ] GC(334) Survivor regions: 4->4(7)
[2022-09-01T20:50:53.811+0300][gc,heap     ] GC(334) Old regions: 173->175
[2022-09-01T20:50:53.811+0300][gc,heap     ] GC(334) Archive regions: 2->2
[2022-09-01T20:50:53.811+0300][gc,heap     ] GC(334) Humongous regions: 129->129
[2022-09-01T20:50:53.811+0300][gc,metaspace] GC(334) Metaspace: 44898K(45568K)->44898K(45568K) NonClass: 39811K(40192K)->39811K(40192K) Class: 5087K(5376K)->5087K(5376K)
[2022-09-01T20:50:53.811+0300][gc          ] GC(334) Pause Young (Normal) (G1 Evacuation Pause) 353M->307M(1024M) 15,752ms
[2022-09-01T20:50:53.811+0300][gc,cpu      ] GC(334) User=0,01s Sys=0,00s Real=0,01s
[2022-09-01T20:51:01.807+0300][gc,start    ] GC(335) Pause Young (Normal) (G1 Evacuation Pause)
[2022-09-01T20:51:01.807+0300][gc,task     ] GC(335) Using 2 workers of 2 for evacuation
[2022-09-01T20:51:01.822+0300][gc,phases   ] GC(335)   Pre Evacuate Collection Set: 0,2ms
[2022-09-01T20:51:01.822+0300][gc,phases   ] GC(335)   Merge Heap Roots: 0,1ms
[2022-09-01T20:51:01.822+0300][gc,phases   ] GC(335)   Evacuate Collection Set: 13,6ms
[2022-09-01T20:51:01.822+0300][gc,phases   ] GC(335)   Post Evacuate Collection Set: 0,7ms
[2022-09-01T20:51:01.822+0300][gc,phases   ] GC(335)   Other: 0,1ms
[2022-09-01T20:51:01.822+0300][gc,heap     ] GC(335) Eden regions: 47->0(80)
[2022-09-01T20:51:01.822+0300][gc,heap     ] GC(335) Survivor regions: 4->4(7)
[2022-09-01T20:51:01.822+0300][gc,heap     ] GC(335) Old regions: 175->175
[2022-09-01T20:51:01.822+0300][gc,heap     ] GC(335) Archive regions: 2->2
[2022-09-01T20:51:01.822+0300][gc,heap     ] GC(335) Humongous regions: 129->129
[2022-09-01T20:51:01.822+0300][gc,metaspace] GC(335) Metaspace: 44898K(45568K)->44898K(45568K) NonClass: 39811K(40192K)->39811K(40192K) Class: 5087K(5376K)->5087K(5376K)
[2022-09-01T20:51:01.822+0300][gc          ] GC(335) Pause Young (Normal) (G1 Evacuation Pause) 354M->308M(1024M) 14,944ms
[2022-09-01T20:51:01.822+0300][gc,cpu      ] GC(335) User=0,01s Sys=0,01s Real=0,02s
[2022-09-01T20:51:13.807+0300][gc,start    ] GC(336) Pause Young (Normal) (G1 Evacuation Pause)
[2022-09-01T20:51:13.807+0300][gc,task     ] GC(336) Using 2 workers of 2 for evacuation
[2022-09-01T20:51:13.831+0300][gc,mmu      ] GC(336) MMU target violated: 21,0ms (20,0ms/21,0ms)
[2022-09-01T20:51:13.831+0300][gc,phases   ] GC(336)   Pre Evacuate Collection Set: 2,1ms
[2022-09-01T20:51:13.831+0300][gc,phases   ] GC(336)   Merge Heap Roots: 0,6ms
[2022-09-01T20:51:13.831+0300][gc,phases   ] GC(336)   Evacuate Collection Set: 20,3ms
[2022-09-01T20:51:13.831+0300][gc,phases   ] GC(336)   Post Evacuate Collection Set: 0,6ms
[2022-09-01T20:51:13.831+0300][gc,phases   ] GC(336)   Other: 0,3ms
[2022-09-01T20:51:13.831+0300][gc,heap     ] GC(336) Eden regions: 80->0(46)
[2022-09-01T20:51:13.831+0300][gc,heap     ] GC(336) Survivor regions: 4->5(11)
[2022-09-01T20:51:13.831+0300][gc,heap     ] GC(336) Old regions: 175->175
[2022-09-01T20:51:13.831+0300][gc,heap     ] GC(336) Archive regions: 2->2
[2022-09-01T20:51:13.831+0300][gc,heap     ] GC(336) Humongous regions: 129->129
[2022-09-01T20:51:13.831+0300][gc,metaspace] GC(336) Metaspace: 44898K(45568K)->44898K(45568K) NonClass: 39811K(40192K)->39811K(40192K) Class: 5087K(5376K)->5087K(5376K)
[2022-09-01T20:51:13.831+0300][gc          ] GC(336) Pause Young (Normal) (G1 Evacuation Pause) 388M->309M(1024M) 24,081ms
[2022-09-01T20:51:13.831+0300][gc,cpu      ] GC(336) User=0,02s Sys=0,00s Real=0,02s
[2022-09-01T20:51:21.260+0300][gc,start    ] GC(337) Pause Young (Normal) (G1 Evacuation Pause)
[2022-09-01T20:51:21.260+0300][gc,task     ] GC(337) Using 2 workers of 2 for evacuation
[2022-09-01T20:51:21.277+0300][gc,phases   ] GC(337)   Pre Evacuate Collection Set: 0,2ms
[2022-09-01T20:51:21.277+0300][gc,phases   ] GC(337)   Merge Heap Roots: 0,1ms
[2022-09-01T20:51:21.277+0300][gc,phases   ] GC(337)   Evacuate Collection Set: 13,1ms
[2022-09-01T20:51:21.277+0300][gc,phases   ] GC(337)   Post Evacuate Collection Set: 3,3ms
[2022-09-01T20:51:21.277+0300][gc,phases   ] GC(337)   Other: 0,1ms
[2022-09-01T20:51:21.277+0300][gc,heap     ] GC(337) Eden regions: 46->0(125)
[2022-09-01T20:51:21.277+0300][gc,heap     ] GC(337) Survivor regions: 5->4(7)
[2022-09-01T20:51:21.277+0300][gc,heap     ] GC(337) Old regions: 175->177
[2022-09-01T20:51:21.277+0300][gc,heap     ] GC(337) Archive regions: 2->2
[2022-09-01T20:51:21.277+0300][gc,heap     ] GC(337) Humongous regions: 129->129
[2022-09-01T20:51:21.277+0300][gc,metaspace] GC(337) Metaspace: 44898K(45568K)->44898K(45568K) NonClass: 39811K(40192K)->39811K(40192K) Class: 5087K(5376K)->5087K(5376K)
[2022-09-01T20:51:21.277+0300][gc          ] GC(337) Pause Young (Normal) (G1 Evacuation Pause) 355M->310M(1024M) 16,980ms
[2022-09-01T20:51:21.277+0300][gc,cpu      ] GC(337) User=0,01s Sys=0,01s Real=0,01s
[2022-09-01T20:51:39.042+0300][gc,start    ] GC(338) Pause Young (Normal) (G1 Evacuation Pause)
[2022-09-01T20:51:39.042+0300][gc,task     ] GC(338) Using 2 workers of 2 for evacuation
[2022-09-01T20:51:39.058+0300][gc,phases   ] GC(338)   Pre Evacuate Collection Set: 0,3ms
[2022-09-01T20:51:39.058+0300][gc,phases   ] GC(338)   Merge Heap Roots: 0,1ms
[2022-09-01T20:51:39.059+0300][gc,phases   ] GC(338)   Evacuate Collection Set: 14,4ms
[2022-09-01T20:51:39.059+0300][gc,phases   ] GC(338)   Post Evacuate Collection Set: 1,8ms
[2022-09-01T20:51:39.059+0300][gc,phases   ] GC(338)   Other: 0,1ms
[2022-09-01T20:51:39.059+0300][gc,heap     ] GC(338) Eden regions: 112->0(141)
[2022-09-01T20:51:39.059+0300][gc,heap     ] GC(338) Survivor regions: 4->5(15)
[2022-09-01T20:51:39.059+0300][gc,heap     ] GC(338) Old regions: 177->177
[2022-09-01T20:51:39.059+0300][gc,heap     ] GC(338) Archive regions: 2->2
[2022-09-01T20:51:39.059+0300][gc,heap     ] GC(338) Humongous regions: 129->129
[2022-09-01T20:51:39.059+0300][gc,metaspace] GC(338) Metaspace: 44898K(45568K)->44898K(45568K) NonClass: 39811K(40192K)->39811K(40192K) Class: 5087K(5376K)->5087K(5376K)
[2022-09-01T20:51:39.059+0300][gc          ] GC(338) Pause Young (Normal) (G1 Evacuation Pause) 422M->310M(1024M) 17,001ms
[2022-09-01T20:51:39.059+0300][gc,cpu      ] GC(338) User=0,00s Sys=0,01s Real=0,01s
[2022-09-01T20:52:00.974+0300][gc,start    ] GC(339) Pause Young (Normal) (G1 Evacuation Pause)
[2022-09-01T20:52:00.974+0300][gc,task     ] GC(339) Using 2 workers of 2 for evacuation
[2022-09-01T20:52:00.990+0300][gc,phases   ] GC(339)   Pre Evacuate Collection Set: 0,8ms
[2022-09-01T20:52:00.990+0300][gc,phases   ] GC(339)   Merge Heap Roots: 0,4ms
[2022-09-01T20:52:00.990+0300][gc,phases   ] GC(339)   Evacuate Collection Set: 13,6ms
[2022-09-01T20:52:00.990+0300][gc,phases   ] GC(339)   Post Evacuate Collection Set: 0,5ms
[2022-09-01T20:52:00.990+0300][gc,phases   ] GC(339)   Other: 0,1ms
[2022-09-01T20:52:00.990+0300][gc,heap     ] GC(339) Eden regions: 141->0(122)
[2022-09-01T20:52:00.990+0300][gc,heap     ] GC(339) Survivor regions: 5->6(19)
[2022-09-01T20:52:00.990+0300][gc,heap     ] GC(339) Old regions: 177->177
[2022-09-01T20:52:00.990+0300][gc,heap     ] GC(339) Archive regions: 2->2
[2022-09-01T20:52:00.990+0300][gc,heap     ] GC(339) Humongous regions: 129->129
[2022-09-01T20:52:00.990+0300][gc,metaspace] GC(339) Metaspace: 44898K(45568K)->44898K(45568K) NonClass: 39811K(40192K)->39811K(40192K) Class: 5087K(5376K)->5087K(5376K)
[2022-09-01T20:52:00.990+0300][gc          ] GC(339) Pause Young (Normal) (G1 Evacuation Pause) 451M->312M(1024M) 15,684ms
[2022-09-01T20:52:00.990+0300][gc,cpu      ] GC(339) User=0,00s Sys=0,02s Real=0,01s
[2022-09-01T20:52:22.473+0300][gc,start    ] GC(340) Pause Young (Normal) (G1 Evacuation Pause)
[2022-09-01T20:52:22.473+0300][gc,task     ] GC(340) Using 2 workers of 2 for evacuation
[2022-09-01T20:52:22.500+0300][gc,mmu      ] GC(340) MMU target violated: 21,0ms (20,0ms/21,0ms)
[2022-09-01T20:52:22.500+0300][gc,phases   ] GC(340)   Pre Evacuate Collection Set: 0,2ms
[2022-09-01T20:52:22.500+0300][gc,phases   ] GC(340)   Merge Heap Roots: 0,2ms
[2022-09-01T20:52:22.500+0300][gc,phases   ] GC(340)   Evacuate Collection Set: 25,6ms
[2022-09-01T20:52:22.500+0300][gc,phases   ] GC(340)   Post Evacuate Collection Set: 0,5ms
[2022-09-01T20:52:22.500+0300][gc,phases   ] GC(340)   Other: 0,1ms
[2022-09-01T20:52:22.500+0300][gc,heap     ] GC(340) Eden regions: 122->0(44)
[2022-09-01T20:52:22.500+0300][gc,heap     ] GC(340) Survivor regions: 6->7(16)
[2022-09-01T20:52:22.500+0300][gc,heap     ] GC(340) Old regions: 177->177
[2022-09-01T20:52:22.500+0300][gc,heap     ] GC(340) Archive regions: 2->2
[2022-09-01T20:52:22.500+0300][gc,heap     ] GC(340) Humongous regions: 129->129
[2022-09-01T20:52:22.500+0300][gc,metaspace] GC(340) Metaspace: 44898K(45568K)->44898K(45568K) NonClass: 39811K(40192K)->39811K(40192K) Class: 5087K(5376K)->5087K(5376K)
[2022-09-01T20:52:22.500+0300][gc          ] GC(340) Pause Young (Normal) (G1 Evacuation Pause) 434M->313M(1024M) 26,739ms
[2022-09-01T20:52:22.500+0300][gc,cpu      ] GC(340) User=0,02s Sys=0,01s Real=0,03s
[2022-09-01T20:52:32.345+0300][gc,start    ] GC(341) Pause Young (Normal) (G1 Evacuation Pause)
[2022-09-01T20:52:32.345+0300][gc,task     ] GC(341) Using 2 workers of 2 for evacuation
[2022-09-01T20:52:32.373+0300][gc,mmu      ] GC(341) MMU target violated: 21,0ms (20,0ms/21,0ms)
[2022-09-01T20:52:32.373+0300][gc,phases   ] GC(341)   Pre Evacuate Collection Set: 0,2ms
[2022-09-01T20:52:32.373+0300][gc,phases   ] GC(341)   Merge Heap Roots: 0,2ms
[2022-09-01T20:52:32.373+0300][gc,phases   ] GC(341)   Evacuate Collection Set: 27,0ms
[2022-09-01T20:52:32.373+0300][gc,phases   ] GC(341)   Post Evacuate Collection Set: 0,9ms
[2022-09-01T20:52:32.373+0300][gc,phases   ] GC(341)   Other: 0,1ms
[2022-09-01T20:52:32.373+0300][gc,heap     ] GC(341) Eden regions: 44->0(87)
[2022-09-01T20:52:32.373+0300][gc,heap     ] GC(341) Survivor regions: 7->5(7)
[2022-09-01T20:52:32.373+0300][gc,heap     ] GC(341) Old regions: 177->180
[2022-09-01T20:52:32.373+0300][gc,heap     ] GC(341) Archive regions: 2->2
[2022-09-01T20:52:32.373+0300][gc,heap     ] GC(341) Humongous regions: 129->129
[2022-09-01T20:52:32.373+0300][gc,metaspace] GC(341) Metaspace: 44898K(45568K)->44898K(45568K) NonClass: 39811K(40192K)->39811K(40192K) Class: 5087K(5376K)->5087K(5376K)
[2022-09-01T20:52:32.373+0300][gc          ] GC(341) Pause Young (Normal) (G1 Evacuation Pause) 357M->314M(1024M) 28,633ms
[2022-09-01T20:52:32.373+0300][gc,cpu      ] GC(341) User=0,01s Sys=0,01s Real=0,03s
[2022-09-01T20:52:47.255+0300][gc,start    ] GC(342) Pause Young (Normal) (G1 Evacuation Pause)
[2022-09-01T20:52:47.255+0300][gc,task     ] GC(342) Using 2 workers of 2 for evacuation
[2022-09-01T20:52:47.274+0300][gc,phases   ] GC(342)   Pre Evacuate Collection Set: 2,7ms
[2022-09-01T20:52:47.274+0300][gc,phases   ] GC(342)   Merge Heap Roots: 0,2ms
[2022-09-01T20:52:47.274+0300][gc,phases   ] GC(342)   Evacuate Collection Set: 14,8ms
[2022-09-01T20:52:47.274+0300][gc,phases   ] GC(342)   Post Evacuate Collection Set: 0,7ms
[2022-09-01T20:52:47.274+0300][gc,phases   ] GC(342)   Other: 0,1ms
[2022-09-01T20:52:47.274+0300][gc,heap     ] GC(342) Eden regions: 79->0(124)
[2022-09-01T20:52:47.274+0300][gc,heap     ] GC(342) Survivor regions: 5->5(11)
[2022-09-01T20:52:47.274+0300][gc,heap     ] GC(342) Old regions: 180->180
[2022-09-01T20:52:47.274+0300][gc,heap     ] GC(342) Archive regions: 2->2
[2022-09-01T20:52:47.274+0300][gc,heap     ] GC(342) Humongous regions: 129->129
[2022-09-01T20:52:47.274+0300][gc,metaspace] GC(342) Metaspace: 44898K(45568K)->44898K(45568K) NonClass: 39811K(40192K)->39811K(40192K) Class: 5087K(5376K)->5087K(5376K)
[2022-09-01T20:52:47.275+0300][gc          ] GC(342) Pause Young (Normal) (G1 Evacuation Pause) 393M->314M(1024M) 19,424ms
[2022-09-01T20:52:47.275+0300][gc,cpu      ] GC(342) User=0,01s Sys=0,01s Real=0,02s
[2022-09-01T20:53:11.145+0300][gc,start    ] GC(343) Pause Young (Normal) (G1 Evacuation Pause)
[2022-09-01T20:53:11.145+0300][gc,task     ] GC(343) Using 2 workers of 2 for evacuation
[2022-09-01T20:53:11.196+0300][gc,mmu      ] GC(343) MMU target violated: 21,0ms (20,0ms/21,0ms)
[2022-09-01T20:53:11.196+0300][gc,phases   ] GC(343)   Pre Evacuate Collection Set: 0,4ms
[2022-09-01T20:53:11.198+0300][gc,phases   ] GC(343)   Merge Heap Roots: 0,3ms
[2022-09-01T20:53:11.198+0300][gc,phases   ] GC(343)   Evacuate Collection Set: 49,1ms
[2022-09-01T20:53:11.198+0300][gc,phases   ] GC(343)   Post Evacuate Collection Set: 0,8ms
[2022-09-01T20:53:11.198+0300][gc,phases   ] GC(343)   Other: 0,2ms
[2022-09-01T20:53:11.198+0300][gc,heap     ] GC(343) Eden regions: 124->0(45)
[2022-09-01T20:53:11.198+0300][gc,heap     ] GC(343) Survivor regions: 5->6(17)
[2022-09-01T20:53:11.198+0300][gc,heap     ] GC(343) Old regions: 180->180
[2022-09-01T20:53:11.198+0300][gc,heap     ] GC(343) Archive regions: 2->2
[2022-09-01T20:53:11.198+0300][gc,heap     ] GC(343) Humongous regions: 129->129
[2022-09-01T20:53:11.198+0300][gc,metaspace] GC(343) Metaspace: 44898K(45568K)->44898K(45568K) NonClass: 39811K(40192K)->39811K(40192K) Class: 5087K(5376K)->5087K(5376K)
[2022-09-01T20:53:11.198+0300][gc          ] GC(343) Pause Young (Normal) (G1 Evacuation Pause) 438M->315M(1024M) 53,043ms
[2022-09-01T20:53:11.198+0300][gc,cpu      ] GC(343) User=0,02s Sys=0,02s Real=0,05s
[2022-09-01T20:53:19.552+0300][gc,start    ] GC(344) Pause Young (Normal) (G1 Evacuation Pause)
[2022-09-01T20:53:19.552+0300][gc,task     ] GC(344) Using 2 workers of 2 for evacuation
[2022-09-01T20:53:19.570+0300][gc,phases   ] GC(344)   Pre Evacuate Collection Set: 0,2ms
[2022-09-01T20:53:19.570+0300][gc,phases   ] GC(344)   Merge Heap Roots: 0,1ms
[2022-09-01T20:53:19.570+0300][gc,phases   ] GC(344)   Evacuate Collection Set: 17,6ms
[2022-09-01T20:53:19.570+0300][gc,phases   ] GC(344)   Post Evacuate Collection Set: 0,7ms
[2022-09-01T20:53:19.570+0300][gc,phases   ] GC(344)   Other: 0,1ms
[2022-09-01T20:53:19.570+0300][gc,heap     ] GC(344) Eden regions: 45->0(85)
[2022-09-01T20:53:19.570+0300][gc,heap     ] GC(344) Survivor regions: 6->4(7)
[2022-09-01T20:53:19.570+0300][gc,heap     ] GC(344) Old regions: 180->182
[2022-09-01T20:53:19.570+0300][gc,heap     ] GC(344) Archive regions: 2->2
[2022-09-01T20:53:19.570+0300][gc,heap     ] GC(344) Humongous regions: 129->129
[2022-09-01T20:53:19.570+0300][gc,metaspace] GC(344) Metaspace: 44898K(45568K)->44898K(45568K) NonClass: 39811K(40192K)->39811K(40192K) Class: 5087K(5376K)->5087K(5376K)
[2022-09-01T20:53:19.570+0300][gc          ] GC(344) Pause Young (Normal) (G1 Evacuation Pause) 360M->315M(1024M) 18,902ms
[2022-09-01T20:53:19.572+0300][gc,cpu      ] GC(344) User=0,00s Sys=0,01s Real=0,01s
[2022-09-01T20:53:32.707+0300][gc,start    ] GC(345) Pause Young (Normal) (G1 Evacuation Pause)
[2022-09-01T20:53:32.708+0300][gc,task     ] GC(345) Using 2 workers of 2 for evacuation
[2022-09-01T20:53:32.746+0300][gc,mmu      ] GC(345) MMU target violated: 21,0ms (20,0ms/21,0ms)
[2022-09-01T20:53:32.746+0300][gc,phases   ] GC(345)   Pre Evacuate Collection Set: 0,2ms
[2022-09-01T20:53:32.746+0300][gc,phases   ] GC(345)   Merge Heap Roots: 0,3ms
[2022-09-01T20:53:32.746+0300][gc,phases   ] GC(345)   Evacuate Collection Set: 18,7ms
[2022-09-01T20:53:32.746+0300][gc,phases   ] GC(345)   Post Evacuate Collection Set: 19,1ms
[2022-09-01T20:53:32.746+0300][gc,phases   ] GC(345)   Other: 0,5ms
[2022-09-01T20:53:32.746+0300][gc,heap     ] GC(345) Eden regions: 71->0(46)
[2022-09-01T20:53:32.746+0300][gc,heap     ] GC(345) Survivor regions: 4->5(10)
[2022-09-01T20:53:32.746+0300][gc,heap     ] GC(345) Old regions: 182->182
[2022-09-01T20:53:32.746+0300][gc,heap     ] GC(345) Archive regions: 2->2
[2022-09-01T20:53:32.746+0300][gc,heap     ] GC(345) Humongous regions: 129->129
[2022-09-01T20:53:32.746+0300][gc,metaspace] GC(345) Metaspace: 44898K(45568K)->44898K(45568K) NonClass: 39811K(40192K)->39811K(40192K) Class: 5087K(5376K)->5087K(5376K)
[2022-09-01T20:53:32.746+0300][gc          ] GC(345) Pause Young (Normal) (G1 Evacuation Pause) 386M->316M(1024M) 38,873ms
[2022-09-01T20:53:32.746+0300][gc,cpu      ] GC(345) User=0,01s Sys=0,02s Real=0,04s
[2022-09-01T20:53:41.596+0300][gc,start    ] GC(346) Pause Young (Normal) (G1 Evacuation Pause)
[2022-09-01T20:53:41.596+0300][gc,task     ] GC(346) Using 2 workers of 2 for evacuation
[2022-09-01T20:53:41.611+0300][gc,phases   ] GC(346)   Pre Evacuate Collection Set: 0,1ms
[2022-09-01T20:53:41.611+0300][gc,phases   ] GC(346)   Merge Heap Roots: 0,1ms
[2022-09-01T20:53:41.611+0300][gc,phases   ] GC(346)   Evacuate Collection Set: 13,1ms
[2022-09-01T20:53:41.611+0300][gc,phases   ] GC(346)   Post Evacuate Collection Set: 1,4ms
[2022-09-01T20:53:41.611+0300][gc,phases   ] GC(346)   Other: 0,1ms
[2022-09-01T20:53:41.611+0300][gc,heap     ] GC(346) Eden regions: 46->0(47)
[2022-09-01T20:53:41.611+0300][gc,heap     ] GC(346) Survivor regions: 5->4(7)
[2022-09-01T20:53:41.611+0300][gc,heap     ] GC(346) Old regions: 182->184
[2022-09-01T20:53:41.611+0300][gc,heap     ] GC(346) Archive regions: 2->2
[2022-09-01T20:53:41.611+0300][gc,heap     ] GC(346) Humongous regions: 129->129
[2022-09-01T20:53:41.611+0300][gc,metaspace] GC(346) Metaspace: 44898K(45568K)->44898K(45568K) NonClass: 39811K(40192K)->39811K(40192K) Class: 5087K(5376K)->5087K(5376K)
[2022-09-01T20:53:41.611+0300][gc          ] GC(346) Pause Young (Normal) (G1 Evacuation Pause) 362M->316M(1024M) 15,020ms
[2022-09-01T20:53:41.611+0300][gc,cpu      ] GC(346) User=0,00s Sys=0,01s Real=0,01s
[2022-09-01T20:53:50.330+0300][gc,start    ] GC(347) Pause Young (Normal) (G1 Evacuation Pause)
[2022-09-01T20:53:50.330+0300][gc,task     ] GC(347) Using 2 workers of 2 for evacuation
[2022-09-01T20:53:50.340+0300][gc,phases   ] GC(347)   Pre Evacuate Collection Set: 0,2ms
[2022-09-01T20:53:50.340+0300][gc,phases   ] GC(347)   Merge Heap Roots: 0,3ms
[2022-09-01T20:53:50.340+0300][gc,phases   ] GC(347)   Evacuate Collection Set: 9,0ms
[2022-09-01T20:53:50.340+0300][gc,phases   ] GC(347)   Post Evacuate Collection Set: 0,5ms
[2022-09-01T20:53:50.340+0300][gc,phases   ] GC(347)   Other: 0,1ms
[2022-09-01T20:53:50.340+0300][gc,heap     ] GC(347) Eden regions: 47->0(109)
[2022-09-01T20:53:50.340+0300][gc,heap     ] GC(347) Survivor regions: 4->4(7)
[2022-09-01T20:53:50.340+0300][gc,heap     ] GC(347) Old regions: 184->184
[2022-09-01T20:53:50.340+0300][gc,heap     ] GC(347) Archive regions: 2->2
[2022-09-01T20:53:50.340+0300][gc,heap     ] GC(347) Humongous regions: 129->129
[2022-09-01T20:53:50.340+0300][gc,metaspace] GC(347) Metaspace: 44898K(45568K)->44898K(45568K) NonClass: 39811K(40192K)->39811K(40192K) Class: 5087K(5376K)->5087K(5376K)
[2022-09-01T20:53:50.340+0300][gc          ] GC(347) Pause Young (Normal) (G1 Evacuation Pause) 363M->317M(1024M) 10,312ms
[2022-09-01T20:53:50.340+0300][gc,cpu      ] GC(347) User=0,01s Sys=0,00s Real=0,01s
[2022-09-01T20:54:09.229+0300][gc,start    ] GC(348) Pause Young (Normal) (G1 Evacuation Pause)
[2022-09-01T20:54:09.229+0300][gc,task     ] GC(348) Using 2 workers of 2 for evacuation
[2022-09-01T20:54:09.264+0300][gc,mmu      ] GC(348) MMU target violated: 21,0ms (20,0ms/21,0ms)
[2022-09-01T20:54:09.264+0300][gc,phases   ] GC(348)   Pre Evacuate Collection Set: 0,4ms
[2022-09-01T20:54:09.264+0300][gc,phases   ] GC(348)   Merge Heap Roots: 0,3ms
[2022-09-01T20:54:09.264+0300][gc,phases   ] GC(348)   Evacuate Collection Set: 34,3ms
[2022-09-01T20:54:09.264+0300][gc,phases   ] GC(348)   Post Evacuate Collection Set: 0,5ms
[2022-09-01T20:54:09.264+0300][gc,phases   ] GC(348)   Other: 0,1ms
[2022-09-01T20:54:09.264+0300][gc,heap     ] GC(348) Eden regions: 97->0(46)
[2022-09-01T20:54:09.264+0300][gc,heap     ] GC(348) Survivor regions: 4->5(13)
[2022-09-01T20:54:09.264+0300][gc,heap     ] GC(348) Old regions: 184->184
[2022-09-01T20:54:09.264+0300][gc,heap     ] GC(348) Archive regions: 2->2
[2022-09-01T20:54:09.264+0300][gc,heap     ] GC(348) Humongous regions: 129->129
[2022-09-01T20:54:09.264+0300][gc,metaspace] GC(348) Metaspace: 44898K(45568K)->44898K(45568K) NonClass: 39811K(40192K)->39811K(40192K) Class: 5087K(5376K)->5087K(5376K)
[2022-09-01T20:54:09.264+0300][gc          ] GC(348) Pause Young (Normal) (G1 Evacuation Pause) 414M->318M(1024M) 35,795ms
[2022-09-01T20:54:09.264+0300][gc,cpu      ] GC(348) User=0,01s Sys=0,01s Real=0,04s
[2022-09-01T20:54:17.592+0300][gc,start    ] GC(349) Pause Young (Normal) (G1 Evacuation Pause)
[2022-09-01T20:54:17.592+0300][gc,task     ] GC(349) Using 2 workers of 2 for evacuation
[2022-09-01T20:54:17.607+0300][gc,phases   ] GC(349)   Pre Evacuate Collection Set: 0,5ms
[2022-09-01T20:54:17.607+0300][gc,phases   ] GC(349)   Merge Heap Roots: 0,6ms
[2022-09-01T20:54:17.607+0300][gc,phases   ] GC(349)   Evacuate Collection Set: 12,5ms
[2022-09-01T20:54:17.607+0300][gc,phases   ] GC(349)   Post Evacuate Collection Set: 0,6ms
[2022-09-01T20:54:17.607+0300][gc,phases   ] GC(349)   Other: 0,1ms
[2022-09-01T20:54:17.607+0300][gc,heap     ] GC(349) Eden regions: 46->0(69)
[2022-09-01T20:54:17.607+0300][gc,heap     ] GC(349) Survivor regions: 5->4(7)
[2022-09-01T20:54:17.607+0300][gc,heap     ] GC(349) Old regions: 184->186
[2022-09-01T20:54:17.607+0300][gc,heap     ] GC(349) Archive regions: 2->2
[2022-09-01T20:54:17.607+0300][gc,heap     ] GC(349) Humongous regions: 129->129
[2022-09-01T20:54:17.607+0300][gc,metaspace] GC(349) Metaspace: 44898K(45568K)->44898K(45568K) NonClass: 39811K(40192K)->39811K(40192K) Class: 5087K(5376K)->5087K(5376K)
[2022-09-01T20:54:17.607+0300][gc          ] GC(349) Pause Young (Normal) (G1 Evacuation Pause) 364M->319M(1024M) 14,614ms
[2022-09-01T20:54:17.607+0300][gc,cpu      ] GC(349) User=0,01s Sys=0,01s Real=0,01s
[2022-09-01T20:54:26.653+0300][gc,start    ] GC(350) Pause Young (Normal) (G1 Evacuation Pause)
[2022-09-01T20:54:26.653+0300][gc,task     ] GC(350) Using 2 workers of 2 for evacuation
[2022-09-01T20:54:26.704+0300][gc,mmu      ] GC(350) MMU target violated: 21,0ms (20,0ms/21,0ms)
[2022-09-01T20:54:26.704+0300][gc,phases   ] GC(350)   Pre Evacuate Collection Set: 1,0ms
[2022-09-01T20:54:26.704+0300][gc,phases   ] GC(350)   Merge Heap Roots: 0,8ms
[2022-09-01T20:54:26.704+0300][gc,phases   ] GC(350)   Evacuate Collection Set: 42,5ms
[2022-09-01T20:54:26.704+0300][gc,phases   ] GC(350)   Post Evacuate Collection Set: 6,3ms
[2022-09-01T20:54:26.704+0300][gc,phases   ] GC(350)   Other: 0,1ms
[2022-09-01T20:54:26.704+0300][gc,heap     ] GC(350) Eden regions: 47->0(47)
[2022-09-01T20:54:26.704+0300][gc,heap     ] GC(350) Survivor regions: 4->4(7)
[2022-09-01T20:54:26.704+0300][gc,heap     ] GC(350) Old regions: 186->186
[2022-09-01T20:54:26.704+0300][gc,heap     ] GC(350) Archive regions: 2->2
[2022-09-01T20:54:26.704+0300][gc,heap     ] GC(350) Humongous regions: 129->129
[2022-09-01T20:54:26.704+0300][gc,metaspace] GC(350) Metaspace: 44898K(45568K)->44898K(45568K) NonClass: 39811K(40192K)->39811K(40192K) Class: 5087K(5376K)->5087K(5376K)
[2022-09-01T20:54:26.704+0300][gc          ] GC(350) Pause Young (Normal) (G1 Evacuation Pause) 366M->318M(1024M) 50,981ms
[2022-09-01T20:54:26.704+0300][gc,cpu      ] GC(350) User=0,02s Sys=0,01s Real=0,05s
[2022-09-01T20:54:35.460+0300][gc,start    ] GC(351) Pause Young (Normal) (G1 Evacuation Pause)
[2022-09-01T20:54:35.460+0300][gc,task     ] GC(351) Using 2 workers of 2 for evacuation
[2022-09-01T20:54:35.483+0300][gc,mmu      ] GC(351) MMU target violated: 21,0ms (20,0ms/21,0ms)
[2022-09-01T20:54:35.483+0300][gc,phases   ] GC(351)   Pre Evacuate Collection Set: 0,4ms
[2022-09-01T20:54:35.483+0300][gc,phases   ] GC(351)   Merge Heap Roots: 0,5ms
[2022-09-01T20:54:35.483+0300][gc,phases   ] GC(351)   Evacuate Collection Set: 21,4ms
[2022-09-01T20:54:35.483+0300][gc,phases   ] GC(351)   Post Evacuate Collection Set: 0,9ms
[2022-09-01T20:54:35.483+0300][gc,phases   ] GC(351)   Other: 0,3ms
[2022-09-01T20:54:35.483+0300][gc,heap     ] GC(351) Eden regions: 47->0(47)
[2022-09-01T20:54:35.483+0300][gc,heap     ] GC(351) Survivor regions: 4->4(7)
[2022-09-01T20:54:35.483+0300][gc,heap     ] GC(351) Old regions: 186->186
[2022-09-01T20:54:35.483+0300][gc,heap     ] GC(351) Archive regions: 2->2
[2022-09-01T20:54:35.483+0300][gc,heap     ] GC(351) Humongous regions: 129->129
[2022-09-01T20:54:35.484+0300][gc,metaspace] GC(351) Metaspace: 44898K(45568K)->44898K(45568K) NonClass: 39811K(40192K)->39811K(40192K) Class: 5087K(5376K)->5087K(5376K)
[2022-09-01T20:54:35.484+0300][gc          ] GC(351) Pause Young (Normal) (G1 Evacuation Pause) 365M->319M(1024M) 23,759ms
[2022-09-01T20:54:35.484+0300][gc,cpu      ] GC(351) User=0,01s Sys=0,01s Real=0,01s
[2022-09-01T20:54:44.565+0300][gc,start    ] GC(352) Pause Young (Normal) (G1 Evacuation Pause)
[2022-09-01T20:54:44.565+0300][gc,task     ] GC(352) Using 2 workers of 2 for evacuation
[2022-09-01T20:54:44.601+0300][gc,mmu      ] GC(352) MMU target violated: 21,0ms (20,0ms/21,0ms)
[2022-09-01T20:54:44.601+0300][gc,phases   ] GC(352)   Pre Evacuate Collection Set: 0,1ms
[2022-09-01T20:54:44.601+0300][gc,phases   ] GC(352)   Merge Heap Roots: 0,1ms
[2022-09-01T20:54:44.601+0300][gc,phases   ] GC(352)   Evacuate Collection Set: 34,4ms
[2022-09-01T20:54:44.601+0300][gc,phases   ] GC(352)   Post Evacuate Collection Set: 0,6ms
[2022-09-01T20:54:44.601+0300][gc,phases   ] GC(352)   Other: 0,1ms
[2022-09-01T20:54:44.601+0300][gc,heap     ] GC(352) Eden regions: 47->0(47)
[2022-09-01T20:54:44.601+0300][gc,heap     ] GC(352) Survivor regions: 4->4(7)
[2022-09-01T20:54:44.601+0300][gc,heap     ] GC(352) Old regions: 186->186
[2022-09-01T20:54:44.601+0300][gc,heap     ] GC(352) Archive regions: 2->2
[2022-09-01T20:54:44.601+0300][gc,heap     ] GC(352) Humongous regions: 129->129
[2022-09-01T20:54:44.601+0300][gc,metaspace] GC(352) Metaspace: 44898K(45568K)->44898K(45568K) NonClass: 39811K(40192K)->39811K(40192K) Class: 5087K(5376K)->5087K(5376K)
[2022-09-01T20:54:44.601+0300][gc          ] GC(352) Pause Young (Normal) (G1 Evacuation Pause) 366M->319M(1024M) 35,518ms
[2022-09-01T20:54:44.601+0300][gc,cpu      ] GC(352) User=0,02s Sys=0,01s Real=0,04s
[2022-09-01T20:54:54.313+0300][gc,start    ] GC(353) Pause Young (Normal) (G1 Evacuation Pause)
[2022-09-01T20:54:54.314+0300][gc,task     ] GC(353) Using 2 workers of 2 for evacuation
[2022-09-01T20:54:54.355+0300][gc,mmu      ] GC(353) MMU target violated: 21,0ms (20,0ms/21,0ms)
[2022-09-01T20:54:54.355+0300][gc,phases   ] GC(353)   Pre Evacuate Collection Set: 0,2ms
[2022-09-01T20:54:54.355+0300][gc,phases   ] GC(353)   Merge Heap Roots: 0,2ms
[2022-09-01T20:54:54.355+0300][gc,phases   ] GC(353)   Evacuate Collection Set: 39,6ms
[2022-09-01T20:54:54.355+0300][gc,phases   ] GC(353)   Post Evacuate Collection Set: 0,8ms
[2022-09-01T20:54:54.355+0300][gc,phases   ] GC(353)   Other: 0,5ms
[2022-09-01T20:54:54.355+0300][gc,heap     ] GC(353) Eden regions: 47->0(47)
[2022-09-01T20:54:54.355+0300][gc,heap     ] GC(353) Survivor regions: 4->4(7)
[2022-09-01T20:54:54.355+0300][gc,heap     ] GC(353) Old regions: 186->187
[2022-09-01T20:54:54.355+0300][gc,heap     ] GC(353) Archive regions: 2->2
[2022-09-01T20:54:54.355+0300][gc,heap     ] GC(353) Humongous regions: 129->129
[2022-09-01T20:54:54.355+0300][gc,metaspace] GC(353) Metaspace: 44898K(45568K)->44898K(45568K) NonClass: 39811K(40192K)->39811K(40192K) Class: 5087K(5376K)->5087K(5376K)
[2022-09-01T20:54:54.355+0300][gc          ] GC(353) Pause Young (Normal) (G1 Evacuation Pause) 366M->319M(1024M) 41,497ms
[2022-09-01T20:54:54.355+0300][gc,cpu      ] GC(353) User=0,02s Sys=0,01s Real=0,04s
[2022-09-01T20:55:03.189+0300][gc,start    ] GC(354) Pause Young (Normal) (G1 Evacuation Pause)
[2022-09-01T20:55:03.189+0300][gc,task     ] GC(354) Using 2 workers of 2 for evacuation
[2022-09-01T20:55:03.220+0300][gc,mmu      ] GC(354) MMU target violated: 21,0ms (20,0ms/21,0ms)
[2022-09-01T20:55:03.221+0300][gc,phases   ] GC(354)   Pre Evacuate Collection Set: 0,1ms
[2022-09-01T20:55:03.221+0300][gc,phases   ] GC(354)   Merge Heap Roots: 0,2ms
[2022-09-01T20:55:03.221+0300][gc,phases   ] GC(354)   Evacuate Collection Set: 30,2ms
[2022-09-01T20:55:03.221+0300][gc,phases   ] GC(354)   Post Evacuate Collection Set: 0,6ms
[2022-09-01T20:55:03.221+0300][gc,phases   ] GC(354)   Other: 0,5ms
[2022-09-01T20:55:03.221+0300][gc,heap     ] GC(354) Eden regions: 47->0(47)
[2022-09-01T20:55:03.221+0300][gc,heap     ] GC(354) Survivor regions: 4->4(7)
[2022-09-01T20:55:03.221+0300][gc,heap     ] GC(354) Old regions: 187->187
[2022-09-01T20:55:03.221+0300][gc,heap     ] GC(354) Archive regions: 2->2
[2022-09-01T20:55:03.221+0300][gc,heap     ] GC(354) Humongous regions: 129->129
[2022-09-01T20:55:03.221+0300][gc,metaspace] GC(354) Metaspace: 44898K(45568K)->44898K(45568K) NonClass: 39811K(40192K)->39811K(40192K) Class: 5087K(5376K)->5087K(5376K)
[2022-09-01T20:55:03.221+0300][gc          ] GC(354) Pause Young (Normal) (G1 Evacuation Pause) 366M->320M(1024M) 31,770ms
[2022-09-01T20:55:03.221+0300][gc,cpu      ] GC(354) User=0,02s Sys=0,00s Real=0,04s
[2022-09-01T20:55:12.832+0300][gc,start    ] GC(355) Pause Young (Normal) (G1 Evacuation Pause)
[2022-09-01T20:55:12.832+0300][gc,task     ] GC(355) Using 2 workers of 2 for evacuation
[2022-09-01T20:55:12.872+0300][gc,mmu      ] GC(355) MMU target violated: 21,0ms (20,0ms/21,0ms)
[2022-09-01T20:55:12.873+0300][gc,phases   ] GC(355)   Pre Evacuate Collection Set: 0,1ms
[2022-09-01T20:55:12.873+0300][gc,phases   ] GC(355)   Merge Heap Roots: 0,2ms
[2022-09-01T20:55:12.873+0300][gc,phases   ] GC(355)   Evacuate Collection Set: 39,0ms
[2022-09-01T20:55:12.873+0300][gc,phases   ] GC(355)   Post Evacuate Collection Set: 0,7ms
[2022-09-01T20:55:12.873+0300][gc,phases   ] GC(355)   Other: 1,2ms
[2022-09-01T20:55:12.873+0300][gc,heap     ] GC(355) Eden regions: 47->0(47)
[2022-09-01T20:55:12.873+0300][gc,heap     ] GC(355) Survivor regions: 4->4(7)
[2022-09-01T20:55:12.873+0300][gc,heap     ] GC(355) Old regions: 187->188
[2022-09-01T20:55:12.873+0300][gc,heap     ] GC(355) Archive regions: 2->2
[2022-09-01T20:55:12.873+0300][gc,heap     ] GC(355) Humongous regions: 129->129
[2022-09-01T20:55:12.873+0300][gc,metaspace] GC(355) Metaspace: 44898K(45568K)->44898K(45568K) NonClass: 39811K(40192K)->39811K(40192K) Class: 5087K(5376K)->5087K(5376K)
[2022-09-01T20:55:12.873+0300][gc          ] GC(355) Pause Young (Normal) (G1 Evacuation Pause) 367M->321M(1024M) 41,384ms
[2022-09-01T20:55:12.873+0300][gc,cpu      ] GC(355) User=0,02s Sys=0,00s Real=0,04s
[2022-09-01T20:55:19.915+0300][gc,start    ] GC(356) Pause Young (Normal) (G1 Evacuation Pause)
[2022-09-01T20:55:19.915+0300][gc,task     ] GC(356) Using 2 workers of 2 for evacuation
[2022-09-01T20:55:19.938+0300][gc,mmu      ] GC(356) MMU target violated: 21,0ms (20,0ms/21,0ms)
[2022-09-01T20:55:19.938+0300][gc,phases   ] GC(356)   Pre Evacuate Collection Set: 0,1ms
[2022-09-01T20:55:19.938+0300][gc,phases   ] GC(356)   Merge Heap Roots: 0,2ms
[2022-09-01T20:55:19.938+0300][gc,phases   ] GC(356)   Evacuate Collection Set: 22,2ms
[2022-09-01T20:55:19.938+0300][gc,phases   ] GC(356)   Post Evacuate Collection Set: 1,0ms
[2022-09-01T20:55:19.938+0300][gc,phases   ] GC(356)   Other: 0,1ms
[2022-09-01T20:55:19.938+0300][gc,heap     ] GC(356) Eden regions: 47->0(47)
[2022-09-01T20:55:19.939+0300][gc,heap     ] GC(356) Survivor regions: 4->4(7)
[2022-09-01T20:55:19.939+0300][gc,heap     ] GC(356) Old regions: 188->189
[2022-09-01T20:55:19.939+0300][gc,heap     ] GC(356) Archive regions: 2->2
[2022-09-01T20:55:19.939+0300][gc,heap     ] GC(356) Humongous regions: 129->129
[2022-09-01T20:55:19.939+0300][gc,metaspace] GC(356) Metaspace: 44898K(45568K)->44898K(45568K) NonClass: 39811K(40192K)->39811K(40192K) Class: 5087K(5376K)->5087K(5376K)
[2022-09-01T20:55:19.939+0300][gc          ] GC(356) Pause Young (Normal) (G1 Evacuation Pause) 368M->321M(1024M) 23,784ms
[2022-09-01T20:55:19.939+0300][gc,cpu      ] GC(356) User=0,01s Sys=0,00s Real=0,02s
[2022-09-01T20:55:27.003+0300][gc,start    ] GC(357) Pause Young (Normal) (G1 Evacuation Pause)
[2022-09-01T20:55:27.003+0300][gc,task     ] GC(357) Using 2 workers of 2 for evacuation
[2022-09-01T20:55:27.020+0300][gc,phases   ] GC(357)   Pre Evacuate Collection Set: 0,2ms
[2022-09-01T20:55:27.020+0300][gc,phases   ] GC(357)   Merge Heap Roots: 0,4ms
[2022-09-01T20:55:27.020+0300][gc,phases   ] GC(357)   Evacuate Collection Set: 14,4ms
[2022-09-01T20:55:27.020+0300][gc,phases   ] GC(357)   Post Evacuate Collection Set: 2,6ms
[2022-09-01T20:55:27.020+0300][gc,phases   ] GC(357)   Other: 0,1ms
[2022-09-01T20:55:27.020+0300][gc,heap     ] GC(357) Eden regions: 47->0(47)
[2022-09-01T20:55:27.020+0300][gc,heap     ] GC(357) Survivor regions: 4->4(7)
[2022-09-01T20:55:27.020+0300][gc,heap     ] GC(357) Old regions: 189->189
[2022-09-01T20:55:27.020+0300][gc,heap     ] GC(357) Archive regions: 2->2
[2022-09-01T20:55:27.020+0300][gc,heap     ] GC(357) Humongous regions: 129->129
[2022-09-01T20:55:27.020+0300][gc,metaspace] GC(357) Metaspace: 44898K(45568K)->44898K(45568K) NonClass: 39811K(40192K)->39811K(40192K) Class: 5087K(5376K)->5087K(5376K)
[2022-09-01T20:55:27.020+0300][gc          ] GC(357) Pause Young (Normal) (G1 Evacuation Pause) 368M->321M(1024M) 17,810ms
[2022-09-01T20:55:27.020+0300][gc,cpu      ] GC(357) User=0,00s Sys=0,02s Real=0,02s
[2022-09-01T20:55:37.667+0300][gc,start    ] GC(358) Pause Young (Normal) (G1 Evacuation Pause)
[2022-09-01T20:55:37.667+0300][gc,task     ] GC(358) Using 2 workers of 2 for evacuation
[2022-09-01T20:55:37.697+0300][gc,mmu      ] GC(358) MMU target violated: 21,0ms (20,0ms/21,0ms)
[2022-09-01T20:55:37.697+0300][gc,phases   ] GC(358)   Pre Evacuate Collection Set: 0,3ms
[2022-09-01T20:55:37.697+0300][gc,phases   ] GC(358)   Merge Heap Roots: 0,1ms
[2022-09-01T20:55:37.697+0300][gc,phases   ] GC(358)   Evacuate Collection Set: 28,4ms
[2022-09-01T20:55:37.697+0300][gc,phases   ] GC(358)   Post Evacuate Collection Set: 1,0ms
[2022-09-01T20:55:37.697+0300][gc,phases   ] GC(358)   Other: 0,2ms
[2022-09-01T20:55:37.697+0300][gc,heap     ] GC(358) Eden regions: 47->0(47)
[2022-09-01T20:55:37.697+0300][gc,heap     ] GC(358) Survivor regions: 4->4(7)
[2022-09-01T20:55:37.697+0300][gc,heap     ] GC(358) Old regions: 189->189
[2022-09-01T20:55:37.697+0300][gc,heap     ] GC(358) Archive regions: 2->2
[2022-09-01T20:55:37.697+0300][gc,heap     ] GC(358) Humongous regions: 129->129
[2022-09-01T20:55:37.697+0300][gc,metaspace] GC(358) Metaspace: 44898K(45568K)->44898K(45568K) NonClass: 39811K(40192K)->39811K(40192K) Class: 5087K(5376K)->5087K(5376K)
[2022-09-01T20:55:37.698+0300][gc          ] GC(358) Pause Young (Normal) (G1 Evacuation Pause) 368M->322M(1024M) 30,453ms
[2022-09-01T20:55:37.698+0300][gc,cpu      ] GC(358) User=0,01s Sys=0,02s Real=0,03s
[2022-09-01T20:55:47.295+0300][gc,start    ] GC(359) Pause Young (Normal) (G1 Evacuation Pause)
[2022-09-01T20:55:47.295+0300][gc,task     ] GC(359) Using 2 workers of 2 for evacuation
[2022-09-01T20:55:47.315+0300][gc,mmu      ] GC(359) MMU target violated: 20,3ms (20,0ms/21,0ms)
[2022-09-01T20:55:47.316+0300][gc,phases   ] GC(359)   Pre Evacuate Collection Set: 0,2ms
[2022-09-01T20:55:47.316+0300][gc,phases   ] GC(359)   Merge Heap Roots: 0,3ms
[2022-09-01T20:55:47.316+0300][gc,phases   ] GC(359)   Evacuate Collection Set: 18,9ms
[2022-09-01T20:55:47.316+0300][gc,phases   ] GC(359)   Post Evacuate Collection Set: 0,8ms
[2022-09-01T20:55:47.316+0300][gc,phases   ] GC(359)   Other: 0,2ms
[2022-09-01T20:55:47.316+0300][gc,heap     ] GC(359) Eden regions: 47->0(63)
[2022-09-01T20:55:47.316+0300][gc,heap     ] GC(359) Survivor regions: 4->4(7)
[2022-09-01T20:55:47.316+0300][gc,heap     ] GC(359) Old regions: 189->189
[2022-09-01T20:55:47.316+0300][gc,heap     ] GC(359) Archive regions: 2->2
[2022-09-01T20:55:47.316+0300][gc,heap     ] GC(359) Humongous regions: 129->129
[2022-09-01T20:55:47.316+0300][gc,metaspace] GC(359) Metaspace: 44898K(45568K)->44898K(45568K) NonClass: 39811K(40192K)->39811K(40192K) Class: 5087K(5376K)->5087K(5376K)
[2022-09-01T20:55:47.316+0300][gc          ] GC(359) Pause Young (Normal) (G1 Evacuation Pause) 369M->322M(1024M) 20,711ms
[2022-09-01T20:55:47.316+0300][gc,cpu      ] GC(359) User=0,01s Sys=0,01s Real=0,02s
[2022-09-01T20:55:56.046+0300][gc,start    ] GC(360) Pause Young (Normal) (G1 Evacuation Pause)
[2022-09-01T20:55:56.046+0300][gc,task     ] GC(360) Using 2 workers of 2 for evacuation
[2022-09-01T20:55:56.075+0300][gc,mmu      ] GC(360) MMU target violated: 21,0ms (20,0ms/21,0ms)
[2022-09-01T20:55:56.075+0300][gc,phases   ] GC(360)   Pre Evacuate Collection Set: 0,1ms
[2022-09-01T20:55:56.075+0300][gc,phases   ] GC(360)   Merge Heap Roots: 0,2ms
[2022-09-01T20:55:56.075+0300][gc,phases   ] GC(360)   Evacuate Collection Set: 28,1ms
[2022-09-01T20:55:56.075+0300][gc,phases   ] GC(360)   Post Evacuate Collection Set: 0,6ms
[2022-09-01T20:55:56.075+0300][gc,phases   ] GC(360)   Other: 0,2ms
[2022-09-01T20:55:56.075+0300][gc,heap     ] GC(360) Eden regions: 47->0(109)
[2022-09-01T20:55:56.075+0300][gc,heap     ] GC(360) Survivor regions: 4->4(7)
[2022-09-01T20:55:56.075+0300][gc,heap     ] GC(360) Old regions: 189->190
[2022-09-01T20:55:56.075+0300][gc,heap     ] GC(360) Archive regions: 2->2
[2022-09-01T20:55:56.075+0300][gc,heap     ] GC(360) Humongous regions: 129->129
[2022-09-01T20:55:56.075+0300][gc,metaspace] GC(360) Metaspace: 44898K(45568K)->44898K(45568K) NonClass: 39811K(40192K)->39811K(40192K) Class: 5087K(5376K)->5087K(5376K)
[2022-09-01T20:55:56.075+0300][gc          ] GC(360) Pause Young (Normal) (G1 Evacuation Pause) 369M->323M(1024M) 29,406ms
[2022-09-01T20:55:56.076+0300][gc,cpu      ] GC(360) User=0,02s Sys=0,02s Real=0,03s
[2022-09-01T20:56:04.016+0300][gc,start    ] GC(361) Pause Young (Normal) (G1 Evacuation Pause)
[2022-09-01T20:56:04.017+0300][gc,task     ] GC(361) Using 2 workers of 2 for evacuation
[2022-09-01T20:56:04.037+0300][gc,mmu      ] GC(361) MMU target violated: 20,3ms (20,0ms/21,0ms)
[2022-09-01T20:56:04.037+0300][gc,phases   ] GC(361)   Pre Evacuate Collection Set: 0,6ms
[2022-09-01T20:56:04.037+0300][gc,phases   ] GC(361)   Merge Heap Roots: 2,4ms
[2022-09-01T20:56:04.037+0300][gc,phases   ] GC(361)   Evacuate Collection Set: 16,4ms
[2022-09-01T20:56:04.037+0300][gc,phases   ] GC(361)   Post Evacuate Collection Set: 0,8ms
[2022-09-01T20:56:04.037+0300][gc,phases   ] GC(361)   Other: 0,2ms
[2022-09-01T20:56:04.037+0300][gc,heap     ] GC(361) Eden regions: 47->0(93)
[2022-09-01T20:56:04.038+0300][gc,heap     ] GC(361) Survivor regions: 4->4(7)
[2022-09-01T20:56:04.038+0300][gc,heap     ] GC(361) Old regions: 190->190
[2022-09-01T20:56:04.038+0300][gc,heap     ] GC(361) Archive regions: 2->2
[2022-09-01T20:56:04.038+0300][gc,heap     ] GC(361) Humongous regions: 129->129
[2022-09-01T20:56:04.038+0300][gc,metaspace] GC(361) Metaspace: 44898K(45568K)->44898K(45568K) NonClass: 39811K(40192K)->39811K(40192K) Class: 5087K(5376K)->5087K(5376K)
[2022-09-01T20:56:04.038+0300][gc          ] GC(361) Pause Young (Normal) (G1 Evacuation Pause) 370M->323M(1024M) 21,660ms
[2022-09-01T20:56:04.038+0300][gc,cpu      ] GC(361) User=0,01s Sys=0,01s Real=0,02s
[2022-09-01T20:56:11.392+0300][gc,start    ] GC(362) Pause Young (Normal) (G1 Evacuation Pause)
[2022-09-01T20:56:11.392+0300][gc,task     ] GC(362) Using 2 workers of 2 for evacuation
[2022-09-01T20:56:11.413+0300][gc,mmu      ] GC(362) MMU target violated: 21,0ms (20,0ms/21,0ms)
[2022-09-01T20:56:11.413+0300][gc,phases   ] GC(362)   Pre Evacuate Collection Set: 0,3ms
[2022-09-01T20:56:11.413+0300][gc,phases   ] GC(362)   Merge Heap Roots: 0,2ms
[2022-09-01T20:56:11.413+0300][gc,phases   ] GC(362)   Evacuate Collection Set: 15,9ms
[2022-09-01T20:56:11.413+0300][gc,phases   ] GC(362)   Post Evacuate Collection Set: 4,8ms
[2022-09-01T20:56:11.413+0300][gc,phases   ] GC(362)   Other: 0,2ms
[2022-09-01T20:56:11.413+0300][gc,heap     ] GC(362) Eden regions: 47->0(91)
[2022-09-01T20:56:11.413+0300][gc,heap     ] GC(362) Survivor regions: 4->4(7)
[2022-09-01T20:56:11.413+0300][gc,heap     ] GC(362) Old regions: 190->191
[2022-09-01T20:56:11.413+0300][gc,heap     ] GC(362) Archive regions: 2->2
[2022-09-01T20:56:11.413+0300][gc,heap     ] GC(362) Humongous regions: 129->129
[2022-09-01T20:56:11.413+0300][gc,metaspace] GC(362) Metaspace: 44898K(45568K)->44898K(45568K) NonClass: 39811K(40192K)->39811K(40192K) Class: 5087K(5376K)->5087K(5376K)
[2022-09-01T20:56:11.413+0300][gc          ] GC(362) Pause Young (Normal) (G1 Evacuation Pause) 370M->324M(1024M) 21,537ms
[2022-09-01T20:56:11.413+0300][gc,cpu      ] GC(362) User=0,00s Sys=0,01s Real=0,02s
[2022-09-01T20:56:18.827+0300][gc,start    ] GC(363) Pause Young (Normal) (G1 Evacuation Pause)
[2022-09-01T20:56:18.827+0300][gc,task     ] GC(363) Using 2 workers of 2 for evacuation
[2022-09-01T20:56:18.839+0300][gc,phases   ] GC(363)   Pre Evacuate Collection Set: 0,3ms
[2022-09-01T20:56:18.839+0300][gc,phases   ] GC(363)   Merge Heap Roots: 0,2ms
[2022-09-01T20:56:18.839+0300][gc,phases   ] GC(363)   Evacuate Collection Set: 11,0ms
[2022-09-01T20:56:18.839+0300][gc,phases   ] GC(363)   Post Evacuate Collection Set: 0,5ms
[2022-09-01T20:56:18.839+0300][gc,phases   ] GC(363)   Other: 0,1ms
[2022-09-01T20:56:18.839+0300][gc,heap     ] GC(363) Eden regions: 47->0(191)
[2022-09-01T20:56:18.839+0300][gc,heap     ] GC(363) Survivor regions: 4->4(7)
[2022-09-01T20:56:18.839+0300][gc,heap     ] GC(363) Old regions: 191->191
[2022-09-01T20:56:18.839+0300][gc,heap     ] GC(363) Archive regions: 2->2
[2022-09-01T20:56:18.839+0300][gc,heap     ] GC(363) Humongous regions: 129->129
[2022-09-01T20:56:18.839+0300][gc,metaspace] GC(363) Metaspace: 44898K(45568K)->44898K(45568K) NonClass: 39811K(40192K)->39811K(40192K) Class: 5087K(5376K)->5087K(5376K)
[2022-09-01T20:56:18.839+0300][gc          ] GC(363) Pause Young (Normal) (G1 Evacuation Pause) 371M->324M(1024M) 12,253ms
[2022-09-01T20:56:18.839+0300][gc,cpu      ] GC(363) User=0,00s Sys=0,01s Real=0,01s
[2022-09-01T20:56:31.993+0300][gc,start    ] GC(364) Pause Young (Normal) (G1 Evacuation Pause)
[2022-09-01T20:56:31.993+0300][gc,task     ] GC(364) Using 2 workers of 2 for evacuation
[2022-09-01T20:56:32.020+0300][gc,mmu      ] GC(364) MMU target violated: 21,0ms (20,0ms/21,0ms)
[2022-09-01T20:56:32.021+0300][gc,phases   ] GC(364)   Pre Evacuate Collection Set: 0,1ms
[2022-09-01T20:56:32.021+0300][gc,phases   ] GC(364)   Merge Heap Roots: 0,2ms
[2022-09-01T20:56:32.021+0300][gc,phases   ] GC(364)   Evacuate Collection Set: 25,7ms
[2022-09-01T20:56:32.021+0300][gc,phases   ] GC(364)   Post Evacuate Collection Set: 0,9ms
[2022-09-01T20:56:32.021+0300][gc,phases   ] GC(364)   Other: 0,2ms
[2022-09-01T20:56:32.021+0300][gc,heap     ] GC(364) Eden regions: 82->0(221)
[2022-09-01T20:56:32.021+0300][gc,heap     ] GC(364) Survivor regions: 4->5(11)
[2022-09-01T20:56:32.021+0300][gc,heap     ] GC(364) Old regions: 191->191
[2022-09-01T20:56:32.021+0300][gc,heap     ] GC(364) Archive regions: 2->2
[2022-09-01T20:56:32.021+0300][gc,heap     ] GC(364) Humongous regions: 129->129
[2022-09-01T20:56:32.021+0300][gc,metaspace] GC(364) Metaspace: 44898K(45568K)->44898K(45568K) NonClass: 39811K(40192K)->39811K(40192K) Class: 5087K(5376K)->5087K(5376K)
[2022-09-01T20:56:32.021+0300][gc          ] GC(364) Pause Young (Normal) (G1 Evacuation Pause) 406M->325M(1024M) 27,364ms
[2022-09-01T20:56:32.021+0300][gc,cpu      ] GC(364) User=0,01s Sys=0,01s Real=0,03s
                                                                                                        