[2022-08-26T20:20:14.496+0300][gc,init] CardTable entry size: 512
[2022-08-26T20:20:14.497+0300][gc     ] Using G1
[2022-08-26T20:20:14.516+0300][gc,init] Version: 18-ea+36-Ubuntu-1 (release)
[2022-08-26T20:20:14.516+0300][gc,init] CPUs: 2 total, 2 available
[2022-08-26T20:20:14.516+0300][gc,init] Memory: 7951M
[2022-08-26T20:20:14.516+0300][gc,init] Large Page Support: Disabled
[2022-08-26T20:20:14.516+0300][gc,init] NUMA Support: Disabled
[2022-08-26T20:20:14.516+0300][gc,init] Compressed Oops: Enabled (32-bit)
[2022-08-26T20:20:14.516+0300][gc,init] Heap Region Size: 1M
[2022-08-26T20:20:14.516+0300][gc,init] Heap Min Capacity: 512M
[2022-08-26T20:20:14.516+0300][gc,init] Heap Initial Capacity: 512M
[2022-08-26T20:20:14.516+0300][gc,init] Heap Max Capacity: 512M
[2022-08-26T20:20:14.516+0300][gc,init] Pre-touch: Disabled
[2022-08-26T20:20:14.516+0300][gc,init] Parallel Workers: 2
[2022-08-26T20:20:14.516+0300][gc,init] Concurrent Workers: 1
[2022-08-26T20:20:14.516+0300][gc,init] Concurrent Refinement Workers: 2
[2022-08-26T20:20:14.516+0300][gc,init] Periodic GC: Disabled
[2022-08-26T20:20:14.516+0300][gc,metaspace] CDS archive(s) mapped at: [0x0000000800000000-0x0000000800bb2000-0x0000000800bb2000), size 12263424, SharedBaseAddress: 0x0000000800000000, ArchiveRelocationMode: 0.
[2022-08-26T20:20:14.516+0300][gc,metaspace] Compressed class space mapped at: 0x0000000800c00000-0x0000000840c00000, reserved size: 1073741824
[2022-08-26T20:20:14.516+0300][gc,metaspace] Narrow klass base: 0x0000000800000000, Narrow klass shift: 0, Narrow klass range: 0x100000000
[2022-08-26T20:20:36.692+0300][gc,start    ] GC(0) Pause Young (Normal) (G1 Evacuation Pause)
[2022-08-26T20:20:36.692+0300][gc,task     ] GC(0) Using 2 workers of 2 for evacuation
[2022-08-26T20:20:36.790+0300][gc,mmu      ] GC(0) MMU target violated: 21,0ms (20,0ms/21,0ms)
[2022-08-26T20:20:36.790+0300][gc,phases   ] GC(0)   Pre Evacuate Collection Set: 0,1ms
[2022-08-26T20:20:36.790+0300][gc,phases   ] GC(0)   Merge Heap Roots: 0,4ms
[2022-08-26T20:20:36.790+0300][gc,phases   ] GC(0)   Evacuate Collection Set: 93,8ms
[2022-08-26T20:20:36.790+0300][gc,phases   ] GC(0)   Post Evacuate Collection Set: 2,9ms
[2022-08-26T20:20:36.790+0300][gc,phases   ] GC(0)   Other: 0,8ms
[2022-08-26T20:20:36.790+0300][gc,heap     ] GC(0) Eden regions: 25->0(21)
[2022-08-26T20:20:36.790+0300][gc,heap     ] GC(0) Survivor regions: 0->4(4)
[2022-08-26T20:20:36.790+0300][gc,heap     ] GC(0) Old regions: 0->4
[2022-08-26T20:20:36.790+0300][gc,heap     ] GC(0) Archive regions: 2->2
[2022-08-26T20:20:36.790+0300][gc,heap     ] GC(0) Humongous regions: 0->0
[2022-08-26T20:20:36.790+0300][gc,metaspace] GC(0) Metaspace: 8210K(8512K)->8210K(8512K) NonClass: 7334K(7488K)->7334K(7488K) Class: 876K(1024K)->876K(1024K)
[2022-08-26T20:20:36.790+0300][gc          ] GC(0) Pause Young (Normal) (G1 Evacuation Pause) 25M->8M(512M) 98,280ms
[2022-08-26T20:20:36.790+0300][gc,cpu      ] GC(0) User=0,01s Sys=0,10s Real=0,09s
[2022-08-26T20:20:44.470+0300][gc,heap,exit] Heap
[2022-08-26T20:20:44.470+0300][gc,heap,exit]  garbage-first heap   total 524288K, used 11560K [0x00000000e0000000, 0x0000000100000000)
[2022-08-26T20:20:44.470+0300][gc,heap,exit]   region size 1024K, 8 young (8192K), 4 survivors (4096K)
[2022-08-26T20:20:44.470+0300][gc,heap,exit]  Metaspace       used 8357K, committed 8576K, reserved 1114112K
[2022-08-26T20:20:44.470+0300][gc,heap,exit]   class space    used 881K, committed 1024K, reserved 1048576K
