[2022-08-26T20:24:16.974+0300][gc,init] CardTable entry size: 512
[2022-08-26T20:24:16.974+0300][gc     ] Using G1
[2022-08-26T20:24:16.982+0300][gc,init] Version: 18-ea+36-Ubuntu-1 (release)
[2022-08-26T20:24:16.982+0300][gc,init] CPUs: 2 total, 2 available
[2022-08-26T20:24:16.982+0300][gc,init] Memory: 7951M
[2022-08-26T20:24:16.982+0300][gc,init] Large Page Support: Disabled
[2022-08-26T20:24:16.982+0300][gc,init] NUMA Support: Disabled
[2022-08-26T20:24:16.982+0300][gc,init] Compressed Oops: Enabled (32-bit)
[2022-08-26T20:24:16.982+0300][gc,init] Heap Region Size: 1M
[2022-08-26T20:24:16.982+0300][gc,init] Heap Min Capacity: 512M
[2022-08-26T20:24:16.982+0300][gc,init] Heap Initial Capacity: 512M
[2022-08-26T20:24:16.982+0300][gc,init] Heap Max Capacity: 512M
[2022-08-26T20:24:16.982+0300][gc,init] Pre-touch: Disabled
[2022-08-26T20:24:16.982+0300][gc,init] Parallel Workers: 2
[2022-08-26T20:24:16.982+0300][gc,init] Concurrent Workers: 1
[2022-08-26T20:24:16.982+0300][gc,init] Concurrent Refinement Workers: 2
[2022-08-26T20:24:16.982+0300][gc,init] Periodic GC: Disabled
[2022-08-26T20:24:16.982+0300][gc,metaspace] CDS archive(s) mapped at: [0x0000000800000000-0x0000000800bb2000-0x0000000800bb2000), size 12263424, SharedBaseAddress: 0x0000000800000000, ArchiveRelocationMode: 0.
[2022-08-26T20:24:16.982+0300][gc,metaspace] Compressed class space mapped at: 0x0000000800c00000-0x0000000840c00000, reserved size: 1073741824
[2022-08-26T20:24:16.982+0300][gc,metaspace] Narrow klass base: 0x0000000800000000, Narrow klass shift: 0, Narrow klass range: 0x100000000
[2022-08-26T20:24:28.969+0300][gc,start    ] GC(0) Pause Young (Normal) (G1 Evacuation Pause)
[2022-08-26T20:24:28.969+0300][gc,task     ] GC(0) Using 2 workers of 2 for evacuation
[2022-08-26T20:24:29.004+0300][gc,mmu      ] GC(0) MMU target violated: 21,0ms (20,0ms/21,0ms)
[2022-08-26T20:24:29.005+0300][gc,phases   ] GC(0)   Pre Evacuate Collection Set: 0,0ms
[2022-08-26T20:24:29.005+0300][gc,phases   ] GC(0)   Merge Heap Roots: 0,0ms
[2022-08-26T20:24:29.005+0300][gc,phases   ] GC(0)   Evacuate Collection Set: 34,7ms
[2022-08-26T20:24:29.005+0300][gc,phases   ] GC(0)   Post Evacuate Collection Set: 0,7ms
[2022-08-26T20:24:29.005+0300][gc,phases   ] GC(0)   Other: 0,4ms
[2022-08-26T20:24:29.005+0300][gc,heap     ] GC(0) Eden regions: 25->0(21)
[2022-08-26T20:24:29.005+0300][gc,heap     ] GC(0) Survivor regions: 0->4(4)
[2022-08-26T20:24:29.005+0300][gc,heap     ] GC(0) Old regions: 0->4
[2022-08-26T20:24:29.005+0300][gc,heap     ] GC(0) Archive regions: 2->2
[2022-08-26T20:24:29.005+0300][gc,heap     ] GC(0) Humongous regions: 0->0
[2022-08-26T20:24:29.005+0300][gc,metaspace] GC(0) Metaspace: 8325K(8576K)->8325K(8576K) NonClass: 7446K(7552K)->7446K(7552K) Class: 879K(1024K)->879K(1024K)
[2022-08-26T20:24:29.005+0300][gc          ] GC(0) Pause Young (Normal) (G1 Evacuation Pause) 25M->8M(512M) 36,038ms
[2022-08-26T20:24:29.005+0300][gc,cpu      ] GC(0) User=0,00s Sys=0,02s Real=0,04s
[2022-08-26T20:24:34.151+0300][gc,heap,exit] Heap
[2022-08-26T20:24:34.151+0300][gc,heap,exit]  garbage-first heap   total 524288K, used 10476K [0x00000000e0000000, 0x0000000100000000)
[2022-08-26T20:24:34.151+0300][gc,heap,exit]   region size 1024K, 7 young (7168K), 4 survivors (4096K)
[2022-08-26T20:24:34.151+0300][gc,heap,exit]  Metaspace       used 8388K, committed 8640K, reserved 1114112K
[2022-08-26T20:24:34.151+0300][gc,heap,exit]   class space    used 884K, committed 1024K, reserved 1048576K
