[2022-08-30T20:18:19.913+0300][gc,init] CardTable entry size: 512
[2022-08-30T20:18:19.917+0300][gc     ] Using G1
[2022-08-30T20:18:19.924+0300][gc,init] Version: 18.0.2-ea+9-Ubuntu-222.04 (release)
[2022-08-30T20:18:19.924+0300][gc,init] CPUs: 2 total, 2 available
[2022-08-30T20:18:19.924+0300][gc,init] Memory: 7950M
[2022-08-30T20:18:19.924+0300][gc,init] Large Page Support: Disabled
[2022-08-30T20:18:19.924+0300][gc,init] NUMA Support: Disabled
[2022-08-30T20:18:19.924+0300][gc,init] Compressed Oops: Enabled (32-bit)
[2022-08-30T20:18:19.924+0300][gc,init] Heap Region Size: 1M
[2022-08-30T20:18:19.924+0300][gc,init] Heap Min Capacity: 512M
[2022-08-30T20:18:19.924+0300][gc,init] Heap Initial Capacity: 512M
[2022-08-30T20:18:19.924+0300][gc,init] Heap Max Capacity: 512M
[2022-08-30T20:18:19.924+0300][gc,init] Pre-touch: Disabled
[2022-08-30T20:18:19.924+0300][gc,init] Parallel Workers: 2
[2022-08-30T20:18:19.924+0300][gc,init] Concurrent Workers: 1
[2022-08-30T20:18:19.924+0300][gc,init] Concurrent Refinement Workers: 2
[2022-08-30T20:18:19.924+0300][gc,init] Periodic GC: Disabled
[2022-08-30T20:18:19.924+0300][gc,metaspace] CDS archive(s) mapped at: [0x0000000800000000-0x0000000800bb3000-0x0000000800bb3000), size 12267520, SharedBaseAddress: 0x0000000800000000, ArchiveRelocationMode: 0.
[2022-08-30T20:18:19.924+0300][gc,metaspace] Compressed class space mapped at: 0x0000000800c00000-0x0000000840c00000, reserved size: 1073741824
[2022-08-30T20:18:19.924+0300][gc,metaspace] Narrow klass base: 0x0000000800000000, Narrow klass shift: 0, Narrow klass range: 0x100000000
[2022-08-30T20:18:56.447+0300][gc,start    ] GC(0) Pause Young (Normal) (G1 Evacuation Pause)
[2022-08-30T20:18:56.449+0300][gc,task     ] GC(0) Using 2 workers of 2 for evacuation
[2022-08-30T20:18:56.580+0300][gc,mmu      ] GC(0) MMU target violated: 21,0ms (20,0ms/21,0ms)
[2022-08-30T20:18:56.580+0300][gc,phases   ] GC(0)   Pre Evacuate Collection Set: 0,1ms
[2022-08-30T20:18:56.580+0300][gc,phases   ] GC(0)   Merge Heap Roots: 0,2ms
[2022-08-30T20:18:56.580+0300][gc,phases   ] GC(0)   Evacuate Collection Set: 129,2ms
[2022-08-30T20:18:56.580+0300][gc,phases   ] GC(0)   Post Evacuate Collection Set: 0,6ms
[2022-08-30T20:18:56.580+0300][gc,phases   ] GC(0)   Other: 2,4ms
[2022-08-30T20:18:56.580+0300][gc,heap     ] GC(0) Eden regions: 25->0(21)
[2022-08-30T20:18:56.580+0300][gc,heap     ] GC(0) Survivor regions: 0->4(4)
[2022-08-30T20:18:56.580+0300][gc,heap     ] GC(0) Old regions: 0->4
[2022-08-30T20:18:56.580+0300][gc,heap     ] GC(0) Archive regions: 2->2
[2022-08-30T20:18:56.580+0300][gc,heap     ] GC(0) Humongous regions: 0->0
[2022-08-30T20:18:56.580+0300][gc,metaspace] GC(0) Metaspace: 8397K(8640K)->8397K(8640K) NonClass: 7509K(7616K)->7509K(7616K) Class: 887K(1024K)->887K(1024K)
[2022-08-30T20:18:56.580+0300][gc          ] GC(0) Pause Young (Normal) (G1 Evacuation Pause) 25M->8M(512M) 132,837ms
[2022-08-30T20:18:56.580+0300][gc,cpu      ] GC(0) User=0,00s Sys=0,10s Real=0,13s
[2022-08-30T20:52:55.355+0300][gc,heap,exit] Heap
[2022-08-30T20:52:55.356+0300][gc,heap,exit]  garbage-first heap   total 524288K, used 21516K [0x00000000e0000000, 0x0000000100000000)
[2022-08-30T20:52:55.356+0300][gc,heap,exit]   region size 1024K, 17 young (17408K), 4 survivors (4096K)
[2022-08-30T20:52:55.356+0300][gc,heap,exit]  Metaspace       used 8977K, committed 9216K, reserved 1114112K
[2022-08-30T20:52:55.356+0300][gc,heap,exit]   class space    used 889K, committed 1024K, reserved 1048576K
