[2022-08-29T20:20:43.050+0300][gc,init] CardTable entry size: 512
[2022-08-29T20:20:43.051+0300][gc     ] Using G1
[2022-08-29T20:20:43.066+0300][gc,init] Version: 18.0.2-ea+9-Ubuntu-222.04 (release)
[2022-08-29T20:20:43.066+0300][gc,init] CPUs: 2 total, 2 available
[2022-08-29T20:20:43.066+0300][gc,init] Memory: 7950M
[2022-08-29T20:20:43.066+0300][gc,init] Large Page Support: Disabled
[2022-08-29T20:20:43.066+0300][gc,init] NUMA Support: Disabled
[2022-08-29T20:20:43.066+0300][gc,init] Compressed Oops: Enabled (32-bit)
[2022-08-29T20:20:43.066+0300][gc,init] Heap Region Size: 1M
[2022-08-29T20:20:43.066+0300][gc,init] Heap Min Capacity: 512M
[2022-08-29T20:20:43.066+0300][gc,init] Heap Initial Capacity: 512M
[2022-08-29T20:20:43.066+0300][gc,init] Heap Max Capacity: 512M
[2022-08-29T20:20:43.066+0300][gc,init] Pre-touch: Disabled
[2022-08-29T20:20:43.066+0300][gc,init] Parallel Workers: 2
[2022-08-29T20:20:43.066+0300][gc,init] Concurrent Workers: 1
[2022-08-29T20:20:43.066+0300][gc,init] Concurrent Refinement Workers: 2
[2022-08-29T20:20:43.066+0300][gc,init] Periodic GC: Disabled
[2022-08-29T20:20:43.066+0300][gc,metaspace] CDS archive(s) mapped at: [0x0000000800000000-0x0000000800bb3000-0x0000000800bb3000), size 12267520, SharedBaseAddress: 0x0000000800000000, ArchiveRelocationMode: 0.
[2022-08-29T20:20:43.066+0300][gc,metaspace] Compressed class space mapped at: 0x0000000800c00000-0x0000000840c00000, reserved size: 1073741824
[2022-08-29T20:20:43.066+0300][gc,metaspace] Narrow klass base: 0x0000000800000000, Narrow klass shift: 0, Narrow klass range: 0x100000000
[2022-08-29T20:21:08.168+0300][gc,start    ] GC(0) Pause Young (Normal) (G1 Evacuation Pause)
[2022-08-29T20:21:08.170+0300][gc,task     ] GC(0) Using 2 workers of 2 for evacuation
[2022-08-29T20:21:08.180+0300][gc,phases   ] GC(0)   Pre Evacuate Collection Set: 0,1ms
[2022-08-29T20:21:08.180+0300][gc,phases   ] GC(0)   Merge Heap Roots: 0,0ms
[2022-08-29T20:21:08.180+0300][gc,phases   ] GC(0)   Evacuate Collection Set: 9,6ms
[2022-08-29T20:21:08.180+0300][gc,phases   ] GC(0)   Post Evacuate Collection Set: 0,8ms
[2022-08-29T20:21:08.181+0300][gc,phases   ] GC(0)   Other: 0,2ms
[2022-08-29T20:21:08.181+0300][gc,heap     ] GC(0) Eden regions: 25->0(21)
[2022-08-29T20:21:08.181+0300][gc,heap     ] GC(0) Survivor regions: 0->4(4)
[2022-08-29T20:21:08.181+0300][gc,heap     ] GC(0) Old regions: 0->4
[2022-08-29T20:21:08.181+0300][gc,heap     ] GC(0) Archive regions: 2->2
[2022-08-29T20:21:08.181+0300][gc,heap     ] GC(0) Humongous regions: 0->0
[2022-08-29T20:21:08.181+0300][gc,metaspace] GC(0) Metaspace: 8362K(8576K)->8362K(8576K) NonClass: 7474K(7552K)->7474K(7552K) Class: 887K(1024K)->887K(1024K)
[2022-08-29T20:21:08.181+0300][gc          ] GC(0) Pause Young (Normal) (G1 Evacuation Pause) 25M->7M(512M) 12,931ms
[2022-08-29T20:21:08.181+0300][gc,cpu      ] GC(0) User=0,01s Sys=0,00s Real=0,01s
[2022-08-29T21:27:25.081+0300][gc,heap,exit] Heap
[2022-08-29T21:27:25.081+0300][gc,heap,exit]  garbage-first heap   total 524288K, used 16427K [0x00000000e0000000, 0x0000000100000000)
[2022-08-29T21:27:25.081+0300][gc,heap,exit]   region size 1024K, 13 young (13312K), 4 survivors (4096K)
[2022-08-29T21:27:25.081+0300][gc,heap,exit]  Metaspace       used 8782K, committed 9024K, reserved 1114112K
[2022-08-29T21:27:25.081+0300][gc,heap,exit]   class space    used 888K, committed 1024K, reserved 1048576K
